
*** Running vivado
    with args -log design_1_auto_ds_1.vds -m64 -product Vivado -mode batch -messageDb vivado.pb -notrace -source design_1_auto_ds_1.tcl



****** Vivado v2023.1 (64-bit)
  **** SW Build 3865809 on Sun May  7 15:05:29 MDT 2023
  **** IP Build 3864474 on Sun May  7 20:36:21 MDT 2023
  **** SharedData Build 3865790 on Sun May 07 13:33:03 MDT 2023
    ** Copyright 1986-2022 Xilinx, Inc. All Rights Reserved.
    ** Copyright 2022-2023 Advanced Micro Devices, Inc. All Rights Reserved.

source design_1_auto_ds_1.tcl -notrace
INFO: [IP_Flow 19-234] Refreshing IP repositories
INFO: [IP_Flow 19-1700] Loaded user IP repository 'd:/MSDF_2_ZCU/export'.
INFO: [IP_Flow 19-2313] Loaded Vivado IP repository 'C:/Xilinx/Vivado/2023.1/data/ip'.
INFO: [IP_Flow 19-6924] IPCACHE: Running cache check for IP inst: design_1_auto_ds_1
INFO: [IP_Flow 19-6922] IPCACHE: Exporting cached entry 93a1d8ded8058de0 to dir: D:/MSDF_2_ZCU/msdf_2zcu/msdf_2zcu.runs/design_1_auto_ds_1_synth_1
INFO: [IP_Flow 19-6928] IPCACHE: copied cached file d:/MSDF_2_ZCU/msdf_2zcu/msdf_2zcu.cache/ip/2023.1/9/3/93a1d8ded8058de0/design_1_auto_ds_0.dcp to D:/MSDF_2_ZCU/msdf_2zcu/msdf_2zcu.runs/design_1_auto_ds_1_synth_1/design_1_auto_ds_1.dcp.
INFO: [IP_Flow 19-6928] IPCACHE: copied cached file d:/MSDF_2_ZCU/msdf_2zcu/msdf_2zcu.cache/ip/2023.1/9/3/93a1d8ded8058de0/design_1_auto_ds_0_sim_netlist.v to D:/MSDF_2_ZCU/msdf_2zcu/msdf_2zcu.runs/design_1_auto_ds_1_synth_1/design_1_auto_ds_1_sim_netlist.v.
INFO: [IP_Flow 19-6928] IPCACHE: copied cached file d:/MSDF_2_ZCU/msdf_2zcu/msdf_2zcu.cache/ip/2023.1/9/3/93a1d8ded8058de0/design_1_auto_ds_0_sim_netlist.vhdl to D:/MSDF_2_ZCU/msdf_2zcu/msdf_2zcu.runs/design_1_auto_ds_1_synth_1/design_1_auto_ds_1_sim_netlist.vhdl.
INFO: [IP_Flow 19-6928] IPCACHE: copied cached file d:/MSDF_2_ZCU/msdf_2zcu/msdf_2zcu.cache/ip/2023.1/9/3/93a1d8ded8058de0/design_1_auto_ds_0_stub.v to D:/MSDF_2_ZCU/msdf_2zcu/msdf_2zcu.runs/design_1_auto_ds_1_synth_1/design_1_auto_ds_1_stub.v.
INFO: [IP_Flow 19-6928] IPCACHE: copied cached file d:/MSDF_2_ZCU/msdf_2zcu/msdf_2zcu.cache/ip/2023.1/9/3/93a1d8ded8058de0/design_1_auto_ds_0_stub.vhdl to D:/MSDF_2_ZCU/msdf_2zcu/msdf_2zcu.runs/design_1_auto_ds_1_synth_1/design_1_auto_ds_1_stub.vhdl.
INFO: [IP_Flow 19-4838] Using cached IP synthesis design for IP design_1_auto_ds_1, cache-ID = 93a1d8ded8058de0.
INFO: [Common 17-206] Exiting Vivado at Thu Sep  3 12:43:56 2026...
