

================================================================
== Synthesis Summary Report of 'ekf_batch'
================================================================
+ General Information: 
    * Date:           Thu Sep  3 12:11:41 2026
    * Version:        2023.1 (Build 3854077 on May  4 2023)
    * Project:        EKF
    * Solution:       solution1 (Vivado IP Flow Target)
    * Product family: zynquplus
    * Target device:  xczu9eg-ffvb1156-2-e
    

+ Performance & Resource Estimates: 
    
    PS: '+' for module; 'o' for loop; '*' for dataflow
    +------------------------------------------------------------+------+------+---------+-----------+----------+---------+------+----------+---------+----------+------------+------------+-----+
    |                           Modules                          | Issue|      | Latency |  Latency  | Iteration|         | Trip |          |         |          |            |            |     |
    |                           & Loops                          | Type | Slack| (cycles)|    (ns)   |  Latency | Interval| Count| Pipelined|  BRAM   |    DSP   |     FF     |     LUT    | URAM|
    +------------------------------------------------------------+------+------+---------+-----------+----------+---------+------+----------+---------+----------+------------+------------+-----+
    |+ ekf_batch                                                 |     -|  0.00|        -|          -|         -|        -|     -|        no|  8 (~0%)|   60 (2%)|  35837 (6%)|  22887 (8%)|    -|
    | o VITIS_LOOP_138_1                                         |     -|  7.30|        -|          -|      4336|        -|     -|        no|        -|         -|           -|           -|    -|
    |  + ekf_batch_Pipeline_VITIS_LOOP_148_3                     |     -|  0.00|      101|  1.010e+03|         -|      101|     -|        no|        -|         -|    59 (~0%)|    79 (~0%)|    -|
    |   o VITIS_LOOP_148_3                                       |     -|  7.30|       99|    990.000|         3|        1|    98|       yes|        -|         -|           -|           -|    -|
    |  + ekf_batch_Pipeline_VITIS_LOOP_41_1_VITIS_LOOP_42_2      |     -|  5.30|       38|    380.000|         -|       38|     -|        no|        -|         -|   245 (~0%)|   165 (~0%)|    -|
    |   o VITIS_LOOP_41_1_VITIS_LOOP_42_2                        |     -|  7.30|       36|    360.000|         1|        1|    36|       yes|        -|         -|           -|           -|    -|
    |  + ekf_batch_Pipeline_VITIS_LOOP_45_3                      |     -|  6.33|        5|     50.000|         -|        5|     -|        no|        -|         -|   160 (~0%)|   155 (~0%)|    -|
    |   o VITIS_LOOP_45_3                                        |     -|  7.30|        3|     30.000|         1|        1|     3|       yes|        -|         -|           -|           -|    -|
    |  + ekf_batch_Pipeline_VITIS_LOOP_157_4                     |     -|  6.20|        8|     80.000|         -|        8|     -|        no|        -|         -|   197 (~0%)|    78 (~0%)|    -|
    |   o VITIS_LOOP_157_4                                       |     -|  7.30|        6|     60.000|         1|        1|     6|       yes|        -|         -|           -|           -|    -|
    |  + ekf_batch_Pipeline_VITIS_LOOP_158_5_VITIS_LOOP_159_6    |     -|  4.04|       38|    380.000|         -|       38|     -|        no|        -|         -|  1176 (~0%)|   250 (~0%)|    -|
    |   o VITIS_LOOP_158_5_VITIS_LOOP_159_6                      |     -|  7.30|       36|    360.000|         2|        1|    36|       yes|        -|         -|           -|           -|    -|
    |  + ekf_batch_Pipeline_VITIS_LOOP_30_1                      |     -|  6.20|        8|     80.000|         -|        8|     -|        no|        -|         -|  1157 (~0%)|   233 (~0%)|    -|
    |   o VITIS_LOOP_30_1                                        |     -|  7.30|        6|     60.000|         1|        1|     6|       yes|        -|         -|           -|           -|    -|
    |  + ekf_batch_Pipeline_VITIS_LOOP_58_1                      |     -|  0.28|       34|    340.000|         -|       34|     -|        no|        -|  25 (~0%)|  2701 (~0%)|  2053 (~0%)|    -|
    |   o VITIS_LOOP_58_1                                        |     -|  7.30|       32|    320.000|        28|        1|     6|       yes|        -|         -|           -|           -|    -|
    |  + ekf_batch_Pipeline_VITIS_LOOP_17_1_VITIS_LOOP_18_2      |     -|  0.28|       64|    640.000|         -|       64|     -|        no|        -|         -|  2353 (~0%)|  1078 (~0%)|    -|
    |   o VITIS_LOOP_17_1_VITIS_LOOP_18_2                        |     -|  7.30|       62|    620.000|        28|        1|    36|       yes|        -|         -|           -|           -|    -|
    |  + ekf_batch_Pipeline_VITIS_LOOP_64_3                      |     -|  6.20|        8|     80.000|         -|        8|     -|        no|        -|         -|   197 (~0%)|   134 (~0%)|    -|
    |   o VITIS_LOOP_64_3                                        |     -|  7.30|        6|     60.000|         1|        1|     6|       yes|        -|         -|           -|           -|    -|
    |  + ekf_batch_Pipeline_VITIS_LOOP_17_1_VITIS_LOOP_18_21     |     -|  0.28|       64|    640.000|         -|       64|     -|        no|        -|         -|  2353 (~0%)|  1078 (~0%)|    -|
    |   o VITIS_LOOP_17_1_VITIS_LOOP_18_2                        |     -|  7.30|       62|    620.000|        28|        1|    36|       yes|        -|         -|           -|           -|    -|
    |  + ekf_batch_Pipeline_VITIS_LOOP_73_4_VITIS_LOOP_74_5      |     -|  0.44|       41|    410.000|         -|       41|     -|        no|        -|         -|  1436 (~0%)|  1062 (~0%)|    -|
    |   o VITIS_LOOP_73_4_VITIS_LOOP_74_5                        |     -|  7.30|       39|    390.000|         5|        1|    36|       yes|        -|         -|           -|           -|    -|
    |  + ekf_batch_Pipeline_VITIS_LOOP_173_9                     |     -|  6.20|        8|     80.000|         -|        8|     -|        no|        -|         -|   197 (~0%)|   134 (~0%)|    -|
    |   o VITIS_LOOP_173_9                                       |     -|  7.30|        6|     60.000|         1|        1|     6|       yes|        -|         -|           -|           -|    -|
    |  + ekf_batch_Pipeline_VITIS_LOOP_174_10_VITIS_LOOP_175_11  |     -|  3.85|       38|    380.000|         -|       38|     -|        no|        -|         -|    14 (~0%)|   413 (~0%)|    -|
    |   o VITIS_LOOP_174_10_VITIS_LOOP_175_11                    |     -|  7.30|       36|    360.000|         1|        1|    36|       yes|        -|         -|           -|           -|    -|
    |  + ekf_batch_Pipeline_VITIS_LOOP_176_12                    |     -|  0.00|      101|  1.010e+03|         -|      101|     -|        no|        -|         -|    48 (~0%)|   120 (~0%)|    -|
    |   o VITIS_LOOP_176_12                                      |     -|  7.30|       99|    990.000|         3|        1|    98|       yes|        -|         -|           -|           -|    -|
    |  o VITIS_LOOP_75_6                                         |     -|  7.30|      260|  2.600e+03|        52|        -|     5|        no|        -|         -|           -|           -|    -|
    |   o VITIS_LOOP_76_7                                        |     -|  7.30|       50|    500.000|        10|        -|     5|        no|        -|         -|           -|           -|    -|
    |  o VITIS_LOOP_164_7                                        |     -|  7.30|     3584|  3.584e+04|       512|        -|     7|        no|        -|         -|           -|           -|    -|
    |   + ekf_batch_Pipeline_VITIS_LOOP_168_8                    |     -|  5.06|        8|     80.000|         -|        8|     -|        no|        -|         -|   201 (~0%)|   116 (~0%)|    -|
    |    o VITIS_LOOP_168_8                                      |     -|  7.30|        6|     60.000|         2|        1|     6|       yes|        -|         -|           -|           -|    -|
    |   + ekf_batch_Pipeline_VITIS_LOOP_89_1                     |     -|  0.28|       34|    340.000|         -|       34|     -|        no|        -|         -|   926 (~0%)|   308 (~0%)|    -|
    |    o VITIS_LOOP_89_1                                       |     -|  7.30|       32|    320.000|        28|        1|     6|       yes|        -|         -|           -|           -|    -|
    |   + ekf_batch_Pipeline_VITIS_LOOP_96_3                     |     -|  0.28|       24|    240.000|         -|       24|     -|        no|        -|         -|   141 (~0%)|   185 (~0%)|    -|
    |    o VITIS_LOOP_96_3                                       |    II|  7.30|       22|    220.000|         8|        3|     6|       yes|        -|         -|           -|           -|    -|
    |   + ekf_batch_Pipeline_VITIS_LOOP_101_4                    |     -|  0.28|       10|    100.000|         -|       10|     -|        no|        -|         -|   303 (~0%)|   121 (~0%)|    -|
    |    o VITIS_LOOP_101_4                                      |     -|  7.30|        8|     80.000|         4|        1|     6|       yes|        -|         -|           -|           -|    -|
    |   + ekf_batch_Pipeline_VITIS_LOOP_102_5                    |     -|  0.24|       29|    290.000|         -|       29|     -|        no|        -|         -|   273 (~0%)|   209 (~0%)|    -|
    |    o VITIS_LOOP_102_5                                      |    II|  7.30|       27|    270.000|         8|        4|     6|       yes|        -|         -|           -|           -|    -|
    |   + ekf_batch_Pipeline_VITIS_LOOP_109_6                    |     -|  0.28|       14|    140.000|         -|       14|     -|        no|        -|         -|  1532 (~0%)|   395 (~0%)|    -|
    |    o VITIS_LOOP_109_6                                      |     -|  7.30|       12|    120.000|         8|        1|     6|       yes|        -|         -|           -|           -|    -|
    |   + ekf_batch_Pipeline_VITIS_LOOP_17_1_VITIS_LOOP_18_22    |     -|  0.28|       64|    640.000|         -|       64|     -|        no|        -|         -|  2353 (~0%)|  1078 (~0%)|    -|
    |    o VITIS_LOOP_17_1_VITIS_LOOP_18_2                       |     -|  7.30|       62|    620.000|        28|        1|    36|       yes|        -|         -|           -|           -|    -|
    |   + ekf_batch_Pipeline_VITIS_LOOP_30_13                    |     -|  6.20|        8|     80.000|         -|        8|     -|        no|        -|         -|  1157 (~0%)|   233 (~0%)|    -|
    |    o VITIS_LOOP_30_1                                       |     -|  7.30|        6|     60.000|         1|        1|     6|       yes|        -|         -|           -|           -|    -|
    |   + ekf_batch_Pipeline_VITIS_LOOP_17_1_VITIS_LOOP_18_24    |     -|  0.28|       64|    640.000|         -|       64|     -|        no|        -|         -|  2353 (~0%)|  1078 (~0%)|    -|
    |    o VITIS_LOOP_17_1_VITIS_LOOP_18_2                       |     -|  7.30|       62|    620.000|        28|        1|    36|       yes|        -|         -|           -|           -|    -|
    |   + ekf_batch_Pipeline_VITIS_LOOP_117_8                    |     -|  0.24|       17|    170.000|         -|       17|     -|        no|        -|         -|  1564 (~0%)|   665 (~0%)|    -|
    |    o VITIS_LOOP_117_8                                      |     -|  7.30|       15|    150.000|        11|        1|     6|       yes|        -|         -|           -|           -|    -|
    |   o VITIS_LOOP_119_10                                      |     -|  7.30|      235|  2.350e+03|        47|        -|     5|        no|        -|         -|           -|           -|    -|
    |    o VITIS_LOOP_120_11                                     |     -|  7.30|       45|    450.000|         9|        -|     5|        no|        -|         -|           -|           -|    -|
    +------------------------------------------------------------+------+------+---------+-----------+----------+---------+------+----------+---------+----------+------------+------------+-----+


================================================================
== HW Interfaces
================================================================
* M_AXI
+-------------+------------+---------------+---------+--------+----------+-----------+--------------+--------------+-------------+-------------+-------------------+
| Interface   | Data Width | Address Width | Latency | Offset | Register | Max Widen | Max Read     | Max Write    | Num Read    | Num Write   | Resource Estimate |
|             | (SW->HW)   |               |         |        |          | Bitwidth  | Burst Length | Burst Length | Outstanding | Outstanding |                   |
+-------------+------------+---------------+---------+--------+----------+-----------+--------------+--------------+-------------+-------------+-------------------+
| m_axi_gmem0 | 32 -> 32   | 64            | 0       | slave  | 0        | 0         | 16           | 16           | 16          | 16          | BRAM=4            |
| m_axi_gmem1 | 32 -> 32   | 64            | 0       | slave  | 0        | 0         | 16           | 16           | 16          | 16          | BRAM=4            |
+-------------+------------+---------------+---------+--------+----------+-----------+--------------+--------------+-------------+-------------+-------------------+

* S_AXILITE Interfaces
+---------------+------------+---------------+--------+----------+
| Interface     | Data Width | Address Width | Offset | Register |
+---------------+------------+---------------+--------+----------+
| s_axi_control | 32         | 6             | 16     | 0        |
+---------------+------------+---------------+--------+----------+

* S_AXILITE Registers
+---------------+------------+--------+-------+--------+----------------------------------+----------------------------------------------------------------------+
| Interface     | Register   | Offset | Width | Access | Description                      | Bit Fields                                                           |
+---------------+------------+--------+-------+--------+----------------------------------+----------------------------------------------------------------------+
| s_axi_control | CTRL       | 0x00   | 32    | RW     | Control signals                  | 0=AP_START 1=AP_DONE 2=AP_IDLE 3=AP_READY 7=AUTO_RESTART 9=INTERRUPT |
| s_axi_control | GIER       | 0x04   | 32    | RW     | Global Interrupt Enable Register | 0=Enable                                                             |
| s_axi_control | IP_IER     | 0x08   | 32    | RW     | IP Interrupt Enable Register     | 0=CHAN0_INT_EN 1=CHAN1_INT_EN                                        |
| s_axi_control | IP_ISR     | 0x0c   | 32    | RW     | IP Interrupt Status Register     | 0=CHAN0_INT_ST 1=CHAN1_INT_ST                                        |
| s_axi_control | data_1     | 0x10   | 32    | W      | Data signal of data              |                                                                      |
| s_axi_control | data_2     | 0x14   | 32    | W      | Data signal of data              |                                                                      |
| s_axi_control | nmeas_1    | 0x1c   | 32    | W      | Data signal of nmeas             |                                                                      |
| s_axi_control | nmeas_2    | 0x20   | 32    | W      | Data signal of nmeas             |                                                                      |
| s_axi_control | num_tracks | 0x28   | 32    | W      | Data signal of num_tracks        |                                                                      |
+---------------+------------+--------+-------+--------+----------------------------------+----------------------------------------------------------------------+

* TOP LEVEL CONTROL
+-----------+------------+-----------+
| Interface | Type       | Ports     |
+-----------+------------+-----------+
| ap_clk    | clock      | ap_clk    |
| ap_rst_n  | reset      | ap_rst_n  |
| interrupt | interrupt  | interrupt |
| ap_ctrl   | ap_ctrl_hs |           |
+-----------+------------+-----------+


================================================================
== SW I/O Information
================================================================
* Top Function Arguments
+------------+-----------+-------------+
| Argument   | Direction | Datatype    |
+------------+-----------+-------------+
| data       | inout     | float*      |
| nmeas      | in        | int const * |
| num_tracks | in        | int         |
+------------+-----------+-------------+

* SW-to-HW Mapping
+------------+---------------+-----------+----------+--------------------------------------+
| Argument   | HW Interface  | HW Type   | HW Usage | HW Info                              |
+------------+---------------+-----------+----------+--------------------------------------+
| data       | m_axi_gmem0   | interface |          |                                      |
| data       | s_axi_control | register  | offset   | name=data_1 offset=0x10 range=32     |
| data       | s_axi_control | register  | offset   | name=data_2 offset=0x14 range=32     |
| nmeas      | m_axi_gmem1   | interface |          |                                      |
| nmeas      | s_axi_control | register  | offset   | name=nmeas_1 offset=0x1c range=32    |
| nmeas      | s_axi_control | register  | offset   | name=nmeas_2 offset=0x20 range=32    |
| num_tracks | s_axi_control | register  |          | name=num_tracks offset=0x28 range=32 |
+------------+---------------+-----------+----------+--------------------------------------+


================================================================
== M_AXI Burst Information
================================================================
 Note: All burst requests might be further partitioned into multiple requests during RTL generation based on max_read_burst_length or max_write_burst_length settings.

* Inferred Burst Summary
+--------------+-----------+----------+-------+-------------------+---------------------+
| HW Interface | Direction | Length   | Width | Loop              | Loop Location       |
+--------------+-----------+----------+-------+-------------------+---------------------+
| m_axi_gmem0  | read      | 98       | 32    | VITIS_LOOP_148_3  | ekf_core.cpp:148:20 |
| m_axi_gmem0  | write     | 98       | 32    | VITIS_LOOP_176_12 | ekf_core.cpp:176:32 |
| m_axi_gmem1  | read      | variable | 32    | VITIS_LOOP_138_1  | ekf_core.cpp:138:20 |
+--------------+-----------+----------+-------+-------------------+---------------------+

* All M_AXI Variable Accesses
+--------------+----------+---------------------+-----------+--------------+----------+-------------------+---------------------+------------+---------------------------------------------------------------------------------------------------------+
| HW Interface | Variable | Access Location     | Direction | Burst Status | Length   | Loop              | Loop Location       | Resolution | Problem                                                                                                 |
+--------------+----------+---------------------+-----------+--------------+----------+-------------------+---------------------+------------+---------------------------------------------------------------------------------------------------------+
| m_axi_gmem0  | data     | ekf_core.cpp:150:13 | read      | Widen Fail   |          | VITIS_LOOP_148_3  | ekf_core.cpp:148:20 | 214-353    | Could not widen since type float size is greater than or equal to the max_widen_bitwidth threshold of 0 |
| m_axi_gmem0  | data     | ekf_core.cpp:150:13 | read      | Fail         |          |                   |                     | 214-231    | Access is clobbered by store                                                                            |
| m_axi_gmem0  | data     | ekf_core.cpp:150:13 | read      | Inferred     | 98       | VITIS_LOOP_148_3  | ekf_core.cpp:148:20 |            |                                                                                                         |
| m_axi_gmem0  | data     | ekf_core.cpp:178:17 | write     | Widen Fail   |          | VITIS_LOOP_176_12 | ekf_core.cpp:176:32 | 214-353    | Could not widen since type float size is greater than or equal to the max_widen_bitwidth threshold of 0 |
| m_axi_gmem0  | data     | ekf_core.cpp:178:17 | write     | Fail         |          |                   |                     | 214-231    | Access is clobbered by load                                                                             |
| m_axi_gmem0  | data     | ekf_core.cpp:178:17 | write     | Inferred     | 98       | VITIS_LOOP_176_12 | ekf_core.cpp:176:32 |            |                                                                                                         |
| m_axi_gmem1  | nmeas    | ekf_core.cpp:163:21 | read      | Widen Fail   |          | VITIS_LOOP_138_1  | ekf_core.cpp:138:20 | 214-353    | Could not widen since type i32 size is greater than or equal to the max_widen_bitwidth threshold of 0   |
| m_axi_gmem1  | nmeas    | ekf_core.cpp:163:21 | read      | Inferred     | variable | VITIS_LOOP_138_1  | ekf_core.cpp:138:20 |            |                                                                                                         |
+--------------+----------+---------------------+-----------+--------------+----------+-------------------+---------------------+------------+---------------------------------------------------------------------------------------------------------+

    * Resolution URL: www.xilinx.com/cgi-bin/docs/rdoc?v=2023.1;t=hls+guidance;d=XXX-YYY.html (replace XXX-YYY with column value)

================================================================
== Bind Op Report
================================================================
+-----------------------------------------------------------+-----+--------+-------------+------+---------+---------+
| Name                                                      | DSP | Pragma | Variable    | Op   | Impl    | Latency |
+-----------------------------------------------------------+-----+--------+-------------+------+---------+---------+
| + ekf_batch                                               | 60  |        |             |      |         |         |
|   add_ln138_1_fu_12622_p2                                 | -   |        | add_ln138_1 | add  | fabric  | 0       |
|   add_ln138_fu_12637_p2                                   | -   |        | add_ln138   | add  | fabric  | 0       |
|   add_ln143_fu_12647_p2                                   | -   |        | add_ln143   | add  | fabric  | 0       |
|   fadd_32ns_32ns_32_4_full_dsp_1_U1450                    | 2   |        | add81_i     | fadd | fulldsp | 3       |
|   fmul_32ns_32ns_32_3_max_dsp_1_U1451                     | 3   |        | m_4         | fmul | maxdsp  | 2       |
|   add_ln76_1_fu_13848_p2                                  | -   |        | add_ln76_1  | add  | fabric  | 0       |
|   add_ln76_fu_13842_p2                                    | -   |        | add_ln76    | add  | fabric  | 0       |
|   add_ln164_fu_13885_p2                                   | -   |        | add_ln164   | add  | fabric  | 0       |
|   add_ln169_fu_13936_p2                                   | -   |        | add_ln169   | add  | fabric  | 0       |
|   fdiv_32ns_32ns_32_9_no_dsp_1_U1452                      | -   |        | inv_s       | fdiv | fabric  | 8       |
|   fadd_32ns_32ns_32_4_full_dsp_1_U1450                    | 2   |        | add136_i    | fadd | fulldsp | 3       |
|   fmul_32ns_32ns_32_3_max_dsp_1_U1451                     | 3   |        | m_5         | fmul | maxdsp  | 2       |
|   add_ln120_1_fu_14990_p2                                 | -   |        | add_ln120_1 | add  | fabric  | 0       |
|   add_ln120_fu_14984_p2                                   | -   |        | add_ln120   | add  | fabric  | 0       |
|  + ekf_batch_Pipeline_VITIS_LOOP_148_3                    | 0   |        |             |      |         |         |
|    add_ln148_fu_221_p2                                    | -   |        | add_ln148   | add  | fabric  | 0       |
|  + ekf_batch_Pipeline_VITIS_LOOP_41_1_VITIS_LOOP_42_2     | 0   |        |             |      |         |         |
|    add_ln41_fu_509_p2                                     | -   |        | add_ln41    | add  | fabric  | 0       |
|    add_ln41_1_fu_535_p2                                   | -   |        | add_ln41_1  | add  | fabric  | 0       |
|    add_ln42_fu_728_p2                                     | -   |        | add_ln42    | add  | fabric  | 0       |
|  + ekf_batch_Pipeline_VITIS_LOOP_45_3                     | 0   |        |             |      |         |         |
|    add_ln45_fu_268_p2                                     | -   |        | add_ln45    | add  | fabric  | 0       |
|  + ekf_batch_Pipeline_VITIS_LOOP_157_4                    | 0   |        |             |      |         |         |
|    add_ln157_fu_180_p2                                    | -   |        | add_ln157   | add  | fabric  | 0       |
|  + ekf_batch_Pipeline_VITIS_LOOP_158_5_VITIS_LOOP_159_6   | 0   |        |             |      |         |         |
|    empty_fu_703_p2                                        | -   |        | empty       | sub  | fabric  | 0       |
|    add_ln158_fu_715_p2                                    | -   |        | add_ln158   | add  | fabric  | 0       |
|    add_ln158_1_fu_738_p2                                  | -   |        | add_ln158_1 | add  | fabric  | 0       |
|    p_mid1_fu_768_p2                                       | -   |        | p_mid1      | sub  | fabric  | 0       |
|    add_ln159_fu_798_p2                                    | -   |        | add_ln159   | add  | fabric  | 0       |
|    add_ln159_3_fu_804_p2                                  | -   |        | add_ln159_3 | add  | fabric  | 0       |
|    add_ln159_1_fu_814_p2                                  | -   |        | add_ln159_1 | add  | fabric  | 0       |
|    add_ln159_2_fu_842_p2                                  | -   |        | add_ln159_2 | add  | fabric  | 0       |
|  + ekf_batch_Pipeline_VITIS_LOOP_30_1                     | 0   |        |             |      |         |         |
|    add_ln30_fu_788_p2                                     | -   |        | add_ln30    | add  | fabric  | 0       |
|  + ekf_batch_Pipeline_VITIS_LOOP_58_1                     | 25  |        |             |      |         |         |
|    add_ln58_fu_495_p2                                     | -   |        | add_ln58    | add  | fabric  | 0       |
|    fmul_32ns_32ns_32_3_max_dsp_1_U123                     | 3   |        | mul_i_1     | fmul | maxdsp  | 2       |
|    fadd_32ns_32ns_32_4_full_dsp_1_U117                    | 2   |        | acc_1       | fadd | fulldsp | 3       |
|    fmul_32ns_32ns_32_3_max_dsp_1_U124                     | 3   |        | mul_i_2     | fmul | maxdsp  | 2       |
|    fadd_32ns_32ns_32_4_full_dsp_1_U118                    | 2   |        | acc_2       | fadd | fulldsp | 3       |
|    fmul_32ns_32ns_32_3_max_dsp_1_U125                     | 3   |        | mul_i_3     | fmul | maxdsp  | 2       |
|    fadd_32ns_32ns_32_4_full_dsp_1_U119                    | 2   |        | acc_3       | fadd | fulldsp | 3       |
|    fmul_32ns_32ns_32_3_max_dsp_1_U126                     | 3   |        | mul_i_4     | fmul | maxdsp  | 2       |
|    fadd_32ns_32ns_32_4_full_dsp_1_U120                    | 2   |        | acc_4       | fadd | fulldsp | 3       |
|    fmul_32ns_32ns_32_3_max_dsp_1_U127                     | 3   |        | mul_i_5     | fmul | maxdsp  | 2       |
|    fadd_32ns_32ns_32_4_full_dsp_1_U121                    | 2   |        | xp_7        | fadd | fulldsp | 3       |
|  + ekf_batch_Pipeline_VITIS_LOOP_17_1_VITIS_LOOP_18_2     | 0   |        |             |      |         |         |
|    add_ln17_1_fu_1151_p2                                  | -   |        | add_ln17_1  | add  | fabric  | 0       |
|    add_ln17_fu_1177_p2                                    | -   |        | add_ln17    | add  | fabric  | 0       |
|    add_ln18_fu_1253_p2                                    | -   |        | add_ln18    | add  | fabric  | 0       |
|  + ekf_batch_Pipeline_VITIS_LOOP_64_3                     | 0   |        |             |      |         |         |
|    add_ln64_fu_258_p2                                     | -   |        | add_ln64    | add  | fabric  | 0       |
|  + ekf_batch_Pipeline_VITIS_LOOP_17_1_VITIS_LOOP_18_21    | 0   |        |             |      |         |         |
|    add_ln17_fu_1173_p2                                    | -   |        | add_ln17    | add  | fabric  | 0       |
|    add_ln17_3_fu_1199_p2                                  | -   |        | add_ln17_3  | add  | fabric  | 0       |
|    add_ln18_fu_1275_p2                                    | -   |        | add_ln18    | add  | fabric  | 0       |
|  + ekf_batch_Pipeline_VITIS_LOOP_73_4_VITIS_LOOP_74_5     | 0   |        |             |      |         |         |
|    add_ln73_fu_1406_p2                                    | -   |        | add_ln73    | add  | fabric  | 0       |
|    add_ln73_1_fu_1432_p2                                  | -   |        | add_ln73_1  | add  | fabric  | 0       |
|    add_ln74_fu_1698_p2                                    | -   |        | add_ln74    | add  | fabric  | 0       |
|  + ekf_batch_Pipeline_VITIS_LOOP_168_8                    | 0   |        |             |      |         |         |
|    add_ln168_1_fu_244_p2                                  | -   |        | add_ln168_1 | add  | fabric  | 0       |
|    add_ln168_2_fu_254_p2                                  | -   |        | add_ln168_2 | add  | fabric  | 0       |
|    add_ln168_fu_264_p2                                    | -   |        | add_ln168   | add  | fabric  | 0       |
|  + ekf_batch_Pipeline_VITIS_LOOP_173_9                    | 0   |        |             |      |         |         |
|    add_ln173_fu_258_p2                                    | -   |        | add_ln173   | add  | fabric  | 0       |
|  + ekf_batch_Pipeline_VITIS_LOOP_89_1                     | 0   |        |             |      |         |         |
|    add_ln89_fu_517_p2                                     | -   |        | add_ln89    | add  | fabric  | 0       |
|  + ekf_batch_Pipeline_VITIS_LOOP_96_3                     | 0   |        |             |      |         |         |
|    add_ln96_fu_178_p2                                     | -   |        | add_ln96    | add  | fabric  | 0       |
|  + ekf_batch_Pipeline_VITIS_LOOP_101_4                    | 0   |        |             |      |         |         |
|    add_ln101_fu_192_p2                                    | -   |        | add_ln101   | add  | fabric  | 0       |
|  + ekf_batch_Pipeline_VITIS_LOOP_102_5                    | 0   |        |             |      |         |         |
|    add_ln102_fu_292_p2                                    | -   |        | add_ln102   | add  | fabric  | 0       |
|  + ekf_batch_Pipeline_VITIS_LOOP_109_6                    | 0   |        |             |      |         |         |
|    add_ln109_fu_672_p2                                    | -   |        | add_ln109   | add  | fabric  | 0       |
|  + ekf_batch_Pipeline_VITIS_LOOP_17_1_VITIS_LOOP_18_22    | 0   |        |             |      |         |         |
|    add_ln17_fu_1173_p2                                    | -   |        | add_ln17    | add  | fabric  | 0       |
|    add_ln17_2_fu_1199_p2                                  | -   |        | add_ln17_2  | add  | fabric  | 0       |
|    add_ln18_fu_1275_p2                                    | -   |        | add_ln18    | add  | fabric  | 0       |
|  + ekf_batch_Pipeline_VITIS_LOOP_30_13                    | 0   |        |             |      |         |         |
|    add_ln30_fu_810_p2                                     | -   |        | add_ln30    | add  | fabric  | 0       |
|  + ekf_batch_Pipeline_VITIS_LOOP_17_1_VITIS_LOOP_18_24    | 0   |        |             |      |         |         |
|    add_ln17_fu_1173_p2                                    | -   |        | add_ln17    | add  | fabric  | 0       |
|    add_ln17_1_fu_1199_p2                                  | -   |        | add_ln17_1  | add  | fabric  | 0       |
|    add_ln18_fu_1275_p2                                    | -   |        | add_ln18    | add  | fabric  | 0       |
|  + ekf_batch_Pipeline_VITIS_LOOP_117_8                    | 0   |        |             |      |         |         |
|    add_ln117_fu_1386_p2                                   | -   |        | add_ln117   | add  | fabric  | 0       |
|  + ekf_batch_Pipeline_VITIS_LOOP_174_10_VITIS_LOOP_175_11 | 0   |        |             |      |         |         |
|    empty_fu_525_p2                                        | -   |        | empty       | sub  | fabric  | 0       |
|    add_ln174_fu_537_p2                                    | -   |        | add_ln174   | add  | fabric  | 0       |
|    add_ln174_1_fu_560_p2                                  | -   |        | add_ln174_1 | add  | fabric  | 0       |
|    p_mid151_fu_590_p2                                     | -   |        | p_mid151    | sub  | fabric  | 0       |
|    add_ln175_fu_754_p2                                    | -   |        | add_ln175   | add  | fabric  | 0       |
|    add_ln175_3_fu_760_p2                                  | -   |        | add_ln175_3 | add  | fabric  | 0       |
|    add_ln175_1_fu_770_p2                                  | -   |        | add_ln175_1 | add  | fabric  | 0       |
|    add_ln175_2_fu_798_p2                                  | -   |        | add_ln175_2 | add  | fabric  | 0       |
|  + ekf_batch_Pipeline_VITIS_LOOP_176_12                   | 0   |        |             |      |         |         |
|    add_ln176_fu_214_p2                                    | -   |        | add_ln176   | add  | fabric  | 0       |
+-----------------------------------------------------------+-----+--------+-------------+------+---------+---------+


================================================================
== Bind Storage Report
================================================================
+-------------+------+------+--------+----------+---------+------+---------+
| Name        | BRAM | URAM | Pragma | Variable | Storage | Impl | Latency |
+-------------+------+------+--------+----------+---------+------+---------+
| + ekf_batch | 8    | 0    |        |          |         |      |         |
|   local_U   | -    | -    |        | local    | ram_1p  | auto | 1       |
|   local_1_U | -    | -    |        | local_1  | ram_1p  | auto | 1       |
|   local_2_U | -    | -    |        | local_2  | ram_1p  | auto | 1       |
|   local_3_U | -    | -    |        | local_3  | ram_1p  | auto | 1       |
|   local_4_U | -    | -    |        | local_4  | ram_1p  | auto | 1       |
|   local_5_U | -    | -    |        | local_5  | ram_1p  | auto | 1       |
|   local_6_U | -    | -    |        | local_6  | ram_1p  | auto | 1       |
|   local_7_U | -    | -    |        | local_7  | ram_1p  | auto | 1       |
+-------------+------+------+--------+----------+---------+------+---------+


================================================================
== Pragma Report
================================================================
* Valid Pragma Syntax
+-----------------+------------------------------------------------------+-------------------------------------------+
| Type            | Options                                              | Location                                  |
+-----------------+------------------------------------------------------+-------------------------------------------+
| inline          |                                                      | ekf_core.cpp:16 in matmul                 |
| pipeline        | II=1                                                 | ekf_core.cpp:19 in matmul                 |
| unroll          |                                                      | ekf_core.cpp:22 in matmul                 |
| inline          |                                                      | ekf_core.cpp:29 in transpose              |
| unroll          |                                                      | ekf_core.cpp:32 in transpose              |
| inline          |                                                      | ekf_core.cpp:38 in build_fq               |
| inline          |                                                      | ekf_core.cpp:50 in predict                |
| array_partition | variable=F complete dim=0                            | ekf_core.cpp:52 in predict, F             |
| array_partition | variable=Q complete dim=0                            | ekf_core.cpp:53 in predict, Q             |
| array_partition | variable=xp complete                                 | ekf_core.cpp:57 in predict, xp            |
| pipeline        | II=1                                                 | ekf_core.cpp:59 in predict                |
| array_partition | variable=FP complete dim=0                           | ekf_core.cpp:67 in predict, FP            |
| array_partition | variable=Ft complete dim=0                           | ekf_core.cpp:68 in predict, Ft            |
| array_partition | variable=FPFt complete dim=0                         | ekf_core.cpp:69 in predict, FPFt          |
| unroll          |                                                      | ekf_core.cpp:77 in predict                |
| inline          |                                                      | ekf_core.cpp:86 in update_scalar          |
| array_partition | variable=Ph complete                                 | ekf_core.cpp:88 in update_scalar, Ph      |
| pipeline        | II=1                                                 | ekf_core.cpp:90 in update_scalar          |
| array_partition | variable=K complete                                  | ekf_core.cpp:99 in update_scalar, K       |
| array_partition | variable=A complete dim=0                            | ekf_core.cpp:105 in update_scalar, A      |
| array_partition | variable=AP complete dim=0                           | ekf_core.cpp:106 in update_scalar, AP     |
| array_partition | variable=At complete dim=0                           | ekf_core.cpp:107 in update_scalar, At     |
| array_partition | variable=APAt complete dim=0                         | ekf_core.cpp:108 in update_scalar, APAt   |
| unroll          |                                                      | ekf_core.cpp:111 in update_scalar         |
| unroll          |                                                      | ekf_core.cpp:121 in update_scalar         |
| interface       | m_axi port=data offset=slave bundle=gmem0 depth=9800 | ekf_core.cpp:129 in ekf_batch, data       |
| interface       | m_axi port=nmeas offset=slave bundle=gmem1 depth=100 | ekf_core.cpp:130 in ekf_batch, nmeas      |
| interface       | s_axilite port=data bundle=control                   | ekf_core.cpp:131 in ekf_batch, data       |
| interface       | s_axilite port=nmeas bundle=control                  | ekf_core.cpp:132 in ekf_batch, nmeas      |
| interface       | s_axilite port=num_tracks bundle=control             | ekf_core.cpp:133 in ekf_batch, num_tracks |
| interface       | s_axilite port=return bundle=control                 | ekf_core.cpp:134 in ekf_batch, return     |
| unroll          |                                                      | ekf_core.cpp:140 in ekf_batch             |
| array_partition | variable=local cyclic factor=8                       | ekf_core.cpp:147 in ekf_batch, local      |
| pipeline        | II=1                                                 | ekf_core.cpp:149 in ekf_batch             |
| array_partition | variable=x complete                                  | ekf_core.cpp:155 in ekf_batch, x          |
| array_partition | variable=P complete dim=0                            | ekf_core.cpp:156 in ekf_batch, P          |
| array_partition | variable=H complete                                  | ekf_core.cpp:167 in ekf_batch, H          |
| pipeline        | II=1                                                 | ekf_core.cpp:177 in ekf_batch             |
+-----------------+------------------------------------------------------+-------------------------------------------+


