

================================================================
== Vitis HLS Report for 'ekf_batch_Pipeline_VITIS_LOOP_102_5'
================================================================
* Date:           Thu Sep  3 12:11:38 2026

* Version:        2023.1 (Build 3854077 on May  4 2023)
* Project:        EKF
* Solution:       solution1 (Vivado IP Flow Target)
* Product family: zynquplus
* Target device:  xczu9eg-ffvb1156-2-e


================================================================
== Performance Estimates
================================================================
+ Timing: 
    * Summary: 
    +--------+----------+----------+------------+
    |  Clock |  Target  | Estimated| Uncertainty|
    +--------+----------+----------+------------+
    |ap_clk  |  10.00 ns|  7.060 ns|     2.70 ns|
    +--------+----------+----------+------------+

+ Latency: 
    * Summary: 
    +---------+---------+----------+----------+-----+-----+---------+
    |  Latency (cycles) |  Latency (absolute) |  Interval | Pipeline|
    |   min   |   max   |    min   |    max   | min | max |   Type  |
    +---------+---------+----------+----------+-----+-----+---------+
    |       29|       29|  0.290 us|  0.290 us|   29|   29|       no|
    +---------+---------+----------+----------+-----+-----+---------+

    + Detail: 
        * Instance: 
        N/A

        * Loop: 
        +--------------------+---------+---------+----------+-----------+-----------+------+----------+
        |                    |  Latency (cycles) | Iteration|  Initiation Interval  | Trip |          |
        |      Loop Name     |   min   |   max   |  Latency |  achieved |   target  | Count| Pipelined|
        +--------------------+---------+---------+----------+-----------+-----------+------+----------+
        |- VITIS_LOOP_102_5  |       27|       27|         8|          4|          1|     6|       yes|
        +--------------------+---------+---------+----------+-----------+-----------+------+----------+



================================================================
== Utilization Estimates
================================================================
* Summary: 
+-----------------+---------+------+--------+--------+-----+
|       Name      | BRAM_18K|  DSP |   FF   |   LUT  | URAM|
+-----------------+---------+------+--------+--------+-----+
|DSP              |        -|     -|       -|       -|    -|
|Expression       |        -|     -|       0|      22|    -|
|FIFO             |        -|     -|       -|       -|    -|
|Instance         |        -|     -|       0|      62|    -|
|Memory           |        -|     -|       -|       -|    -|
|Multiplexer      |        -|     -|       -|     125|    -|
|Register         |        -|     -|     273|       -|    -|
+-----------------+---------+------+--------+--------+-----+
|Total            |        0|     0|     273|     209|    0|
+-----------------+---------+------+--------+--------+-----+
|Available        |     1824|  2520|  548160|  274080|    0|
+-----------------+---------+------+--------+--------+-----+
|Utilization (%)  |        0|     0|      ~0|      ~0|    0|
+-----------------+---------+------+--------+--------+-----+

+ Detail: 
    * Instance: 
    +---------------------+----------------+---------+----+---+----+-----+
    |       Instance      |     Module     | BRAM_18K| DSP| FF| LUT| URAM|
    +---------------------+----------------+---------+----+---+----+-----+
    |mux_6_3_32_1_1_U798  |mux_6_3_32_1_1  |        0|   0|  0|  31|    0|
    |mux_6_3_32_1_1_U799  |mux_6_3_32_1_1  |        0|   0|  0|  31|    0|
    +---------------------+----------------+---------+----+---+----+-----+
    |Total                |                |        0|   0|  0|  62|    0|
    +---------------------+----------------+---------+----+---+----+-----+

    * DSP: 
    N/A

    * Memory: 
    N/A

    * FIFO: 
    N/A

    * Expression: 
    +----------------------+----------+----+---+----+------------+------------+
    |     Variable Name    | Operation| DSP| FF| LUT| Bitwidth P0| Bitwidth P1|
    +----------------------+----------+----+---+----+------------+------------+
    |add_ln102_fu_292_p2   |         +|   0|  0|  10|           3|           1|
    |icmp_ln102_fu_268_p2  |      icmp|   0|  0|  10|           3|           3|
    |ap_enable_pp0         |       xor|   0|  0|   2|           1|           2|
    +----------------------+----------+----+---+----+------------+------------+
    |Total                 |          |   0|  0|  22|           7|           6|
    +----------------------+----------+----+---+----+------------+------------+

    * Multiplexer: 
    +-------------------------+----+-----------+-----+-----------+
    |           Name          | LUT| Input Size| Bits| Total Bits|
    +-------------------------+----+-----------+-----+-----------+
    |ap_NS_fsm                |  26|          5|    1|          5|
    |ap_done_int              |   9|          2|    1|          2|
    |ap_enable_reg_pp0_iter0  |   9|          2|    1|          2|
    |ap_enable_reg_pp0_iter1  |   9|          2|    1|          2|
    |ap_sig_allocacmp_i_14    |   9|          2|    3|          6|
    |i_fu_74                  |   9|          2|    3|          6|
    |x_10_fu_94               |   9|          2|   32|         64|
    |x_11_fu_98               |   9|          2|   32|         64|
    |x_7_fu_82                |   9|          2|   32|         64|
    |x_8_fu_86                |   9|          2|   32|         64|
    |x_9_fu_90                |   9|          2|   32|         64|
    |x_fu_78                  |   9|          2|   32|         64|
    +-------------------------+----+-----------+-----+-----------+
    |Total                    | 125|         27|  202|        407|
    +-------------------------+----+-----------+-----+-----------+

    * Register: 
    +-----------------------------+----+----+-----+-----------+
    |             Name            | FF | LUT| Bits| Const Bits|
    +-----------------------------+----+----+-----+-----------+
    |ap_CS_fsm                    |   4|   0|    4|          0|
    |ap_done_reg                  |   1|   0|    1|          0|
    |ap_enable_reg_pp0_iter0_reg  |   1|   0|    1|          0|
    |ap_enable_reg_pp0_iter1      |   1|   0|    1|          0|
    |i_14_reg_452                 |   3|   0|    3|          0|
    |i_14_reg_452_pp0_iter1_reg   |   3|   0|    3|          0|
    |i_fu_74                      |   3|   0|    3|          0|
    |icmp_ln102_reg_458           |   1|   0|    1|          0|
    |mul48_i_reg_467              |  32|   0|   32|          0|
    |tmp_s_reg_462                |  32|   0|   32|          0|
    |x_10_fu_94                   |  32|   0|   32|          0|
    |x_11_fu_98                   |  32|   0|   32|          0|
    |x_7_fu_82                    |  32|   0|   32|          0|
    |x_8_fu_86                    |  32|   0|   32|          0|
    |x_9_fu_90                    |  32|   0|   32|          0|
    |x_fu_78                      |  32|   0|   32|          0|
    +-----------------------------+----+----+-----+-----------+
    |Total                        | 273|   0|  273|          0|
    +-----------------------------+----+----+-----+-----------+



================================================================
== Interface
================================================================
* Summary: 
+-----------------------+-----+-----+------------+-------------------------------------+--------------+
|       RTL Ports       | Dir | Bits|  Protocol  |            Source Object            |    C Type    |
+-----------------------+-----+-----+------------+-------------------------------------+--------------+
|ap_clk                 |   in|    1|  ap_ctrl_hs|  ekf_batch_Pipeline_VITIS_LOOP_102_5|  return value|
|ap_rst                 |   in|    1|  ap_ctrl_hs|  ekf_batch_Pipeline_VITIS_LOOP_102_5|  return value|
|ap_start               |   in|    1|  ap_ctrl_hs|  ekf_batch_Pipeline_VITIS_LOOP_102_5|  return value|
|ap_done                |  out|    1|  ap_ctrl_hs|  ekf_batch_Pipeline_VITIS_LOOP_102_5|  return value|
|ap_idle                |  out|    1|  ap_ctrl_hs|  ekf_batch_Pipeline_VITIS_LOOP_102_5|  return value|
|ap_ready               |  out|    1|  ap_ctrl_hs|  ekf_batch_Pipeline_VITIS_LOOP_102_5|  return value|
|grp_fu_12431_p_din0    |  out|   32|  ap_ctrl_hs|  ekf_batch_Pipeline_VITIS_LOOP_102_5|  return value|
|grp_fu_12431_p_din1    |  out|   32|  ap_ctrl_hs|  ekf_batch_Pipeline_VITIS_LOOP_102_5|  return value|
|grp_fu_12431_p_opcode  |  out|    2|  ap_ctrl_hs|  ekf_batch_Pipeline_VITIS_LOOP_102_5|  return value|
|grp_fu_12431_p_dout0   |   in|   32|  ap_ctrl_hs|  ekf_batch_Pipeline_VITIS_LOOP_102_5|  return value|
|grp_fu_12431_p_ce      |  out|    1|  ap_ctrl_hs|  ekf_batch_Pipeline_VITIS_LOOP_102_5|  return value|
|grp_fu_12435_p_din0    |  out|   32|  ap_ctrl_hs|  ekf_batch_Pipeline_VITIS_LOOP_102_5|  return value|
|grp_fu_12435_p_din1    |  out|   32|  ap_ctrl_hs|  ekf_batch_Pipeline_VITIS_LOOP_102_5|  return value|
|grp_fu_12435_p_dout0   |   in|   32|  ap_ctrl_hs|  ekf_batch_Pipeline_VITIS_LOOP_102_5|  return value|
|grp_fu_12435_p_ce      |  out|    1|  ap_ctrl_hs|  ekf_batch_Pipeline_VITIS_LOOP_102_5|  return value|
|x_26                   |   in|   32|     ap_none|                                 x_26|        scalar|
|x_27                   |   in|   32|     ap_none|                                 x_27|        scalar|
|x_28                   |   in|   32|     ap_none|                                 x_28|        scalar|
|x_29                   |   in|   32|     ap_none|                                 x_29|        scalar|
|x_30                   |   in|   32|     ap_none|                                 x_30|        scalar|
|x_31                   |   in|   32|     ap_none|                                 x_31|        scalar|
|K_reload               |   in|   32|     ap_none|                             K_reload|        scalar|
|K_1_reload             |   in|   32|     ap_none|                           K_1_reload|        scalar|
|K_2_reload             |   in|   32|     ap_none|                           K_2_reload|        scalar|
|K_3_reload             |   in|   32|     ap_none|                           K_3_reload|        scalar|
|K_4_reload             |   in|   32|     ap_none|                           K_4_reload|        scalar|
|K_5_reload             |   in|   32|     ap_none|                           K_5_reload|        scalar|
|local_load_3           |   in|   32|     ap_none|                         local_load_3|        scalar|
|x_37_out               |  out|   32|      ap_vld|                             x_37_out|       pointer|
|x_37_out_ap_vld        |  out|    1|      ap_vld|                             x_37_out|       pointer|
|x_36_out               |  out|   32|      ap_vld|                             x_36_out|       pointer|
|x_36_out_ap_vld        |  out|    1|      ap_vld|                             x_36_out|       pointer|
|x_35_out               |  out|   32|      ap_vld|                             x_35_out|       pointer|
|x_35_out_ap_vld        |  out|    1|      ap_vld|                             x_35_out|       pointer|
|x_34_out               |  out|   32|      ap_vld|                             x_34_out|       pointer|
|x_34_out_ap_vld        |  out|    1|      ap_vld|                             x_34_out|       pointer|
|x_33_out               |  out|   32|      ap_vld|                             x_33_out|       pointer|
|x_33_out_ap_vld        |  out|    1|      ap_vld|                             x_33_out|       pointer|
|x_32_out               |  out|   32|      ap_vld|                             x_32_out|       pointer|
|x_32_out_ap_vld        |  out|    1|      ap_vld|                             x_32_out|       pointer|
+-----------------------+-----+-----+------------+-------------------------------------+--------------+

