

================================================================
== Vitis HLS Report for 'ekf_batch_Pipeline_VITIS_LOOP_58_1'
================================================================
* Date:           Thu Sep  3 12:11:35 2026

* Version:        2023.1 (Build 3854077 on May  4 2023)
* Project:        EKF
* Solution:       solution1 (Vivado IP Flow Target)
* Product family: zynquplus
* Target device:  xczu9eg-ffvb1156-2-e


================================================================
== Performance Estimates
================================================================
+ Timing: 
    * Summary: 
    +--------+----------+----------+------------+
    |  Clock |  Target  | Estimated| Uncertainty|
    +--------+----------+----------+------------+
    |ap_clk  |  10.00 ns|  7.016 ns|     2.70 ns|
    +--------+----------+----------+------------+

+ Latency: 
    * Summary: 
    +---------+---------+----------+----------+-----+-----+---------+
    |  Latency (cycles) |  Latency (absolute) |  Interval | Pipeline|
    |   min   |   max   |    min   |    max   | min | max |   Type  |
    +---------+---------+----------+----------+-----+-----+---------+
    |       34|       34|  0.340 us|  0.340 us|   34|   34|       no|
    +---------+---------+----------+----------+-----+-----+---------+

    + Detail: 
        * Instance: 
        N/A

        * Loop: 
        +-------------------+---------+---------+----------+-----------+-----------+------+----------+
        |                   |  Latency (cycles) | Iteration|  Initiation Interval  | Trip |          |
        |     Loop Name     |   min   |   max   |  Latency |  achieved |   target  | Count| Pipelined|
        +-------------------+---------+---------+----------+-----------+-----------+------+----------+
        |- VITIS_LOOP_58_1  |       32|       32|        28|          1|          1|     6|       yes|
        +-------------------+---------+---------+----------+-----------+-----------+------+----------+



================================================================
== Utilization Estimates
================================================================
* Summary: 
+-----------------+---------+------+--------+--------+-----+
|       Name      | BRAM_18K|  DSP |   FF   |   LUT  | URAM|
+-----------------+---------+------+--------+--------+-----+
|DSP              |        -|     -|       -|       -|    -|
|Expression       |        -|     -|       0|      22|    -|
|FIFO             |        -|     -|       -|       -|    -|
|Instance         |        -|    25|    1775|    1931|    -|
|Memory           |        -|     -|       -|       -|    -|
|Multiplexer      |        -|     -|       -|      36|    -|
|Register         |        -|     -|     926|      64|    -|
+-----------------+---------+------+--------+--------+-----+
|Total            |        0|    25|    2701|    2053|    0|
+-----------------+---------+------+--------+--------+-----+
|Available        |     1824|  2520|  548160|  274080|    0|
+-----------------+---------+------+--------+--------+-----+
|Utilization (%)  |        0|    ~0|      ~0|      ~0|    0|
+-----------------+---------+------+--------+--------+-----+

+ Detail: 
    * Instance: 
    +-------------------------------------+--------------------------------+---------+----+-----+-----+-----+
    |               Instance              |             Module             | BRAM_18K| DSP|  FF | LUT | URAM|
    +-------------------------------------+--------------------------------+---------+----+-----+-----+-----+
    |fadd_32ns_32ns_32_4_full_dsp_1_U117  |fadd_32ns_32ns_32_4_full_dsp_1  |        0|   2|  227|  214|    0|
    |fadd_32ns_32ns_32_4_full_dsp_1_U118  |fadd_32ns_32ns_32_4_full_dsp_1  |        0|   2|  227|  214|    0|
    |fadd_32ns_32ns_32_4_full_dsp_1_U119  |fadd_32ns_32ns_32_4_full_dsp_1  |        0|   2|  227|  214|    0|
    |fadd_32ns_32ns_32_4_full_dsp_1_U120  |fadd_32ns_32ns_32_4_full_dsp_1  |        0|   2|  227|  214|    0|
    |fadd_32ns_32ns_32_4_full_dsp_1_U121  |fadd_32ns_32ns_32_4_full_dsp_1  |        0|   2|  227|  214|    0|
    |fmul_32ns_32ns_32_3_max_dsp_1_U123   |fmul_32ns_32ns_32_3_max_dsp_1   |        0|   3|  128|  135|    0|
    |fmul_32ns_32ns_32_3_max_dsp_1_U124   |fmul_32ns_32ns_32_3_max_dsp_1   |        0|   3|  128|  135|    0|
    |fmul_32ns_32ns_32_3_max_dsp_1_U125   |fmul_32ns_32ns_32_3_max_dsp_1   |        0|   3|  128|  135|    0|
    |fmul_32ns_32ns_32_3_max_dsp_1_U126   |fmul_32ns_32ns_32_3_max_dsp_1   |        0|   3|  128|  135|    0|
    |fmul_32ns_32ns_32_3_max_dsp_1_U127   |fmul_32ns_32ns_32_3_max_dsp_1   |        0|   3|  128|  135|    0|
    |mux_6_3_32_1_1_U128                  |mux_6_3_32_1_1                  |        0|   0|    0|   31|    0|
    |mux_6_3_32_1_1_U129                  |mux_6_3_32_1_1                  |        0|   0|    0|   31|    0|
    |mux_6_3_32_1_1_U130                  |mux_6_3_32_1_1                  |        0|   0|    0|   31|    0|
    |mux_6_3_32_1_1_U131                  |mux_6_3_32_1_1                  |        0|   0|    0|   31|    0|
    |mux_6_3_32_1_1_U132                  |mux_6_3_32_1_1                  |        0|   0|    0|   31|    0|
    |mux_6_3_32_1_1_U133                  |mux_6_3_32_1_1                  |        0|   0|    0|   31|    0|
    +-------------------------------------+--------------------------------+---------+----+-----+-----+-----+
    |Total                                |                                |        0|  25| 1775| 1931|    0|
    +-------------------------------------+--------------------------------+---------+----+-----+-----+-----+

    * DSP: 
    N/A

    * Memory: 
    N/A

    * FIFO: 
    N/A

    * Expression: 
    +---------------------+----------+----+---+----+------------+------------+
    |    Variable Name    | Operation| DSP| FF| LUT| Bitwidth P0| Bitwidth P1|
    +---------------------+----------+----+---+----+------------+------------+
    |add_ln58_fu_495_p2   |         +|   0|  0|  10|           3|           1|
    |icmp_ln58_fu_489_p2  |      icmp|   0|  0|  10|           3|           3|
    |ap_enable_pp0        |       xor|   0|  0|   2|           1|           2|
    +---------------------+----------+----+---+----+------------+------------+
    |Total                |          |   0|  0|  22|           7|           6|
    +---------------------+----------+----+---+----+------------+------------+

    * Multiplexer: 
    +-------------------------+----+-----------+-----+-----------+
    |           Name          | LUT| Input Size| Bits| Total Bits|
    +-------------------------+----+-----------+-----+-----------+
    |ap_done_int              |   9|          2|    1|          2|
    |ap_enable_reg_pp0_iter1  |   9|          2|    1|          2|
    |ap_sig_allocacmp_i_4     |   9|          2|    3|          6|
    |i_fu_128                 |   9|          2|    3|          6|
    +-------------------------+----+-----------+-----+-----------+
    |Total                    |  36|          8|    8|         16|
    +-------------------------+----+-----------+-----+-----------+

    * Register: 
    +-----------------------------------+----+----+-----+-----------+
    |                Name               | FF | LUT| Bits| Const Bits|
    +-----------------------------------+----+----+-----+-----------+
    |acc_1_reg_887                      |  32|   0|   32|          0|
    |acc_2_reg_902                      |  32|   0|   32|          0|
    |acc_3_reg_917                      |  32|   0|   32|          0|
    |acc_4_reg_932                      |  32|   0|   32|          0|
    |acc_reg_872                        |  32|   0|   32|          0|
    |ap_CS_fsm                          |   1|   0|    1|          0|
    |ap_done_reg                        |   1|   0|    1|          0|
    |ap_enable_reg_pp0_iter1            |   1|   0|    1|          0|
    |ap_enable_reg_pp0_iter10           |   1|   0|    1|          0|
    |ap_enable_reg_pp0_iter11           |   1|   0|    1|          0|
    |ap_enable_reg_pp0_iter12           |   1|   0|    1|          0|
    |ap_enable_reg_pp0_iter13           |   1|   0|    1|          0|
    |ap_enable_reg_pp0_iter14           |   1|   0|    1|          0|
    |ap_enable_reg_pp0_iter15           |   1|   0|    1|          0|
    |ap_enable_reg_pp0_iter16           |   1|   0|    1|          0|
    |ap_enable_reg_pp0_iter17           |   1|   0|    1|          0|
    |ap_enable_reg_pp0_iter18           |   1|   0|    1|          0|
    |ap_enable_reg_pp0_iter19           |   1|   0|    1|          0|
    |ap_enable_reg_pp0_iter2            |   1|   0|    1|          0|
    |ap_enable_reg_pp0_iter20           |   1|   0|    1|          0|
    |ap_enable_reg_pp0_iter21           |   1|   0|    1|          0|
    |ap_enable_reg_pp0_iter22           |   1|   0|    1|          0|
    |ap_enable_reg_pp0_iter23           |   1|   0|    1|          0|
    |ap_enable_reg_pp0_iter24           |   1|   0|    1|          0|
    |ap_enable_reg_pp0_iter25           |   1|   0|    1|          0|
    |ap_enable_reg_pp0_iter26           |   1|   0|    1|          0|
    |ap_enable_reg_pp0_iter27           |   1|   0|    1|          0|
    |ap_enable_reg_pp0_iter3            |   1|   0|    1|          0|
    |ap_enable_reg_pp0_iter4            |   1|   0|    1|          0|
    |ap_enable_reg_pp0_iter5            |   1|   0|    1|          0|
    |ap_enable_reg_pp0_iter6            |   1|   0|    1|          0|
    |ap_enable_reg_pp0_iter7            |   1|   0|    1|          0|
    |ap_enable_reg_pp0_iter8            |   1|   0|    1|          0|
    |ap_enable_reg_pp0_iter9            |   1|   0|    1|          0|
    |ap_loop_exit_ready_pp0_iter10_reg  |   1|   0|    1|          0|
    |ap_loop_exit_ready_pp0_iter11_reg  |   1|   0|    1|          0|
    |ap_loop_exit_ready_pp0_iter12_reg  |   1|   0|    1|          0|
    |ap_loop_exit_ready_pp0_iter13_reg  |   1|   0|    1|          0|
    |ap_loop_exit_ready_pp0_iter14_reg  |   1|   0|    1|          0|
    |ap_loop_exit_ready_pp0_iter15_reg  |   1|   0|    1|          0|
    |ap_loop_exit_ready_pp0_iter16_reg  |   1|   0|    1|          0|
    |ap_loop_exit_ready_pp0_iter17_reg  |   1|   0|    1|          0|
    |ap_loop_exit_ready_pp0_iter18_reg  |   1|   0|    1|          0|
    |ap_loop_exit_ready_pp0_iter19_reg  |   1|   0|    1|          0|
    |ap_loop_exit_ready_pp0_iter1_reg   |   1|   0|    1|          0|
    |ap_loop_exit_ready_pp0_iter20_reg  |   1|   0|    1|          0|
    |ap_loop_exit_ready_pp0_iter21_reg  |   1|   0|    1|          0|
    |ap_loop_exit_ready_pp0_iter22_reg  |   1|   0|    1|          0|
    |ap_loop_exit_ready_pp0_iter23_reg  |   1|   0|    1|          0|
    |ap_loop_exit_ready_pp0_iter24_reg  |   1|   0|    1|          0|
    |ap_loop_exit_ready_pp0_iter25_reg  |   1|   0|    1|          0|
    |ap_loop_exit_ready_pp0_iter26_reg  |   1|   0|    1|          0|
    |ap_loop_exit_ready_pp0_iter2_reg   |   1|   0|    1|          0|
    |ap_loop_exit_ready_pp0_iter3_reg   |   1|   0|    1|          0|
    |ap_loop_exit_ready_pp0_iter4_reg   |   1|   0|    1|          0|
    |ap_loop_exit_ready_pp0_iter5_reg   |   1|   0|    1|          0|
    |ap_loop_exit_ready_pp0_iter6_reg   |   1|   0|    1|          0|
    |ap_loop_exit_ready_pp0_iter7_reg   |   1|   0|    1|          0|
    |ap_loop_exit_ready_pp0_iter8_reg   |   1|   0|    1|          0|
    |ap_loop_exit_ready_pp0_iter9_reg   |   1|   0|    1|          0|
    |i_4_reg_844                        |   3|   0|    3|          0|
    |i_fu_128                           |   3|   0|    3|          0|
    |icmp_ln58_reg_853                  |   1|   0|    1|          0|
    |mul_i_1_reg_877                    |  32|   0|   32|          0|
    |mul_i_2_reg_892                    |  32|   0|   32|          0|
    |mul_i_3_reg_907                    |  32|   0|   32|          0|
    |mul_i_4_reg_922                    |  32|   0|   32|          0|
    |mul_i_5_reg_937                    |  32|   0|   32|          0|
    |mul_i_reg_862                      |  32|   0|   32|          0|
    |tmp_1_reg_867                      |  32|   0|   32|          0|
    |tmp_2_reg_882                      |  32|   0|   32|          0|
    |tmp_3_reg_897                      |  32|   0|   32|          0|
    |tmp_4_reg_912                      |  32|   0|   32|          0|
    |tmp_5_reg_927                      |  32|   0|   32|          0|
    |tmp_reg_857                        |  32|   0|   32|          0|
    |xp_1_fu_136                        |  32|   0|   32|          0|
    |xp_2_fu_140                        |  32|   0|   32|          0|
    |xp_3_fu_144                        |  32|   0|   32|          0|
    |xp_4_fu_148                        |  32|   0|   32|          0|
    |xp_5_fu_152                        |  32|   0|   32|          0|
    |xp_fu_132                          |  32|   0|   32|          0|
    |i_4_reg_844                        |  64|  32|    3|          0|
    |icmp_ln58_reg_853                  |  64|  32|    1|          0|
    +-----------------------------------+----+----+-----+-----------+
    |Total                              | 926|  64|  802|          0|
    +-----------------------------------+----+----+-----+-----------+



================================================================
== Interface
================================================================
* Summary: 
+-----------------------+-----+-----+------------+------------------------------------+--------------+
|       RTL Ports       | Dir | Bits|  Protocol  |            Source Object           |    C Type    |
+-----------------------+-----+-----+------------+------------------------------------+--------------+
|ap_clk                 |   in|    1|  ap_ctrl_hs|  ekf_batch_Pipeline_VITIS_LOOP_58_1|  return value|
|ap_rst                 |   in|    1|  ap_ctrl_hs|  ekf_batch_Pipeline_VITIS_LOOP_58_1|  return value|
|ap_start               |   in|    1|  ap_ctrl_hs|  ekf_batch_Pipeline_VITIS_LOOP_58_1|  return value|
|ap_done                |  out|    1|  ap_ctrl_hs|  ekf_batch_Pipeline_VITIS_LOOP_58_1|  return value|
|ap_idle                |  out|    1|  ap_ctrl_hs|  ekf_batch_Pipeline_VITIS_LOOP_58_1|  return value|
|ap_ready               |  out|    1|  ap_ctrl_hs|  ekf_batch_Pipeline_VITIS_LOOP_58_1|  return value|
|grp_fu_19343_p_din0    |  out|   32|  ap_ctrl_hs|  ekf_batch_Pipeline_VITIS_LOOP_58_1|  return value|
|grp_fu_19343_p_din1    |  out|   32|  ap_ctrl_hs|  ekf_batch_Pipeline_VITIS_LOOP_58_1|  return value|
|grp_fu_19343_p_opcode  |  out|    1|  ap_ctrl_hs|  ekf_batch_Pipeline_VITIS_LOOP_58_1|  return value|
|grp_fu_19343_p_dout0   |   in|   32|  ap_ctrl_hs|  ekf_batch_Pipeline_VITIS_LOOP_58_1|  return value|
|grp_fu_19343_p_ce      |  out|    1|  ap_ctrl_hs|  ekf_batch_Pipeline_VITIS_LOOP_58_1|  return value|
|grp_fu_19347_p_din0    |  out|   32|  ap_ctrl_hs|  ekf_batch_Pipeline_VITIS_LOOP_58_1|  return value|
|grp_fu_19347_p_din1    |  out|   32|  ap_ctrl_hs|  ekf_batch_Pipeline_VITIS_LOOP_58_1|  return value|
|grp_fu_19347_p_dout0   |   in|   32|  ap_ctrl_hs|  ekf_batch_Pipeline_VITIS_LOOP_58_1|  return value|
|grp_fu_19347_p_ce      |  out|    1|  ap_ctrl_hs|  ekf_batch_Pipeline_VITIS_LOOP_58_1|  return value|
|F_reload               |   in|   32|     ap_none|                            F_reload|        scalar|
|F_5_reload             |   in|   32|     ap_none|                          F_5_reload|        scalar|
|F_10_reload            |   in|   32|     ap_none|                         F_10_reload|        scalar|
|F_15_reload            |   in|   32|     ap_none|                         F_15_reload|        scalar|
|F_21_reload            |   in|   32|     ap_none|                         F_21_reload|        scalar|
|F_27_reload            |   in|   32|     ap_none|                         F_27_reload|        scalar|
|x_reload               |   in|   32|     ap_none|                            x_reload|        scalar|
|F_1_reload             |   in|   32|     ap_none|                          F_1_reload|        scalar|
|F_6_reload             |   in|   32|     ap_none|                          F_6_reload|        scalar|
|F_11_reload            |   in|   32|     ap_none|                         F_11_reload|        scalar|
|F_16_reload            |   in|   32|     ap_none|                         F_16_reload|        scalar|
|F_22_reload            |   in|   32|     ap_none|                         F_22_reload|        scalar|
|F_28_reload            |   in|   32|     ap_none|                         F_28_reload|        scalar|
|x_1_reload             |   in|   32|     ap_none|                          x_1_reload|        scalar|
|F_2_reload             |   in|   32|     ap_none|                          F_2_reload|        scalar|
|F_7_reload             |   in|   32|     ap_none|                          F_7_reload|        scalar|
|F_12_reload            |   in|   32|     ap_none|                         F_12_reload|        scalar|
|F_17_reload            |   in|   32|     ap_none|                         F_17_reload|        scalar|
|F_23_reload            |   in|   32|     ap_none|                         F_23_reload|        scalar|
|F_29_reload            |   in|   32|     ap_none|                         F_29_reload|        scalar|
|x_2_reload             |   in|   32|     ap_none|                          x_2_reload|        scalar|
|F_8_reload             |   in|   32|     ap_none|                          F_8_reload|        scalar|
|F_13_reload            |   in|   32|     ap_none|                         F_13_reload|        scalar|
|F_18_reload            |   in|   32|     ap_none|                         F_18_reload|        scalar|
|F_24_reload            |   in|   32|     ap_none|                         F_24_reload|        scalar|
|F_30_reload            |   in|   32|     ap_none|                         F_30_reload|        scalar|
|x_3_reload             |   in|   32|     ap_none|                          x_3_reload|        scalar|
|F_3_reload             |   in|   32|     ap_none|                          F_3_reload|        scalar|
|F_14_reload            |   in|   32|     ap_none|                         F_14_reload|        scalar|
|F_19_reload            |   in|   32|     ap_none|                         F_19_reload|        scalar|
|F_25_reload            |   in|   32|     ap_none|                         F_25_reload|        scalar|
|F_31_reload            |   in|   32|     ap_none|                         F_31_reload|        scalar|
|x_4_reload             |   in|   32|     ap_none|                          x_4_reload|        scalar|
|F_4_reload             |   in|   32|     ap_none|                          F_4_reload|        scalar|
|F_9_reload             |   in|   32|     ap_none|                          F_9_reload|        scalar|
|F_20_reload            |   in|   32|     ap_none|                         F_20_reload|        scalar|
|F_26_reload            |   in|   32|     ap_none|                         F_26_reload|        scalar|
|F_32_reload            |   in|   32|     ap_none|                         F_32_reload|        scalar|
|x_5_reload             |   in|   32|     ap_none|                          x_5_reload|        scalar|
|xp_5_out               |  out|   32|      ap_vld|                            xp_5_out|       pointer|
|xp_5_out_ap_vld        |  out|    1|      ap_vld|                            xp_5_out|       pointer|
|xp_4_out               |  out|   32|      ap_vld|                            xp_4_out|       pointer|
|xp_4_out_ap_vld        |  out|    1|      ap_vld|                            xp_4_out|       pointer|
|xp_3_out               |  out|   32|      ap_vld|                            xp_3_out|       pointer|
|xp_3_out_ap_vld        |  out|    1|      ap_vld|                            xp_3_out|       pointer|
|xp_2_out               |  out|   32|      ap_vld|                            xp_2_out|       pointer|
|xp_2_out_ap_vld        |  out|    1|      ap_vld|                            xp_2_out|       pointer|
|xp_1_out               |  out|   32|      ap_vld|                            xp_1_out|       pointer|
|xp_1_out_ap_vld        |  out|    1|      ap_vld|                            xp_1_out|       pointer|
|xp_out                 |  out|   32|      ap_vld|                              xp_out|       pointer|
|xp_out_ap_vld          |  out|    1|      ap_vld|                              xp_out|       pointer|
+-----------------------+-----+-----+------------+------------------------------------+--------------+

