

================================================================
== Vitis HLS Report for 'ekf_batch_Pipeline_VITIS_LOOP_73_4_VITIS_LOOP_74_5'
================================================================
* Date:           Thu Sep  3 12:11:36 2026

* Version:        2023.1 (Build 3854077 on May  4 2023)
* Project:        EKF
* Solution:       solution1 (Vivado IP Flow Target)
* Product family: zynquplus
* Target device:  xczu9eg-ffvb1156-2-e


================================================================
== Performance Estimates
================================================================
+ Timing: 
    * Summary: 
    +--------+----------+----------+------------+
    |  Clock |  Target  | Estimated| Uncertainty|
    +--------+----------+----------+------------+
    |ap_clk  |  10.00 ns|  6.864 ns|     2.70 ns|
    +--------+----------+----------+------------+

+ Latency: 
    * Summary: 
    +---------+---------+----------+----------+-----+-----+---------+
    |  Latency (cycles) |  Latency (absolute) |  Interval | Pipeline|
    |   min   |   max   |    min   |    max   | min | max |   Type  |
    +---------+---------+----------+----------+-----+-----+---------+
    |       41|       41|  0.410 us|  0.410 us|   41|   41|       no|
    +---------+---------+----------+----------+-----+-----+---------+

    + Detail: 
        * Instance: 
        N/A

        * Loop: 
        +-----------------------------------+---------+---------+----------+-----------+-----------+------+----------+
        |                                   |  Latency (cycles) | Iteration|  Initiation Interval  | Trip |          |
        |             Loop Name             |   min   |   max   |  Latency |  achieved |   target  | Count| Pipelined|
        +-----------------------------------+---------+---------+----------+-----------+-----------+------+----------+
        |- VITIS_LOOP_73_4_VITIS_LOOP_74_5  |       39|       39|         5|          1|          1|    36|       yes|
        +-----------------------------------+---------+---------+----------+-----------+-----------+------+----------+



================================================================
== Utilization Estimates
================================================================
* Summary: 
+-----------------+---------+------+--------+--------+-----+
|       Name      | BRAM_18K|  DSP |   FF   |   LUT  | URAM|
+-----------------+---------+------+--------+--------+-----+
|DSP              |        -|     -|       -|       -|    -|
|Expression       |        -|     -|       0|     136|    -|
|FIFO             |        -|     -|       -|       -|    -|
|Instance         |        -|     -|       0|     434|    -|
|Memory           |        -|     -|       -|       -|    -|
|Multiplexer      |        -|     -|       -|     396|    -|
|Register         |        -|     -|    1436|      96|    -|
+-----------------+---------+------+--------+--------+-----+
|Total            |        0|     0|    1436|    1062|    0|
+-----------------+---------+------+--------+--------+-----+
|Available        |     1824|  2520|  548160|  274080|    0|
+-----------------+---------+------+--------+--------+-----+
|Utilization (%)  |        0|     0|      ~0|      ~0|    0|
+-----------------+---------+------+--------+--------+-----+

+ Detail: 
    * Instance: 
    +---------------------+----------------+---------+----+---+----+-----+
    |       Instance      |     Module     | BRAM_18K| DSP| FF| LUT| URAM|
    +---------------------+----------------+---------+----+---+----+-----+
    |mux_6_3_32_1_1_U549  |mux_6_3_32_1_1  |        0|   0|  0|  31|    0|
    |mux_6_3_32_1_1_U550  |mux_6_3_32_1_1  |        0|   0|  0|  31|    0|
    |mux_6_3_32_1_1_U551  |mux_6_3_32_1_1  |        0|   0|  0|  31|    0|
    |mux_6_3_32_1_1_U552  |mux_6_3_32_1_1  |        0|   0|  0|  31|    0|
    |mux_6_3_32_1_1_U553  |mux_6_3_32_1_1  |        0|   0|  0|  31|    0|
    |mux_6_3_32_1_1_U554  |mux_6_3_32_1_1  |        0|   0|  0|  31|    0|
    |mux_6_3_32_1_1_U555  |mux_6_3_32_1_1  |        0|   0|  0|  31|    0|
    |mux_6_3_32_1_1_U556  |mux_6_3_32_1_1  |        0|   0|  0|  31|    0|
    |mux_6_3_32_1_1_U557  |mux_6_3_32_1_1  |        0|   0|  0|  31|    0|
    |mux_6_3_32_1_1_U558  |mux_6_3_32_1_1  |        0|   0|  0|  31|    0|
    |mux_6_3_32_1_1_U559  |mux_6_3_32_1_1  |        0|   0|  0|  31|    0|
    |mux_6_3_32_1_1_U560  |mux_6_3_32_1_1  |        0|   0|  0|  31|    0|
    |mux_6_3_32_1_1_U561  |mux_6_3_32_1_1  |        0|   0|  0|  31|    0|
    |mux_6_3_32_1_1_U562  |mux_6_3_32_1_1  |        0|   0|  0|  31|    0|
    +---------------------+----------------+---------+----+---+----+-----+
    |Total                |                |        0|   0|  0| 434|    0|
    +---------------------+----------------+---------+----+---+----+-----+

    * DSP: 
    N/A

    * Memory: 
    N/A

    * FIFO: 
    N/A

    * Expression: 
    +-------------------------+----------+----+---+----+------------+------------+
    |      Variable Name      | Operation| DSP| FF| LUT| Bitwidth P0| Bitwidth P1|
    +-------------------------+----------+----+---+----+------------+------------+
    |add_ln73_1_fu_1432_p2    |         +|   0|  0|  10|           3|           1|
    |add_ln73_fu_1406_p2      |         +|   0|  0|  13|           6|           1|
    |add_ln74_fu_1698_p2      |         +|   0|  0|  10|           3|           1|
    |ap_condition_1064        |       and|   0|  0|   2|           1|           1|
    |ap_condition_1067        |       and|   0|  0|   2|           1|           1|
    |ap_condition_1074        |       and|   0|  0|   2|           1|           1|
    |ap_condition_1077        |       and|   0|  0|   2|           1|           1|
    |ap_condition_1080        |       and|   0|  0|   2|           1|           1|
    |ap_condition_1083        |       and|   0|  0|   2|           1|           1|
    |ap_condition_1086        |       and|   0|  0|   2|           1|           1|
    |ap_condition_1089        |       and|   0|  0|   2|           1|           1|
    |ap_condition_1092        |       and|   0|  0|   2|           1|           1|
    |ap_condition_1095        |       and|   0|  0|   2|           1|           1|
    |ap_condition_1101        |       and|   0|  0|   2|           1|           1|
    |ap_condition_1104        |       and|   0|  0|   2|           1|           1|
    |ap_condition_1107        |       and|   0|  0|   2|           1|           1|
    |ap_condition_1110        |       and|   0|  0|   2|           1|           1|
    |ap_condition_1113        |       and|   0|  0|   2|           1|           1|
    |ap_condition_1116        |       and|   0|  0|   2|           1|           1|
    |ap_condition_1119        |       and|   0|  0|   2|           1|           1|
    |ap_condition_1122        |       and|   0|  0|   2|           1|           1|
    |ap_condition_1125        |       and|   0|  0|   2|           1|           1|
    |ap_condition_1128        |       and|   0|  0|   2|           1|           1|
    |ap_condition_1131        |       and|   0|  0|   2|           1|           1|
    |ap_condition_1134        |       and|   0|  0|   2|           1|           1|
    |ap_condition_1137        |       and|   0|  0|   2|           1|           1|
    |ap_condition_1140        |       and|   0|  0|   2|           1|           1|
    |ap_condition_1143        |       and|   0|  0|   2|           1|           1|
    |ap_condition_1146        |       and|   0|  0|   2|           1|           1|
    |ap_condition_1149        |       and|   0|  0|   2|           1|           1|
    |ap_condition_1152        |       and|   0|  0|   2|           1|           1|
    |ap_condition_1155        |       and|   0|  0|   2|           1|           1|
    |ap_condition_1158        |       and|   0|  0|   2|           1|           1|
    |ap_condition_1161        |       and|   0|  0|   2|           1|           1|
    |ap_condition_1164        |       and|   0|  0|   2|           1|           1|
    |ap_condition_1167        |       and|   0|  0|   2|           1|           1|
    |ap_condition_1170        |       and|   0|  0|   2|           1|           1|
    |ap_condition_1173        |       and|   0|  0|   2|           1|           1|
    |ap_condition_1180        |       and|   0|  0|   2|           1|           1|
    |icmp_ln73_fu_1400_p2     |      icmp|   0|  0|  13|           6|           6|
    |icmp_ln74_fu_1418_p2     |      icmp|   0|  0|  10|           3|           3|
    |select_ln154_fu_1424_p3  |    select|   0|  0|   3|           1|           1|
    |select_ln73_fu_1438_p3   |    select|   0|  0|   3|           1|           3|
    |ap_enable_pp0            |       xor|   0|  0|   2|           1|           2|
    +-------------------------+----------+----+---+----+------------+------------+
    |Total                    |          |   0|  0| 136|          60|          54|
    +-------------------------+----------+----+---+----+------------+------------+

    * Multiplexer: 
    +----------------------------------------+----+-----------+-----+-----------+
    |                  Name                  | LUT| Input Size| Bits| Total Bits|
    +----------------------------------------+----+-----------+-----+-----------+
    |P_10_fu_338                             |   9|          2|   32|         64|
    |P_11_fu_342                             |   9|          2|   32|         64|
    |P_12_fu_346                             |   9|          2|   32|         64|
    |P_13_fu_350                             |   9|          2|   32|         64|
    |P_14_fu_354                             |   9|          2|   32|         64|
    |P_15_fu_358                             |   9|          2|   32|         64|
    |P_16_fu_362                             |   9|          2|   32|         64|
    |P_17_fu_366                             |   9|          2|   32|         64|
    |P_18_fu_370                             |   9|          2|   32|         64|
    |P_19_fu_374                             |   9|          2|   32|         64|
    |P_1_fu_302                              |   9|          2|   32|         64|
    |P_20_fu_378                             |   9|          2|   32|         64|
    |P_21_fu_382                             |   9|          2|   32|         64|
    |P_22_fu_386                             |   9|          2|   32|         64|
    |P_23_fu_390                             |   9|          2|   32|         64|
    |P_24_fu_394                             |   9|          2|   32|         64|
    |P_25_fu_398                             |   9|          2|   32|         64|
    |P_26_fu_402                             |   9|          2|   32|         64|
    |P_27_fu_406                             |   9|          2|   32|         64|
    |P_28_fu_410                             |   9|          2|   32|         64|
    |P_29_fu_414                             |   9|          2|   32|         64|
    |P_2_fu_306                              |   9|          2|   32|         64|
    |P_30_fu_418                             |   9|          2|   32|         64|
    |P_31_fu_422                             |   9|          2|   32|         64|
    |P_32_fu_426                             |   9|          2|   32|         64|
    |P_33_fu_430                             |   9|          2|   32|         64|
    |P_34_fu_434                             |   9|          2|   32|         64|
    |P_35_fu_438                             |   9|          2|   32|         64|
    |P_3_fu_310                              |   9|          2|   32|         64|
    |P_4_fu_314                              |   9|          2|   32|         64|
    |P_5_fu_318                              |   9|          2|   32|         64|
    |P_6_fu_322                              |   9|          2|   32|         64|
    |P_7_fu_326                              |   9|          2|   32|         64|
    |P_8_fu_330                              |   9|          2|   32|         64|
    |P_9_fu_334                              |   9|          2|   32|         64|
    |P_fu_298                                |   9|          2|   32|         64|
    |ap_done_int                             |   9|          2|    1|          2|
    |ap_enable_reg_pp0_iter1                 |   9|          2|    1|          2|
    |ap_sig_allocacmp_i_load                 |   9|          2|    3|          6|
    |ap_sig_allocacmp_indvar_flatten27_load  |   9|          2|    6|         12|
    |ap_sig_allocacmp_j_load                 |   9|          2|    3|          6|
    |i_fu_290                                |   9|          2|    3|          6|
    |indvar_flatten27_fu_294                 |   9|          2|    6|         12|
    |j_fu_286                                |   9|          2|    3|          6|
    +----------------------------------------+----+-----------+-----+-----------+
    |Total                                   | 396|         88| 1178|       2356|
    +----------------------------------------+----+-----------+-----+-----------+

    * Register: 
    +----------------------------------+----+----+-----+-----------+
    |               Name               | FF | LUT| Bits| Const Bits|
    +----------------------------------+----+----+-----+-----------+
    |P_10_fu_338                       |  32|   0|   32|          0|
    |P_11_fu_342                       |  32|   0|   32|          0|
    |P_12_fu_346                       |  32|   0|   32|          0|
    |P_13_fu_350                       |  32|   0|   32|          0|
    |P_14_fu_354                       |  32|   0|   32|          0|
    |P_15_fu_358                       |  32|   0|   32|          0|
    |P_16_fu_362                       |  32|   0|   32|          0|
    |P_17_fu_366                       |  32|   0|   32|          0|
    |P_18_fu_370                       |  32|   0|   32|          0|
    |P_19_fu_374                       |  32|   0|   32|          0|
    |P_1_fu_302                        |  32|   0|   32|          0|
    |P_20_fu_378                       |  32|   0|   32|          0|
    |P_21_fu_382                       |  32|   0|   32|          0|
    |P_22_fu_386                       |  32|   0|   32|          0|
    |P_23_fu_390                       |  32|   0|   32|          0|
    |P_24_fu_394                       |  32|   0|   32|          0|
    |P_25_fu_398                       |  32|   0|   32|          0|
    |P_26_fu_402                       |  32|   0|   32|          0|
    |P_27_fu_406                       |  32|   0|   32|          0|
    |P_28_fu_410                       |  32|   0|   32|          0|
    |P_29_fu_414                       |  32|   0|   32|          0|
    |P_2_fu_306                        |  32|   0|   32|          0|
    |P_30_fu_418                       |  32|   0|   32|          0|
    |P_31_fu_422                       |  32|   0|   32|          0|
    |P_32_fu_426                       |  32|   0|   32|          0|
    |P_33_fu_430                       |  32|   0|   32|          0|
    |P_34_fu_434                       |  32|   0|   32|          0|
    |P_35_fu_438                       |  32|   0|   32|          0|
    |P_3_fu_310                        |  32|   0|   32|          0|
    |P_4_fu_314                        |  32|   0|   32|          0|
    |P_5_fu_318                        |  32|   0|   32|          0|
    |P_6_fu_322                        |  32|   0|   32|          0|
    |P_7_fu_326                        |  32|   0|   32|          0|
    |P_8_fu_330                        |  32|   0|   32|          0|
    |P_9_fu_334                        |  32|   0|   32|          0|
    |P_fu_298                          |  32|   0|   32|          0|
    |ap_CS_fsm                         |   1|   0|    1|          0|
    |ap_done_reg                       |   1|   0|    1|          0|
    |ap_enable_reg_pp0_iter1           |   1|   0|    1|          0|
    |ap_enable_reg_pp0_iter2           |   1|   0|    1|          0|
    |ap_enable_reg_pp0_iter3           |   1|   0|    1|          0|
    |ap_enable_reg_pp0_iter4           |   1|   0|    1|          0|
    |ap_loop_exit_ready_pp0_iter1_reg  |   1|   0|    1|          0|
    |ap_loop_exit_ready_pp0_iter2_reg  |   1|   0|    1|          0|
    |ap_loop_exit_ready_pp0_iter3_reg  |   1|   0|    1|          0|
    |i_fu_290                          |   3|   0|    3|          0|
    |icmp_ln73_reg_2316                |   1|   0|    1|          0|
    |indvar_flatten27_fu_294           |   6|   0|    6|          0|
    |j_fu_286                          |   3|   0|    3|          0|
    |select_ln154_reg_2320             |   3|   0|    3|          0|
    |select_ln73_reg_2324              |   3|   0|    3|          0|
    |tmp_12_reg_2328                   |  32|   0|   32|          0|
    |tmp_19_reg_2333                   |  32|   0|   32|          0|
    |icmp_ln73_reg_2316                |  64|  32|    1|          0|
    |select_ln154_reg_2320             |  64|  32|    3|          0|
    |select_ln73_reg_2324              |  64|  32|    3|          0|
    +----------------------------------+----+----+-----+-----------+
    |Total                             |1436|  96| 1251|          0|
    +----------------------------------+----+----+-----+-----------+



================================================================
== Interface
================================================================
* Summary: 
+---------------------------+-----+-----+------------+----------------------------------------------------+--------------+
|         RTL Ports         | Dir | Bits|  Protocol  |                    Source Object                   |    C Type    |
+---------------------------+-----+-----+------------+----------------------------------------------------+--------------+
|ap_clk                     |   in|    1|  ap_ctrl_hs|  ekf_batch_Pipeline_VITIS_LOOP_73_4_VITIS_LOOP_74_5|  return value|
|ap_rst                     |   in|    1|  ap_ctrl_hs|  ekf_batch_Pipeline_VITIS_LOOP_73_4_VITIS_LOOP_74_5|  return value|
|ap_start                   |   in|    1|  ap_ctrl_hs|  ekf_batch_Pipeline_VITIS_LOOP_73_4_VITIS_LOOP_74_5|  return value|
|ap_done                    |  out|    1|  ap_ctrl_hs|  ekf_batch_Pipeline_VITIS_LOOP_73_4_VITIS_LOOP_74_5|  return value|
|ap_idle                    |  out|    1|  ap_ctrl_hs|  ekf_batch_Pipeline_VITIS_LOOP_73_4_VITIS_LOOP_74_5|  return value|
|ap_ready                   |  out|    1|  ap_ctrl_hs|  ekf_batch_Pipeline_VITIS_LOOP_73_4_VITIS_LOOP_74_5|  return value|
|grp_fu_12431_p_din0        |  out|   32|  ap_ctrl_hs|  ekf_batch_Pipeline_VITIS_LOOP_73_4_VITIS_LOOP_74_5|  return value|
|grp_fu_12431_p_din1        |  out|   32|  ap_ctrl_hs|  ekf_batch_Pipeline_VITIS_LOOP_73_4_VITIS_LOOP_74_5|  return value|
|grp_fu_12431_p_opcode      |  out|    2|  ap_ctrl_hs|  ekf_batch_Pipeline_VITIS_LOOP_73_4_VITIS_LOOP_74_5|  return value|
|grp_fu_12431_p_dout0       |   in|   32|  ap_ctrl_hs|  ekf_batch_Pipeline_VITIS_LOOP_73_4_VITIS_LOOP_74_5|  return value|
|grp_fu_12431_p_ce          |  out|    1|  ap_ctrl_hs|  ekf_batch_Pipeline_VITIS_LOOP_73_4_VITIS_LOOP_74_5|  return value|
|P_35_reload                |   in|   32|     ap_none|                                         P_35_reload|        scalar|
|P_34_reload                |   in|   32|     ap_none|                                         P_34_reload|        scalar|
|P_33_reload                |   in|   32|     ap_none|                                         P_33_reload|        scalar|
|P_32_reload                |   in|   32|     ap_none|                                         P_32_reload|        scalar|
|P_31_reload                |   in|   32|     ap_none|                                         P_31_reload|        scalar|
|P_30_reload                |   in|   32|     ap_none|                                         P_30_reload|        scalar|
|P_29_reload                |   in|   32|     ap_none|                                         P_29_reload|        scalar|
|P_28_reload                |   in|   32|     ap_none|                                         P_28_reload|        scalar|
|P_27_reload                |   in|   32|     ap_none|                                         P_27_reload|        scalar|
|P_26_reload                |   in|   32|     ap_none|                                         P_26_reload|        scalar|
|P_25_reload                |   in|   32|     ap_none|                                         P_25_reload|        scalar|
|P_24_reload                |   in|   32|     ap_none|                                         P_24_reload|        scalar|
|P_23_reload                |   in|   32|     ap_none|                                         P_23_reload|        scalar|
|P_22_reload                |   in|   32|     ap_none|                                         P_22_reload|        scalar|
|P_21_reload                |   in|   32|     ap_none|                                         P_21_reload|        scalar|
|P_20_reload                |   in|   32|     ap_none|                                         P_20_reload|        scalar|
|P_19_reload                |   in|   32|     ap_none|                                         P_19_reload|        scalar|
|P_18_reload                |   in|   32|     ap_none|                                         P_18_reload|        scalar|
|P_17_reload                |   in|   32|     ap_none|                                         P_17_reload|        scalar|
|P_16_reload                |   in|   32|     ap_none|                                         P_16_reload|        scalar|
|P_15_reload                |   in|   32|     ap_none|                                         P_15_reload|        scalar|
|P_14_reload                |   in|   32|     ap_none|                                         P_14_reload|        scalar|
|P_13_reload                |   in|   32|     ap_none|                                         P_13_reload|        scalar|
|P_12_reload                |   in|   32|     ap_none|                                         P_12_reload|        scalar|
|P_11_reload                |   in|   32|     ap_none|                                         P_11_reload|        scalar|
|P_10_reload                |   in|   32|     ap_none|                                         P_10_reload|        scalar|
|P_9_reload                 |   in|   32|     ap_none|                                          P_9_reload|        scalar|
|P_8_reload                 |   in|   32|     ap_none|                                          P_8_reload|        scalar|
|P_7_reload                 |   in|   32|     ap_none|                                          P_7_reload|        scalar|
|P_6_reload                 |   in|   32|     ap_none|                                          P_6_reload|        scalar|
|P_5_reload                 |   in|   32|     ap_none|                                          P_5_reload|        scalar|
|P_4_reload                 |   in|   32|     ap_none|                                          P_4_reload|        scalar|
|P_3_reload                 |   in|   32|     ap_none|                                          P_3_reload|        scalar|
|P_2_reload                 |   in|   32|     ap_none|                                          P_2_reload|        scalar|
|P_1_reload                 |   in|   32|     ap_none|                                          P_1_reload|        scalar|
|P_reload                   |   in|   32|     ap_none|                                            P_reload|        scalar|
|mux_case_010992786_reload  |   in|   32|     ap_none|                           mux_case_010992786_reload|        scalar|
|mux_case_111012792_reload  |   in|   32|     ap_none|                           mux_case_111012792_reload|        scalar|
|mux_case_211032798_reload  |   in|   32|     ap_none|                           mux_case_211032798_reload|        scalar|
|mux_case_311052804_reload  |   in|   32|     ap_none|                           mux_case_311052804_reload|        scalar|
|mux_case_411072810_reload  |   in|   32|     ap_none|                           mux_case_411072810_reload|        scalar|
|mux_case_511092816_reload  |   in|   32|     ap_none|                           mux_case_511092816_reload|        scalar|
|mux_case_011122823_reload  |   in|   32|     ap_none|                           mux_case_011122823_reload|        scalar|
|mux_case_111142829_reload  |   in|   32|     ap_none|                           mux_case_111142829_reload|        scalar|
|mux_case_211162835_reload  |   in|   32|     ap_none|                           mux_case_211162835_reload|        scalar|
|mux_case_311182841_reload  |   in|   32|     ap_none|                           mux_case_311182841_reload|        scalar|
|mux_case_411202847_reload  |   in|   32|     ap_none|                           mux_case_411202847_reload|        scalar|
|mux_case_511222853_reload  |   in|   32|     ap_none|                           mux_case_511222853_reload|        scalar|
|mux_case_011252859_reload  |   in|   32|     ap_none|                           mux_case_011252859_reload|        scalar|
|mux_case_111272865_reload  |   in|   32|     ap_none|                           mux_case_111272865_reload|        scalar|
|mux_case_211292871_reload  |   in|   32|     ap_none|                           mux_case_211292871_reload|        scalar|
|mux_case_311312877_reload  |   in|   32|     ap_none|                           mux_case_311312877_reload|        scalar|
|mux_case_411332883_reload  |   in|   32|     ap_none|                           mux_case_411332883_reload|        scalar|
|mux_case_511352889_reload  |   in|   32|     ap_none|                           mux_case_511352889_reload|        scalar|
|mux_case_011382895_reload  |   in|   32|     ap_none|                           mux_case_011382895_reload|        scalar|
|mux_case_111402901_reload  |   in|   32|     ap_none|                           mux_case_111402901_reload|        scalar|
|mux_case_211422907_reload  |   in|   32|     ap_none|                           mux_case_211422907_reload|        scalar|
|mux_case_311442913_reload  |   in|   32|     ap_none|                           mux_case_311442913_reload|        scalar|
|mux_case_411462919_reload  |   in|   32|     ap_none|                           mux_case_411462919_reload|        scalar|
|mux_case_511482925_reload  |   in|   32|     ap_none|                           mux_case_511482925_reload|        scalar|
|mux_case_011512931_reload  |   in|   32|     ap_none|                           mux_case_011512931_reload|        scalar|
|mux_case_111532937_reload  |   in|   32|     ap_none|                           mux_case_111532937_reload|        scalar|
|mux_case_211552943_reload  |   in|   32|     ap_none|                           mux_case_211552943_reload|        scalar|
|mux_case_311572949_reload  |   in|   32|     ap_none|                           mux_case_311572949_reload|        scalar|
|mux_case_411592955_reload  |   in|   32|     ap_none|                           mux_case_411592955_reload|        scalar|
|mux_case_511612961_reload  |   in|   32|     ap_none|                           mux_case_511612961_reload|        scalar|
|mux_case_011642967_reload  |   in|   32|     ap_none|                           mux_case_011642967_reload|        scalar|
|mux_case_111662973_reload  |   in|   32|     ap_none|                           mux_case_111662973_reload|        scalar|
|mux_case_211682979_reload  |   in|   32|     ap_none|                           mux_case_211682979_reload|        scalar|
|mux_case_311702985_reload  |   in|   32|     ap_none|                           mux_case_311702985_reload|        scalar|
|mux_case_411722991_reload  |   in|   32|     ap_none|                           mux_case_411722991_reload|        scalar|
|mux_case_511742997_reload  |   in|   32|     ap_none|                           mux_case_511742997_reload|        scalar|
|Q_reload                   |   in|   32|     ap_none|                                            Q_reload|        scalar|
|Q_1_reload                 |   in|   32|     ap_none|                                          Q_1_reload|        scalar|
|Q_2_reload                 |   in|   32|     ap_none|                                          Q_2_reload|        scalar|
|Q_3_reload                 |   in|   32|     ap_none|                                          Q_3_reload|        scalar|
|Q_4_reload                 |   in|   32|     ap_none|                                          Q_4_reload|        scalar|
|Q_5_reload                 |   in|   32|     ap_none|                                          Q_5_reload|        scalar|
|Q_6_reload                 |   in|   32|     ap_none|                                          Q_6_reload|        scalar|
|Q_7_reload                 |   in|   32|     ap_none|                                          Q_7_reload|        scalar|
|Q_8_reload                 |   in|   32|     ap_none|                                          Q_8_reload|        scalar|
|Q_9_reload                 |   in|   32|     ap_none|                                          Q_9_reload|        scalar|
|Q_10_reload                |   in|   32|     ap_none|                                         Q_10_reload|        scalar|
|Q_11_reload                |   in|   32|     ap_none|                                         Q_11_reload|        scalar|
|P_108_out                  |  out|   32|      ap_vld|                                           P_108_out|       pointer|
|P_108_out_ap_vld           |  out|    1|      ap_vld|                                           P_108_out|       pointer|
|P_107_out                  |  out|   32|      ap_vld|                                           P_107_out|       pointer|
|P_107_out_ap_vld           |  out|    1|      ap_vld|                                           P_107_out|       pointer|
|P_106_out                  |  out|   32|      ap_vld|                                           P_106_out|       pointer|
|P_106_out_ap_vld           |  out|    1|      ap_vld|                                           P_106_out|       pointer|
|P_105_out                  |  out|   32|      ap_vld|                                           P_105_out|       pointer|
|P_105_out_ap_vld           |  out|    1|      ap_vld|                                           P_105_out|       pointer|
|P_104_out                  |  out|   32|      ap_vld|                                           P_104_out|       pointer|
|P_104_out_ap_vld           |  out|    1|      ap_vld|                                           P_104_out|       pointer|
|P_103_out                  |  out|   32|      ap_vld|                                           P_103_out|       pointer|
|P_103_out_ap_vld           |  out|    1|      ap_vld|                                           P_103_out|       pointer|
|P_102_out                  |  out|   32|      ap_vld|                                           P_102_out|       pointer|
|P_102_out_ap_vld           |  out|    1|      ap_vld|                                           P_102_out|       pointer|
|P_101_out                  |  out|   32|      ap_vld|                                           P_101_out|       pointer|
|P_101_out_ap_vld           |  out|    1|      ap_vld|                                           P_101_out|       pointer|
|P_100_out                  |  out|   32|      ap_vld|                                           P_100_out|       pointer|
|P_100_out_ap_vld           |  out|    1|      ap_vld|                                           P_100_out|       pointer|
|P_99_out                   |  out|   32|      ap_vld|                                            P_99_out|       pointer|
|P_99_out_ap_vld            |  out|    1|      ap_vld|                                            P_99_out|       pointer|
|P_98_out                   |  out|   32|      ap_vld|                                            P_98_out|       pointer|
|P_98_out_ap_vld            |  out|    1|      ap_vld|                                            P_98_out|       pointer|
|P_97_out                   |  out|   32|      ap_vld|                                            P_97_out|       pointer|
|P_97_out_ap_vld            |  out|    1|      ap_vld|                                            P_97_out|       pointer|
|P_96_out                   |  out|   32|      ap_vld|                                            P_96_out|       pointer|
|P_96_out_ap_vld            |  out|    1|      ap_vld|                                            P_96_out|       pointer|
|P_95_out                   |  out|   32|      ap_vld|                                            P_95_out|       pointer|
|P_95_out_ap_vld            |  out|    1|      ap_vld|                                            P_95_out|       pointer|
|P_94_out                   |  out|   32|      ap_vld|                                            P_94_out|       pointer|
|P_94_out_ap_vld            |  out|    1|      ap_vld|                                            P_94_out|       pointer|
|P_93_out                   |  out|   32|      ap_vld|                                            P_93_out|       pointer|
|P_93_out_ap_vld            |  out|    1|      ap_vld|                                            P_93_out|       pointer|
|P_92_out                   |  out|   32|      ap_vld|                                            P_92_out|       pointer|
|P_92_out_ap_vld            |  out|    1|      ap_vld|                                            P_92_out|       pointer|
|P_91_out                   |  out|   32|      ap_vld|                                            P_91_out|       pointer|
|P_91_out_ap_vld            |  out|    1|      ap_vld|                                            P_91_out|       pointer|
|P_90_out                   |  out|   32|      ap_vld|                                            P_90_out|       pointer|
|P_90_out_ap_vld            |  out|    1|      ap_vld|                                            P_90_out|       pointer|
|P_89_out                   |  out|   32|      ap_vld|                                            P_89_out|       pointer|
|P_89_out_ap_vld            |  out|    1|      ap_vld|                                            P_89_out|       pointer|
|P_88_out                   |  out|   32|      ap_vld|                                            P_88_out|       pointer|
|P_88_out_ap_vld            |  out|    1|      ap_vld|                                            P_88_out|       pointer|
|P_87_out                   |  out|   32|      ap_vld|                                            P_87_out|       pointer|
|P_87_out_ap_vld            |  out|    1|      ap_vld|                                            P_87_out|       pointer|
|P_86_out                   |  out|   32|      ap_vld|                                            P_86_out|       pointer|
|P_86_out_ap_vld            |  out|    1|      ap_vld|                                            P_86_out|       pointer|
|P_85_out                   |  out|   32|      ap_vld|                                            P_85_out|       pointer|
|P_85_out_ap_vld            |  out|    1|      ap_vld|                                            P_85_out|       pointer|
|P_84_out                   |  out|   32|      ap_vld|                                            P_84_out|       pointer|
|P_84_out_ap_vld            |  out|    1|      ap_vld|                                            P_84_out|       pointer|
|P_83_out                   |  out|   32|      ap_vld|                                            P_83_out|       pointer|
|P_83_out_ap_vld            |  out|    1|      ap_vld|                                            P_83_out|       pointer|
|P_82_out                   |  out|   32|      ap_vld|                                            P_82_out|       pointer|
|P_82_out_ap_vld            |  out|    1|      ap_vld|                                            P_82_out|       pointer|
|P_81_out                   |  out|   32|      ap_vld|                                            P_81_out|       pointer|
|P_81_out_ap_vld            |  out|    1|      ap_vld|                                            P_81_out|       pointer|
|P_80_out                   |  out|   32|      ap_vld|                                            P_80_out|       pointer|
|P_80_out_ap_vld            |  out|    1|      ap_vld|                                            P_80_out|       pointer|
|P_79_out                   |  out|   32|      ap_vld|                                            P_79_out|       pointer|
|P_79_out_ap_vld            |  out|    1|      ap_vld|                                            P_79_out|       pointer|
|P_78_out                   |  out|   32|      ap_vld|                                            P_78_out|       pointer|
|P_78_out_ap_vld            |  out|    1|      ap_vld|                                            P_78_out|       pointer|
|P_77_out                   |  out|   32|      ap_vld|                                            P_77_out|       pointer|
|P_77_out_ap_vld            |  out|    1|      ap_vld|                                            P_77_out|       pointer|
|P_76_out                   |  out|   32|      ap_vld|                                            P_76_out|       pointer|
|P_76_out_ap_vld            |  out|    1|      ap_vld|                                            P_76_out|       pointer|
|P_75_out                   |  out|   32|      ap_vld|                                            P_75_out|       pointer|
|P_75_out_ap_vld            |  out|    1|      ap_vld|                                            P_75_out|       pointer|
|P_74_out                   |  out|   32|      ap_vld|                                            P_74_out|       pointer|
|P_74_out_ap_vld            |  out|    1|      ap_vld|                                            P_74_out|       pointer|
|P_73_out                   |  out|   32|      ap_vld|                                            P_73_out|       pointer|
|P_73_out_ap_vld            |  out|    1|      ap_vld|                                            P_73_out|       pointer|
+---------------------------+-----+-----+------------+----------------------------------------------------+--------------+

