

================================================================
== Vitis HLS Report for 'ekf_batch_Pipeline_VITIS_LOOP_174_10_VITIS_LOOP_175_11'
================================================================
* Date:           Thu Sep  3 12:11:39 2026

* Version:        2023.1 (Build 3854077 on May  4 2023)
* Project:        EKF
* Solution:       solution1 (Vivado IP Flow Target)
* Product family: zynquplus
* Target device:  xczu9eg-ffvb1156-2-e


================================================================
== Performance Estimates
================================================================
+ Timing: 
    * Summary: 
    +--------+----------+----------+------------+
    |  Clock |  Target  | Estimated| Uncertainty|
    +--------+----------+----------+------------+
    |ap_clk  |  10.00 ns|  3.450 ns|     2.70 ns|
    +--------+----------+----------+------------+

+ Latency: 
    * Summary: 
    +---------+---------+----------+----------+-----+-----+---------+
    |  Latency (cycles) |  Latency (absolute) |  Interval | Pipeline|
    |   min   |   max   |    min   |    max   | min | max |   Type  |
    +---------+---------+----------+----------+-----+-----+---------+
    |       38|       38|  0.380 us|  0.380 us|   38|   38|       no|
    +---------+---------+----------+----------+-----+-----+---------+

    + Detail: 
        * Instance: 
        N/A

        * Loop: 
        +---------------------------------------+---------+---------+----------+-----------+-----------+------+----------+
        |                                       |  Latency (cycles) | Iteration|  Initiation Interval  | Trip |          |
        |               Loop Name               |   min   |   max   |  Latency |  achieved |   target  | Count| Pipelined|
        +---------------------------------------+---------+---------+----------+-----------+-----------+------+----------+
        |- VITIS_LOOP_174_10_VITIS_LOOP_175_11  |       36|       36|         1|          1|          1|    36|       yes|
        +---------------------------------------+---------+---------+----------+-----------+-----------+------+----------+



================================================================
== Utilization Estimates
================================================================
* Summary: 
+-----------------+---------+------+--------+--------+-----+
|       Name      | BRAM_18K|  DSP |   FF   |   LUT  | URAM|
+-----------------+---------+------+--------+--------+-----+
|DSP              |        -|     -|       -|       -|    -|
|Expression       |        -|     -|       0|     133|    -|
|FIFO             |        -|     -|       -|       -|    -|
|Instance         |        -|     -|       0|     217|    -|
|Memory           |        -|     -|       -|       -|    -|
|Multiplexer      |        -|     -|       -|      63|    -|
|Register         |        -|     -|      14|       -|    -|
+-----------------+---------+------+--------+--------+-----+
|Total            |        0|     0|      14|     413|    0|
+-----------------+---------+------+--------+--------+-----+
|Available        |     1824|  2520|  548160|  274080|    0|
+-----------------+---------+------+--------+--------+-----+
|Utilization (%)  |        0|     0|      ~0|      ~0|    0|
+-----------------+---------+------+--------+--------+-----+

+ Detail: 
    * Instance: 
    +----------------------+----------------+---------+----+---+----+-----+
    |       Instance       |     Module     | BRAM_18K| DSP| FF| LUT| URAM|
    +----------------------+----------------+---------+----+---+----+-----+
    |mux_6_3_32_1_1_U1388  |mux_6_3_32_1_1  |        0|   0|  0|  31|    0|
    |mux_6_3_32_1_1_U1389  |mux_6_3_32_1_1  |        0|   0|  0|  31|    0|
    |mux_6_3_32_1_1_U1390  |mux_6_3_32_1_1  |        0|   0|  0|  31|    0|
    |mux_6_3_32_1_1_U1391  |mux_6_3_32_1_1  |        0|   0|  0|  31|    0|
    |mux_6_3_32_1_1_U1392  |mux_6_3_32_1_1  |        0|   0|  0|  31|    0|
    |mux_6_3_32_1_1_U1393  |mux_6_3_32_1_1  |        0|   0|  0|  31|    0|
    |mux_6_3_32_1_1_U1394  |mux_6_3_32_1_1  |        0|   0|  0|  31|    0|
    +----------------------+----------------+---------+----+---+----+-----+
    |Total                 |                |        0|   0|  0| 217|    0|
    +----------------------+----------------+---------+----+---+----+-----+

    * DSP: 
    N/A

    * Memory: 
    N/A

    * FIFO: 
    N/A

    * Expression: 
    +--------------------------+----------+----+---+----+------------+------------+
    |       Variable Name      | Operation| DSP| FF| LUT| Bitwidth P0| Bitwidth P1|
    +--------------------------+----------+----+---+----+------------+------------+
    |add_ln174_1_fu_560_p2     |         +|   0|  0|  10|           3|           1|
    |add_ln174_fu_537_p2       |         +|   0|  0|  13|           6|           1|
    |add_ln175_1_fu_770_p2     |         +|   0|  0|  14|           7|           7|
    |add_ln175_2_fu_798_p2     |         +|   0|  0|  10|           3|           1|
    |add_ln175_3_fu_760_p2     |         +|   0|  0|  12|           4|           3|
    |add_ln175_fu_754_p2       |         +|   0|  0|  10|           3|           3|
    |empty_fu_525_p2           |         -|   0|  0|  14|           7|           7|
    |p_mid151_fu_590_p2        |         -|   0|  0|  14|           7|           7|
    |icmp_ln174_fu_531_p2      |      icmp|   0|  0|  13|           6|           6|
    |icmp_ln175_fu_546_p2      |      icmp|   0|  0|  10|           3|           3|
    |select_ln174_1_fu_596_p3  |    select|   0|  0|   7|           1|           7|
    |select_ln174_2_fu_608_p3  |    select|   0|  0|   3|           1|           3|
    |select_ln174_fu_552_p3    |    select|   0|  0|   3|           1|           1|
    +--------------------------+----------+----+---+----+------------+------------+
    |Total                     |          |   0|  0| 133|          52|          50|
    +--------------------------+----------+----+---+----+------------+------------+

    * Multiplexer: 
    +----------------------------------------+----+-----------+-----+-----------+
    |                  Name                  | LUT| Input Size| Bits| Total Bits|
    +----------------------------------------+----+-----------+-----+-----------+
    |ap_done_int                             |   9|          2|    1|          2|
    |ap_sig_allocacmp_i_8                    |   9|          2|    3|          6|
    |ap_sig_allocacmp_indvar_flatten53_load  |   9|          2|    6|         12|
    |ap_sig_allocacmp_j_load                 |   9|          2|    3|          6|
    |i_fu_152                                |   9|          2|    3|          6|
    |indvar_flatten53_fu_156                 |   9|          2|    6|         12|
    |j_fu_148                                |   9|          2|    3|          6|
    +----------------------------------------+----+-----------+-----+-----------+
    |Total                                   |  63|         14|   25|         50|
    +----------------------------------------+----+-----------+-----+-----------+

    * Register: 
    +-------------------------+---+----+-----+-----------+
    |           Name          | FF| LUT| Bits| Const Bits|
    +-------------------------+---+----+-----+-----------+
    |ap_CS_fsm                |  1|   0|    1|          0|
    |ap_done_reg              |  1|   0|    1|          0|
    |i_fu_152                 |  3|   0|    3|          0|
    |indvar_flatten53_fu_156  |  6|   0|    6|          0|
    |j_fu_148                 |  3|   0|    3|          0|
    +-------------------------+---+----+-----+-----------+
    |Total                    | 14|   0|   14|          0|
    +-------------------------+---+----+-----+-----------+



================================================================
== Interface
================================================================
* Summary: 
+------------------+-----+-----+------------+--------------------------------------------------------+--------------+
|     RTL Ports    | Dir | Bits|  Protocol  |                      Source Object                     |    C Type    |
+------------------+-----+-----+------------+--------------------------------------------------------+--------------+
|ap_clk            |   in|    1|  ap_ctrl_hs|  ekf_batch_Pipeline_VITIS_LOOP_174_10_VITIS_LOOP_175_11|  return value|
|ap_rst            |   in|    1|  ap_ctrl_hs|  ekf_batch_Pipeline_VITIS_LOOP_174_10_VITIS_LOOP_175_11|  return value|
|ap_start          |   in|    1|  ap_ctrl_hs|  ekf_batch_Pipeline_VITIS_LOOP_174_10_VITIS_LOOP_175_11|  return value|
|ap_done           |  out|    1|  ap_ctrl_hs|  ekf_batch_Pipeline_VITIS_LOOP_174_10_VITIS_LOOP_175_11|  return value|
|ap_idle           |  out|    1|  ap_ctrl_hs|  ekf_batch_Pipeline_VITIS_LOOP_174_10_VITIS_LOOP_175_11|  return value|
|ap_ready          |  out|    1|  ap_ctrl_hs|  ekf_batch_Pipeline_VITIS_LOOP_174_10_VITIS_LOOP_175_11|  return value|
|P_198             |   in|   32|     ap_none|                                                   P_198|        scalar|
|P_197             |   in|   32|     ap_none|                                                   P_197|        scalar|
|P_196             |   in|   32|     ap_none|                                                   P_196|        scalar|
|P_195             |   in|   32|     ap_none|                                                   P_195|        scalar|
|P_194             |   in|   32|     ap_none|                                                   P_194|        scalar|
|P_193             |   in|   32|     ap_none|                                                   P_193|        scalar|
|P_192             |   in|   32|     ap_none|                                                   P_192|        scalar|
|P_191             |   in|   32|     ap_none|                                                   P_191|        scalar|
|P_190             |   in|   32|     ap_none|                                                   P_190|        scalar|
|P_189             |   in|   32|     ap_none|                                                   P_189|        scalar|
|P_188             |   in|   32|     ap_none|                                                   P_188|        scalar|
|P_187             |   in|   32|     ap_none|                                                   P_187|        scalar|
|P_186             |   in|   32|     ap_none|                                                   P_186|        scalar|
|P_185             |   in|   32|     ap_none|                                                   P_185|        scalar|
|P_184             |   in|   32|     ap_none|                                                   P_184|        scalar|
|P_183             |   in|   32|     ap_none|                                                   P_183|        scalar|
|P_182             |   in|   32|     ap_none|                                                   P_182|        scalar|
|P_181             |   in|   32|     ap_none|                                                   P_181|        scalar|
|P_199             |   in|   32|     ap_none|                                                   P_199|        scalar|
|P_200             |   in|   32|     ap_none|                                                   P_200|        scalar|
|P_201             |   in|   32|     ap_none|                                                   P_201|        scalar|
|P_202             |   in|   32|     ap_none|                                                   P_202|        scalar|
|P_203             |   in|   32|     ap_none|                                                   P_203|        scalar|
|P_204             |   in|   32|     ap_none|                                                   P_204|        scalar|
|P_205             |   in|   32|     ap_none|                                                   P_205|        scalar|
|P_206             |   in|   32|     ap_none|                                                   P_206|        scalar|
|P_207             |   in|   32|     ap_none|                                                   P_207|        scalar|
|P_208             |   in|   32|     ap_none|                                                   P_208|        scalar|
|P_209             |   in|   32|     ap_none|                                                   P_209|        scalar|
|P_210             |   in|   32|     ap_none|                                                   P_210|        scalar|
|P_211             |   in|   32|     ap_none|                                                   P_211|        scalar|
|P_212             |   in|   32|     ap_none|                                                   P_212|        scalar|
|P_213             |   in|   32|     ap_none|                                                   P_213|        scalar|
|P_214             |   in|   32|     ap_none|                                                   P_214|        scalar|
|P_215             |   in|   32|     ap_none|                                                   P_215|        scalar|
|P_216             |   in|   32|     ap_none|                                                   P_216|        scalar|
|local_address0    |  out|    4|   ap_memory|                                                   local|         array|
|local_ce0         |  out|    1|   ap_memory|                                                   local|         array|
|local_we0         |  out|    1|   ap_memory|                                                   local|         array|
|local_d0          |  out|   32|   ap_memory|                                                   local|         array|
|local_1_address0  |  out|    4|   ap_memory|                                                 local_1|         array|
|local_1_ce0       |  out|    1|   ap_memory|                                                 local_1|         array|
|local_1_we0       |  out|    1|   ap_memory|                                                 local_1|         array|
|local_1_d0        |  out|   32|   ap_memory|                                                 local_1|         array|
|local_2_address0  |  out|    4|   ap_memory|                                                 local_2|         array|
|local_2_ce0       |  out|    1|   ap_memory|                                                 local_2|         array|
|local_2_we0       |  out|    1|   ap_memory|                                                 local_2|         array|
|local_2_d0        |  out|   32|   ap_memory|                                                 local_2|         array|
|local_3_address0  |  out|    4|   ap_memory|                                                 local_3|         array|
|local_3_ce0       |  out|    1|   ap_memory|                                                 local_3|         array|
|local_3_we0       |  out|    1|   ap_memory|                                                 local_3|         array|
|local_3_d0        |  out|   32|   ap_memory|                                                 local_3|         array|
|local_4_address0  |  out|    4|   ap_memory|                                                 local_4|         array|
|local_4_ce0       |  out|    1|   ap_memory|                                                 local_4|         array|
|local_4_we0       |  out|    1|   ap_memory|                                                 local_4|         array|
|local_4_d0        |  out|   32|   ap_memory|                                                 local_4|         array|
|local_5_address0  |  out|    4|   ap_memory|                                                 local_5|         array|
|local_5_ce0       |  out|    1|   ap_memory|                                                 local_5|         array|
|local_5_we0       |  out|    1|   ap_memory|                                                 local_5|         array|
|local_5_d0        |  out|   32|   ap_memory|                                                 local_5|         array|
|local_6_address0  |  out|    4|   ap_memory|                                                 local_6|         array|
|local_6_ce0       |  out|    1|   ap_memory|                                                 local_6|         array|
|local_6_we0       |  out|    1|   ap_memory|                                                 local_6|         array|
|local_6_d0        |  out|   32|   ap_memory|                                                 local_6|         array|
|local_7_address0  |  out|    4|   ap_memory|                                                 local_7|         array|
|local_7_ce0       |  out|    1|   ap_memory|                                                 local_7|         array|
|local_7_we0       |  out|    1|   ap_memory|                                                 local_7|         array|
|local_7_d0        |  out|   32|   ap_memory|                                                 local_7|         array|
+------------------+-----+-----+------------+--------------------------------------------------------+--------------+

