

================================================================
== Vitis HLS Report for 'ekf_batch_Pipeline_VITIS_LOOP_109_6'
================================================================
* Date:           Thu Sep  3 12:11:38 2026

* Version:        2023.1 (Build 3854077 on May  4 2023)
* Project:        EKF
* Solution:       solution1 (Vivado IP Flow Target)
* Product family: zynquplus
* Target device:  xczu9eg-ffvb1156-2-e


================================================================
== Performance Estimates
================================================================
+ Timing: 
    * Summary: 
    +--------+----------+----------+------------+
    |  Clock |  Target  | Estimated| Uncertainty|
    +--------+----------+----------+------------+
    |ap_clk  |  10.00 ns|  7.016 ns|     2.70 ns|
    +--------+----------+----------+------------+

+ Latency: 
    * Summary: 
    +---------+---------+----------+----------+-----+-----+---------+
    |  Latency (cycles) |  Latency (absolute) |  Interval | Pipeline|
    |   min   |   max   |    min   |    max   | min | max |   Type  |
    +---------+---------+----------+----------+-----+-----+---------+
    |       14|       14|  0.140 us|  0.140 us|   14|   14|       no|
    +---------+---------+----------+----------+-----+-----+---------+

    + Detail: 
        * Instance: 
        N/A

        * Loop: 
        +--------------------+---------+---------+----------+-----------+-----------+------+----------+
        |                    |  Latency (cycles) | Iteration|  Initiation Interval  | Trip |          |
        |      Loop Name     |   min   |   max   |  Latency |  achieved |   target  | Count| Pipelined|
        +--------------------+---------+---------+----------+-----------+-----------+------+----------+
        |- VITIS_LOOP_109_6  |       12|       12|         8|          1|          1|     6|       yes|
        +--------------------+---------+---------+----------+-----------+-----------+------+----------+



================================================================
== Utilization Estimates
================================================================
* Summary: 
+-----------------+---------+------+--------+--------+-----+
|       Name      | BRAM_18K|  DSP |   FF   |   LUT  | URAM|
+-----------------+---------+------+--------+--------+-----+
|DSP              |        -|     -|       -|       -|    -|
|Expression       |        -|     -|       0|     264|    -|
|FIFO             |        -|     -|       -|       -|    -|
|Instance         |        -|     -|       0|      31|    -|
|Memory           |        -|     -|       -|       -|    -|
|Multiplexer      |        -|     -|       -|      36|    -|
|Register         |        -|     -|    1532|      64|    -|
+-----------------+---------+------+--------+--------+-----+
|Total            |        0|     0|    1532|     395|    0|
+-----------------+---------+------+--------+--------+-----+
|Available        |     1824|  2520|  548160|  274080|    0|
+-----------------+---------+------+--------+--------+-----+
|Utilization (%)  |        0|     0|      ~0|      ~0|    0|
+-----------------+---------+------+--------+--------+-----+

+ Detail: 
    * Instance: 
    +---------------------+----------------+---------+----+---+----+-----+
    |       Instance      |     Module     | BRAM_18K| DSP| FF| LUT| URAM|
    +---------------------+----------------+---------+----+---+----+-----+
    |mux_6_3_32_1_1_U831  |mux_6_3_32_1_1  |        0|   0|  0|  31|    0|
    +---------------------+----------------+---------+----+---+----+-----+
    |Total                |                |        0|   0|  0|  31|    0|
    +---------------------+----------------+---------+----+---+----+-----+

    * DSP: 
    N/A

    * Memory: 
    N/A

    * FIFO: 
    N/A

    * Expression: 
    +--------------------------+----------+----+---+----+------------+------------+
    |       Variable Name      | Operation| DSP| FF| LUT| Bitwidth P0| Bitwidth P1|
    +--------------------------+----------+----+---+----+------------+------------+
    |add_ln109_fu_672_p2       |         +|   0|  0|  10|           3|           1|
    |icmp_ln109_fu_666_p2      |      icmp|   0|  0|  10|           3|           3|
    |icmp_ln112_1_fu_706_p2    |      icmp|   0|  0|  10|           3|           1|
    |icmp_ln112_2_fu_711_p2    |      icmp|   0|  0|  10|           3|           2|
    |icmp_ln112_3_fu_716_p2    |      icmp|   0|  0|  10|           3|           2|
    |icmp_ln112_4_fu_721_p2    |      icmp|   0|  0|  12|           3|           4|
    |icmp_ln112_5_fu_726_p2    |      icmp|   0|  0|  10|           3|           3|
    |icmp_ln112_fu_701_p2      |      icmp|   0|  0|  10|           3|           1|
    |select_ln112_1_fu_739_p3  |    select|   0|  0|  30|           1|          30|
    |select_ln112_2_fu_747_p3  |    select|   0|  0|  30|           1|          30|
    |select_ln112_3_fu_755_p3  |    select|   0|  0|  30|           1|          30|
    |select_ln112_4_fu_763_p3  |    select|   0|  0|  30|           1|          30|
    |select_ln112_5_fu_771_p3  |    select|   0|  0|  30|           1|          30|
    |select_ln112_fu_731_p3    |    select|   0|  0|  30|           1|          30|
    |ap_enable_pp0             |       xor|   0|  0|   2|           1|           2|
    +--------------------------+----------+----+---+----+------------+------------+
    |Total                     |          |   0|  0| 264|          31|         199|
    +--------------------------+----------+----+---+----+------------+------------+

    * Multiplexer: 
    +-------------------------+----+-----------+-----+-----------+
    |           Name          | LUT| Input Size| Bits| Total Bits|
    +-------------------------+----+-----------+-----+-----------+
    |ap_done_int              |   9|          2|    1|          2|
    |ap_enable_reg_pp0_iter1  |   9|          2|    1|          2|
    |ap_sig_allocacmp_i_13    |   9|          2|    3|          6|
    |i_fu_138                 |   9|          2|    3|          6|
    +-------------------------+----+-----------+-----+-----------+
    |Total                    |  36|          8|    8|         16|
    +-------------------------+----+-----------+-----+-----------+

    * Register: 
    +----------------------------------+----+----+-----+-----------+
    |               Name               | FF | LUT| Bits| Const Bits|
    +----------------------------------+----+----+-----+-----------+
    |A_10_fu_182                       |  32|   0|   32|          0|
    |A_11_fu_186                       |  32|   0|   32|          0|
    |A_12_fu_190                       |  32|   0|   32|          0|
    |A_13_fu_194                       |  32|   0|   32|          0|
    |A_14_fu_198                       |  32|   0|   32|          0|
    |A_15_fu_202                       |  32|   0|   32|          0|
    |A_16_fu_206                       |  32|   0|   32|          0|
    |A_17_fu_210                       |  32|   0|   32|          0|
    |A_18_fu_214                       |  32|   0|   32|          0|
    |A_19_fu_218                       |  32|   0|   32|          0|
    |A_1_fu_146                        |  32|   0|   32|          0|
    |A_20_fu_222                       |  32|   0|   32|          0|
    |A_21_fu_226                       |  32|   0|   32|          0|
    |A_22_fu_230                       |  32|   0|   32|          0|
    |A_23_fu_234                       |  32|   0|   32|          0|
    |A_24_fu_238                       |  32|   0|   32|          0|
    |A_25_fu_242                       |  32|   0|   32|          0|
    |A_26_fu_246                       |  32|   0|   32|          0|
    |A_27_fu_250                       |  32|   0|   32|          0|
    |A_28_fu_254                       |  32|   0|   32|          0|
    |A_29_fu_258                       |  32|   0|   32|          0|
    |A_2_fu_150                        |  32|   0|   32|          0|
    |A_30_fu_262                       |  32|   0|   32|          0|
    |A_31_fu_266                       |  32|   0|   32|          0|
    |A_32_fu_270                       |  32|   0|   32|          0|
    |A_33_fu_274                       |  32|   0|   32|          0|
    |A_34_fu_278                       |  32|   0|   32|          0|
    |A_35_fu_282                       |  32|   0|   32|          0|
    |A_3_fu_154                        |  32|   0|   32|          0|
    |A_4_fu_158                        |  32|   0|   32|          0|
    |A_5_fu_162                        |  32|   0|   32|          0|
    |A_6_fu_166                        |  32|   0|   32|          0|
    |A_7_fu_170                        |  32|   0|   32|          0|
    |A_8_fu_174                        |  32|   0|   32|          0|
    |A_9_fu_178                        |  32|   0|   32|          0|
    |A_fu_142                          |  32|   0|   32|          0|
    |ap_CS_fsm                         |   1|   0|    1|          0|
    |ap_done_reg                       |   1|   0|    1|          0|
    |ap_enable_reg_pp0_iter1           |   1|   0|    1|          0|
    |ap_enable_reg_pp0_iter2           |   1|   0|    1|          0|
    |ap_enable_reg_pp0_iter3           |   1|   0|    1|          0|
    |ap_enable_reg_pp0_iter4           |   1|   0|    1|          0|
    |ap_enable_reg_pp0_iter5           |   1|   0|    1|          0|
    |ap_enable_reg_pp0_iter6           |   1|   0|    1|          0|
    |ap_enable_reg_pp0_iter7           |   1|   0|    1|          0|
    |ap_loop_exit_ready_pp0_iter1_reg  |   1|   0|    1|          0|
    |ap_loop_exit_ready_pp0_iter2_reg  |   1|   0|    1|          0|
    |ap_loop_exit_ready_pp0_iter3_reg  |   1|   0|    1|          0|
    |ap_loop_exit_ready_pp0_iter4_reg  |   1|   0|    1|          0|
    |ap_loop_exit_ready_pp0_iter5_reg  |   1|   0|    1|          0|
    |ap_loop_exit_ready_pp0_iter6_reg  |   1|   0|    1|          0|
    |i_13_reg_1356                     |   3|   0|    3|          0|
    |i_fu_138                          |   3|   0|    3|          0|
    |icmp_ln109_reg_1366               |   1|   0|    1|          0|
    |icmp_ln112_1_reg_1390             |   1|   0|    1|          0|
    |icmp_ln112_2_reg_1400             |   1|   0|    1|          0|
    |icmp_ln112_3_reg_1410             |   1|   0|    1|          0|
    |icmp_ln112_4_reg_1420             |   1|   0|    1|          0|
    |icmp_ln112_5_reg_1430             |   1|   0|    1|          0|
    |icmp_ln112_reg_1380               |   1|   0|    1|          0|
    |mul69_i_1_reg_1395                |  32|   0|   32|          0|
    |mul69_i_2_reg_1405                |  32|   0|   32|          0|
    |mul69_i_3_reg_1415                |  32|   0|   32|          0|
    |mul69_i_4_reg_1425                |  32|   0|   32|          0|
    |mul69_i_5_reg_1435                |  32|   0|   32|          0|
    |mul69_i_reg_1385                  |  32|   0|   32|          0|
    |tmp_s_reg_1370                    |  32|   0|   32|          0|
    |i_13_reg_1356                     |  64|  32|    3|          0|
    |icmp_ln109_reg_1366               |  64|  32|    1|          0|
    +----------------------------------+----+----+-----+-----------+
    |Total                             |1532|  64| 1408|          0|
    +----------------------------------+----+----+-----+-----------+



================================================================
== Interface
================================================================
* Summary: 
+-----------------------+-----+-----+------------+-------------------------------------+--------------+
|       RTL Ports       | Dir | Bits|  Protocol  |            Source Object            |    C Type    |
+-----------------------+-----+-----+------------+-------------------------------------+--------------+
|ap_clk                 |   in|    1|  ap_ctrl_hs|  ekf_batch_Pipeline_VITIS_LOOP_109_6|  return value|
|ap_rst                 |   in|    1|  ap_ctrl_hs|  ekf_batch_Pipeline_VITIS_LOOP_109_6|  return value|
|ap_start               |   in|    1|  ap_ctrl_hs|  ekf_batch_Pipeline_VITIS_LOOP_109_6|  return value|
|ap_done                |  out|    1|  ap_ctrl_hs|  ekf_batch_Pipeline_VITIS_LOOP_109_6|  return value|
|ap_idle                |  out|    1|  ap_ctrl_hs|  ekf_batch_Pipeline_VITIS_LOOP_109_6|  return value|
|ap_ready               |  out|    1|  ap_ctrl_hs|  ekf_batch_Pipeline_VITIS_LOOP_109_6|  return value|
|grp_fu_19351_p_din0    |  out|   32|  ap_ctrl_hs|  ekf_batch_Pipeline_VITIS_LOOP_109_6|  return value|
|grp_fu_19351_p_din1    |  out|   32|  ap_ctrl_hs|  ekf_batch_Pipeline_VITIS_LOOP_109_6|  return value|
|grp_fu_19351_p_opcode  |  out|    1|  ap_ctrl_hs|  ekf_batch_Pipeline_VITIS_LOOP_109_6|  return value|
|grp_fu_19351_p_dout0   |   in|   32|  ap_ctrl_hs|  ekf_batch_Pipeline_VITIS_LOOP_109_6|  return value|
|grp_fu_19351_p_ce      |  out|    1|  ap_ctrl_hs|  ekf_batch_Pipeline_VITIS_LOOP_109_6|  return value|
|grp_fu_19355_p_din0    |  out|   32|  ap_ctrl_hs|  ekf_batch_Pipeline_VITIS_LOOP_109_6|  return value|
|grp_fu_19355_p_din1    |  out|   32|  ap_ctrl_hs|  ekf_batch_Pipeline_VITIS_LOOP_109_6|  return value|
|grp_fu_19355_p_opcode  |  out|    1|  ap_ctrl_hs|  ekf_batch_Pipeline_VITIS_LOOP_109_6|  return value|
|grp_fu_19355_p_dout0   |   in|   32|  ap_ctrl_hs|  ekf_batch_Pipeline_VITIS_LOOP_109_6|  return value|
|grp_fu_19355_p_ce      |  out|    1|  ap_ctrl_hs|  ekf_batch_Pipeline_VITIS_LOOP_109_6|  return value|
|grp_fu_19359_p_din0    |  out|   32|  ap_ctrl_hs|  ekf_batch_Pipeline_VITIS_LOOP_109_6|  return value|
|grp_fu_19359_p_din1    |  out|   32|  ap_ctrl_hs|  ekf_batch_Pipeline_VITIS_LOOP_109_6|  return value|
|grp_fu_19359_p_opcode  |  out|    1|  ap_ctrl_hs|  ekf_batch_Pipeline_VITIS_LOOP_109_6|  return value|
|grp_fu_19359_p_dout0   |   in|   32|  ap_ctrl_hs|  ekf_batch_Pipeline_VITIS_LOOP_109_6|  return value|
|grp_fu_19359_p_ce      |  out|    1|  ap_ctrl_hs|  ekf_batch_Pipeline_VITIS_LOOP_109_6|  return value|
|grp_fu_19363_p_din0    |  out|   32|  ap_ctrl_hs|  ekf_batch_Pipeline_VITIS_LOOP_109_6|  return value|
|grp_fu_19363_p_din1    |  out|   32|  ap_ctrl_hs|  ekf_batch_Pipeline_VITIS_LOOP_109_6|  return value|
|grp_fu_19363_p_opcode  |  out|    1|  ap_ctrl_hs|  ekf_batch_Pipeline_VITIS_LOOP_109_6|  return value|
|grp_fu_19363_p_dout0   |   in|   32|  ap_ctrl_hs|  ekf_batch_Pipeline_VITIS_LOOP_109_6|  return value|
|grp_fu_19363_p_ce      |  out|    1|  ap_ctrl_hs|  ekf_batch_Pipeline_VITIS_LOOP_109_6|  return value|
|grp_fu_19367_p_din0    |  out|   32|  ap_ctrl_hs|  ekf_batch_Pipeline_VITIS_LOOP_109_6|  return value|
|grp_fu_19367_p_din1    |  out|   32|  ap_ctrl_hs|  ekf_batch_Pipeline_VITIS_LOOP_109_6|  return value|
|grp_fu_19367_p_opcode  |  out|    1|  ap_ctrl_hs|  ekf_batch_Pipeline_VITIS_LOOP_109_6|  return value|
|grp_fu_19367_p_dout0   |   in|   32|  ap_ctrl_hs|  ekf_batch_Pipeline_VITIS_LOOP_109_6|  return value|
|grp_fu_19367_p_ce      |  out|    1|  ap_ctrl_hs|  ekf_batch_Pipeline_VITIS_LOOP_109_6|  return value|
|grp_fu_19343_p_din0    |  out|   32|  ap_ctrl_hs|  ekf_batch_Pipeline_VITIS_LOOP_109_6|  return value|
|grp_fu_19343_p_din1    |  out|   32|  ap_ctrl_hs|  ekf_batch_Pipeline_VITIS_LOOP_109_6|  return value|
|grp_fu_19343_p_opcode  |  out|    1|  ap_ctrl_hs|  ekf_batch_Pipeline_VITIS_LOOP_109_6|  return value|
|grp_fu_19343_p_dout0   |   in|   32|  ap_ctrl_hs|  ekf_batch_Pipeline_VITIS_LOOP_109_6|  return value|
|grp_fu_19343_p_ce      |  out|    1|  ap_ctrl_hs|  ekf_batch_Pipeline_VITIS_LOOP_109_6|  return value|
|grp_fu_19371_p_din0    |  out|   32|  ap_ctrl_hs|  ekf_batch_Pipeline_VITIS_LOOP_109_6|  return value|
|grp_fu_19371_p_din1    |  out|   32|  ap_ctrl_hs|  ekf_batch_Pipeline_VITIS_LOOP_109_6|  return value|
|grp_fu_19371_p_dout0   |   in|   32|  ap_ctrl_hs|  ekf_batch_Pipeline_VITIS_LOOP_109_6|  return value|
|grp_fu_19371_p_ce      |  out|    1|  ap_ctrl_hs|  ekf_batch_Pipeline_VITIS_LOOP_109_6|  return value|
|grp_fu_19375_p_din0    |  out|   32|  ap_ctrl_hs|  ekf_batch_Pipeline_VITIS_LOOP_109_6|  return value|
|grp_fu_19375_p_din1    |  out|   32|  ap_ctrl_hs|  ekf_batch_Pipeline_VITIS_LOOP_109_6|  return value|
|grp_fu_19375_p_dout0   |   in|   32|  ap_ctrl_hs|  ekf_batch_Pipeline_VITIS_LOOP_109_6|  return value|
|grp_fu_19375_p_ce      |  out|    1|  ap_ctrl_hs|  ekf_batch_Pipeline_VITIS_LOOP_109_6|  return value|
|grp_fu_19379_p_din0    |  out|   32|  ap_ctrl_hs|  ekf_batch_Pipeline_VITIS_LOOP_109_6|  return value|
|grp_fu_19379_p_din1    |  out|   32|  ap_ctrl_hs|  ekf_batch_Pipeline_VITIS_LOOP_109_6|  return value|
|grp_fu_19379_p_dout0   |   in|   32|  ap_ctrl_hs|  ekf_batch_Pipeline_VITIS_LOOP_109_6|  return value|
|grp_fu_19379_p_ce      |  out|    1|  ap_ctrl_hs|  ekf_batch_Pipeline_VITIS_LOOP_109_6|  return value|
|grp_fu_19383_p_din0    |  out|   32|  ap_ctrl_hs|  ekf_batch_Pipeline_VITIS_LOOP_109_6|  return value|
|grp_fu_19383_p_din1    |  out|   32|  ap_ctrl_hs|  ekf_batch_Pipeline_VITIS_LOOP_109_6|  return value|
|grp_fu_19383_p_dout0   |   in|   32|  ap_ctrl_hs|  ekf_batch_Pipeline_VITIS_LOOP_109_6|  return value|
|grp_fu_19383_p_ce      |  out|    1|  ap_ctrl_hs|  ekf_batch_Pipeline_VITIS_LOOP_109_6|  return value|
|grp_fu_19387_p_din0    |  out|   32|  ap_ctrl_hs|  ekf_batch_Pipeline_VITIS_LOOP_109_6|  return value|
|grp_fu_19387_p_din1    |  out|   32|  ap_ctrl_hs|  ekf_batch_Pipeline_VITIS_LOOP_109_6|  return value|
|grp_fu_19387_p_dout0   |   in|   32|  ap_ctrl_hs|  ekf_batch_Pipeline_VITIS_LOOP_109_6|  return value|
|grp_fu_19387_p_ce      |  out|    1|  ap_ctrl_hs|  ekf_batch_Pipeline_VITIS_LOOP_109_6|  return value|
|grp_fu_19347_p_din0    |  out|   32|  ap_ctrl_hs|  ekf_batch_Pipeline_VITIS_LOOP_109_6|  return value|
|grp_fu_19347_p_din1    |  out|   32|  ap_ctrl_hs|  ekf_batch_Pipeline_VITIS_LOOP_109_6|  return value|
|grp_fu_19347_p_dout0   |   in|   32|  ap_ctrl_hs|  ekf_batch_Pipeline_VITIS_LOOP_109_6|  return value|
|grp_fu_19347_p_ce      |  out|    1|  ap_ctrl_hs|  ekf_batch_Pipeline_VITIS_LOOP_109_6|  return value|
|K_reload               |   in|   32|     ap_none|                             K_reload|        scalar|
|K_1_reload             |   in|   32|     ap_none|                           K_1_reload|        scalar|
|K_2_reload             |   in|   32|     ap_none|                           K_2_reload|        scalar|
|K_3_reload             |   in|   32|     ap_none|                           K_3_reload|        scalar|
|K_4_reload             |   in|   32|     ap_none|                           K_4_reload|        scalar|
|K_5_reload             |   in|   32|     ap_none|                           K_5_reload|        scalar|
|H_5_reload             |   in|   32|     ap_none|                           H_5_reload|        scalar|
|H_4_reload             |   in|   32|     ap_none|                           H_4_reload|        scalar|
|H_3_reload             |   in|   32|     ap_none|                           H_3_reload|        scalar|
|H_2_reload             |   in|   32|     ap_none|                           H_2_reload|        scalar|
|H_1_reload             |   in|   32|     ap_none|                           H_1_reload|        scalar|
|H_reload               |   in|   32|     ap_none|                             H_reload|        scalar|
|A_35_out               |  out|   32|      ap_vld|                             A_35_out|       pointer|
|A_35_out_ap_vld        |  out|    1|      ap_vld|                             A_35_out|       pointer|
|A_34_out               |  out|   32|      ap_vld|                             A_34_out|       pointer|
|A_34_out_ap_vld        |  out|    1|      ap_vld|                             A_34_out|       pointer|
|A_33_out               |  out|   32|      ap_vld|                             A_33_out|       pointer|
|A_33_out_ap_vld        |  out|    1|      ap_vld|                             A_33_out|       pointer|
|A_32_out               |  out|   32|      ap_vld|                             A_32_out|       pointer|
|A_32_out_ap_vld        |  out|    1|      ap_vld|                             A_32_out|       pointer|
|A_31_out               |  out|   32|      ap_vld|                             A_31_out|       pointer|
|A_31_out_ap_vld        |  out|    1|      ap_vld|                             A_31_out|       pointer|
|A_30_out               |  out|   32|      ap_vld|                             A_30_out|       pointer|
|A_30_out_ap_vld        |  out|    1|      ap_vld|                             A_30_out|       pointer|
|A_29_out               |  out|   32|      ap_vld|                             A_29_out|       pointer|
|A_29_out_ap_vld        |  out|    1|      ap_vld|                             A_29_out|       pointer|
|A_28_out               |  out|   32|      ap_vld|                             A_28_out|       pointer|
|A_28_out_ap_vld        |  out|    1|      ap_vld|                             A_28_out|       pointer|
|A_27_out               |  out|   32|      ap_vld|                             A_27_out|       pointer|
|A_27_out_ap_vld        |  out|    1|      ap_vld|                             A_27_out|       pointer|
|A_26_out               |  out|   32|      ap_vld|                             A_26_out|       pointer|
|A_26_out_ap_vld        |  out|    1|      ap_vld|                             A_26_out|       pointer|
|A_25_out               |  out|   32|      ap_vld|                             A_25_out|       pointer|
|A_25_out_ap_vld        |  out|    1|      ap_vld|                             A_25_out|       pointer|
|A_24_out               |  out|   32|      ap_vld|                             A_24_out|       pointer|
|A_24_out_ap_vld        |  out|    1|      ap_vld|                             A_24_out|       pointer|
|A_23_out               |  out|   32|      ap_vld|                             A_23_out|       pointer|
|A_23_out_ap_vld        |  out|    1|      ap_vld|                             A_23_out|       pointer|
|A_22_out               |  out|   32|      ap_vld|                             A_22_out|       pointer|
|A_22_out_ap_vld        |  out|    1|      ap_vld|                             A_22_out|       pointer|
|A_21_out               |  out|   32|      ap_vld|                             A_21_out|       pointer|
|A_21_out_ap_vld        |  out|    1|      ap_vld|                             A_21_out|       pointer|
|A_20_out               |  out|   32|      ap_vld|                             A_20_out|       pointer|
|A_20_out_ap_vld        |  out|    1|      ap_vld|                             A_20_out|       pointer|
|A_19_out               |  out|   32|      ap_vld|                             A_19_out|       pointer|
|A_19_out_ap_vld        |  out|    1|      ap_vld|                             A_19_out|       pointer|
|A_18_out               |  out|   32|      ap_vld|                             A_18_out|       pointer|
|A_18_out_ap_vld        |  out|    1|      ap_vld|                             A_18_out|       pointer|
|A_17_out               |  out|   32|      ap_vld|                             A_17_out|       pointer|
|A_17_out_ap_vld        |  out|    1|      ap_vld|                             A_17_out|       pointer|
|A_16_out               |  out|   32|      ap_vld|                             A_16_out|       pointer|
|A_16_out_ap_vld        |  out|    1|      ap_vld|                             A_16_out|       pointer|
|A_15_out               |  out|   32|      ap_vld|                             A_15_out|       pointer|
|A_15_out_ap_vld        |  out|    1|      ap_vld|                             A_15_out|       pointer|
|A_14_out               |  out|   32|      ap_vld|                             A_14_out|       pointer|
|A_14_out_ap_vld        |  out|    1|      ap_vld|                             A_14_out|       pointer|
|A_13_out               |  out|   32|      ap_vld|                             A_13_out|       pointer|
|A_13_out_ap_vld        |  out|    1|      ap_vld|                             A_13_out|       pointer|
|A_12_out               |  out|   32|      ap_vld|                             A_12_out|       pointer|
|A_12_out_ap_vld        |  out|    1|      ap_vld|                             A_12_out|       pointer|
|A_11_out               |  out|   32|      ap_vld|                             A_11_out|       pointer|
|A_11_out_ap_vld        |  out|    1|      ap_vld|                             A_11_out|       pointer|
|A_10_out               |  out|   32|      ap_vld|                             A_10_out|       pointer|
|A_10_out_ap_vld        |  out|    1|      ap_vld|                             A_10_out|       pointer|
|A_9_out                |  out|   32|      ap_vld|                              A_9_out|       pointer|
|A_9_out_ap_vld         |  out|    1|      ap_vld|                              A_9_out|       pointer|
|A_8_out                |  out|   32|      ap_vld|                              A_8_out|       pointer|
|A_8_out_ap_vld         |  out|    1|      ap_vld|                              A_8_out|       pointer|
|A_7_out                |  out|   32|      ap_vld|                              A_7_out|       pointer|
|A_7_out_ap_vld         |  out|    1|      ap_vld|                              A_7_out|       pointer|
|A_6_out                |  out|   32|      ap_vld|                              A_6_out|       pointer|
|A_6_out_ap_vld         |  out|    1|      ap_vld|                              A_6_out|       pointer|
|A_5_out                |  out|   32|      ap_vld|                              A_5_out|       pointer|
|A_5_out_ap_vld         |  out|    1|      ap_vld|                              A_5_out|       pointer|
|A_4_out                |  out|   32|      ap_vld|                              A_4_out|       pointer|
|A_4_out_ap_vld         |  out|    1|      ap_vld|                              A_4_out|       pointer|
|A_3_out                |  out|   32|      ap_vld|                              A_3_out|       pointer|
|A_3_out_ap_vld         |  out|    1|      ap_vld|                              A_3_out|       pointer|
|A_2_out                |  out|   32|      ap_vld|                              A_2_out|       pointer|
|A_2_out_ap_vld         |  out|    1|      ap_vld|                              A_2_out|       pointer|
|A_1_out                |  out|   32|      ap_vld|                              A_1_out|       pointer|
|A_1_out_ap_vld         |  out|    1|      ap_vld|                              A_1_out|       pointer|
|A_out                  |  out|   32|      ap_vld|                                A_out|       pointer|
|A_out_ap_vld           |  out|    1|      ap_vld|                                A_out|       pointer|
+-----------------------+-----+-----+------------+-------------------------------------+--------------+

