

================================================================
== Vitis HLS Report for 'ekf_batch_Pipeline_VITIS_LOOP_158_5_VITIS_LOOP_159_6'
================================================================
* Date:           Thu Sep  3 12:11:35 2026

* Version:        2023.1 (Build 3854077 on May  4 2023)
* Project:        EKF
* Solution:       solution1 (Vivado IP Flow Target)
* Product family: zynquplus
* Target device:  xczu9eg-ffvb1156-2-e


================================================================
== Performance Estimates
================================================================
+ Timing: 
    * Summary: 
    +--------+----------+----------+------------+
    |  Clock |  Target  | Estimated| Uncertainty|
    +--------+----------+----------+------------+
    |ap_clk  |  10.00 ns|  3.264 ns|     2.70 ns|
    +--------+----------+----------+------------+

+ Latency: 
    * Summary: 
    +---------+---------+----------+----------+-----+-----+---------+
    |  Latency (cycles) |  Latency (absolute) |  Interval | Pipeline|
    |   min   |   max   |    min   |    max   | min | max |   Type  |
    +---------+---------+----------+----------+-----+-----+---------+
    |       38|       38|  0.380 us|  0.380 us|   38|   38|       no|
    +---------+---------+----------+----------+-----+-----+---------+

    + Detail: 
        * Instance: 
        N/A

        * Loop: 
        +-------------------------------------+---------+---------+----------+-----------+-----------+------+----------+
        |                                     |  Latency (cycles) | Iteration|  Initiation Interval  | Trip |          |
        |              Loop Name              |   min   |   max   |  Latency |  achieved |   target  | Count| Pipelined|
        +-------------------------------------+---------+---------+----------+-----------+-----------+------+----------+
        |- VITIS_LOOP_158_5_VITIS_LOOP_159_6  |       36|       36|         2|          1|          1|    36|       yes|
        +-------------------------------------+---------+---------+----------+-----------+-----------+------+----------+



================================================================
== Utilization Estimates
================================================================
* Summary: 
+-----------------+---------+------+--------+--------+-----+
|       Name      | BRAM_18K|  DSP |   FF   |   LUT  | URAM|
+-----------------+---------+------+--------+--------+-----+
|DSP              |        -|     -|       -|       -|    -|
|Expression       |        -|     -|       0|     135|    -|
|FIFO             |        -|     -|       -|       -|    -|
|Instance         |        -|     -|       0|      43|    -|
|Memory           |        -|     -|       -|       -|    -|
|Multiplexer      |        -|     -|       -|      72|    -|
|Register         |        -|     -|    1176|       -|    -|
+-----------------+---------+------+--------+--------+-----+
|Total            |        0|     0|    1176|     250|    0|
+-----------------+---------+------+--------+--------+-----+
|Available        |     1824|  2520|  548160|  274080|    0|
+-----------------+---------+------+--------+--------+-----+
|Utilization (%)  |        0|     0|      ~0|      ~0|    0|
+-----------------+---------+------+--------+--------+-----+

+ Detail: 
    * Instance: 
    +--------------------+----------------+---------+----+---+----+-----+
    |      Instance      |     Module     | BRAM_18K| DSP| FF| LUT| URAM|
    +--------------------+----------------+---------+----+---+----+-----+
    |mux_8_3_32_1_1_U25  |mux_8_3_32_1_1  |        0|   0|  0|  43|    0|
    +--------------------+----------------+---------+----+---+----+-----+
    |Total               |                |        0|   0|  0|  43|    0|
    +--------------------+----------------+---------+----+---+----+-----+

    * DSP: 
    N/A

    * Memory: 
    N/A

    * FIFO: 
    N/A

    * Expression: 
    +--------------------------+----------+----+---+----+------------+------------+
    |       Variable Name      | Operation| DSP| FF| LUT| Bitwidth P0| Bitwidth P1|
    +--------------------------+----------+----+---+----+------------+------------+
    |add_ln158_1_fu_738_p2     |         +|   0|  0|  10|           3|           1|
    |add_ln158_fu_715_p2       |         +|   0|  0|  13|           6|           1|
    |add_ln159_1_fu_814_p2     |         +|   0|  0|  14|           7|           7|
    |add_ln159_2_fu_842_p2     |         +|   0|  0|  10|           3|           1|
    |add_ln159_3_fu_804_p2     |         +|   0|  0|  12|           4|           3|
    |add_ln159_fu_798_p2       |         +|   0|  0|  10|           3|           3|
    |empty_fu_703_p2           |         -|   0|  0|  14|           7|           7|
    |p_mid1_fu_768_p2          |         -|   0|  0|  14|           7|           7|
    |icmp_ln158_fu_709_p2      |      icmp|   0|  0|  13|           6|           6|
    |icmp_ln159_fu_724_p2      |      icmp|   0|  0|  10|           3|           3|
    |select_ln158_1_fu_774_p3  |    select|   0|  0|   7|           1|           7|
    |select_ln158_2_fu_786_p3  |    select|   0|  0|   3|           1|           3|
    |select_ln158_fu_730_p3    |    select|   0|  0|   3|           1|           1|
    |ap_enable_pp0             |       xor|   0|  0|   2|           1|           2|
    +--------------------------+----------+----+---+----+------------+------------+
    |Total                     |          |   0|  0| 135|          53|          52|
    +--------------------------+----------+----+---+----+------------+------------+

    * Multiplexer: 
    +--------------------------------------+----+-----------+-----+-----------+
    |                 Name                 | LUT| Input Size| Bits| Total Bits|
    +--------------------------------------+----+-----------+-----+-----------+
    |ap_done_int                           |   9|          2|    1|          2|
    |ap_enable_reg_pp0_iter1               |   9|          2|    1|          2|
    |ap_sig_allocacmp_i                    |   9|          2|    3|          6|
    |ap_sig_allocacmp_indvar_flatten_load  |   9|          2|    6|         12|
    |ap_sig_allocacmp_j_load               |   9|          2|    3|          6|
    |i_2_fu_150                            |   9|          2|    3|          6|
    |indvar_flatten_fu_154                 |   9|          2|    6|         12|
    |j_fu_146                              |   9|          2|    3|          6|
    +--------------------------------------+----+-----------+-----+-----------+
    |Total                                 |  72|         16|   26|         52|
    +--------------------------------------+----+-----------+-----+-----------+

    * Register: 
    +-------------------------+----+----+-----+-----------+
    |           Name          | FF | LUT| Bits| Const Bits|
    +-------------------------+----+----+-----+-----------+
    |P_10_fu_198              |  32|   0|   32|          0|
    |P_11_fu_202              |  32|   0|   32|          0|
    |P_12_fu_206              |  32|   0|   32|          0|
    |P_13_fu_210              |  32|   0|   32|          0|
    |P_14_fu_214              |  32|   0|   32|          0|
    |P_15_fu_218              |  32|   0|   32|          0|
    |P_16_fu_222              |  32|   0|   32|          0|
    |P_17_fu_226              |  32|   0|   32|          0|
    |P_18_fu_230              |  32|   0|   32|          0|
    |P_19_fu_234              |  32|   0|   32|          0|
    |P_1_fu_162               |  32|   0|   32|          0|
    |P_20_fu_238              |  32|   0|   32|          0|
    |P_21_fu_242              |  32|   0|   32|          0|
    |P_22_fu_246              |  32|   0|   32|          0|
    |P_23_fu_250              |  32|   0|   32|          0|
    |P_24_fu_254              |  32|   0|   32|          0|
    |P_25_fu_258              |  32|   0|   32|          0|
    |P_26_fu_262              |  32|   0|   32|          0|
    |P_27_fu_266              |  32|   0|   32|          0|
    |P_28_fu_270              |  32|   0|   32|          0|
    |P_29_fu_274              |  32|   0|   32|          0|
    |P_2_fu_166               |  32|   0|   32|          0|
    |P_30_fu_278              |  32|   0|   32|          0|
    |P_31_fu_282              |  32|   0|   32|          0|
    |P_32_fu_286              |  32|   0|   32|          0|
    |P_33_fu_290              |  32|   0|   32|          0|
    |P_34_fu_294              |  32|   0|   32|          0|
    |P_35_fu_298              |  32|   0|   32|          0|
    |P_3_fu_170               |  32|   0|   32|          0|
    |P_4_fu_174               |  32|   0|   32|          0|
    |P_5_fu_178               |  32|   0|   32|          0|
    |P_6_fu_182               |  32|   0|   32|          0|
    |P_7_fu_186               |  32|   0|   32|          0|
    |P_8_fu_190               |  32|   0|   32|          0|
    |P_9_fu_194               |  32|   0|   32|          0|
    |P_fu_158                 |  32|   0|   32|          0|
    |add_ln159_reg_1456       |   3|   0|    3|          0|
    |ap_CS_fsm                |   1|   0|    1|          0|
    |ap_done_reg              |   1|   0|    1|          0|
    |ap_enable_reg_pp0_iter1  |   1|   0|    1|          0|
    |i_2_fu_150               |   3|   0|    3|          0|
    |indvar_flatten_fu_154    |   6|   0|    6|          0|
    |j_fu_146                 |   3|   0|    3|          0|
    |select_ln158_2_reg_1452  |   3|   0|    3|          0|
    |select_ln158_reg_1448    |   3|   0|    3|          0|
    +-------------------------+----+----+-----+-----------+
    |Total                    |1176|   0| 1176|          0|
    +-------------------------+----+----+-----+-----------+



================================================================
== Interface
================================================================
* Summary: 
+------------------+-----+-----+------------+------------------------------------------------------+--------------+
|     RTL Ports    | Dir | Bits|  Protocol  |                     Source Object                    |    C Type    |
+------------------+-----+-----+------------+------------------------------------------------------+--------------+
|ap_clk            |   in|    1|  ap_ctrl_hs|  ekf_batch_Pipeline_VITIS_LOOP_158_5_VITIS_LOOP_159_6|  return value|
|ap_rst            |   in|    1|  ap_ctrl_hs|  ekf_batch_Pipeline_VITIS_LOOP_158_5_VITIS_LOOP_159_6|  return value|
|ap_start          |   in|    1|  ap_ctrl_hs|  ekf_batch_Pipeline_VITIS_LOOP_158_5_VITIS_LOOP_159_6|  return value|
|ap_done           |  out|    1|  ap_ctrl_hs|  ekf_batch_Pipeline_VITIS_LOOP_158_5_VITIS_LOOP_159_6|  return value|
|ap_idle           |  out|    1|  ap_ctrl_hs|  ekf_batch_Pipeline_VITIS_LOOP_158_5_VITIS_LOOP_159_6|  return value|
|ap_ready          |  out|    1|  ap_ctrl_hs|  ekf_batch_Pipeline_VITIS_LOOP_158_5_VITIS_LOOP_159_6|  return value|
|local_address0    |  out|    4|   ap_memory|                                                 local|         array|
|local_ce0         |  out|    1|   ap_memory|                                                 local|         array|
|local_q0          |   in|   32|   ap_memory|                                                 local|         array|
|local_1_address0  |  out|    4|   ap_memory|                                               local_1|         array|
|local_1_ce0       |  out|    1|   ap_memory|                                               local_1|         array|
|local_1_q0        |   in|   32|   ap_memory|                                               local_1|         array|
|local_2_address0  |  out|    4|   ap_memory|                                               local_2|         array|
|local_2_ce0       |  out|    1|   ap_memory|                                               local_2|         array|
|local_2_q0        |   in|   32|   ap_memory|                                               local_2|         array|
|local_3_address0  |  out|    4|   ap_memory|                                               local_3|         array|
|local_3_ce0       |  out|    1|   ap_memory|                                               local_3|         array|
|local_3_q0        |   in|   32|   ap_memory|                                               local_3|         array|
|local_4_address0  |  out|    4|   ap_memory|                                               local_4|         array|
|local_4_ce0       |  out|    1|   ap_memory|                                               local_4|         array|
|local_4_q0        |   in|   32|   ap_memory|                                               local_4|         array|
|local_5_address0  |  out|    4|   ap_memory|                                               local_5|         array|
|local_5_ce0       |  out|    1|   ap_memory|                                               local_5|         array|
|local_5_q0        |   in|   32|   ap_memory|                                               local_5|         array|
|local_6_address0  |  out|    4|   ap_memory|                                               local_6|         array|
|local_6_ce0       |  out|    1|   ap_memory|                                               local_6|         array|
|local_6_q0        |   in|   32|   ap_memory|                                               local_6|         array|
|local_7_address0  |  out|    4|   ap_memory|                                               local_7|         array|
|local_7_ce0       |  out|    1|   ap_memory|                                               local_7|         array|
|local_7_q0        |   in|   32|   ap_memory|                                               local_7|         array|
|P_35_out          |  out|   32|      ap_vld|                                              P_35_out|       pointer|
|P_35_out_ap_vld   |  out|    1|      ap_vld|                                              P_35_out|       pointer|
|P_34_out          |  out|   32|      ap_vld|                                              P_34_out|       pointer|
|P_34_out_ap_vld   |  out|    1|      ap_vld|                                              P_34_out|       pointer|
|P_33_out          |  out|   32|      ap_vld|                                              P_33_out|       pointer|
|P_33_out_ap_vld   |  out|    1|      ap_vld|                                              P_33_out|       pointer|
|P_32_out          |  out|   32|      ap_vld|                                              P_32_out|       pointer|
|P_32_out_ap_vld   |  out|    1|      ap_vld|                                              P_32_out|       pointer|
|P_31_out          |  out|   32|      ap_vld|                                              P_31_out|       pointer|
|P_31_out_ap_vld   |  out|    1|      ap_vld|                                              P_31_out|       pointer|
|P_30_out          |  out|   32|      ap_vld|                                              P_30_out|       pointer|
|P_30_out_ap_vld   |  out|    1|      ap_vld|                                              P_30_out|       pointer|
|P_29_out          |  out|   32|      ap_vld|                                              P_29_out|       pointer|
|P_29_out_ap_vld   |  out|    1|      ap_vld|                                              P_29_out|       pointer|
|P_28_out          |  out|   32|      ap_vld|                                              P_28_out|       pointer|
|P_28_out_ap_vld   |  out|    1|      ap_vld|                                              P_28_out|       pointer|
|P_27_out          |  out|   32|      ap_vld|                                              P_27_out|       pointer|
|P_27_out_ap_vld   |  out|    1|      ap_vld|                                              P_27_out|       pointer|
|P_26_out          |  out|   32|      ap_vld|                                              P_26_out|       pointer|
|P_26_out_ap_vld   |  out|    1|      ap_vld|                                              P_26_out|       pointer|
|P_25_out          |  out|   32|      ap_vld|                                              P_25_out|       pointer|
|P_25_out_ap_vld   |  out|    1|      ap_vld|                                              P_25_out|       pointer|
|P_24_out          |  out|   32|      ap_vld|                                              P_24_out|       pointer|
|P_24_out_ap_vld   |  out|    1|      ap_vld|                                              P_24_out|       pointer|
|P_23_out          |  out|   32|      ap_vld|                                              P_23_out|       pointer|
|P_23_out_ap_vld   |  out|    1|      ap_vld|                                              P_23_out|       pointer|
|P_22_out          |  out|   32|      ap_vld|                                              P_22_out|       pointer|
|P_22_out_ap_vld   |  out|    1|      ap_vld|                                              P_22_out|       pointer|
|P_21_out          |  out|   32|      ap_vld|                                              P_21_out|       pointer|
|P_21_out_ap_vld   |  out|    1|      ap_vld|                                              P_21_out|       pointer|
|P_20_out          |  out|   32|      ap_vld|                                              P_20_out|       pointer|
|P_20_out_ap_vld   |  out|    1|      ap_vld|                                              P_20_out|       pointer|
|P_19_out          |  out|   32|      ap_vld|                                              P_19_out|       pointer|
|P_19_out_ap_vld   |  out|    1|      ap_vld|                                              P_19_out|       pointer|
|P_18_out          |  out|   32|      ap_vld|                                              P_18_out|       pointer|
|P_18_out_ap_vld   |  out|    1|      ap_vld|                                              P_18_out|       pointer|
|P_17_out          |  out|   32|      ap_vld|                                              P_17_out|       pointer|
|P_17_out_ap_vld   |  out|    1|      ap_vld|                                              P_17_out|       pointer|
|P_16_out          |  out|   32|      ap_vld|                                              P_16_out|       pointer|
|P_16_out_ap_vld   |  out|    1|      ap_vld|                                              P_16_out|       pointer|
|P_15_out          |  out|   32|      ap_vld|                                              P_15_out|       pointer|
|P_15_out_ap_vld   |  out|    1|      ap_vld|                                              P_15_out|       pointer|
|P_14_out          |  out|   32|      ap_vld|                                              P_14_out|       pointer|
|P_14_out_ap_vld   |  out|    1|      ap_vld|                                              P_14_out|       pointer|
|P_13_out          |  out|   32|      ap_vld|                                              P_13_out|       pointer|
|P_13_out_ap_vld   |  out|    1|      ap_vld|                                              P_13_out|       pointer|
|P_12_out          |  out|   32|      ap_vld|                                              P_12_out|       pointer|
|P_12_out_ap_vld   |  out|    1|      ap_vld|                                              P_12_out|       pointer|
|P_11_out          |  out|   32|      ap_vld|                                              P_11_out|       pointer|
|P_11_out_ap_vld   |  out|    1|      ap_vld|                                              P_11_out|       pointer|
|P_10_out          |  out|   32|      ap_vld|                                              P_10_out|       pointer|
|P_10_out_ap_vld   |  out|    1|      ap_vld|                                              P_10_out|       pointer|
|P_9_out           |  out|   32|      ap_vld|                                               P_9_out|       pointer|
|P_9_out_ap_vld    |  out|    1|      ap_vld|                                               P_9_out|       pointer|
|P_8_out           |  out|   32|      ap_vld|                                               P_8_out|       pointer|
|P_8_out_ap_vld    |  out|    1|      ap_vld|                                               P_8_out|       pointer|
|P_7_out           |  out|   32|      ap_vld|                                               P_7_out|       pointer|
|P_7_out_ap_vld    |  out|    1|      ap_vld|                                               P_7_out|       pointer|
|P_6_out           |  out|   32|      ap_vld|                                               P_6_out|       pointer|
|P_6_out_ap_vld    |  out|    1|      ap_vld|                                               P_6_out|       pointer|
|P_5_out           |  out|   32|      ap_vld|                                               P_5_out|       pointer|
|P_5_out_ap_vld    |  out|    1|      ap_vld|                                               P_5_out|       pointer|
|P_4_out           |  out|   32|      ap_vld|                                               P_4_out|       pointer|
|P_4_out_ap_vld    |  out|    1|      ap_vld|                                               P_4_out|       pointer|
|P_3_out           |  out|   32|      ap_vld|                                               P_3_out|       pointer|
|P_3_out_ap_vld    |  out|    1|      ap_vld|                                               P_3_out|       pointer|
|P_2_out           |  out|   32|      ap_vld|                                               P_2_out|       pointer|
|P_2_out_ap_vld    |  out|    1|      ap_vld|                                               P_2_out|       pointer|
|P_1_out           |  out|   32|      ap_vld|                                               P_1_out|       pointer|
|P_1_out_ap_vld    |  out|    1|      ap_vld|                                               P_1_out|       pointer|
|P_out             |  out|   32|      ap_vld|                                                 P_out|       pointer|
|P_out_ap_vld      |  out|    1|      ap_vld|                                                 P_out|       pointer|
+------------------+-----+-----+------------+------------------------------------------------------+--------------+

