

================================================================
== Vitis HLS Report for 'ekf_batch_Pipeline_VITIS_LOOP_17_1_VITIS_LOOP_18_22'
================================================================
* Date:           Thu Sep  3 12:11:38 2026

* Version:        2023.1 (Build 3854077 on May  4 2023)
* Project:        EKF
* Solution:       solution1 (Vivado IP Flow Target)
* Product family: zynquplus
* Target device:  xczu9eg-ffvb1156-2-e


================================================================
== Performance Estimates
================================================================
+ Timing: 
    * Summary: 
    +--------+----------+----------+------------+
    |  Clock |  Target  | Estimated| Uncertainty|
    +--------+----------+----------+------------+
    |ap_clk  |  10.00 ns|  7.016 ns|     2.70 ns|
    +--------+----------+----------+------------+

+ Latency: 
    * Summary: 
    +---------+---------+----------+----------+-----+-----+---------+
    |  Latency (cycles) |  Latency (absolute) |  Interval | Pipeline|
    |   min   |   max   |    min   |    max   | min | max |   Type  |
    +---------+---------+----------+----------+-----+-----+---------+
    |       64|       64|  0.640 us|  0.640 us|   64|   64|       no|
    +---------+---------+----------+----------+-----+-----+---------+

    + Detail: 
        * Instance: 
        N/A

        * Loop: 
        +-----------------------------------+---------+---------+----------+-----------+-----------+------+----------+
        |                                   |  Latency (cycles) | Iteration|  Initiation Interval  | Trip |          |
        |             Loop Name             |   min   |   max   |  Latency |  achieved |   target  | Count| Pipelined|
        +-----------------------------------+---------+---------+----------+-----------+-----------+------+----------+
        |- VITIS_LOOP_17_1_VITIS_LOOP_18_2  |       62|       62|        28|          1|          1|    36|       yes|
        +-----------------------------------+---------+---------+----------+-----------+-----------+------+----------+



================================================================
== Utilization Estimates
================================================================
* Summary: 
+-----------------+---------+------+--------+--------+-----+
|       Name      | BRAM_18K|  DSP |   FF   |   LUT  | URAM|
+-----------------+---------+------+--------+--------+-----+
|DSP              |        -|     -|       -|       -|    -|
|Expression       |        -|     -|       0|     256|    -|
|FIFO             |        -|     -|       -|       -|    -|
|Instance         |        -|     -|       0|     558|    -|
|Memory           |        -|     -|       -|       -|    -|
|Multiplexer      |        -|     -|       -|      72|    -|
|Register         |        -|     -|    2353|     192|    -|
+-----------------+---------+------+--------+--------+-----+
|Total            |        0|     0|    2353|    1078|    0|
+-----------------+---------+------+--------+--------+-----+
|Available        |     1824|  2520|  548160|  274080|    0|
+-----------------+---------+------+--------+--------+-----+
|Utilization (%)  |        0|     0|      ~0|      ~0|    0|
+-----------------+---------+------+--------+--------+-----+

+ Detail: 
    * Instance: 
    +---------------------+----------------+---------+----+---+----+-----+
    |       Instance      |     Module     | BRAM_18K| DSP| FF| LUT| URAM|
    +---------------------+----------------+---------+----+---+----+-----+
    |mux_6_3_32_1_1_U892  |mux_6_3_32_1_1  |        0|   0|  0|  31|    0|
    |mux_6_3_32_1_1_U893  |mux_6_3_32_1_1  |        0|   0|  0|  31|    0|
    |mux_6_3_32_1_1_U894  |mux_6_3_32_1_1  |        0|   0|  0|  31|    0|
    |mux_6_3_32_1_1_U895  |mux_6_3_32_1_1  |        0|   0|  0|  31|    0|
    |mux_6_3_32_1_1_U896  |mux_6_3_32_1_1  |        0|   0|  0|  31|    0|
    |mux_6_3_32_1_1_U897  |mux_6_3_32_1_1  |        0|   0|  0|  31|    0|
    |mux_6_3_32_1_1_U898  |mux_6_3_32_1_1  |        0|   0|  0|  31|    0|
    |mux_6_3_32_1_1_U899  |mux_6_3_32_1_1  |        0|   0|  0|  31|    0|
    |mux_6_3_32_1_1_U900  |mux_6_3_32_1_1  |        0|   0|  0|  31|    0|
    |mux_6_3_32_1_1_U901  |mux_6_3_32_1_1  |        0|   0|  0|  31|    0|
    |mux_6_3_32_1_1_U902  |mux_6_3_32_1_1  |        0|   0|  0|  31|    0|
    |mux_6_3_32_1_1_U903  |mux_6_3_32_1_1  |        0|   0|  0|  31|    0|
    |mux_6_3_32_1_1_U904  |mux_6_3_32_1_1  |        0|   0|  0|  31|    0|
    |mux_6_3_32_1_1_U905  |mux_6_3_32_1_1  |        0|   0|  0|  31|    0|
    |mux_6_3_32_1_1_U906  |mux_6_3_32_1_1  |        0|   0|  0|  31|    0|
    |mux_6_3_32_1_1_U907  |mux_6_3_32_1_1  |        0|   0|  0|  31|    0|
    |mux_6_3_32_1_1_U908  |mux_6_3_32_1_1  |        0|   0|  0|  31|    0|
    |mux_6_3_32_1_1_U909  |mux_6_3_32_1_1  |        0|   0|  0|  31|    0|
    +---------------------+----------------+---------+----+---+----+-----+
    |Total                |                |        0|   0|  0| 558|    0|
    +---------------------+----------------+---------+----+---+----+-----+

    * DSP: 
    N/A

    * Memory: 
    N/A

    * FIFO: 
    N/A

    * Expression: 
    +---------------------------+----------+----+---+----+------------+------------+
    |       Variable Name       | Operation| DSP| FF| LUT| Bitwidth P0| Bitwidth P1|
    +---------------------------+----------+----+---+----+------------+------------+
    |add_ln17_2_fu_1199_p2      |         +|   0|  0|  10|           3|           1|
    |add_ln17_fu_1173_p2        |         +|   0|  0|  13|           6|           1|
    |add_ln18_fu_1275_p2        |         +|   0|  0|  10|           3|           1|
    |icmp_ln17_fu_1167_p2       |      icmp|   0|  0|  13|           6|           6|
    |icmp_ln18_fu_1185_p2       |      icmp|   0|  0|  10|           3|           3|
    |select_ln17_10_fu_1358_p3  |    select|   0|  0|  32|           1|          32|
    |select_ln17_11_fu_1398_p3  |    select|   0|  0|  32|           1|          32|
    |select_ln17_12_fu_1438_p3  |    select|   0|  0|  32|           1|          32|
    |select_ln17_13_fu_1478_p3  |    select|   0|  0|  32|           1|          32|
    |select_ln17_14_fu_1249_p3  |    select|   0|  0|   3|           1|           3|
    |select_ln17_8_fu_1241_p3   |    select|   0|  0|  32|           1|          32|
    |select_ln17_9_fu_1318_p3   |    select|   0|  0|  32|           1|          32|
    |select_ln17_fu_1191_p3     |    select|   0|  0|   3|           1|           1|
    |ap_enable_pp0              |       xor|   0|  0|   2|           1|           2|
    +---------------------------+----------+----+---+----+------------+------------+
    |Total                      |          |   0|  0| 256|          30|         210|
    +---------------------------+----------+----+---+----+------------+------------+

    * Multiplexer: 
    +----------------------------------------+----+-----------+-----+-----------+
    |                  Name                  | LUT| Input Size| Bits| Total Bits|
    +----------------------------------------+----+-----------+-----+-----------+
    |ap_done_int                             |   9|          2|    1|          2|
    |ap_enable_reg_pp0_iter1                 |   9|          2|    1|          2|
    |ap_sig_allocacmp_i_load                 |   9|          2|    3|          6|
    |ap_sig_allocacmp_indvar_flatten34_load  |   9|          2|    6|         12|
    |ap_sig_allocacmp_j_load                 |   9|          2|    3|          6|
    |i_fu_264                                |   9|          2|    3|          6|
    |indvar_flatten34_fu_268                 |   9|          2|    6|         12|
    |j_fu_260                                |   9|          2|    3|          6|
    +----------------------------------------+----+-----------+-----+-----------+
    |Total                                   |  72|         16|   26|         52|
    +----------------------------------------+----+-----------+-----+-----------+

    * Register: 
    +-----------------------------------+----+----+-----+-----------+
    |                Name               | FF | LUT| Bits| Const Bits|
    +-----------------------------------+----+----+-----+-----------+
    |acc_54_fu_276                      |  32|   0|   32|          0|
    |acc_55_fu_280                      |  32|   0|   32|          0|
    |acc_56_fu_284                      |  32|   0|   32|          0|
    |acc_57_fu_288                      |  32|   0|   32|          0|
    |acc_58_fu_292                      |  32|   0|   32|          0|
    |acc_59_fu_296                      |  32|   0|   32|          0|
    |acc_60_fu_300                      |  32|   0|   32|          0|
    |acc_61_fu_304                      |  32|   0|   32|          0|
    |acc_62_fu_308                      |  32|   0|   32|          0|
    |acc_63_fu_312                      |  32|   0|   32|          0|
    |acc_64_fu_316                      |  32|   0|   32|          0|
    |acc_65_fu_320                      |  32|   0|   32|          0|
    |acc_66_fu_324                      |  32|   0|   32|          0|
    |acc_67_fu_328                      |  32|   0|   32|          0|
    |acc_68_fu_332                      |  32|   0|   32|          0|
    |acc_69_fu_336                      |  32|   0|   32|          0|
    |acc_70_fu_340                      |  32|   0|   32|          0|
    |acc_71_fu_344                      |  32|   0|   32|          0|
    |acc_72_fu_348                      |  32|   0|   32|          0|
    |acc_73_fu_352                      |  32|   0|   32|          0|
    |acc_74_fu_356                      |  32|   0|   32|          0|
    |acc_75_fu_360                      |  32|   0|   32|          0|
    |acc_76_fu_364                      |  32|   0|   32|          0|
    |acc_77_fu_368                      |  32|   0|   32|          0|
    |acc_78_fu_372                      |  32|   0|   32|          0|
    |acc_79_fu_376                      |  32|   0|   32|          0|
    |acc_80_fu_380                      |  32|   0|   32|          0|
    |acc_81_fu_384                      |  32|   0|   32|          0|
    |acc_82_fu_388                      |  32|   0|   32|          0|
    |acc_83_fu_392                      |  32|   0|   32|          0|
    |acc_84_fu_396                      |  32|   0|   32|          0|
    |acc_85_fu_400                      |  32|   0|   32|          0|
    |acc_86_fu_404                      |  32|   0|   32|          0|
    |acc_87_fu_408                      |  32|   0|   32|          0|
    |acc_88_fu_412                      |  32|   0|   32|          0|
    |acc_89_reg_2456                    |  32|   0|   32|          0|
    |acc_90_reg_2476                    |  32|   0|   32|          0|
    |acc_91_reg_2496                    |  32|   0|   32|          0|
    |acc_92_reg_2516                    |  32|   0|   32|          0|
    |acc_93_reg_2536                    |  32|   0|   32|          0|
    |acc_fu_272                         |  32|   0|   32|          0|
    |add_ln17_2_reg_2418                |   3|   0|    3|          0|
    |ap_CS_fsm                          |   1|   0|    1|          0|
    |ap_done_reg                        |   1|   0|    1|          0|
    |ap_enable_reg_pp0_iter1            |   1|   0|    1|          0|
    |ap_enable_reg_pp0_iter10           |   1|   0|    1|          0|
    |ap_enable_reg_pp0_iter11           |   1|   0|    1|          0|
    |ap_enable_reg_pp0_iter12           |   1|   0|    1|          0|
    |ap_enable_reg_pp0_iter13           |   1|   0|    1|          0|
    |ap_enable_reg_pp0_iter14           |   1|   0|    1|          0|
    |ap_enable_reg_pp0_iter15           |   1|   0|    1|          0|
    |ap_enable_reg_pp0_iter16           |   1|   0|    1|          0|
    |ap_enable_reg_pp0_iter17           |   1|   0|    1|          0|
    |ap_enable_reg_pp0_iter18           |   1|   0|    1|          0|
    |ap_enable_reg_pp0_iter19           |   1|   0|    1|          0|
    |ap_enable_reg_pp0_iter2            |   1|   0|    1|          0|
    |ap_enable_reg_pp0_iter20           |   1|   0|    1|          0|
    |ap_enable_reg_pp0_iter21           |   1|   0|    1|          0|
    |ap_enable_reg_pp0_iter22           |   1|   0|    1|          0|
    |ap_enable_reg_pp0_iter23           |   1|   0|    1|          0|
    |ap_enable_reg_pp0_iter24           |   1|   0|    1|          0|
    |ap_enable_reg_pp0_iter25           |   1|   0|    1|          0|
    |ap_enable_reg_pp0_iter26           |   1|   0|    1|          0|
    |ap_enable_reg_pp0_iter27           |   1|   0|    1|          0|
    |ap_enable_reg_pp0_iter3            |   1|   0|    1|          0|
    |ap_enable_reg_pp0_iter4            |   1|   0|    1|          0|
    |ap_enable_reg_pp0_iter5            |   1|   0|    1|          0|
    |ap_enable_reg_pp0_iter6            |   1|   0|    1|          0|
    |ap_enable_reg_pp0_iter7            |   1|   0|    1|          0|
    |ap_enable_reg_pp0_iter8            |   1|   0|    1|          0|
    |ap_enable_reg_pp0_iter9            |   1|   0|    1|          0|
    |ap_loop_exit_ready_pp0_iter10_reg  |   1|   0|    1|          0|
    |ap_loop_exit_ready_pp0_iter11_reg  |   1|   0|    1|          0|
    |ap_loop_exit_ready_pp0_iter12_reg  |   1|   0|    1|          0|
    |ap_loop_exit_ready_pp0_iter13_reg  |   1|   0|    1|          0|
    |ap_loop_exit_ready_pp0_iter14_reg  |   1|   0|    1|          0|
    |ap_loop_exit_ready_pp0_iter15_reg  |   1|   0|    1|          0|
    |ap_loop_exit_ready_pp0_iter16_reg  |   1|   0|    1|          0|
    |ap_loop_exit_ready_pp0_iter17_reg  |   1|   0|    1|          0|
    |ap_loop_exit_ready_pp0_iter18_reg  |   1|   0|    1|          0|
    |ap_loop_exit_ready_pp0_iter19_reg  |   1|   0|    1|          0|
    |ap_loop_exit_ready_pp0_iter1_reg   |   1|   0|    1|          0|
    |ap_loop_exit_ready_pp0_iter20_reg  |   1|   0|    1|          0|
    |ap_loop_exit_ready_pp0_iter21_reg  |   1|   0|    1|          0|
    |ap_loop_exit_ready_pp0_iter22_reg  |   1|   0|    1|          0|
    |ap_loop_exit_ready_pp0_iter23_reg  |   1|   0|    1|          0|
    |ap_loop_exit_ready_pp0_iter24_reg  |   1|   0|    1|          0|
    |ap_loop_exit_ready_pp0_iter25_reg  |   1|   0|    1|          0|
    |ap_loop_exit_ready_pp0_iter26_reg  |   1|   0|    1|          0|
    |ap_loop_exit_ready_pp0_iter2_reg   |   1|   0|    1|          0|
    |ap_loop_exit_ready_pp0_iter3_reg   |   1|   0|    1|          0|
    |ap_loop_exit_ready_pp0_iter4_reg   |   1|   0|    1|          0|
    |ap_loop_exit_ready_pp0_iter5_reg   |   1|   0|    1|          0|
    |ap_loop_exit_ready_pp0_iter6_reg   |   1|   0|    1|          0|
    |ap_loop_exit_ready_pp0_iter7_reg   |   1|   0|    1|          0|
    |ap_loop_exit_ready_pp0_iter8_reg   |   1|   0|    1|          0|
    |ap_loop_exit_ready_pp0_iter9_reg   |   1|   0|    1|          0|
    |i_fu_264                           |   3|   0|    3|          0|
    |i_load_reg_2391                    |   3|   0|    3|          0|
    |icmp_ln17_reg_2387                 |   1|   0|    1|          0|
    |icmp_ln18_reg_2400                 |   1|   0|    1|          0|
    |indvar_flatten34_fu_268            |   6|   0|    6|          0|
    |j_fu_260                           |   3|   0|    3|          0|
    |mul_i_i1_reg_2441                  |  32|   0|   32|          0|
    |mul_i_i44_1_reg_2461               |  32|   0|   32|          0|
    |mul_i_i44_2_reg_2481               |  32|   0|   32|          0|
    |mul_i_i44_3_reg_2501               |  32|   0|   32|          0|
    |mul_i_i44_4_reg_2521               |  32|   0|   32|          0|
    |mul_i_i44_5_reg_2541               |  32|   0|   32|          0|
    |select_ln17_10_reg_2466            |  32|   0|   32|          0|
    |select_ln17_11_reg_2486            |  32|   0|   32|          0|
    |select_ln17_12_reg_2506            |  32|   0|   32|          0|
    |select_ln17_13_reg_2526            |  32|   0|   32|          0|
    |select_ln17_14_reg_2432            |   3|   0|    3|          0|
    |select_ln17_8_reg_2427             |  32|   0|   32|          0|
    |select_ln17_9_reg_2446             |  32|   0|   32|          0|
    |select_ln17_reg_2409               |   3|   0|    3|          0|
    |tmp_36_reg_2436                    |  32|   0|   32|          0|
    |tmp_37_reg_2451                    |  32|   0|   32|          0|
    |tmp_38_reg_2471                    |  32|   0|   32|          0|
    |tmp_39_reg_2491                    |  32|   0|   32|          0|
    |tmp_40_reg_2511                    |  32|   0|   32|          0|
    |tmp_41_reg_2531                    |  32|   0|   32|          0|
    |add_ln17_2_reg_2418                |  64|  32|    3|          0|
    |i_load_reg_2391                    |  64|  32|    3|          0|
    |icmp_ln17_reg_2387                 |  64|  32|    1|          0|
    |icmp_ln18_reg_2400                 |  64|  32|    1|          0|
    |select_ln17_14_reg_2432            |  64|  32|    3|          0|
    |select_ln17_reg_2409               |  64|  32|    3|          0|
    +-----------------------------------+----+----+-----+-----------+
    |Total                              |2353| 192| 1983|          0|
    +-----------------------------------+----+----+-----+-----------+



================================================================
== Interface
================================================================
* Summary: 
+-------------------------------+-----+-----+------------+-----------------------------------------------------+--------------+
|           RTL Ports           | Dir | Bits|  Protocol  |                    Source Object                    |    C Type    |
+-------------------------------+-----+-----+------------+-----------------------------------------------------+--------------+
|ap_clk                         |   in|    1|  ap_ctrl_hs|  ekf_batch_Pipeline_VITIS_LOOP_17_1_VITIS_LOOP_18_22|  return value|
|ap_rst                         |   in|    1|  ap_ctrl_hs|  ekf_batch_Pipeline_VITIS_LOOP_17_1_VITIS_LOOP_18_22|  return value|
|ap_start                       |   in|    1|  ap_ctrl_hs|  ekf_batch_Pipeline_VITIS_LOOP_17_1_VITIS_LOOP_18_22|  return value|
|ap_done                        |  out|    1|  ap_ctrl_hs|  ekf_batch_Pipeline_VITIS_LOOP_17_1_VITIS_LOOP_18_22|  return value|
|ap_idle                        |  out|    1|  ap_ctrl_hs|  ekf_batch_Pipeline_VITIS_LOOP_17_1_VITIS_LOOP_18_22|  return value|
|ap_ready                       |  out|    1|  ap_ctrl_hs|  ekf_batch_Pipeline_VITIS_LOOP_17_1_VITIS_LOOP_18_22|  return value|
|grp_fu_12431_p_din0            |  out|   32|  ap_ctrl_hs|  ekf_batch_Pipeline_VITIS_LOOP_17_1_VITIS_LOOP_18_22|  return value|
|grp_fu_12431_p_din1            |  out|   32|  ap_ctrl_hs|  ekf_batch_Pipeline_VITIS_LOOP_17_1_VITIS_LOOP_18_22|  return value|
|grp_fu_12431_p_opcode          |  out|    2|  ap_ctrl_hs|  ekf_batch_Pipeline_VITIS_LOOP_17_1_VITIS_LOOP_18_22|  return value|
|grp_fu_12431_p_dout0           |   in|   32|  ap_ctrl_hs|  ekf_batch_Pipeline_VITIS_LOOP_17_1_VITIS_LOOP_18_22|  return value|
|grp_fu_12431_p_ce              |  out|    1|  ap_ctrl_hs|  ekf_batch_Pipeline_VITIS_LOOP_17_1_VITIS_LOOP_18_22|  return value|
|grp_fu_19351_p_din0            |  out|   32|  ap_ctrl_hs|  ekf_batch_Pipeline_VITIS_LOOP_17_1_VITIS_LOOP_18_22|  return value|
|grp_fu_19351_p_din1            |  out|   32|  ap_ctrl_hs|  ekf_batch_Pipeline_VITIS_LOOP_17_1_VITIS_LOOP_18_22|  return value|
|grp_fu_19351_p_opcode          |  out|    1|  ap_ctrl_hs|  ekf_batch_Pipeline_VITIS_LOOP_17_1_VITIS_LOOP_18_22|  return value|
|grp_fu_19351_p_dout0           |   in|   32|  ap_ctrl_hs|  ekf_batch_Pipeline_VITIS_LOOP_17_1_VITIS_LOOP_18_22|  return value|
|grp_fu_19351_p_ce              |  out|    1|  ap_ctrl_hs|  ekf_batch_Pipeline_VITIS_LOOP_17_1_VITIS_LOOP_18_22|  return value|
|grp_fu_19355_p_din0            |  out|   32|  ap_ctrl_hs|  ekf_batch_Pipeline_VITIS_LOOP_17_1_VITIS_LOOP_18_22|  return value|
|grp_fu_19355_p_din1            |  out|   32|  ap_ctrl_hs|  ekf_batch_Pipeline_VITIS_LOOP_17_1_VITIS_LOOP_18_22|  return value|
|grp_fu_19355_p_opcode          |  out|    1|  ap_ctrl_hs|  ekf_batch_Pipeline_VITIS_LOOP_17_1_VITIS_LOOP_18_22|  return value|
|grp_fu_19355_p_dout0           |   in|   32|  ap_ctrl_hs|  ekf_batch_Pipeline_VITIS_LOOP_17_1_VITIS_LOOP_18_22|  return value|
|grp_fu_19355_p_ce              |  out|    1|  ap_ctrl_hs|  ekf_batch_Pipeline_VITIS_LOOP_17_1_VITIS_LOOP_18_22|  return value|
|grp_fu_19359_p_din0            |  out|   32|  ap_ctrl_hs|  ekf_batch_Pipeline_VITIS_LOOP_17_1_VITIS_LOOP_18_22|  return value|
|grp_fu_19359_p_din1            |  out|   32|  ap_ctrl_hs|  ekf_batch_Pipeline_VITIS_LOOP_17_1_VITIS_LOOP_18_22|  return value|
|grp_fu_19359_p_opcode          |  out|    1|  ap_ctrl_hs|  ekf_batch_Pipeline_VITIS_LOOP_17_1_VITIS_LOOP_18_22|  return value|
|grp_fu_19359_p_dout0           |   in|   32|  ap_ctrl_hs|  ekf_batch_Pipeline_VITIS_LOOP_17_1_VITIS_LOOP_18_22|  return value|
|grp_fu_19359_p_ce              |  out|    1|  ap_ctrl_hs|  ekf_batch_Pipeline_VITIS_LOOP_17_1_VITIS_LOOP_18_22|  return value|
|grp_fu_19363_p_din0            |  out|   32|  ap_ctrl_hs|  ekf_batch_Pipeline_VITIS_LOOP_17_1_VITIS_LOOP_18_22|  return value|
|grp_fu_19363_p_din1            |  out|   32|  ap_ctrl_hs|  ekf_batch_Pipeline_VITIS_LOOP_17_1_VITIS_LOOP_18_22|  return value|
|grp_fu_19363_p_opcode          |  out|    1|  ap_ctrl_hs|  ekf_batch_Pipeline_VITIS_LOOP_17_1_VITIS_LOOP_18_22|  return value|
|grp_fu_19363_p_dout0           |   in|   32|  ap_ctrl_hs|  ekf_batch_Pipeline_VITIS_LOOP_17_1_VITIS_LOOP_18_22|  return value|
|grp_fu_19363_p_ce              |  out|    1|  ap_ctrl_hs|  ekf_batch_Pipeline_VITIS_LOOP_17_1_VITIS_LOOP_18_22|  return value|
|grp_fu_19367_p_din0            |  out|   32|  ap_ctrl_hs|  ekf_batch_Pipeline_VITIS_LOOP_17_1_VITIS_LOOP_18_22|  return value|
|grp_fu_19367_p_din1            |  out|   32|  ap_ctrl_hs|  ekf_batch_Pipeline_VITIS_LOOP_17_1_VITIS_LOOP_18_22|  return value|
|grp_fu_19367_p_opcode          |  out|    1|  ap_ctrl_hs|  ekf_batch_Pipeline_VITIS_LOOP_17_1_VITIS_LOOP_18_22|  return value|
|grp_fu_19367_p_dout0           |   in|   32|  ap_ctrl_hs|  ekf_batch_Pipeline_VITIS_LOOP_17_1_VITIS_LOOP_18_22|  return value|
|grp_fu_19367_p_ce              |  out|    1|  ap_ctrl_hs|  ekf_batch_Pipeline_VITIS_LOOP_17_1_VITIS_LOOP_18_22|  return value|
|grp_fu_12435_p_din0            |  out|   32|  ap_ctrl_hs|  ekf_batch_Pipeline_VITIS_LOOP_17_1_VITIS_LOOP_18_22|  return value|
|grp_fu_12435_p_din1            |  out|   32|  ap_ctrl_hs|  ekf_batch_Pipeline_VITIS_LOOP_17_1_VITIS_LOOP_18_22|  return value|
|grp_fu_12435_p_dout0           |   in|   32|  ap_ctrl_hs|  ekf_batch_Pipeline_VITIS_LOOP_17_1_VITIS_LOOP_18_22|  return value|
|grp_fu_12435_p_ce              |  out|    1|  ap_ctrl_hs|  ekf_batch_Pipeline_VITIS_LOOP_17_1_VITIS_LOOP_18_22|  return value|
|grp_fu_19371_p_din0            |  out|   32|  ap_ctrl_hs|  ekf_batch_Pipeline_VITIS_LOOP_17_1_VITIS_LOOP_18_22|  return value|
|grp_fu_19371_p_din1            |  out|   32|  ap_ctrl_hs|  ekf_batch_Pipeline_VITIS_LOOP_17_1_VITIS_LOOP_18_22|  return value|
|grp_fu_19371_p_dout0           |   in|   32|  ap_ctrl_hs|  ekf_batch_Pipeline_VITIS_LOOP_17_1_VITIS_LOOP_18_22|  return value|
|grp_fu_19371_p_ce              |  out|    1|  ap_ctrl_hs|  ekf_batch_Pipeline_VITIS_LOOP_17_1_VITIS_LOOP_18_22|  return value|
|grp_fu_19375_p_din0            |  out|   32|  ap_ctrl_hs|  ekf_batch_Pipeline_VITIS_LOOP_17_1_VITIS_LOOP_18_22|  return value|
|grp_fu_19375_p_din1            |  out|   32|  ap_ctrl_hs|  ekf_batch_Pipeline_VITIS_LOOP_17_1_VITIS_LOOP_18_22|  return value|
|grp_fu_19375_p_dout0           |   in|   32|  ap_ctrl_hs|  ekf_batch_Pipeline_VITIS_LOOP_17_1_VITIS_LOOP_18_22|  return value|
|grp_fu_19375_p_ce              |  out|    1|  ap_ctrl_hs|  ekf_batch_Pipeline_VITIS_LOOP_17_1_VITIS_LOOP_18_22|  return value|
|grp_fu_19379_p_din0            |  out|   32|  ap_ctrl_hs|  ekf_batch_Pipeline_VITIS_LOOP_17_1_VITIS_LOOP_18_22|  return value|
|grp_fu_19379_p_din1            |  out|   32|  ap_ctrl_hs|  ekf_batch_Pipeline_VITIS_LOOP_17_1_VITIS_LOOP_18_22|  return value|
|grp_fu_19379_p_dout0           |   in|   32|  ap_ctrl_hs|  ekf_batch_Pipeline_VITIS_LOOP_17_1_VITIS_LOOP_18_22|  return value|
|grp_fu_19379_p_ce              |  out|    1|  ap_ctrl_hs|  ekf_batch_Pipeline_VITIS_LOOP_17_1_VITIS_LOOP_18_22|  return value|
|grp_fu_19383_p_din0            |  out|   32|  ap_ctrl_hs|  ekf_batch_Pipeline_VITIS_LOOP_17_1_VITIS_LOOP_18_22|  return value|
|grp_fu_19383_p_din1            |  out|   32|  ap_ctrl_hs|  ekf_batch_Pipeline_VITIS_LOOP_17_1_VITIS_LOOP_18_22|  return value|
|grp_fu_19383_p_dout0           |   in|   32|  ap_ctrl_hs|  ekf_batch_Pipeline_VITIS_LOOP_17_1_VITIS_LOOP_18_22|  return value|
|grp_fu_19383_p_ce              |  out|    1|  ap_ctrl_hs|  ekf_batch_Pipeline_VITIS_LOOP_17_1_VITIS_LOOP_18_22|  return value|
|grp_fu_19387_p_din0            |  out|   32|  ap_ctrl_hs|  ekf_batch_Pipeline_VITIS_LOOP_17_1_VITIS_LOOP_18_22|  return value|
|grp_fu_19387_p_din1            |  out|   32|  ap_ctrl_hs|  ekf_batch_Pipeline_VITIS_LOOP_17_1_VITIS_LOOP_18_22|  return value|
|grp_fu_19387_p_dout0           |   in|   32|  ap_ctrl_hs|  ekf_batch_Pipeline_VITIS_LOOP_17_1_VITIS_LOOP_18_22|  return value|
|grp_fu_19387_p_ce              |  out|    1|  ap_ctrl_hs|  ekf_batch_Pipeline_VITIS_LOOP_17_1_VITIS_LOOP_18_22|  return value|
|A_reload                       |   in|   32|     ap_none|                                             A_reload|        scalar|
|A_6_reload                     |   in|   32|     ap_none|                                           A_6_reload|        scalar|
|A_12_reload                    |   in|   32|     ap_none|                                          A_12_reload|        scalar|
|A_18_reload                    |   in|   32|     ap_none|                                          A_18_reload|        scalar|
|A_24_reload                    |   in|   32|     ap_none|                                          A_24_reload|        scalar|
|A_30_reload                    |   in|   32|     ap_none|                                          A_30_reload|        scalar|
|A_1_reload                     |   in|   32|     ap_none|                                           A_1_reload|        scalar|
|A_7_reload                     |   in|   32|     ap_none|                                           A_7_reload|        scalar|
|A_13_reload                    |   in|   32|     ap_none|                                          A_13_reload|        scalar|
|A_19_reload                    |   in|   32|     ap_none|                                          A_19_reload|        scalar|
|A_25_reload                    |   in|   32|     ap_none|                                          A_25_reload|        scalar|
|A_31_reload                    |   in|   32|     ap_none|                                          A_31_reload|        scalar|
|A_2_reload                     |   in|   32|     ap_none|                                           A_2_reload|        scalar|
|A_8_reload                     |   in|   32|     ap_none|                                           A_8_reload|        scalar|
|A_14_reload                    |   in|   32|     ap_none|                                          A_14_reload|        scalar|
|A_20_reload                    |   in|   32|     ap_none|                                          A_20_reload|        scalar|
|A_26_reload                    |   in|   32|     ap_none|                                          A_26_reload|        scalar|
|A_32_reload                    |   in|   32|     ap_none|                                          A_32_reload|        scalar|
|A_3_reload                     |   in|   32|     ap_none|                                           A_3_reload|        scalar|
|A_9_reload                     |   in|   32|     ap_none|                                           A_9_reload|        scalar|
|A_15_reload                    |   in|   32|     ap_none|                                          A_15_reload|        scalar|
|A_21_reload                    |   in|   32|     ap_none|                                          A_21_reload|        scalar|
|A_27_reload                    |   in|   32|     ap_none|                                          A_27_reload|        scalar|
|A_33_reload                    |   in|   32|     ap_none|                                          A_33_reload|        scalar|
|A_4_reload                     |   in|   32|     ap_none|                                           A_4_reload|        scalar|
|A_10_reload                    |   in|   32|     ap_none|                                          A_10_reload|        scalar|
|A_16_reload                    |   in|   32|     ap_none|                                          A_16_reload|        scalar|
|A_22_reload                    |   in|   32|     ap_none|                                          A_22_reload|        scalar|
|A_28_reload                    |   in|   32|     ap_none|                                          A_28_reload|        scalar|
|A_34_reload                    |   in|   32|     ap_none|                                          A_34_reload|        scalar|
|A_5_reload                     |   in|   32|     ap_none|                                           A_5_reload|        scalar|
|A_11_reload                    |   in|   32|     ap_none|                                          A_11_reload|        scalar|
|A_17_reload                    |   in|   32|     ap_none|                                          A_17_reload|        scalar|
|A_23_reload                    |   in|   32|     ap_none|                                          A_23_reload|        scalar|
|A_29_reload                    |   in|   32|     ap_none|                                          A_29_reload|        scalar|
|A_35_reload                    |   in|   32|     ap_none|                                          A_35_reload|        scalar|
|P_198                          |   in|   32|     ap_none|                                                P_198|        scalar|
|P_197                          |   in|   32|     ap_none|                                                P_197|        scalar|
|P_196                          |   in|   32|     ap_none|                                                P_196|        scalar|
|P_195                          |   in|   32|     ap_none|                                                P_195|        scalar|
|P_194                          |   in|   32|     ap_none|                                                P_194|        scalar|
|P_193                          |   in|   32|     ap_none|                                                P_193|        scalar|
|P_192                          |   in|   32|     ap_none|                                                P_192|        scalar|
|P_191                          |   in|   32|     ap_none|                                                P_191|        scalar|
|P_190                          |   in|   32|     ap_none|                                                P_190|        scalar|
|P_189                          |   in|   32|     ap_none|                                                P_189|        scalar|
|P_188                          |   in|   32|     ap_none|                                                P_188|        scalar|
|P_187                          |   in|   32|     ap_none|                                                P_187|        scalar|
|P_186                          |   in|   32|     ap_none|                                                P_186|        scalar|
|P_185                          |   in|   32|     ap_none|                                                P_185|        scalar|
|P_184                          |   in|   32|     ap_none|                                                P_184|        scalar|
|P_183                          |   in|   32|     ap_none|                                                P_183|        scalar|
|P_182                          |   in|   32|     ap_none|                                                P_182|        scalar|
|P_181                          |   in|   32|     ap_none|                                                P_181|        scalar|
|P_199                          |   in|   32|     ap_none|                                                P_199|        scalar|
|P_200                          |   in|   32|     ap_none|                                                P_200|        scalar|
|P_201                          |   in|   32|     ap_none|                                                P_201|        scalar|
|P_202                          |   in|   32|     ap_none|                                                P_202|        scalar|
|P_203                          |   in|   32|     ap_none|                                                P_203|        scalar|
|P_204                          |   in|   32|     ap_none|                                                P_204|        scalar|
|P_205                          |   in|   32|     ap_none|                                                P_205|        scalar|
|P_206                          |   in|   32|     ap_none|                                                P_206|        scalar|
|P_207                          |   in|   32|     ap_none|                                                P_207|        scalar|
|P_208                          |   in|   32|     ap_none|                                                P_208|        scalar|
|P_209                          |   in|   32|     ap_none|                                                P_209|        scalar|
|P_210                          |   in|   32|     ap_none|                                                P_210|        scalar|
|P_211                          |   in|   32|     ap_none|                                                P_211|        scalar|
|P_212                          |   in|   32|     ap_none|                                                P_212|        scalar|
|P_213                          |   in|   32|     ap_none|                                                P_213|        scalar|
|P_214                          |   in|   32|     ap_none|                                                P_214|        scalar|
|P_215                          |   in|   32|     ap_none|                                                P_215|        scalar|
|P_216                          |   in|   32|     ap_none|                                                P_216|        scalar|
|mux_case_520153177_out         |  out|   32|      ap_vld|                               mux_case_520153177_out|       pointer|
|mux_case_520153177_out_ap_vld  |  out|    1|      ap_vld|                               mux_case_520153177_out|       pointer|
|mux_case_420133172_out         |  out|   32|      ap_vld|                               mux_case_420133172_out|       pointer|
|mux_case_420133172_out_ap_vld  |  out|    1|      ap_vld|                               mux_case_420133172_out|       pointer|
|mux_case_320113167_out         |  out|   32|      ap_vld|                               mux_case_320113167_out|       pointer|
|mux_case_320113167_out_ap_vld  |  out|    1|      ap_vld|                               mux_case_320113167_out|       pointer|
|mux_case_220093162_out         |  out|   32|      ap_vld|                               mux_case_220093162_out|       pointer|
|mux_case_220093162_out_ap_vld  |  out|    1|      ap_vld|                               mux_case_220093162_out|       pointer|
|mux_case_120073157_out         |  out|   32|      ap_vld|                               mux_case_120073157_out|       pointer|
|mux_case_120073157_out_ap_vld  |  out|    1|      ap_vld|                               mux_case_120073157_out|       pointer|
|mux_case_020053151_out         |  out|   32|      ap_vld|                               mux_case_020053151_out|       pointer|
|mux_case_020053151_out_ap_vld  |  out|    1|      ap_vld|                               mux_case_020053151_out|       pointer|
|mux_case_520033147_out         |  out|   32|      ap_vld|                               mux_case_520033147_out|       pointer|
|mux_case_520033147_out_ap_vld  |  out|    1|      ap_vld|                               mux_case_520033147_out|       pointer|
|mux_case_420013142_out         |  out|   32|      ap_vld|                               mux_case_420013142_out|       pointer|
|mux_case_420013142_out_ap_vld  |  out|    1|      ap_vld|                               mux_case_420013142_out|       pointer|
|mux_case_319993137_out         |  out|   32|      ap_vld|                               mux_case_319993137_out|       pointer|
|mux_case_319993137_out_ap_vld  |  out|    1|      ap_vld|                               mux_case_319993137_out|       pointer|
|mux_case_219973132_out         |  out|   32|      ap_vld|                               mux_case_219973132_out|       pointer|
|mux_case_219973132_out_ap_vld  |  out|    1|      ap_vld|                               mux_case_219973132_out|       pointer|
|mux_case_119953127_out         |  out|   32|      ap_vld|                               mux_case_119953127_out|       pointer|
|mux_case_119953127_out_ap_vld  |  out|    1|      ap_vld|                               mux_case_119953127_out|       pointer|
|mux_case_019933121_out         |  out|   32|      ap_vld|                               mux_case_019933121_out|       pointer|
|mux_case_019933121_out_ap_vld  |  out|    1|      ap_vld|                               mux_case_019933121_out|       pointer|
|mux_case_519913117_out         |  out|   32|      ap_vld|                               mux_case_519913117_out|       pointer|
|mux_case_519913117_out_ap_vld  |  out|    1|      ap_vld|                               mux_case_519913117_out|       pointer|
|mux_case_419893112_out         |  out|   32|      ap_vld|                               mux_case_419893112_out|       pointer|
|mux_case_419893112_out_ap_vld  |  out|    1|      ap_vld|                               mux_case_419893112_out|       pointer|
|mux_case_319873107_out         |  out|   32|      ap_vld|                               mux_case_319873107_out|       pointer|
|mux_case_319873107_out_ap_vld  |  out|    1|      ap_vld|                               mux_case_319873107_out|       pointer|
|mux_case_219853102_out         |  out|   32|      ap_vld|                               mux_case_219853102_out|       pointer|
|mux_case_219853102_out_ap_vld  |  out|    1|      ap_vld|                               mux_case_219853102_out|       pointer|
|mux_case_119833097_out         |  out|   32|      ap_vld|                               mux_case_119833097_out|       pointer|
|mux_case_119833097_out_ap_vld  |  out|    1|      ap_vld|                               mux_case_119833097_out|       pointer|
|mux_case_019813091_out         |  out|   32|      ap_vld|                               mux_case_019813091_out|       pointer|
|mux_case_019813091_out_ap_vld  |  out|    1|      ap_vld|                               mux_case_019813091_out|       pointer|
|mux_case_519793087_out         |  out|   32|      ap_vld|                               mux_case_519793087_out|       pointer|
|mux_case_519793087_out_ap_vld  |  out|    1|      ap_vld|                               mux_case_519793087_out|       pointer|
|mux_case_419773082_out         |  out|   32|      ap_vld|                               mux_case_419773082_out|       pointer|
|mux_case_419773082_out_ap_vld  |  out|    1|      ap_vld|                               mux_case_419773082_out|       pointer|
|mux_case_319753077_out         |  out|   32|      ap_vld|                               mux_case_319753077_out|       pointer|
|mux_case_319753077_out_ap_vld  |  out|    1|      ap_vld|                               mux_case_319753077_out|       pointer|
|mux_case_219733072_out         |  out|   32|      ap_vld|                               mux_case_219733072_out|       pointer|
|mux_case_219733072_out_ap_vld  |  out|    1|      ap_vld|                               mux_case_219733072_out|       pointer|
|mux_case_119713067_out         |  out|   32|      ap_vld|                               mux_case_119713067_out|       pointer|
|mux_case_119713067_out_ap_vld  |  out|    1|      ap_vld|                               mux_case_119713067_out|       pointer|
|mux_case_019693061_out         |  out|   32|      ap_vld|                               mux_case_019693061_out|       pointer|
|mux_case_019693061_out_ap_vld  |  out|    1|      ap_vld|                               mux_case_019693061_out|       pointer|
|mux_case_519673057_out         |  out|   32|      ap_vld|                               mux_case_519673057_out|       pointer|
|mux_case_519673057_out_ap_vld  |  out|    1|      ap_vld|                               mux_case_519673057_out|       pointer|
|mux_case_419653052_out         |  out|   32|      ap_vld|                               mux_case_419653052_out|       pointer|
|mux_case_419653052_out_ap_vld  |  out|    1|      ap_vld|                               mux_case_419653052_out|       pointer|
|mux_case_319633047_out         |  out|   32|      ap_vld|                               mux_case_319633047_out|       pointer|
|mux_case_319633047_out_ap_vld  |  out|    1|      ap_vld|                               mux_case_319633047_out|       pointer|
|mux_case_219613042_out         |  out|   32|      ap_vld|                               mux_case_219613042_out|       pointer|
|mux_case_219613042_out_ap_vld  |  out|    1|      ap_vld|                               mux_case_219613042_out|       pointer|
|mux_case_119593037_out         |  out|   32|      ap_vld|                               mux_case_119593037_out|       pointer|
|mux_case_119593037_out_ap_vld  |  out|    1|      ap_vld|                               mux_case_119593037_out|       pointer|
|mux_case_019573031_out         |  out|   32|      ap_vld|                               mux_case_019573031_out|       pointer|
|mux_case_019573031_out_ap_vld  |  out|    1|      ap_vld|                               mux_case_019573031_out|       pointer|
|mux_case_519553027_out         |  out|   32|      ap_vld|                               mux_case_519553027_out|       pointer|
|mux_case_519553027_out_ap_vld  |  out|    1|      ap_vld|                               mux_case_519553027_out|       pointer|
|mux_case_419533022_out         |  out|   32|      ap_vld|                               mux_case_419533022_out|       pointer|
|mux_case_419533022_out_ap_vld  |  out|    1|      ap_vld|                               mux_case_419533022_out|       pointer|
|mux_case_319513017_out         |  out|   32|      ap_vld|                               mux_case_319513017_out|       pointer|
|mux_case_319513017_out_ap_vld  |  out|    1|      ap_vld|                               mux_case_319513017_out|       pointer|
|mux_case_219493012_out         |  out|   32|      ap_vld|                               mux_case_219493012_out|       pointer|
|mux_case_219493012_out_ap_vld  |  out|    1|      ap_vld|                               mux_case_219493012_out|       pointer|
|mux_case_119473007_out         |  out|   32|      ap_vld|                               mux_case_119473007_out|       pointer|
|mux_case_119473007_out_ap_vld  |  out|    1|      ap_vld|                               mux_case_119473007_out|       pointer|
|mux_case_019453001_out         |  out|   32|      ap_vld|                               mux_case_019453001_out|       pointer|
|mux_case_019453001_out_ap_vld  |  out|    1|      ap_vld|                               mux_case_019453001_out|       pointer|
+-------------------------------+-----+-----+------------+-----------------------------------------------------+--------------+

