

================================================================
== Vitis HLS Report for 'ekf_batch'
================================================================
* Date:           Thu Sep  3 12:11:40 2026

* Version:        2023.1 (Build 3854077 on May  4 2023)
* Project:        EKF
* Solution:       solution1 (Vivado IP Flow Target)
* Product family: zynquplus
* Target device:  xczu9eg-ffvb1156-2-e


================================================================
== Performance Estimates
================================================================
+ Timing: 
    * Summary: 
    +--------+----------+----------+------------+
    |  Clock |  Target  | Estimated| Uncertainty|
    +--------+----------+----------+------------+
    |ap_clk  |  10.00 ns|  7.300 ns|     2.70 ns|
    +--------+----------+----------+------------+

+ Latency: 
    * Summary: 
    +---------+---------+----------+----------+-----+-----+---------+
    |  Latency (cycles) |  Latency (absolute) |  Interval | Pipeline|
    |   min   |   max   |    min   |    max   | min | max |   Type  |
    +---------+---------+----------+----------+-----+-----+---------+
    |        ?|        ?|         ?|         ?|    ?|    ?|       no|
    +---------+---------+----------+----------+-----+-----+---------+

    + Detail: 
        * Instance: 
        +---------------------------------------------------------------------+--------------------------------------------------------+---------+---------+-----------+-----------+-----+-----+---------+
        |                                                                     |                                                        |  Latency (cycles) |   Latency (absolute)  |  Interval | Pipeline|
        |                               Instance                              |                         Module                         |   min   |   max   |    min    |    max    | min | max |   Type  |
        +---------------------------------------------------------------------+--------------------------------------------------------+---------+---------+-----------+-----------+-----+-----+---------+
        |grp_ekf_batch_Pipeline_VITIS_LOOP_148_3_fu_10970                     |ekf_batch_Pipeline_VITIS_LOOP_148_3                     |      101|      101|   1.010 us|   1.010 us|  101|  101|       no|
        |grp_ekf_batch_Pipeline_VITIS_LOOP_41_1_VITIS_LOOP_42_2_fu_10985      |ekf_batch_Pipeline_VITIS_LOOP_41_1_VITIS_LOOP_42_2      |       38|       38|   0.380 us|   0.380 us|   38|   38|       no|
        |grp_ekf_batch_Pipeline_VITIS_LOOP_45_3_fu_11022                      |ekf_batch_Pipeline_VITIS_LOOP_45_3                      |        5|        5|  50.000 ns|  50.000 ns|    5|    5|       no|
        |grp_ekf_batch_Pipeline_VITIS_LOOP_157_4_fu_11038                     |ekf_batch_Pipeline_VITIS_LOOP_157_4                     |        8|        8|  80.000 ns|  80.000 ns|    8|    8|       no|
        |grp_ekf_batch_Pipeline_VITIS_LOOP_158_5_VITIS_LOOP_159_6_fu_11054    |ekf_batch_Pipeline_VITIS_LOOP_158_5_VITIS_LOOP_159_6    |       38|       38|   0.380 us|   0.380 us|   38|   38|       no|
        |grp_ekf_batch_Pipeline_VITIS_LOOP_30_1_fu_11102                      |ekf_batch_Pipeline_VITIS_LOOP_30_1                      |        8|        8|  80.000 ns|  80.000 ns|    8|    8|       no|
        |grp_ekf_batch_Pipeline_VITIS_LOOP_58_1_fu_11175                      |ekf_batch_Pipeline_VITIS_LOOP_58_1                      |       34|       34|   0.340 us|   0.340 us|   34|   34|       no|
        |grp_ekf_batch_Pipeline_VITIS_LOOP_17_1_VITIS_LOOP_18_2_fu_11224      |ekf_batch_Pipeline_VITIS_LOOP_17_1_VITIS_LOOP_18_2      |       64|       64|   0.640 us|   0.640 us|   64|   64|       no|
        |grp_ekf_batch_Pipeline_VITIS_LOOP_64_3_fu_11333                      |ekf_batch_Pipeline_VITIS_LOOP_64_3                      |        8|        8|  80.000 ns|  80.000 ns|    8|    8|       no|
        |grp_ekf_batch_Pipeline_VITIS_LOOP_17_1_VITIS_LOOP_18_21_fu_11355     |ekf_batch_Pipeline_VITIS_LOOP_17_1_VITIS_LOOP_18_21     |       64|       64|   0.640 us|   0.640 us|   64|   64|       no|
        |grp_ekf_batch_Pipeline_VITIS_LOOP_73_4_VITIS_LOOP_74_5_fu_11467      |ekf_batch_Pipeline_VITIS_LOOP_73_4_VITIS_LOOP_74_5      |       41|       41|   0.410 us|   0.410 us|   41|   41|       no|
        |grp_ekf_batch_Pipeline_VITIS_LOOP_168_8_fu_11591                     |ekf_batch_Pipeline_VITIS_LOOP_168_8                     |        8|        8|  80.000 ns|  80.000 ns|    8|    8|       no|
        |grp_ekf_batch_Pipeline_VITIS_LOOP_173_9_fu_11608                     |ekf_batch_Pipeline_VITIS_LOOP_173_9                     |        8|        8|  80.000 ns|  80.000 ns|    8|    8|       no|
        |grp_ekf_batch_Pipeline_VITIS_LOOP_89_1_fu_11636                      |ekf_batch_Pipeline_VITIS_LOOP_89_1                      |       34|       34|   0.340 us|   0.340 us|   34|   34|       no|
        |grp_ekf_batch_Pipeline_VITIS_LOOP_96_3_fu_11724                      |ekf_batch_Pipeline_VITIS_LOOP_96_3                      |       24|       24|   0.240 us|   0.240 us|   24|   24|       no|
        |grp_ekf_batch_Pipeline_VITIS_LOOP_101_4_fu_11743                     |ekf_batch_Pipeline_VITIS_LOOP_101_4                     |       10|       10|   0.100 us|   0.100 us|   10|   10|       no|
        |grp_ekf_batch_Pipeline_VITIS_LOOP_102_5_fu_11760                     |ekf_batch_Pipeline_VITIS_LOOP_102_5                     |       29|       29|   0.290 us|   0.290 us|   29|   29|       no|
        |grp_ekf_batch_Pipeline_VITIS_LOOP_109_6_fu_11789                     |ekf_batch_Pipeline_VITIS_LOOP_109_6                     |       14|       14|   0.140 us|   0.140 us|   14|   14|       no|
        |grp_ekf_batch_Pipeline_VITIS_LOOP_17_1_VITIS_LOOP_18_22_fu_11841     |ekf_batch_Pipeline_VITIS_LOOP_17_1_VITIS_LOOP_18_22     |       64|       64|   0.640 us|   0.640 us|   64|   64|       no|
        |grp_ekf_batch_Pipeline_VITIS_LOOP_30_13_fu_11989                     |ekf_batch_Pipeline_VITIS_LOOP_30_13                     |        8|        8|  80.000 ns|  80.000 ns|    8|    8|       no|
        |grp_ekf_batch_Pipeline_VITIS_LOOP_17_1_VITIS_LOOP_18_24_fu_12065     |ekf_batch_Pipeline_VITIS_LOOP_17_1_VITIS_LOOP_18_24     |       64|       64|   0.640 us|   0.640 us|   64|   64|       no|
        |grp_ekf_batch_Pipeline_VITIS_LOOP_117_8_fu_12177                     |ekf_batch_Pipeline_VITIS_LOOP_117_8                     |       17|       17|   0.170 us|   0.170 us|   17|   17|       no|
        |grp_ekf_batch_Pipeline_VITIS_LOOP_174_10_VITIS_LOOP_175_11_fu_12332  |ekf_batch_Pipeline_VITIS_LOOP_174_10_VITIS_LOOP_175_11  |       38|       38|   0.380 us|   0.380 us|   38|   38|       no|
        |grp_ekf_batch_Pipeline_VITIS_LOOP_176_12_fu_12416                    |ekf_batch_Pipeline_VITIS_LOOP_176_12                    |      101|      101|   1.010 us|   1.010 us|  101|  101|       no|
        +---------------------------------------------------------------------+--------------------------------------------------------+---------+---------+-----------+-----------+-----+-----+---------+

        * Loop: 
        +--------------------------+---------+---------+------------+-----------+-----------+-------+----------+
        |                          |  Latency (cycles) |  Iteration |  Initiation Interval  |  Trip |          |
        |         Loop Name        |   min   |   max   |   Latency  |  achieved |   target  | Count | Pipelined|
        +--------------------------+---------+---------+------------+-----------+-----------+-------+----------+
        |- VITIS_LOOP_138_1        |        ?|        ?|  502 ~ 4336|          -|          -|      ?|        no|
        | + VITIS_LOOP_75_6        |       10|      260|      2 ~ 52|          -|          -|      5|        no|
        |  ++ VITIS_LOOP_76_7      |        0|       50|          10|          -|          -|  0 ~ 5|        no|
        | + VITIS_LOOP_164_7       |        0|     3584|   287 ~ 512|          -|          -|  0 ~ 7|        no|
        |  ++ VITIS_LOOP_119_10    |       10|      235|      2 ~ 47|          -|          -|      5|        no|
        |   +++ VITIS_LOOP_120_11  |        0|       45|           9|          -|          -|  0 ~ 5|        no|
        +--------------------------+---------+---------+------------+-----------+-----------+-------+----------+



================================================================
== Utilization Estimates
================================================================
* Summary: 
+-----------------+---------+------+--------+--------+-----+
|       Name      | BRAM_18K|  DSP |   FF   |   LUT  | URAM|
+-----------------+---------+------+--------+--------+-----+
|DSP              |        -|     -|       -|       -|    -|
|Expression       |        -|     -|       0|     494|    -|
|FIFO             |        -|     -|       -|       -|    -|
|Instance         |        8|    60|   27455|   16347|    0|
|Memory           |        0|     -|     256|      56|    0|
|Multiplexer      |        -|     -|       -|    5990|    -|
|Register         |        -|     -|    8126|       -|    -|
+-----------------+---------+------+--------+--------+-----+
|Total            |        8|    60|   35837|   22887|    0|
+-----------------+---------+------+--------+--------+-----+
|Available        |     1824|  2520|  548160|  274080|    0|
+-----------------+---------+------+--------+--------+-----+
|Utilization (%)  |       ~0|     2|       6|       8|    0|
+-----------------+---------+------+--------+--------+-----+

+ Detail: 
    * Instance: 
    +---------------------------------------------------------------------+--------------------------------------------------------+---------+----+------+------+-----+
    |                               Instance                              |                         Module                         | BRAM_18K| DSP|  FF  |  LUT | URAM|
    +---------------------------------------------------------------------+--------------------------------------------------------+---------+----+------+------+-----+
    |control_s_axi_U                                                      |control_s_axi                                           |        0|   0|   214|   360|    0|
    |grp_ekf_batch_Pipeline_VITIS_LOOP_101_4_fu_11743                     |ekf_batch_Pipeline_VITIS_LOOP_101_4                     |        0|   0|   303|   121|    0|
    |grp_ekf_batch_Pipeline_VITIS_LOOP_102_5_fu_11760                     |ekf_batch_Pipeline_VITIS_LOOP_102_5                     |        0|   0|   273|   209|    0|
    |grp_ekf_batch_Pipeline_VITIS_LOOP_109_6_fu_11789                     |ekf_batch_Pipeline_VITIS_LOOP_109_6                     |        0|   0|  1532|   395|    0|
    |grp_ekf_batch_Pipeline_VITIS_LOOP_117_8_fu_12177                     |ekf_batch_Pipeline_VITIS_LOOP_117_8                     |        0|   0|  1564|   665|    0|
    |grp_ekf_batch_Pipeline_VITIS_LOOP_148_3_fu_10970                     |ekf_batch_Pipeline_VITIS_LOOP_148_3                     |        0|   0|    59|    79|    0|
    |grp_ekf_batch_Pipeline_VITIS_LOOP_157_4_fu_11038                     |ekf_batch_Pipeline_VITIS_LOOP_157_4                     |        0|   0|   197|    78|    0|
    |grp_ekf_batch_Pipeline_VITIS_LOOP_158_5_VITIS_LOOP_159_6_fu_11054    |ekf_batch_Pipeline_VITIS_LOOP_158_5_VITIS_LOOP_159_6    |        0|   0|  1176|   250|    0|
    |grp_ekf_batch_Pipeline_VITIS_LOOP_168_8_fu_11591                     |ekf_batch_Pipeline_VITIS_LOOP_168_8                     |        0|   0|   201|   116|    0|
    |grp_ekf_batch_Pipeline_VITIS_LOOP_173_9_fu_11608                     |ekf_batch_Pipeline_VITIS_LOOP_173_9                     |        0|   0|   197|   134|    0|
    |grp_ekf_batch_Pipeline_VITIS_LOOP_174_10_VITIS_LOOP_175_11_fu_12332  |ekf_batch_Pipeline_VITIS_LOOP_174_10_VITIS_LOOP_175_11  |        0|   0|    14|   413|    0|
    |grp_ekf_batch_Pipeline_VITIS_LOOP_176_12_fu_12416                    |ekf_batch_Pipeline_VITIS_LOOP_176_12                    |        0|   0|    48|   120|    0|
    |grp_ekf_batch_Pipeline_VITIS_LOOP_17_1_VITIS_LOOP_18_2_fu_11224      |ekf_batch_Pipeline_VITIS_LOOP_17_1_VITIS_LOOP_18_2      |        0|   0|  2353|  1078|    0|
    |grp_ekf_batch_Pipeline_VITIS_LOOP_17_1_VITIS_LOOP_18_21_fu_11355     |ekf_batch_Pipeline_VITIS_LOOP_17_1_VITIS_LOOP_18_21     |        0|   0|  2353|  1078|    0|
    |grp_ekf_batch_Pipeline_VITIS_LOOP_17_1_VITIS_LOOP_18_22_fu_11841     |ekf_batch_Pipeline_VITIS_LOOP_17_1_VITIS_LOOP_18_22     |        0|   0|  2353|  1078|    0|
    |grp_ekf_batch_Pipeline_VITIS_LOOP_17_1_VITIS_LOOP_18_24_fu_12065     |ekf_batch_Pipeline_VITIS_LOOP_17_1_VITIS_LOOP_18_24     |        0|   0|  2353|  1078|    0|
    |grp_ekf_batch_Pipeline_VITIS_LOOP_30_1_fu_11102                      |ekf_batch_Pipeline_VITIS_LOOP_30_1                      |        0|   0|  1157|   233|    0|
    |grp_ekf_batch_Pipeline_VITIS_LOOP_30_13_fu_11989                     |ekf_batch_Pipeline_VITIS_LOOP_30_13                     |        0|   0|  1157|   233|    0|
    |grp_ekf_batch_Pipeline_VITIS_LOOP_41_1_VITIS_LOOP_42_2_fu_10985      |ekf_batch_Pipeline_VITIS_LOOP_41_1_VITIS_LOOP_42_2      |        0|   0|   245|   165|    0|
    |grp_ekf_batch_Pipeline_VITIS_LOOP_45_3_fu_11022                      |ekf_batch_Pipeline_VITIS_LOOP_45_3                      |        0|   0|   160|   155|    0|
    |grp_ekf_batch_Pipeline_VITIS_LOOP_58_1_fu_11175                      |ekf_batch_Pipeline_VITIS_LOOP_58_1                      |        0|  25|  2701|  2053|    0|
    |grp_ekf_batch_Pipeline_VITIS_LOOP_64_3_fu_11333                      |ekf_batch_Pipeline_VITIS_LOOP_64_3                      |        0|   0|   197|   134|    0|
    |grp_ekf_batch_Pipeline_VITIS_LOOP_73_4_VITIS_LOOP_74_5_fu_11467      |ekf_batch_Pipeline_VITIS_LOOP_73_4_VITIS_LOOP_74_5      |        0|   0|  1436|  1062|    0|
    |grp_ekf_batch_Pipeline_VITIS_LOOP_89_1_fu_11636                      |ekf_batch_Pipeline_VITIS_LOOP_89_1                      |        0|   0|   926|   308|    0|
    |grp_ekf_batch_Pipeline_VITIS_LOOP_96_3_fu_11724                      |ekf_batch_Pipeline_VITIS_LOOP_96_3                      |        0|   0|   141|   185|    0|
    |fadd_32ns_32ns_32_4_full_dsp_1_U1450                                 |fadd_32ns_32ns_32_4_full_dsp_1                          |        0|   2|   227|   214|    0|
    |faddfsub_32ns_32ns_32_4_full_dsp_1_U1479                             |faddfsub_32ns_32ns_32_4_full_dsp_1                      |        0|   2|   227|   214|    0|
    |faddfsub_32ns_32ns_32_4_full_dsp_1_U1481                             |faddfsub_32ns_32ns_32_4_full_dsp_1                      |        0|   2|   227|   214|    0|
    |faddfsub_32ns_32ns_32_4_full_dsp_1_U1482                             |faddfsub_32ns_32ns_32_4_full_dsp_1                      |        0|   2|   227|   214|    0|
    |faddfsub_32ns_32ns_32_4_full_dsp_1_U1483                             |faddfsub_32ns_32ns_32_4_full_dsp_1                      |        0|   2|   227|   214|    0|
    |faddfsub_32ns_32ns_32_4_full_dsp_1_U1484                             |faddfsub_32ns_32ns_32_4_full_dsp_1                      |        0|   2|   227|   214|    0|
    |faddfsub_32ns_32ns_32_4_full_dsp_1_U1485                             |faddfsub_32ns_32ns_32_4_full_dsp_1                      |        0|   2|   227|   214|    0|
    |fdiv_32ns_32ns_32_9_no_dsp_1_U1452                                   |fdiv_32ns_32ns_32_9_no_dsp_1                            |        0|   0|     0|     0|    0|
    |fmul_32ns_32ns_32_3_max_dsp_1_U1451                                  |fmul_32ns_32ns_32_3_max_dsp_1                           |        0|   3|   128|   135|    0|
    |fmul_32ns_32ns_32_3_max_dsp_1_U1480                                  |fmul_32ns_32ns_32_3_max_dsp_1                           |        0|   3|   128|   135|    0|
    |fmul_32ns_32ns_32_3_max_dsp_1_U1486                                  |fmul_32ns_32ns_32_3_max_dsp_1                           |        0|   3|   128|   135|    0|
    |fmul_32ns_32ns_32_3_max_dsp_1_U1487                                  |fmul_32ns_32ns_32_3_max_dsp_1                           |        0|   3|   128|   135|    0|
    |fmul_32ns_32ns_32_3_max_dsp_1_U1488                                  |fmul_32ns_32ns_32_3_max_dsp_1                           |        0|   3|   128|   135|    0|
    |fmul_32ns_32ns_32_3_max_dsp_1_U1489                                  |fmul_32ns_32ns_32_3_max_dsp_1                           |        0|   3|   128|   135|    0|
    |fmul_32ns_32ns_32_3_max_dsp_1_U1490                                  |fmul_32ns_32ns_32_3_max_dsp_1                           |        0|   3|   128|   135|    0|
    |gmem0_m_axi_U                                                        |gmem0_m_axi                                             |        4|   0|   830|   694|    0|
    |gmem1_m_axi_U                                                        |gmem1_m_axi                                             |        4|   0|   830|   694|    0|
    |mux_5_3_32_1_1_U1458                                                 |mux_5_3_32_1_1                                          |        0|   0|     0|    26|    0|
    |mux_5_3_32_1_1_U1459                                                 |mux_5_3_32_1_1                                          |        0|   0|     0|    26|    0|
    |mux_5_3_32_1_1_U1460                                                 |mux_5_3_32_1_1                                          |        0|   0|     0|    26|    0|
    |mux_5_3_32_1_1_U1461                                                 |mux_5_3_32_1_1                                          |        0|   0|     0|    26|    0|
    |mux_5_3_32_1_1_U1462                                                 |mux_5_3_32_1_1                                          |        0|   0|     0|    26|    0|
    |mux_5_3_32_1_1_U1463                                                 |mux_5_3_32_1_1                                          |        0|   0|     0|    26|    0|
    |mux_5_3_32_1_1_U1464                                                 |mux_5_3_32_1_1                                          |        0|   0|     0|    26|    0|
    |mux_5_3_32_1_1_U1471                                                 |mux_5_3_32_1_1                                          |        0|   0|     0|    26|    0|
    |mux_5_3_32_1_1_U1472                                                 |mux_5_3_32_1_1                                          |        0|   0|     0|    26|    0|
    |mux_5_3_32_1_1_U1473                                                 |mux_5_3_32_1_1                                          |        0|   0|     0|    26|    0|
    |mux_5_3_32_1_1_U1474                                                 |mux_5_3_32_1_1                                          |        0|   0|     0|    26|    0|
    |mux_5_3_32_1_1_U1475                                                 |mux_5_3_32_1_1                                          |        0|   0|     0|    26|    0|
    |mux_5_3_32_1_1_U1476                                                 |mux_5_3_32_1_1                                          |        0|   0|     0|    26|    0|
    |mux_5_3_32_1_1_U1477                                                 |mux_5_3_32_1_1                                          |        0|   0|     0|    26|    0|
    |mux_6_3_32_1_1_U1453                                                 |mux_6_3_32_1_1                                          |        0|   0|     0|    31|    0|
    |mux_6_3_32_1_1_U1454                                                 |mux_6_3_32_1_1                                          |        0|   0|     0|    31|    0|
    |mux_6_3_32_1_1_U1455                                                 |mux_6_3_32_1_1                                          |        0|   0|     0|    31|    0|
    |mux_6_3_32_1_1_U1456                                                 |mux_6_3_32_1_1                                          |        0|   0|     0|    31|    0|
    |mux_6_3_32_1_1_U1457                                                 |mux_6_3_32_1_1                                          |        0|   0|     0|    31|    0|
    |mux_6_3_32_1_1_U1465                                                 |mux_6_3_32_1_1                                          |        0|   0|     0|    31|    0|
    |mux_6_3_32_1_1_U1466                                                 |mux_6_3_32_1_1                                          |        0|   0|     0|    31|    0|
    |mux_6_3_32_1_1_U1467                                                 |mux_6_3_32_1_1                                          |        0|   0|     0|    31|    0|
    |mux_6_3_32_1_1_U1468                                                 |mux_6_3_32_1_1                                          |        0|   0|     0|    31|    0|
    |mux_6_3_32_1_1_U1469                                                 |mux_6_3_32_1_1                                          |        0|   0|     0|    31|    0|
    |mux_6_3_32_1_1_U1470                                                 |mux_6_3_32_1_1                                          |        0|   0|     0|    31|    0|
    |mux_6_3_32_1_1_U1478                                                 |mux_6_3_32_1_1                                          |        0|   0|     0|    31|    0|
    +---------------------------------------------------------------------+--------------------------------------------------------+---------+----+------+------+-----+
    |Total                                                                |                                                        |        8|  60| 27455| 16347|    0|
    +---------------------------------------------------------------------+--------------------------------------------------------+---------+----+------+------+-----+

    * DSP: 
    N/A

    * Memory: 
    +-----------+---------------------+---------+----+----+-----+------+-----+------+-------------+
    |   Memory  |        Module       | BRAM_18K| FF | LUT| URAM| Words| Bits| Banks| W*Bits*Banks|
    +-----------+---------------------+---------+----+----+-----+------+-----+------+-------------+
    |local_U    |local_RAM_AUTO_1R1W  |        0|  32|   7|    0|    13|   32|     1|          416|
    |local_1_U  |local_RAM_AUTO_1R1W  |        0|  32|   7|    0|    13|   32|     1|          416|
    |local_2_U  |local_RAM_AUTO_1R1W  |        0|  32|   7|    0|    13|   32|     1|          416|
    |local_3_U  |local_RAM_AUTO_1R1W  |        0|  32|   7|    0|    13|   32|     1|          416|
    |local_4_U  |local_RAM_AUTO_1R1W  |        0|  32|   7|    0|    13|   32|     1|          416|
    |local_5_U  |local_RAM_AUTO_1R1W  |        0|  32|   7|    0|    13|   32|     1|          416|
    |local_6_U  |local_RAM_AUTO_1R1W  |        0|  32|   7|    0|    13|   32|     1|          416|
    |local_7_U  |local_RAM_AUTO_1R1W  |        0|  32|   7|    0|    13|   32|     1|          416|
    +-----------+---------------------+---------+----+----+-----+------+-----+------+-------------+
    |Total      |                     |        0| 256|  56|    0|   104|  256|     8|         3328|
    +-----------+---------------------+---------+----+----+-----+------+-----+------+-------------+

    * FIFO: 
    N/A

    * Expression: 
    +----------------------------------+----------+----+---+----+------------+------------+
    |           Variable Name          | Operation| DSP| FF| LUT| Bitwidth P0| Bitwidth P1|
    +----------------------------------+----------+----+---+----+------------+------------+
    |add_ln120_1_fu_14990_p2           |         +|   0|  0|  12|           4|           1|
    |add_ln120_fu_14984_p2             |         +|   0|  0|  10|           3|           1|
    |add_ln138_1_fu_12622_p2           |         +|   0|  0|  47|          40|           9|
    |add_ln138_fu_12637_p2             |         +|   0|  0|  38|          31|           1|
    |add_ln143_fu_12647_p2             |         +|   0|  0|  71|          64|          64|
    |add_ln164_fu_13885_p2             |         +|   0|  0|  10|           3|           1|
    |add_ln169_fu_13936_p2             |         +|   0|  0|  12|           4|           3|
    |add_ln76_1_fu_13848_p2            |         +|   0|  0|  12|           4|           1|
    |add_ln76_fu_13842_p2              |         +|   0|  0|  10|           3|           1|
    |icmp_ln120_1_fu_14754_p2          |      icmp|   0|  0|  12|           4|           3|
    |icmp_ln120_fu_14744_p2            |      icmp|   0|  0|  10|           3|           3|
    |icmp_ln138_1_fu_12632_p2          |      icmp|   0|  0|  39|          32|          32|
    |icmp_ln138_fu_12568_p2            |      icmp|   0|  0|  39|          32|           1|
    |icmp_ln163_fu_13864_p2            |      icmp|   0|  0|  36|          29|           1|
    |icmp_ln164_fu_13880_p2            |      icmp|   0|  0|  39|          32|          32|
    |icmp_ln76_1_fu_13612_p2           |      icmp|   0|  0|  12|           4|           3|
    |icmp_ln76_fu_13602_p2             |      icmp|   0|  0|  10|           3|           3|
    |ap_block_state20_on_subcall_done  |        or|   0|  0|   2|           1|           1|
    |ap_block_state24_on_subcall_done  |        or|   0|  0|   2|           1|           1|
    |ap_block_state26_on_subcall_done  |        or|   0|  0|   2|           1|           1|
    |ap_block_state28_on_subcall_done  |        or|   0|  0|   2|           1|           1|
    |ap_block_state63_on_subcall_done  |        or|   0|  0|   2|           1|           1|
    |ap_block_state65_on_subcall_done  |        or|   0|  0|   2|           1|           1|
    |empty_fu_12594_p3                 |    select|   0|  0|  31|           1|          31|
    |m_1_fu_13869_p3                   |    select|   0|  0|  32|           1|           3|
    +----------------------------------+----------+----+---+----+------------+------------+
    |Total                             |          |   0|  0| 494|         303|         200|
    +----------------------------------+----------+----+---+----+------------+------------+

    * Multiplexer: 
    +-----------------------------------------+-----+-----------+-----+-----------+
    |                   Name                  | LUT | Input Size| Bits| Total Bits|
    +-----------------------------------------+-----+-----------+-----+-----------+
    |P_0_5_114472_reg_3175                    |    9|          2|   32|         64|
    |P_100_reg_2238                           |    9|          2|   32|         64|
    |P_101_reg_2228                           |    9|          2|   32|         64|
    |P_102_reg_2218                           |    9|          2|   32|         64|
    |P_103_reg_2208                           |    9|          2|   32|         64|
    |P_104_reg_2198                           |    9|          2|   32|         64|
    |P_105_reg_2188                           |    9|          2|   32|         64|
    |P_106_reg_2178                           |    9|          2|   32|         64|
    |P_107_reg_6323                           |    9|          2|   32|         64|
    |P_108_reg_6334                           |    9|          2|   32|         64|
    |P_109_reg_6345                           |    9|          2|   32|         64|
    |P_110_reg_6356                           |    9|          2|   32|         64|
    |P_111_reg_6367                           |    9|          2|   32|         64|
    |P_112_reg_6378                           |    9|          2|   32|         64|
    |P_113_reg_6389                           |    9|          2|   32|         64|
    |P_114_reg_6400                           |    9|          2|   32|         64|
    |P_115_reg_6411                           |    9|          2|   32|         64|
    |P_116_reg_6422                           |    9|          2|   32|         64|
    |P_117_reg_6433                           |    9|          2|   32|         64|
    |P_118_reg_6444                           |    9|          2|   32|         64|
    |P_119_reg_6455                           |    9|          2|   32|         64|
    |P_120_reg_6466                           |    9|          2|   32|         64|
    |P_121_reg_6477                           |    9|          2|   32|         64|
    |P_122_reg_6488                           |    9|          2|   32|         64|
    |P_123_reg_6499                           |    9|          2|   32|         64|
    |P_124_reg_6510                           |    9|          2|   32|         64|
    |P_125_reg_6581                           |    9|          2|   32|         64|
    |P_126_reg_6592                           |    9|          2|   32|         64|
    |P_127_reg_6603                           |    9|          2|   32|         64|
    |P_128_reg_6614                           |    9|          2|   32|         64|
    |P_129_reg_6625                           |    9|          2|   32|         64|
    |P_130_reg_6636                           |    9|          2|   32|         64|
    |P_131_reg_6647                           |    9|          2|   32|         64|
    |P_132_reg_6658                           |    9|          2|   32|         64|
    |P_133_reg_6669                           |    9|          2|   32|         64|
    |P_134_reg_6680                           |    9|          2|   32|         64|
    |P_135_reg_6691                           |    9|          2|   32|         64|
    |P_136_reg_6702                           |    9|          2|   32|         64|
    |P_137_reg_6713                           |    9|          2|   32|         64|
    |P_138_reg_6724                           |    9|          2|   32|         64|
    |P_139_reg_6735                           |    9|          2|   32|         64|
    |P_140_reg_6746                           |    9|          2|   32|         64|
    |P_141_reg_6757                           |    9|          2|   32|         64|
    |P_142_reg_6768                           |    9|          2|   32|         64|
    |P_143_reg_2961                           |    9|          2|   32|         64|
    |P_144_reg_2949                           |    9|          2|   32|         64|
    |P_145_reg_2937                           |    9|          2|   32|         64|
    |P_146_reg_2925                           |    9|          2|   32|         64|
    |P_147_reg_2913                           |    9|          2|   32|         64|
    |P_148_reg_2901                           |    9|          2|   32|         64|
    |P_149_reg_2889                           |    9|          2|   32|         64|
    |P_150_reg_2877                           |    9|          2|   32|         64|
    |P_151_reg_2865                           |    9|          2|   32|         64|
    |P_152_reg_2853                           |    9|          2|   32|         64|
    |P_153_reg_2841                           |    9|          2|   32|         64|
    |P_154_reg_2829                           |    9|          2|   32|         64|
    |P_155_reg_2817                           |    9|          2|   32|         64|
    |P_156_reg_2805                           |    9|          2|   32|         64|
    |P_157_reg_2793                           |    9|          2|   32|         64|
    |P_158_reg_2781                           |    9|          2|   32|         64|
    |P_159_reg_2769                           |    9|          2|   32|         64|
    |P_160_reg_2757                           |    9|          2|   32|         64|
    |P_161_reg_2745                           |    9|          2|   32|         64|
    |P_162_reg_2733                           |    9|          2|   32|         64|
    |P_163_reg_2721                           |    9|          2|   32|         64|
    |P_164_reg_2709                           |    9|          2|   32|         64|
    |P_165_reg_2697                           |    9|          2|   32|         64|
    |P_166_reg_2685                           |    9|          2|   32|         64|
    |P_167_reg_2673                           |    9|          2|   32|         64|
    |P_168_reg_2661                           |    9|          2|   32|         64|
    |P_169_reg_2649                           |    9|          2|   32|         64|
    |P_170_reg_2637                           |    9|          2|   32|         64|
    |P_171_reg_2625                           |    9|          2|   32|         64|
    |P_172_reg_2613                           |    9|          2|   32|         64|
    |P_173_reg_2601                           |    9|          2|   32|         64|
    |P_174_reg_2589                           |    9|          2|   32|         64|
    |P_175_reg_2577                           |    9|          2|   32|         64|
    |P_176_reg_2565                           |    9|          2|   32|         64|
    |P_177_reg_2553                           |    9|          2|   32|         64|
    |P_178_reg_7164                           |    9|          2|   32|         64|
    |P_179_reg_7153                           |    9|          2|   32|         64|
    |P_180_reg_7142                           |    9|          2|   32|         64|
    |P_181_reg_7131                           |    9|          2|   32|         64|
    |P_182_reg_7120                           |    9|          2|   32|         64|
    |P_183_reg_7109                           |    9|          2|   32|         64|
    |P_184_reg_7098                           |    9|          2|   32|         64|
    |P_185_reg_7087                           |    9|          2|   32|         64|
    |P_186_reg_7076                           |    9|          2|   32|         64|
    |P_187_reg_7065                           |    9|          2|   32|         64|
    |P_188_reg_7054                           |    9|          2|   32|         64|
    |P_189_reg_7043                           |    9|          2|   32|         64|
    |P_190_reg_7032                           |    9|          2|   32|         64|
    |P_191_reg_7021                           |    9|          2|   32|         64|
    |P_192_reg_7010                           |    9|          2|   32|         64|
    |P_193_reg_6999                           |    9|          2|   32|         64|
    |P_194_reg_6988                           |    9|          2|   32|         64|
    |P_195_reg_6977                           |    9|          2|   32|         64|
    |P_196_reg_6966                           |    9|          2|   32|         64|
    |P_197_reg_6955                           |    9|          2|   32|         64|
    |P_198_reg_6944                           |    9|          2|   32|         64|
    |P_199_reg_6933                           |    9|          2|   32|         64|
    |P_1_5_114465_reg_3271                    |    9|          2|   32|         64|
    |P_200_reg_6922                           |    9|          2|   32|         64|
    |P_201_reg_6911                           |    9|          2|   32|         64|
    |P_202_reg_6900                           |    9|          2|   32|         64|
    |P_203_reg_6889                           |    9|          2|   32|         64|
    |P_204_reg_6878                           |    9|          2|   32|         64|
    |P_205_reg_6867                           |    9|          2|   32|         64|
    |P_206_reg_6856                           |    9|          2|   32|         64|
    |P_207_reg_6845                           |    9|          2|   32|         64|
    |P_208_reg_6834                           |    9|          2|   32|         64|
    |P_209_reg_6823                           |    9|          2|   32|         64|
    |P_210_reg_6812                           |    9|          2|   32|         64|
    |P_211_reg_6801                           |    9|          2|   32|         64|
    |P_212_reg_6790                           |    9|          2|   32|         64|
    |P_214_reg_6227                           |    9|          2|   32|         64|
    |P_215_reg_6131                           |    9|          2|   32|         64|
    |P_216_reg_6035                           |    9|          2|   32|         64|
    |P_217_reg_5939                           |    9|          2|   32|         64|
    |P_218_reg_5843                           |    9|          2|   32|         64|
    |P_219_reg_5747                           |    9|          2|   32|         64|
    |P_220_reg_5652                           |    9|          2|   32|         64|
    |P_221_reg_5557                           |    9|          2|   32|         64|
    |P_222_reg_5462                           |    9|          2|   32|         64|
    |P_223_reg_5367                           |    9|          2|   32|         64|
    |P_224_reg_5272                           |    9|          2|   32|         64|
    |P_225_reg_5176                           |    9|          2|   32|         64|
    |P_226_reg_5081                           |    9|          2|   32|         64|
    |P_227_reg_4986                           |    9|          2|   32|         64|
    |P_228_reg_4891                           |    9|          2|   32|         64|
    |P_229_reg_4795                           |    9|          2|   32|         64|
    |P_230_reg_4700                           |    9|          2|   32|         64|
    |P_231_reg_4605                           |    9|          2|   32|         64|
    |P_232_reg_4510                           |    9|          2|   32|         64|
    |P_233_reg_4415                           |    9|          2|   32|         64|
    |P_234_reg_4320                           |    9|          2|   32|         64|
    |P_235_reg_4224                           |    9|          2|   32|         64|
    |P_236_reg_4129                           |    9|          2|   32|         64|
    |P_237_reg_4034                           |    9|          2|   32|         64|
    |P_238_reg_3939                           |    9|          2|   32|         64|
    |P_239_reg_3844                           |    9|          2|   32|         64|
    |P_240_reg_3749                           |    9|          2|   32|         64|
    |P_241_reg_3653                           |    9|          2|   32|         64|
    |P_242_reg_3558                           |    9|          2|   32|         64|
    |P_243_reg_3463                           |    9|          2|   32|         64|
    |P_244_reg_7608                           |    9|          2|   32|         64|
    |P_245_reg_7596                           |    9|          2|   32|         64|
    |P_246_reg_7584                           |    9|          2|   32|         64|
    |P_247_reg_7572                           |    9|          2|   32|         64|
    |P_248_reg_7560                           |    9|          2|   32|         64|
    |P_249_reg_7548                           |    9|          2|   32|         64|
    |P_250_reg_7536                           |    9|          2|   32|         64|
    |P_251_reg_7524                           |    9|          2|   32|         64|
    |P_252_reg_7512                           |    9|          2|   32|         64|
    |P_253_reg_7500                           |    9|          2|   32|         64|
    |P_254_reg_7488                           |    9|          2|   32|         64|
    |P_255_reg_7476                           |    9|          2|   32|         64|
    |P_256_reg_7464                           |    9|          2|   32|         64|
    |P_257_reg_7452                           |    9|          2|   32|         64|
    |P_258_reg_7440                           |    9|          2|   32|         64|
    |P_259_reg_7428                           |    9|          2|   32|         64|
    |P_260_reg_7416                           |    9|          2|   32|         64|
    |P_261_reg_7404                           |    9|          2|   32|         64|
    |P_262_reg_7392                           |    9|          2|   32|         64|
    |P_263_reg_7380                           |    9|          2|   32|         64|
    |P_264_reg_7368                           |    9|          2|   32|         64|
    |P_265_reg_7356                           |    9|          2|   32|         64|
    |P_266_reg_7344                           |    9|          2|   32|         64|
    |P_267_reg_7332                           |    9|          2|   32|         64|
    |P_268_reg_7320                           |    9|          2|   32|         64|
    |P_269_reg_7308                           |    9|          2|   32|         64|
    |P_270_reg_7296                           |    9|          2|   32|         64|
    |P_271_reg_7284                           |    9|          2|   32|         64|
    |P_272_reg_7272                           |    9|          2|   32|         64|
    |P_273_reg_7260                           |    9|          2|   32|         64|
    |P_274_reg_7248                           |    9|          2|   32|         64|
    |P_275_reg_7236                           |    9|          2|   32|         64|
    |P_276_reg_7224                           |    9|          2|   32|         64|
    |P_277_reg_7212                           |    9|          2|   32|         64|
    |P_278_reg_7200                           |    9|          2|   32|         64|
    |P_2_5_114458_reg_3367                    |    9|          2|   32|         64|
    |P_3_5_114484_reg_3079                    |    9|          2|   32|         64|
    |P_4_5_114491_reg_2983                    |    9|          2|   32|         64|
    |P_73_reg_2508                            |    9|          2|   32|         64|
    |P_74_reg_2498                            |    9|          2|   32|         64|
    |P_75_reg_2488                            |    9|          2|   32|         64|
    |P_76_reg_2478                            |    9|          2|   32|         64|
    |P_77_reg_2468                            |    9|          2|   32|         64|
    |P_78_reg_2458                            |    9|          2|   32|         64|
    |P_79_reg_2448                            |    9|          2|   32|         64|
    |P_80_reg_2438                            |    9|          2|   32|         64|
    |P_81_reg_2428                            |    9|          2|   32|         64|
    |P_82_reg_2418                            |    9|          2|   32|         64|
    |P_83_reg_2408                            |    9|          2|   32|         64|
    |P_84_reg_2398                            |    9|          2|   32|         64|
    |P_85_reg_2388                            |    9|          2|   32|         64|
    |P_86_reg_2378                            |    9|          2|   32|         64|
    |P_87_reg_2368                            |    9|          2|   32|         64|
    |P_88_reg_2358                            |    9|          2|   32|         64|
    |P_89_reg_2348                            |    9|          2|   32|         64|
    |P_90_reg_2338                            |    9|          2|   32|         64|
    |P_91_reg_2328                            |    9|          2|   32|         64|
    |P_92_reg_2318                            |    9|          2|   32|         64|
    |P_93_reg_2308                            |    9|          2|   32|         64|
    |P_94_reg_2298                            |    9|          2|   32|         64|
    |P_95_reg_2288                            |    9|          2|   32|         64|
    |P_96_reg_2278                            |    9|          2|   32|         64|
    |P_97_reg_2268                            |    9|          2|   32|         64|
    |P_98_reg_2258                            |    9|          2|   32|         64|
    |P_99_reg_2248                            |    9|          2|   32|         64|
    |P_reg_2518                               |    9|          2|   32|         64|
    |ap_NS_fsm                                |  476|         92|    1|         92|
    |ap_phi_mux_P_0_5_205896_phi_fu_7826_p60  |   14|          3|   32|         96|
    |ap_phi_mux_P_1_5_205889_phi_fu_7922_p60  |   14|          3|   32|         96|
    |ap_phi_mux_P_280_phi_fu_10878_p60        |   14|          3|   32|         96|
    |ap_phi_mux_P_281_phi_fu_10782_p60        |   14|          3|   32|         96|
    |ap_phi_mux_P_282_phi_fu_10686_p60        |   14|          3|   32|         96|
    |ap_phi_mux_P_283_phi_fu_10590_p60        |   14|          3|   32|         96|
    |ap_phi_mux_P_284_phi_fu_10494_p60        |   14|          3|   32|         96|
    |ap_phi_mux_P_285_phi_fu_10398_p60        |   14|          3|   32|         96|
    |ap_phi_mux_P_286_phi_fu_10303_p60        |   14|          3|   32|         96|
    |ap_phi_mux_P_287_phi_fu_10208_p60        |   14|          3|   32|         96|
    |ap_phi_mux_P_288_phi_fu_10113_p60        |   14|          3|   32|         96|
    |ap_phi_mux_P_289_phi_fu_10018_p60        |   14|          3|   32|         96|
    |ap_phi_mux_P_290_phi_fu_9923_p60         |   14|          3|   32|         96|
    |ap_phi_mux_P_291_phi_fu_9827_p60         |   14|          3|   32|         96|
    |ap_phi_mux_P_292_phi_fu_9732_p60         |   14|          3|   32|         96|
    |ap_phi_mux_P_293_phi_fu_9637_p60         |   14|          3|   32|         96|
    |ap_phi_mux_P_294_phi_fu_9542_p60         |   14|          3|   32|         96|
    |ap_phi_mux_P_295_phi_fu_9446_p60         |   14|          3|   32|         96|
    |ap_phi_mux_P_296_phi_fu_9351_p60         |   14|          3|   32|         96|
    |ap_phi_mux_P_297_phi_fu_9256_p60         |   14|          3|   32|         96|
    |ap_phi_mux_P_298_phi_fu_9161_p60         |   14|          3|   32|         96|
    |ap_phi_mux_P_299_phi_fu_9066_p60         |   14|          3|   32|         96|
    |ap_phi_mux_P_2_5_205882_phi_fu_8018_p60  |   14|          3|   32|         96|
    |ap_phi_mux_P_300_phi_fu_8971_p60         |   14|          3|   32|         96|
    |ap_phi_mux_P_301_phi_fu_8875_p60         |   14|          3|   32|         96|
    |ap_phi_mux_P_302_phi_fu_8780_p60         |   14|          3|   32|         96|
    |ap_phi_mux_P_303_phi_fu_8685_p60         |   14|          3|   32|         96|
    |ap_phi_mux_P_304_phi_fu_8590_p60         |   14|          3|   32|         96|
    |ap_phi_mux_P_305_phi_fu_8495_p60         |   14|          3|   32|         96|
    |ap_phi_mux_P_306_phi_fu_8400_p60         |   14|          3|   32|         96|
    |ap_phi_mux_P_307_phi_fu_8304_p60         |   14|          3|   32|         96|
    |ap_phi_mux_P_308_phi_fu_8209_p60         |   14|          3|   32|         96|
    |ap_phi_mux_P_309_phi_fu_8114_p60         |   14|          3|   32|         96|
    |ap_phi_mux_P_3_5_205908_phi_fu_7730_p60  |   14|          3|   32|         96|
    |ap_phi_mux_P_4_5_205915_phi_fu_7634_p60  |   14|          3|   32|         96|
    |gmem0_ARADDR                             |   14|          3|   64|        192|
    |gmem0_ARLEN                              |   14|          3|   32|         96|
    |gmem0_ARVALID                            |   14|          3|    1|          3|
    |gmem0_AWADDR                             |   14|          3|   64|        192|
    |gmem0_AWLEN                              |   14|          3|   32|         96|
    |gmem0_AWVALID                            |   14|          3|    1|          3|
    |gmem0_BREADY                             |   14|          3|    1|          3|
    |gmem0_RREADY                             |    9|          2|    1|          2|
    |gmem0_WVALID                             |    9|          2|    1|          2|
    |gmem0_blk_n_AR                           |    9|          2|    1|          2|
    |gmem0_blk_n_AW                           |    9|          2|    1|          2|
    |gmem0_blk_n_B                            |    9|          2|    1|          2|
    |gmem1_blk_n_AR                           |    9|          2|    1|          2|
    |gmem1_blk_n_R                            |    9|          2|    1|          2|
    |grp_fu_12431_ce                          |   54|         10|    1|         10|
    |grp_fu_12431_p0                          |   65|         12|   32|        384|
    |grp_fu_12431_p1                          |   65|         12|   32|        384|
    |grp_fu_12435_ce                          |   54|         10|    1|         10|
    |grp_fu_12435_p0                          |   59|         11|   32|        352|
    |grp_fu_12435_p1                          |   59|         11|   32|        352|
    |grp_fu_19343_ce                          |   14|          3|    1|          3|
    |grp_fu_19343_opcode                      |   14|          3|    2|          6|
    |grp_fu_19343_p0                          |   14|          3|   32|         96|
    |grp_fu_19343_p1                          |   14|          3|   32|         96|
    |grp_fu_19347_ce                          |   20|          4|    1|          4|
    |grp_fu_19347_p0                          |   20|          4|   32|        128|
    |grp_fu_19347_p1                          |   20|          4|   32|        128|
    |grp_fu_19351_ce                          |   43|          8|    1|          8|
    |grp_fu_19351_opcode                      |   43|          8|    2|         16|
    |grp_fu_19351_p0                          |   43|          8|   32|        256|
    |grp_fu_19351_p1                          |   43|          8|   32|        256|
    |grp_fu_19355_ce                          |   43|          8|    1|          8|
    |grp_fu_19355_opcode                      |   43|          8|    2|         16|
    |grp_fu_19355_p0                          |   43|          8|   32|        256|
    |grp_fu_19355_p1                          |   43|          8|   32|        256|
    |grp_fu_19359_ce                          |   43|          8|    1|          8|
    |grp_fu_19359_opcode                      |   43|          8|    2|         16|
    |grp_fu_19359_p0                          |   43|          8|   32|        256|
    |grp_fu_19359_p1                          |   43|          8|   32|        256|
    |grp_fu_19363_ce                          |   43|          8|    1|          8|
    |grp_fu_19363_opcode                      |   43|          8|    2|         16|
    |grp_fu_19363_p0                          |   43|          8|   32|        256|
    |grp_fu_19363_p1                          |   43|          8|   32|        256|
    |grp_fu_19367_ce                          |   43|          8|    1|          8|
    |grp_fu_19367_opcode                      |   43|          8|    2|         16|
    |grp_fu_19367_p0                          |   43|          8|   32|        256|
    |grp_fu_19367_p1                          |   43|          8|   32|        256|
    |grp_fu_19371_ce                          |   43|          8|    1|          8|
    |grp_fu_19371_p0                          |   43|          8|   32|        256|
    |grp_fu_19371_p1                          |   43|          8|   32|        256|
    |grp_fu_19375_ce                          |   43|          8|    1|          8|
    |grp_fu_19375_p0                          |   43|          8|   32|        256|
    |grp_fu_19375_p1                          |   43|          8|   32|        256|
    |grp_fu_19379_ce                          |   43|          8|    1|          8|
    |grp_fu_19379_p0                          |   43|          8|   32|        256|
    |grp_fu_19379_p1                          |   43|          8|   32|        256|
    |grp_fu_19383_ce                          |   43|          8|    1|          8|
    |grp_fu_19383_p0                          |   43|          8|   32|        256|
    |grp_fu_19383_p1                          |   43|          8|   32|        256|
    |grp_fu_19387_ce                          |   43|          8|    1|          8|
    |grp_fu_19387_p0                          |   43|          8|   32|        256|
    |grp_fu_19387_p1                          |   43|          8|   32|        256|
    |i_11_reg_2528                            |    9|          2|    3|          6|
    |i_reg_7175                               |    9|          2|    3|          6|
    |j_1_reg_7620                             |    9|          2|    4|          8|
    |j_reg_2973                               |    9|          2|    4|          8|
    |k_reg_6778                               |    9|          2|    3|          6|
    |local_1_address0                         |   37|          7|    4|         28|
    |local_1_ce0                              |   31|          6|    1|          6|
    |local_1_d0                               |   20|          4|   32|        128|
    |local_1_we0                              |   20|          4|    1|          4|
    |local_2_address0                         |   37|          7|    4|         28|
    |local_2_ce0                              |   37|          7|    1|          7|
    |local_2_d0                               |   20|          4|   32|        128|
    |local_2_we0                              |   20|          4|    1|          4|
    |local_3_address0                         |   37|          7|    4|         28|
    |local_3_ce0                              |   37|          7|    1|          7|
    |local_3_d0                               |   20|          4|   32|        128|
    |local_3_we0                              |   20|          4|    1|          4|
    |local_4_address0                         |   37|          7|    4|         28|
    |local_4_ce0                              |   37|          7|    1|          7|
    |local_4_d0                               |   20|          4|   32|        128|
    |local_4_we0                              |   20|          4|    1|          4|
    |local_5_address0                         |   37|          7|    4|         28|
    |local_5_ce0                              |   37|          7|    1|          7|
    |local_5_d0                               |   20|          4|   32|        128|
    |local_5_we0                              |   20|          4|    1|          4|
    |local_6_address0                         |   31|          6|    4|         24|
    |local_6_ce0                              |   31|          6|    1|          6|
    |local_6_d0                               |   14|          3|   32|         96|
    |local_6_we0                              |   14|          3|    1|          3|
    |local_7_address0                         |   31|          6|    4|         24|
    |local_7_ce0                              |   31|          6|    1|          6|
    |local_7_d0                               |   14|          3|   32|         96|
    |local_7_we0                              |   14|          3|    1|          3|
    |local_address0                           |   37|          7|    4|         28|
    |local_ce0                                |   31|          6|    1|          6|
    |local_d0                                 |   20|          4|   32|        128|
    |local_we0                                |   20|          4|    1|          4|
    |phi_ln120_reg_7187                       |    9|          2|    3|          6|
    |phi_ln76_reg_2540                        |    9|          2|    3|          6|
    |phi_mul_fu_198                           |    9|          2|   40|         80|
    |t_fu_202                                 |    9|          2|   31|         62|
    |x_13_reg_6531                            |    9|          2|   32|         64|
    |x_14_reg_6541                            |    9|          2|   32|         64|
    |x_15_reg_6551                            |    9|          2|   32|         64|
    |x_16_reg_6561                            |    9|          2|   32|         64|
    |x_17_reg_6571                            |    9|          2|   32|         64|
    |x_reg_6521                               |    9|          2|   32|         64|
    +-----------------------------------------+-----+-----------+-----+-----------+
    |Total                                    | 5990|       1220| 9587|      26618|
    +-----------------------------------------+-----+-----------+-----+-----------+

    * Register: 
    +----------------------------------------------------------------------------------+----+----+-----+-----------+
    |                                       Name                                       | FF | LUT| Bits| Const Bits|
    +----------------------------------------------------------------------------------+----+----+-----+-----------+
    |P_0_5_114472_reg_3175                                                             |  32|   0|   32|          0|
    |P_100_reg_2238                                                                    |  32|   0|   32|          0|
    |P_101_reg_2228                                                                    |  32|   0|   32|          0|
    |P_102_reg_2218                                                                    |  32|   0|   32|          0|
    |P_103_reg_2208                                                                    |  32|   0|   32|          0|
    |P_104_reg_2198                                                                    |  32|   0|   32|          0|
    |P_105_reg_2188                                                                    |  32|   0|   32|          0|
    |P_106_reg_2178                                                                    |  32|   0|   32|          0|
    |P_107_reg_6323                                                                    |  32|   0|   32|          0|
    |P_108_reg_6334                                                                    |  32|   0|   32|          0|
    |P_109_reg_6345                                                                    |  32|   0|   32|          0|
    |P_110_reg_6356                                                                    |  32|   0|   32|          0|
    |P_111_reg_6367                                                                    |  32|   0|   32|          0|
    |P_112_reg_6378                                                                    |  32|   0|   32|          0|
    |P_113_reg_6389                                                                    |  32|   0|   32|          0|
    |P_114_reg_6400                                                                    |  32|   0|   32|          0|
    |P_115_reg_6411                                                                    |  32|   0|   32|          0|
    |P_116_reg_6422                                                                    |  32|   0|   32|          0|
    |P_117_reg_6433                                                                    |  32|   0|   32|          0|
    |P_118_reg_6444                                                                    |  32|   0|   32|          0|
    |P_119_reg_6455                                                                    |  32|   0|   32|          0|
    |P_120_reg_6466                                                                    |  32|   0|   32|          0|
    |P_121_reg_6477                                                                    |  32|   0|   32|          0|
    |P_122_reg_6488                                                                    |  32|   0|   32|          0|
    |P_123_reg_6499                                                                    |  32|   0|   32|          0|
    |P_124_reg_6510                                                                    |  32|   0|   32|          0|
    |P_125_reg_6581                                                                    |  32|   0|   32|          0|
    |P_126_reg_6592                                                                    |  32|   0|   32|          0|
    |P_127_reg_6603                                                                    |  32|   0|   32|          0|
    |P_128_reg_6614                                                                    |  32|   0|   32|          0|
    |P_129_reg_6625                                                                    |  32|   0|   32|          0|
    |P_130_reg_6636                                                                    |  32|   0|   32|          0|
    |P_131_reg_6647                                                                    |  32|   0|   32|          0|
    |P_132_reg_6658                                                                    |  32|   0|   32|          0|
    |P_133_reg_6669                                                                    |  32|   0|   32|          0|
    |P_134_reg_6680                                                                    |  32|   0|   32|          0|
    |P_135_reg_6691                                                                    |  32|   0|   32|          0|
    |P_136_reg_6702                                                                    |  32|   0|   32|          0|
    |P_137_reg_6713                                                                    |  32|   0|   32|          0|
    |P_138_reg_6724                                                                    |  32|   0|   32|          0|
    |P_139_reg_6735                                                                    |  32|   0|   32|          0|
    |P_140_reg_6746                                                                    |  32|   0|   32|          0|
    |P_141_reg_6757                                                                    |  32|   0|   32|          0|
    |P_142_reg_6768                                                                    |  32|   0|   32|          0|
    |P_143_reg_2961                                                                    |  32|   0|   32|          0|
    |P_144_reg_2949                                                                    |  32|   0|   32|          0|
    |P_145_reg_2937                                                                    |  32|   0|   32|          0|
    |P_146_reg_2925                                                                    |  32|   0|   32|          0|
    |P_147_reg_2913                                                                    |  32|   0|   32|          0|
    |P_148_reg_2901                                                                    |  32|   0|   32|          0|
    |P_149_reg_2889                                                                    |  32|   0|   32|          0|
    |P_150_reg_2877                                                                    |  32|   0|   32|          0|
    |P_151_reg_2865                                                                    |  32|   0|   32|          0|
    |P_152_reg_2853                                                                    |  32|   0|   32|          0|
    |P_153_reg_2841                                                                    |  32|   0|   32|          0|
    |P_154_reg_2829                                                                    |  32|   0|   32|          0|
    |P_155_reg_2817                                                                    |  32|   0|   32|          0|
    |P_156_reg_2805                                                                    |  32|   0|   32|          0|
    |P_157_reg_2793                                                                    |  32|   0|   32|          0|
    |P_158_reg_2781                                                                    |  32|   0|   32|          0|
    |P_159_reg_2769                                                                    |  32|   0|   32|          0|
    |P_160_reg_2757                                                                    |  32|   0|   32|          0|
    |P_161_reg_2745                                                                    |  32|   0|   32|          0|
    |P_162_reg_2733                                                                    |  32|   0|   32|          0|
    |P_163_reg_2721                                                                    |  32|   0|   32|          0|
    |P_164_reg_2709                                                                    |  32|   0|   32|          0|
    |P_165_reg_2697                                                                    |  32|   0|   32|          0|
    |P_166_reg_2685                                                                    |  32|   0|   32|          0|
    |P_167_reg_2673                                                                    |  32|   0|   32|          0|
    |P_168_reg_2661                                                                    |  32|   0|   32|          0|
    |P_169_reg_2649                                                                    |  32|   0|   32|          0|
    |P_170_reg_2637                                                                    |  32|   0|   32|          0|
    |P_171_reg_2625                                                                    |  32|   0|   32|          0|
    |P_172_reg_2613                                                                    |  32|   0|   32|          0|
    |P_173_reg_2601                                                                    |  32|   0|   32|          0|
    |P_174_reg_2589                                                                    |  32|   0|   32|          0|
    |P_175_reg_2577                                                                    |  32|   0|   32|          0|
    |P_176_reg_2565                                                                    |  32|   0|   32|          0|
    |P_177_reg_2553                                                                    |  32|   0|   32|          0|
    |P_178_reg_7164                                                                    |  32|   0|   32|          0|
    |P_179_reg_7153                                                                    |  32|   0|   32|          0|
    |P_180_reg_7142                                                                    |  32|   0|   32|          0|
    |P_181_reg_7131                                                                    |  32|   0|   32|          0|
    |P_182_reg_7120                                                                    |  32|   0|   32|          0|
    |P_183_reg_7109                                                                    |  32|   0|   32|          0|
    |P_184_reg_7098                                                                    |  32|   0|   32|          0|
    |P_185_reg_7087                                                                    |  32|   0|   32|          0|
    |P_186_reg_7076                                                                    |  32|   0|   32|          0|
    |P_187_reg_7065                                                                    |  32|   0|   32|          0|
    |P_188_reg_7054                                                                    |  32|   0|   32|          0|
    |P_189_reg_7043                                                                    |  32|   0|   32|          0|
    |P_190_reg_7032                                                                    |  32|   0|   32|          0|
    |P_191_reg_7021                                                                    |  32|   0|   32|          0|
    |P_192_reg_7010                                                                    |  32|   0|   32|          0|
    |P_193_reg_6999                                                                    |  32|   0|   32|          0|
    |P_194_reg_6988                                                                    |  32|   0|   32|          0|
    |P_195_reg_6977                                                                    |  32|   0|   32|          0|
    |P_196_reg_6966                                                                    |  32|   0|   32|          0|
    |P_197_reg_6955                                                                    |  32|   0|   32|          0|
    |P_198_reg_6944                                                                    |  32|   0|   32|          0|
    |P_199_reg_6933                                                                    |  32|   0|   32|          0|
    |P_1_5_114465_reg_3271                                                             |  32|   0|   32|          0|
    |P_200_reg_6922                                                                    |  32|   0|   32|          0|
    |P_201_reg_6911                                                                    |  32|   0|   32|          0|
    |P_202_reg_6900                                                                    |  32|   0|   32|          0|
    |P_203_reg_6889                                                                    |  32|   0|   32|          0|
    |P_204_reg_6878                                                                    |  32|   0|   32|          0|
    |P_205_reg_6867                                                                    |  32|   0|   32|          0|
    |P_206_reg_6856                                                                    |  32|   0|   32|          0|
    |P_207_reg_6845                                                                    |  32|   0|   32|          0|
    |P_208_reg_6834                                                                    |  32|   0|   32|          0|
    |P_209_reg_6823                                                                    |  32|   0|   32|          0|
    |P_210_reg_6812                                                                    |  32|   0|   32|          0|
    |P_211_reg_6801                                                                    |  32|   0|   32|          0|
    |P_212_reg_6790                                                                    |  32|   0|   32|          0|
    |P_214_reg_6227                                                                    |  32|   0|   32|          0|
    |P_215_reg_6131                                                                    |  32|   0|   32|          0|
    |P_216_reg_6035                                                                    |  32|   0|   32|          0|
    |P_217_reg_5939                                                                    |  32|   0|   32|          0|
    |P_218_reg_5843                                                                    |  32|   0|   32|          0|
    |P_219_reg_5747                                                                    |  32|   0|   32|          0|
    |P_220_reg_5652                                                                    |  32|   0|   32|          0|
    |P_221_reg_5557                                                                    |  32|   0|   32|          0|
    |P_222_reg_5462                                                                    |  32|   0|   32|          0|
    |P_223_reg_5367                                                                    |  32|   0|   32|          0|
    |P_224_reg_5272                                                                    |  32|   0|   32|          0|
    |P_225_reg_5176                                                                    |  32|   0|   32|          0|
    |P_226_reg_5081                                                                    |  32|   0|   32|          0|
    |P_227_reg_4986                                                                    |  32|   0|   32|          0|
    |P_228_reg_4891                                                                    |  32|   0|   32|          0|
    |P_229_reg_4795                                                                    |  32|   0|   32|          0|
    |P_230_reg_4700                                                                    |  32|   0|   32|          0|
    |P_231_reg_4605                                                                    |  32|   0|   32|          0|
    |P_232_reg_4510                                                                    |  32|   0|   32|          0|
    |P_233_reg_4415                                                                    |  32|   0|   32|          0|
    |P_234_reg_4320                                                                    |  32|   0|   32|          0|
    |P_235_reg_4224                                                                    |  32|   0|   32|          0|
    |P_236_reg_4129                                                                    |  32|   0|   32|          0|
    |P_237_reg_4034                                                                    |  32|   0|   32|          0|
    |P_238_reg_3939                                                                    |  32|   0|   32|          0|
    |P_239_reg_3844                                                                    |  32|   0|   32|          0|
    |P_240_reg_3749                                                                    |  32|   0|   32|          0|
    |P_241_reg_3653                                                                    |  32|   0|   32|          0|
    |P_242_reg_3558                                                                    |  32|   0|   32|          0|
    |P_243_reg_3463                                                                    |  32|   0|   32|          0|
    |P_244_reg_7608                                                                    |  32|   0|   32|          0|
    |P_245_reg_7596                                                                    |  32|   0|   32|          0|
    |P_246_reg_7584                                                                    |  32|   0|   32|          0|
    |P_247_reg_7572                                                                    |  32|   0|   32|          0|
    |P_248_reg_7560                                                                    |  32|   0|   32|          0|
    |P_249_reg_7548                                                                    |  32|   0|   32|          0|
    |P_250_reg_7536                                                                    |  32|   0|   32|          0|
    |P_251_reg_7524                                                                    |  32|   0|   32|          0|
    |P_252_reg_7512                                                                    |  32|   0|   32|          0|
    |P_253_reg_7500                                                                    |  32|   0|   32|          0|
    |P_254_reg_7488                                                                    |  32|   0|   32|          0|
    |P_255_reg_7476                                                                    |  32|   0|   32|          0|
    |P_256_reg_7464                                                                    |  32|   0|   32|          0|
    |P_257_reg_7452                                                                    |  32|   0|   32|          0|
    |P_258_reg_7440                                                                    |  32|   0|   32|          0|
    |P_259_reg_7428                                                                    |  32|   0|   32|          0|
    |P_260_reg_7416                                                                    |  32|   0|   32|          0|
    |P_261_reg_7404                                                                    |  32|   0|   32|          0|
    |P_262_reg_7392                                                                    |  32|   0|   32|          0|
    |P_263_reg_7380                                                                    |  32|   0|   32|          0|
    |P_264_reg_7368                                                                    |  32|   0|   32|          0|
    |P_265_reg_7356                                                                    |  32|   0|   32|          0|
    |P_266_reg_7344                                                                    |  32|   0|   32|          0|
    |P_267_reg_7332                                                                    |  32|   0|   32|          0|
    |P_268_reg_7320                                                                    |  32|   0|   32|          0|
    |P_269_reg_7308                                                                    |  32|   0|   32|          0|
    |P_270_reg_7296                                                                    |  32|   0|   32|          0|
    |P_271_reg_7284                                                                    |  32|   0|   32|          0|
    |P_272_reg_7272                                                                    |  32|   0|   32|          0|
    |P_273_reg_7260                                                                    |  32|   0|   32|          0|
    |P_274_reg_7248                                                                    |  32|   0|   32|          0|
    |P_275_reg_7236                                                                    |  32|   0|   32|          0|
    |P_276_reg_7224                                                                    |  32|   0|   32|          0|
    |P_277_reg_7212                                                                    |  32|   0|   32|          0|
    |P_278_reg_7200                                                                    |  32|   0|   32|          0|
    |P_2_5_114458_reg_3367                                                             |  32|   0|   32|          0|
    |P_3_5_114484_reg_3079                                                             |  32|   0|   32|          0|
    |P_4_5_114491_reg_2983                                                             |  32|   0|   32|          0|
    |P_73_reg_2508                                                                     |  32|   0|   32|          0|
    |P_74_reg_2498                                                                     |  32|   0|   32|          0|
    |P_75_reg_2488                                                                     |  32|   0|   32|          0|
    |P_76_reg_2478                                                                     |  32|   0|   32|          0|
    |P_77_reg_2468                                                                     |  32|   0|   32|          0|
    |P_78_reg_2458                                                                     |  32|   0|   32|          0|
    |P_79_reg_2448                                                                     |  32|   0|   32|          0|
    |P_80_reg_2438                                                                     |  32|   0|   32|          0|
    |P_81_reg_2428                                                                     |  32|   0|   32|          0|
    |P_82_reg_2418                                                                     |  32|   0|   32|          0|
    |P_83_reg_2408                                                                     |  32|   0|   32|          0|
    |P_84_reg_2398                                                                     |  32|   0|   32|          0|
    |P_85_reg_2388                                                                     |  32|   0|   32|          0|
    |P_86_reg_2378                                                                     |  32|   0|   32|          0|
    |P_87_reg_2368                                                                     |  32|   0|   32|          0|
    |P_88_reg_2358                                                                     |  32|   0|   32|          0|
    |P_89_reg_2348                                                                     |  32|   0|   32|          0|
    |P_90_reg_2338                                                                     |  32|   0|   32|          0|
    |P_91_reg_2328                                                                     |  32|   0|   32|          0|
    |P_92_reg_2318                                                                     |  32|   0|   32|          0|
    |P_93_reg_2308                                                                     |  32|   0|   32|          0|
    |P_94_reg_2298                                                                     |  32|   0|   32|          0|
    |P_95_reg_2288                                                                     |  32|   0|   32|          0|
    |P_96_reg_2278                                                                     |  32|   0|   32|          0|
    |P_97_reg_2268                                                                     |  32|   0|   32|          0|
    |P_98_reg_2258                                                                     |  32|   0|   32|          0|
    |P_99_reg_2248                                                                     |  32|   0|   32|          0|
    |P_reg_2518                                                                        |  32|   0|   32|          0|
    |add_ln138_1_reg_17814                                                             |  40|   0|   40|          0|
    |add_ln138_reg_17822                                                               |  31|   0|   31|          0|
    |add_ln164_reg_18657                                                               |   3|   0|    3|          0|
    |ap_CS_fsm                                                                         |  91|   0|   91|          0|
    |data_read_reg_15039                                                               |  64|   0|   64|          0|
    |empty_reg_17774                                                                   |  31|   0|   31|          0|
    |gmem0_addr_reg_17834                                                              |  64|   0|   64|          0|
    |gmem1_addr_reg_17768                                                              |  64|   0|   64|          0|
    |grp_ekf_batch_Pipeline_VITIS_LOOP_101_4_fu_11743_ap_start_reg                     |   1|   0|    1|          0|
    |grp_ekf_batch_Pipeline_VITIS_LOOP_102_5_fu_11760_ap_start_reg                     |   1|   0|    1|          0|
    |grp_ekf_batch_Pipeline_VITIS_LOOP_109_6_fu_11789_ap_start_reg                     |   1|   0|    1|          0|
    |grp_ekf_batch_Pipeline_VITIS_LOOP_117_8_fu_12177_ap_start_reg                     |   1|   0|    1|          0|
    |grp_ekf_batch_Pipeline_VITIS_LOOP_148_3_fu_10970_ap_start_reg                     |   1|   0|    1|          0|
    |grp_ekf_batch_Pipeline_VITIS_LOOP_157_4_fu_11038_ap_start_reg                     |   1|   0|    1|          0|
    |grp_ekf_batch_Pipeline_VITIS_LOOP_158_5_VITIS_LOOP_159_6_fu_11054_ap_start_reg    |   1|   0|    1|          0|
    |grp_ekf_batch_Pipeline_VITIS_LOOP_168_8_fu_11591_ap_start_reg                     |   1|   0|    1|          0|
    |grp_ekf_batch_Pipeline_VITIS_LOOP_173_9_fu_11608_ap_start_reg                     |   1|   0|    1|          0|
    |grp_ekf_batch_Pipeline_VITIS_LOOP_174_10_VITIS_LOOP_175_11_fu_12332_ap_start_reg  |   1|   0|    1|          0|
    |grp_ekf_batch_Pipeline_VITIS_LOOP_176_12_fu_12416_ap_start_reg                    |   1|   0|    1|          0|
    |grp_ekf_batch_Pipeline_VITIS_LOOP_17_1_VITIS_LOOP_18_21_fu_11355_ap_start_reg     |   1|   0|    1|          0|
    |grp_ekf_batch_Pipeline_VITIS_LOOP_17_1_VITIS_LOOP_18_22_fu_11841_ap_start_reg     |   1|   0|    1|          0|
    |grp_ekf_batch_Pipeline_VITIS_LOOP_17_1_VITIS_LOOP_18_24_fu_12065_ap_start_reg     |   1|   0|    1|          0|
    |grp_ekf_batch_Pipeline_VITIS_LOOP_17_1_VITIS_LOOP_18_2_fu_11224_ap_start_reg      |   1|   0|    1|          0|
    |grp_ekf_batch_Pipeline_VITIS_LOOP_30_13_fu_11989_ap_start_reg                     |   1|   0|    1|          0|
    |grp_ekf_batch_Pipeline_VITIS_LOOP_30_1_fu_11102_ap_start_reg                      |   1|   0|    1|          0|
    |grp_ekf_batch_Pipeline_VITIS_LOOP_41_1_VITIS_LOOP_42_2_fu_10985_ap_start_reg      |   1|   0|    1|          0|
    |grp_ekf_batch_Pipeline_VITIS_LOOP_45_3_fu_11022_ap_start_reg                      |   1|   0|    1|          0|
    |grp_ekf_batch_Pipeline_VITIS_LOOP_58_1_fu_11175_ap_start_reg                      |   1|   0|    1|          0|
    |grp_ekf_batch_Pipeline_VITIS_LOOP_64_3_fu_11333_ap_start_reg                      |   1|   0|    1|          0|
    |grp_ekf_batch_Pipeline_VITIS_LOOP_73_4_VITIS_LOOP_74_5_fu_11467_ap_start_reg      |   1|   0|    1|          0|
    |grp_ekf_batch_Pipeline_VITIS_LOOP_89_1_fu_11636_ap_start_reg                      |   1|   0|    1|          0|
    |grp_ekf_batch_Pipeline_VITIS_LOOP_96_3_fu_11724_ap_start_reg                      |   1|   0|    1|          0|
    |i_11_reg_2528                                                                     |   3|   0|    3|          0|
    |i_reg_7175                                                                        |   3|   0|    3|          0|
    |inv_s_reg_18727                                                                   |  32|   0|   32|          0|
    |j_1_reg_7620                                                                      |   4|   0|    4|          0|
    |j_reg_2973                                                                        |   4|   0|    4|          0|
    |k_reg_6778                                                                        |   3|   0|    3|          0|
    |local_1_load_reg_17845                                                            |  32|   0|   32|          0|
    |local_2_load_reg_17851                                                            |  32|   0|   32|          0|
    |local_3_load_reg_17857                                                            |  32|   0|   32|          0|
    |local_4_load_reg_17863                                                            |  32|   0|   32|          0|
    |local_5_load_reg_17869                                                            |  32|   0|   32|          0|
    |local_load_1_reg_18695                                                            |  32|   0|   32|          0|
    |local_load_reg_17839                                                              |  32|   0|   32|          0|
    |m_1_reg_18649                                                                     |  32|   0|   32|          0|
    |m_reg_18639                                                                       |  32|   0|   32|          0|
    |num_tracks_read_reg_15034                                                         |  32|   0|   32|          0|
    |phi_ln120_reg_7187                                                                |   3|   0|    3|          0|
    |phi_ln76_reg_2540                                                                 |   3|   0|    3|          0|
    |phi_mul_fu_198                                                                    |  40|   0|   40|          0|
    |reg_12445                                                                         |  32|   0|   32|          0|
    |reg_12450                                                                         |  32|   0|   32|          0|
    |s_reg_18700                                                                       |  32|   0|   32|          0|
    |shl_ln_reg_18662                                                                  |   3|   0|    6|          3|
    |t_fu_202                                                                          |  31|   0|   31|          0|
    |tmp_48_reg_18619                                                                  |  32|   0|   32|          0|
    |tmp_55_reg_18624                                                                  |  32|   0|   32|          0|
    |tmp_64_reg_19323                                                                  |  32|   0|   32|          0|
    |tmp_71_reg_19328                                                                  |  32|   0|   32|          0|
    |tmp_reg_18644                                                                     |  29|   0|   29|          0|
    |trunc_ln120_reg_19319                                                             |   3|   0|    3|          0|
    |trunc_ln2_reg_17827                                                               |  62|   0|   62|          0|
    |trunc_ln76_reg_18615                                                              |   3|   0|    3|          0|
    |x_13_reg_6531                                                                     |  32|   0|   32|          0|
    |x_14_reg_6541                                                                     |  32|   0|   32|          0|
    |x_15_reg_6551                                                                     |  32|   0|   32|          0|
    |x_16_reg_6561                                                                     |  32|   0|   32|          0|
    |x_17_reg_6571                                                                     |  32|   0|   32|          0|
    |x_reg_6521                                                                        |  32|   0|   32|          0|
    +----------------------------------------------------------------------------------+----+----+-----+-----------+
    |Total                                                                             |8126|   0| 8129|          3|
    +----------------------------------------------------------------------------------+----+----+-----+-----------+



================================================================
== Interface
================================================================
* Summary: 
+-----------------------+-----+-----+------------+--------------+--------------+
|       RTL Ports       | Dir | Bits|  Protocol  | Source Object|    C Type    |
+-----------------------+-----+-----+------------+--------------+--------------+
|s_axi_control_AWVALID  |   in|    1|       s_axi|       control|        scalar|
|s_axi_control_AWREADY  |  out|    1|       s_axi|       control|        scalar|
|s_axi_control_AWADDR   |   in|    6|       s_axi|       control|        scalar|
|s_axi_control_WVALID   |   in|    1|       s_axi|       control|        scalar|
|s_axi_control_WREADY   |  out|    1|       s_axi|       control|        scalar|
|s_axi_control_WDATA    |   in|   32|       s_axi|       control|        scalar|
|s_axi_control_WSTRB    |   in|    4|       s_axi|       control|        scalar|
|s_axi_control_ARVALID  |   in|    1|       s_axi|       control|        scalar|
|s_axi_control_ARREADY  |  out|    1|       s_axi|       control|        scalar|
|s_axi_control_ARADDR   |   in|    6|       s_axi|       control|        scalar|
|s_axi_control_RVALID   |  out|    1|       s_axi|       control|        scalar|
|s_axi_control_RREADY   |   in|    1|       s_axi|       control|        scalar|
|s_axi_control_RDATA    |  out|   32|       s_axi|       control|        scalar|
|s_axi_control_RRESP    |  out|    2|       s_axi|       control|        scalar|
|s_axi_control_BVALID   |  out|    1|       s_axi|       control|        scalar|
|s_axi_control_BREADY   |   in|    1|       s_axi|       control|        scalar|
|s_axi_control_BRESP    |  out|    2|       s_axi|       control|        scalar|
|ap_clk                 |   in|    1|  ap_ctrl_hs|     ekf_batch|  return value|
|ap_rst_n               |   in|    1|  ap_ctrl_hs|     ekf_batch|  return value|
|interrupt              |  out|    1|  ap_ctrl_hs|     ekf_batch|  return value|
|m_axi_gmem0_AWVALID    |  out|    1|       m_axi|         gmem0|       pointer|
|m_axi_gmem0_AWREADY    |   in|    1|       m_axi|         gmem0|       pointer|
|m_axi_gmem0_AWADDR     |  out|   64|       m_axi|         gmem0|       pointer|
|m_axi_gmem0_AWID       |  out|    1|       m_axi|         gmem0|       pointer|
|m_axi_gmem0_AWLEN      |  out|    8|       m_axi|         gmem0|       pointer|
|m_axi_gmem0_AWSIZE     |  out|    3|       m_axi|         gmem0|       pointer|
|m_axi_gmem0_AWBURST    |  out|    2|       m_axi|         gmem0|       pointer|
|m_axi_gmem0_AWLOCK     |  out|    2|       m_axi|         gmem0|       pointer|
|m_axi_gmem0_AWCACHE    |  out|    4|       m_axi|         gmem0|       pointer|
|m_axi_gmem0_AWPROT     |  out|    3|       m_axi|         gmem0|       pointer|
|m_axi_gmem0_AWQOS      |  out|    4|       m_axi|         gmem0|       pointer|
|m_axi_gmem0_AWREGION   |  out|    4|       m_axi|         gmem0|       pointer|
|m_axi_gmem0_AWUSER     |  out|    1|       m_axi|         gmem0|       pointer|
|m_axi_gmem0_WVALID     |  out|    1|       m_axi|         gmem0|       pointer|
|m_axi_gmem0_WREADY     |   in|    1|       m_axi|         gmem0|       pointer|
|m_axi_gmem0_WDATA      |  out|   32|       m_axi|         gmem0|       pointer|
|m_axi_gmem0_WSTRB      |  out|    4|       m_axi|         gmem0|       pointer|
|m_axi_gmem0_WLAST      |  out|    1|       m_axi|         gmem0|       pointer|
|m_axi_gmem0_WID        |  out|    1|       m_axi|         gmem0|       pointer|
|m_axi_gmem0_WUSER      |  out|    1|       m_axi|         gmem0|       pointer|
|m_axi_gmem0_ARVALID    |  out|    1|       m_axi|         gmem0|       pointer|
|m_axi_gmem0_ARREADY    |   in|    1|       m_axi|         gmem0|       pointer|
|m_axi_gmem0_ARADDR     |  out|   64|       m_axi|         gmem0|       pointer|
|m_axi_gmem0_ARID       |  out|    1|       m_axi|         gmem0|       pointer|
|m_axi_gmem0_ARLEN      |  out|    8|       m_axi|         gmem0|       pointer|
|m_axi_gmem0_ARSIZE     |  out|    3|       m_axi|         gmem0|       pointer|
|m_axi_gmem0_ARBURST    |  out|    2|       m_axi|         gmem0|       pointer|
|m_axi_gmem0_ARLOCK     |  out|    2|       m_axi|         gmem0|       pointer|
|m_axi_gmem0_ARCACHE    |  out|    4|       m_axi|         gmem0|       pointer|
|m_axi_gmem0_ARPROT     |  out|    3|       m_axi|         gmem0|       pointer|
|m_axi_gmem0_ARQOS      |  out|    4|       m_axi|         gmem0|       pointer|
|m_axi_gmem0_ARREGION   |  out|    4|       m_axi|         gmem0|       pointer|
|m_axi_gmem0_ARUSER     |  out|    1|       m_axi|         gmem0|       pointer|
|m_axi_gmem0_RVALID     |   in|    1|       m_axi|         gmem0|       pointer|
|m_axi_gmem0_RREADY     |  out|    1|       m_axi|         gmem0|       pointer|
|m_axi_gmem0_RDATA      |   in|   32|       m_axi|         gmem0|       pointer|
|m_axi_gmem0_RLAST      |   in|    1|       m_axi|         gmem0|       pointer|
|m_axi_gmem0_RID        |   in|    1|       m_axi|         gmem0|       pointer|
|m_axi_gmem0_RUSER      |   in|    1|       m_axi|         gmem0|       pointer|
|m_axi_gmem0_RRESP      |   in|    2|       m_axi|         gmem0|       pointer|
|m_axi_gmem0_BVALID     |   in|    1|       m_axi|         gmem0|       pointer|
|m_axi_gmem0_BREADY     |  out|    1|       m_axi|         gmem0|       pointer|
|m_axi_gmem0_BRESP      |   in|    2|       m_axi|         gmem0|       pointer|
|m_axi_gmem0_BID        |   in|    1|       m_axi|         gmem0|       pointer|
|m_axi_gmem0_BUSER      |   in|    1|       m_axi|         gmem0|       pointer|
|m_axi_gmem1_AWVALID    |  out|    1|       m_axi|         gmem1|       pointer|
|m_axi_gmem1_AWREADY    |   in|    1|       m_axi|         gmem1|       pointer|
|m_axi_gmem1_AWADDR     |  out|   64|       m_axi|         gmem1|       pointer|
|m_axi_gmem1_AWID       |  out|    1|       m_axi|         gmem1|       pointer|
|m_axi_gmem1_AWLEN      |  out|    8|       m_axi|         gmem1|       pointer|
|m_axi_gmem1_AWSIZE     |  out|    3|       m_axi|         gmem1|       pointer|
|m_axi_gmem1_AWBURST    |  out|    2|       m_axi|         gmem1|       pointer|
|m_axi_gmem1_AWLOCK     |  out|    2|       m_axi|         gmem1|       pointer|
|m_axi_gmem1_AWCACHE    |  out|    4|       m_axi|         gmem1|       pointer|
|m_axi_gmem1_AWPROT     |  out|    3|       m_axi|         gmem1|       pointer|
|m_axi_gmem1_AWQOS      |  out|    4|       m_axi|         gmem1|       pointer|
|m_axi_gmem1_AWREGION   |  out|    4|       m_axi|         gmem1|       pointer|
|m_axi_gmem1_AWUSER     |  out|    1|       m_axi|         gmem1|       pointer|
|m_axi_gmem1_WVALID     |  out|    1|       m_axi|         gmem1|       pointer|
|m_axi_gmem1_WREADY     |   in|    1|       m_axi|         gmem1|       pointer|
|m_axi_gmem1_WDATA      |  out|   32|       m_axi|         gmem1|       pointer|
|m_axi_gmem1_WSTRB      |  out|    4|       m_axi|         gmem1|       pointer|
|m_axi_gmem1_WLAST      |  out|    1|       m_axi|         gmem1|       pointer|
|m_axi_gmem1_WID        |  out|    1|       m_axi|         gmem1|       pointer|
|m_axi_gmem1_WUSER      |  out|    1|       m_axi|         gmem1|       pointer|
|m_axi_gmem1_ARVALID    |  out|    1|       m_axi|         gmem1|       pointer|
|m_axi_gmem1_ARREADY    |   in|    1|       m_axi|         gmem1|       pointer|
|m_axi_gmem1_ARADDR     |  out|   64|       m_axi|         gmem1|       pointer|
|m_axi_gmem1_ARID       |  out|    1|       m_axi|         gmem1|       pointer|
|m_axi_gmem1_ARLEN      |  out|    8|       m_axi|         gmem1|       pointer|
|m_axi_gmem1_ARSIZE     |  out|    3|       m_axi|         gmem1|       pointer|
|m_axi_gmem1_ARBURST    |  out|    2|       m_axi|         gmem1|       pointer|
|m_axi_gmem1_ARLOCK     |  out|    2|       m_axi|         gmem1|       pointer|
|m_axi_gmem1_ARCACHE    |  out|    4|       m_axi|         gmem1|       pointer|
|m_axi_gmem1_ARPROT     |  out|    3|       m_axi|         gmem1|       pointer|
|m_axi_gmem1_ARQOS      |  out|    4|       m_axi|         gmem1|       pointer|
|m_axi_gmem1_ARREGION   |  out|    4|       m_axi|         gmem1|       pointer|
|m_axi_gmem1_ARUSER     |  out|    1|       m_axi|         gmem1|       pointer|
|m_axi_gmem1_RVALID     |   in|    1|       m_axi|         gmem1|       pointer|
|m_axi_gmem1_RREADY     |  out|    1|       m_axi|         gmem1|       pointer|
|m_axi_gmem1_RDATA      |   in|   32|       m_axi|         gmem1|       pointer|
|m_axi_gmem1_RLAST      |   in|    1|       m_axi|         gmem1|       pointer|
|m_axi_gmem1_RID        |   in|    1|       m_axi|         gmem1|       pointer|
|m_axi_gmem1_RUSER      |   in|    1|       m_axi|         gmem1|       pointer|
|m_axi_gmem1_RRESP      |   in|    2|       m_axi|         gmem1|       pointer|
|m_axi_gmem1_BVALID     |   in|    1|       m_axi|         gmem1|       pointer|
|m_axi_gmem1_BREADY     |  out|    1|       m_axi|         gmem1|       pointer|
|m_axi_gmem1_BRESP      |   in|    2|       m_axi|         gmem1|       pointer|
|m_axi_gmem1_BID        |   in|    1|       m_axi|         gmem1|       pointer|
|m_axi_gmem1_BUSER      |   in|    1|       m_axi|         gmem1|       pointer|
+-----------------------+-----+-----+------------+--------------+--------------+

