

================================================================
== Vitis HLS Report for 'ekf_batch_Pipeline_VITIS_LOOP_176_12'
================================================================
* Date:           Thu Sep  3 12:11:40 2026

* Version:        2023.1 (Build 3854077 on May  4 2023)
* Project:        EKF
* Solution:       solution1 (Vivado IP Flow Target)
* Product family: zynquplus
* Target device:  xczu9eg-ffvb1156-2-e


================================================================
== Performance Estimates
================================================================
+ Timing: 
    * Summary: 
    +--------+----------+----------+------------+
    |  Clock |  Target  | Estimated| Uncertainty|
    +--------+----------+----------+------------+
    |ap_clk  |  10.00 ns|  7.300 ns|     2.70 ns|
    +--------+----------+----------+------------+

+ Latency: 
    * Summary: 
    +---------+---------+----------+----------+-----+-----+---------+
    |  Latency (cycles) |  Latency (absolute) |  Interval | Pipeline|
    |   min   |   max   |    min   |    max   | min | max |   Type  |
    +---------+---------+----------+----------+-----+-----+---------+
    |      101|      101|  1.010 us|  1.010 us|  101|  101|       no|
    +---------+---------+----------+----------+-----+-----+---------+

    + Detail: 
        * Instance: 
        N/A

        * Loop: 
        +---------------------+---------+---------+----------+-----------+-----------+------+----------+
        |                     |  Latency (cycles) | Iteration|  Initiation Interval  | Trip |          |
        |      Loop Name      |   min   |   max   |  Latency |  achieved |   target  | Count| Pipelined|
        +---------------------+---------+---------+----------+-----------+-----------+------+----------+
        |- VITIS_LOOP_176_12  |       99|       99|         3|          1|          1|    98|       yes|
        +---------------------+---------+---------+----------+-----------+-----------+------+----------+



================================================================
== Utilization Estimates
================================================================
* Summary: 
+-----------------+---------+------+--------+--------+-----+
|       Name      | BRAM_18K|  DSP |   FF   |   LUT  | URAM|
+-----------------+---------+------+--------+--------+-----+
|DSP              |        -|     -|       -|       -|    -|
|Expression       |        -|     -|       0|      32|    -|
|FIFO             |        -|     -|       -|       -|    -|
|Instance         |        -|     -|       0|      43|    -|
|Memory           |        -|     -|       -|       -|    -|
|Multiplexer      |        -|     -|       -|      45|    -|
|Register         |        -|     -|      48|       -|    -|
+-----------------+---------+------+--------+--------+-----+
|Total            |        0|     0|      48|     120|    0|
+-----------------+---------+------+--------+--------+-----+
|Available        |     1824|  2520|  548160|  274080|    0|
+-----------------+---------+------+--------+--------+-----+
|Utilization (%)  |        0|     0|      ~0|      ~0|    0|
+-----------------+---------+------+--------+--------+-----+

+ Detail: 
    * Instance: 
    +----------------------+----------------+---------+----+---+----+-----+
    |       Instance       |     Module     | BRAM_18K| DSP| FF| LUT| URAM|
    +----------------------+----------------+---------+----+---+----+-----+
    |mux_8_3_32_1_1_U1439  |mux_8_3_32_1_1  |        0|   0|  0|  43|    0|
    +----------------------+----------------+---------+----+---+----+-----+
    |Total                 |                |        0|   0|  0|  43|    0|
    +----------------------+----------------+---------+----+---+----+-----+

    * DSP: 
    N/A

    * Memory: 
    N/A

    * FIFO: 
    N/A

    * Expression: 
    +---------------------------+----------+----+---+----+------------+------------+
    |       Variable Name       | Operation| DSP| FF| LUT| Bitwidth P0| Bitwidth P1|
    +---------------------------+----------+----+---+----+------------+------------+
    |add_ln176_fu_214_p2        |         +|   0|  0|  14|           7|           1|
    |ap_block_pp0_stage0_11001  |       and|   0|  0|   2|           1|           1|
    |icmp_ln176_fu_208_p2       |      icmp|   0|  0|  14|           7|           6|
    |ap_enable_pp0              |       xor|   0|  0|   2|           1|           2|
    +---------------------------+----------+----+---+----+------------+------------+
    |Total                      |          |   0|  0|  32|          16|          10|
    +---------------------------+----------+----+---+----+------------+------------+

    * Multiplexer: 
    +-------------------------+----+-----------+-----+-----------+
    |           Name          | LUT| Input Size| Bits| Total Bits|
    +-------------------------+----+-----------+-----+-----------+
    |ap_done_int              |   9|          2|    1|          2|
    |ap_enable_reg_pp0_iter2  |   9|          2|    1|          2|
    |ap_sig_allocacmp_i_7     |   9|          2|    7|         14|
    |gmem0_blk_n_W            |   9|          2|    1|          2|
    |i_fu_74                  |   9|          2|    7|         14|
    +-------------------------+----+-----------+-----+-----------+
    |Total                    |  45|         10|   17|         34|
    +-------------------------+----+-----------+-----+-----------+

    * Register: 
    +----------------------------------+----+----+-----+-----------+
    |               Name               | FF | LUT| Bits| Const Bits|
    +----------------------------------+----+----+-----+-----------+
    |ap_CS_fsm                         |   1|   0|    1|          0|
    |ap_done_reg                       |   1|   0|    1|          0|
    |ap_enable_reg_pp0_iter1           |   1|   0|    1|          0|
    |ap_enable_reg_pp0_iter2           |   1|   0|    1|          0|
    |ap_loop_exit_ready_pp0_iter1_reg  |   1|   0|    1|          0|
    |i_fu_74                           |   7|   0|    7|          0|
    |icmp_ln176_reg_293                |   1|   0|    1|          0|
    |tmp_s_reg_347                     |  32|   0|   32|          0|
    |trunc_ln176_reg_297               |   3|   0|    3|          0|
    +----------------------------------+----+----+-----+-----------+
    |Total                             |  48|   0|   48|          0|
    +----------------------------------+----+----+-----+-----------+



================================================================
== Interface
================================================================
* Summary: 
+----------------------+-----+-----+------------+--------------------------------------+--------------+
|       RTL Ports      | Dir | Bits|  Protocol  |             Source Object            |    C Type    |
+----------------------+-----+-----+------------+--------------------------------------+--------------+
|ap_clk                |   in|    1|  ap_ctrl_hs|  ekf_batch_Pipeline_VITIS_LOOP_176_12|  return value|
|ap_rst                |   in|    1|  ap_ctrl_hs|  ekf_batch_Pipeline_VITIS_LOOP_176_12|  return value|
|ap_start              |   in|    1|  ap_ctrl_hs|  ekf_batch_Pipeline_VITIS_LOOP_176_12|  return value|
|ap_done               |  out|    1|  ap_ctrl_hs|  ekf_batch_Pipeline_VITIS_LOOP_176_12|  return value|
|ap_idle               |  out|    1|  ap_ctrl_hs|  ekf_batch_Pipeline_VITIS_LOOP_176_12|  return value|
|ap_ready              |  out|    1|  ap_ctrl_hs|  ekf_batch_Pipeline_VITIS_LOOP_176_12|  return value|
|m_axi_gmem0_AWVALID   |  out|    1|       m_axi|                                 gmem0|       pointer|
|m_axi_gmem0_AWREADY   |   in|    1|       m_axi|                                 gmem0|       pointer|
|m_axi_gmem0_AWADDR    |  out|   64|       m_axi|                                 gmem0|       pointer|
|m_axi_gmem0_AWID      |  out|    1|       m_axi|                                 gmem0|       pointer|
|m_axi_gmem0_AWLEN     |  out|   32|       m_axi|                                 gmem0|       pointer|
|m_axi_gmem0_AWSIZE    |  out|    3|       m_axi|                                 gmem0|       pointer|
|m_axi_gmem0_AWBURST   |  out|    2|       m_axi|                                 gmem0|       pointer|
|m_axi_gmem0_AWLOCK    |  out|    2|       m_axi|                                 gmem0|       pointer|
|m_axi_gmem0_AWCACHE   |  out|    4|       m_axi|                                 gmem0|       pointer|
|m_axi_gmem0_AWPROT    |  out|    3|       m_axi|                                 gmem0|       pointer|
|m_axi_gmem0_AWQOS     |  out|    4|       m_axi|                                 gmem0|       pointer|
|m_axi_gmem0_AWREGION  |  out|    4|       m_axi|                                 gmem0|       pointer|
|m_axi_gmem0_AWUSER    |  out|    1|       m_axi|                                 gmem0|       pointer|
|m_axi_gmem0_WVALID    |  out|    1|       m_axi|                                 gmem0|       pointer|
|m_axi_gmem0_WREADY    |   in|    1|       m_axi|                                 gmem0|       pointer|
|m_axi_gmem0_WDATA     |  out|   32|       m_axi|                                 gmem0|       pointer|
|m_axi_gmem0_WSTRB     |  out|    4|       m_axi|                                 gmem0|       pointer|
|m_axi_gmem0_WLAST     |  out|    1|       m_axi|                                 gmem0|       pointer|
|m_axi_gmem0_WID       |  out|    1|       m_axi|                                 gmem0|       pointer|
|m_axi_gmem0_WUSER     |  out|    1|       m_axi|                                 gmem0|       pointer|
|m_axi_gmem0_ARVALID   |  out|    1|       m_axi|                                 gmem0|       pointer|
|m_axi_gmem0_ARREADY   |   in|    1|       m_axi|                                 gmem0|       pointer|
|m_axi_gmem0_ARADDR    |  out|   64|       m_axi|                                 gmem0|       pointer|
|m_axi_gmem0_ARID      |  out|    1|       m_axi|                                 gmem0|       pointer|
|m_axi_gmem0_ARLEN     |  out|   32|       m_axi|                                 gmem0|       pointer|
|m_axi_gmem0_ARSIZE    |  out|    3|       m_axi|                                 gmem0|       pointer|
|m_axi_gmem0_ARBURST   |  out|    2|       m_axi|                                 gmem0|       pointer|
|m_axi_gmem0_ARLOCK    |  out|    2|       m_axi|                                 gmem0|       pointer|
|m_axi_gmem0_ARCACHE   |  out|    4|       m_axi|                                 gmem0|       pointer|
|m_axi_gmem0_ARPROT    |  out|    3|       m_axi|                                 gmem0|       pointer|
|m_axi_gmem0_ARQOS     |  out|    4|       m_axi|                                 gmem0|       pointer|
|m_axi_gmem0_ARREGION  |  out|    4|       m_axi|                                 gmem0|       pointer|
|m_axi_gmem0_ARUSER    |  out|    1|       m_axi|                                 gmem0|       pointer|
|m_axi_gmem0_RVALID    |   in|    1|       m_axi|                                 gmem0|       pointer|
|m_axi_gmem0_RREADY    |  out|    1|       m_axi|                                 gmem0|       pointer|
|m_axi_gmem0_RDATA     |   in|   32|       m_axi|                                 gmem0|       pointer|
|m_axi_gmem0_RLAST     |   in|    1|       m_axi|                                 gmem0|       pointer|
|m_axi_gmem0_RID       |   in|    1|       m_axi|                                 gmem0|       pointer|
|m_axi_gmem0_RFIFONUM  |   in|    9|       m_axi|                                 gmem0|       pointer|
|m_axi_gmem0_RUSER     |   in|    1|       m_axi|                                 gmem0|       pointer|
|m_axi_gmem0_RRESP     |   in|    2|       m_axi|                                 gmem0|       pointer|
|m_axi_gmem0_BVALID    |   in|    1|       m_axi|                                 gmem0|       pointer|
|m_axi_gmem0_BREADY    |  out|    1|       m_axi|                                 gmem0|       pointer|
|m_axi_gmem0_BRESP     |   in|    2|       m_axi|                                 gmem0|       pointer|
|m_axi_gmem0_BID       |   in|    1|       m_axi|                                 gmem0|       pointer|
|m_axi_gmem0_BUSER     |   in|    1|       m_axi|                                 gmem0|       pointer|
|sext_ln148            |   in|   62|     ap_none|                            sext_ln148|        scalar|
|local_address0        |  out|    4|   ap_memory|                                 local|         array|
|local_ce0             |  out|    1|   ap_memory|                                 local|         array|
|local_q0              |   in|   32|   ap_memory|                                 local|         array|
|local_1_address0      |  out|    4|   ap_memory|                               local_1|         array|
|local_1_ce0           |  out|    1|   ap_memory|                               local_1|         array|
|local_1_q0            |   in|   32|   ap_memory|                               local_1|         array|
|local_2_address0      |  out|    4|   ap_memory|                               local_2|         array|
|local_2_ce0           |  out|    1|   ap_memory|                               local_2|         array|
|local_2_q0            |   in|   32|   ap_memory|                               local_2|         array|
|local_3_address0      |  out|    4|   ap_memory|                               local_3|         array|
|local_3_ce0           |  out|    1|   ap_memory|                               local_3|         array|
|local_3_q0            |   in|   32|   ap_memory|                               local_3|         array|
|local_4_address0      |  out|    4|   ap_memory|                               local_4|         array|
|local_4_ce0           |  out|    1|   ap_memory|                               local_4|         array|
|local_4_q0            |   in|   32|   ap_memory|                               local_4|         array|
|local_5_address0      |  out|    4|   ap_memory|                               local_5|         array|
|local_5_ce0           |  out|    1|   ap_memory|                               local_5|         array|
|local_5_q0            |   in|   32|   ap_memory|                               local_5|         array|
|local_6_address0      |  out|    4|   ap_memory|                               local_6|         array|
|local_6_ce0           |  out|    1|   ap_memory|                               local_6|         array|
|local_6_q0            |   in|   32|   ap_memory|                               local_6|         array|
|local_7_address0      |  out|    4|   ap_memory|                               local_7|         array|
|local_7_ce0           |  out|    1|   ap_memory|                               local_7|         array|
|local_7_q0            |   in|   32|   ap_memory|                               local_7|         array|
+----------------------+-----+-----+------------+--------------------------------------+--------------+

