

================================================================
== Vitis HLS Report for 'ekf_batch_Pipeline_VITIS_LOOP_17_1_VITIS_LOOP_18_24'
================================================================
* Date:           Thu Sep  3 12:11:39 2026

* Version:        2023.1 (Build 3854077 on May  4 2023)
* Project:        EKF
* Solution:       solution1 (Vivado IP Flow Target)
* Product family: zynquplus
* Target device:  xczu9eg-ffvb1156-2-e


================================================================
== Performance Estimates
================================================================
+ Timing: 
    * Summary: 
    +--------+----------+----------+------------+
    |  Clock |  Target  | Estimated| Uncertainty|
    +--------+----------+----------+------------+
    |ap_clk  |  10.00 ns|  7.016 ns|     2.70 ns|
    +--------+----------+----------+------------+

+ Latency: 
    * Summary: 
    +---------+---------+----------+----------+-----+-----+---------+
    |  Latency (cycles) |  Latency (absolute) |  Interval | Pipeline|
    |   min   |   max   |    min   |    max   | min | max |   Type  |
    +---------+---------+----------+----------+-----+-----+---------+
    |       64|       64|  0.640 us|  0.640 us|   64|   64|       no|
    +---------+---------+----------+----------+-----+-----+---------+

    + Detail: 
        * Instance: 
        N/A

        * Loop: 
        +-----------------------------------+---------+---------+----------+-----------+-----------+------+----------+
        |                                   |  Latency (cycles) | Iteration|  Initiation Interval  | Trip |          |
        |             Loop Name             |   min   |   max   |  Latency |  achieved |   target  | Count| Pipelined|
        +-----------------------------------+---------+---------+----------+-----------+-----------+------+----------+
        |- VITIS_LOOP_17_1_VITIS_LOOP_18_2  |       62|       62|        28|          1|          1|    36|       yes|
        +-----------------------------------+---------+---------+----------+-----------+-----------+------+----------+



================================================================
== Utilization Estimates
================================================================
* Summary: 
+-----------------+---------+------+--------+--------+-----+
|       Name      | BRAM_18K|  DSP |   FF   |   LUT  | URAM|
+-----------------+---------+------+--------+--------+-----+
|DSP              |        -|     -|       -|       -|    -|
|Expression       |        -|     -|       0|     256|    -|
|FIFO             |        -|     -|       -|       -|    -|
|Instance         |        -|     -|       0|     558|    -|
|Memory           |        -|     -|       -|       -|    -|
|Multiplexer      |        -|     -|       -|      72|    -|
|Register         |        -|     -|    2353|     192|    -|
+-----------------+---------+------+--------+--------+-----+
|Total            |        0|     0|    2353|    1078|    0|
+-----------------+---------+------+--------+--------+-----+
|Available        |     1824|  2520|  548160|  274080|    0|
+-----------------+---------+------+--------+--------+-----+
|Utilization (%)  |        0|     0|      ~0|      ~0|    0|
+-----------------+---------+------+--------+--------+-----+

+ Detail: 
    * Instance: 
    +----------------------+----------------+---------+----+---+----+-----+
    |       Instance       |     Module     | BRAM_18K| DSP| FF| LUT| URAM|
    +----------------------+----------------+---------+----+---+----+-----+
    |mux_6_3_32_1_1_U1108  |mux_6_3_32_1_1  |        0|   0|  0|  31|    0|
    |mux_6_3_32_1_1_U1109  |mux_6_3_32_1_1  |        0|   0|  0|  31|    0|
    |mux_6_3_32_1_1_U1110  |mux_6_3_32_1_1  |        0|   0|  0|  31|    0|
    |mux_6_3_32_1_1_U1111  |mux_6_3_32_1_1  |        0|   0|  0|  31|    0|
    |mux_6_3_32_1_1_U1112  |mux_6_3_32_1_1  |        0|   0|  0|  31|    0|
    |mux_6_3_32_1_1_U1113  |mux_6_3_32_1_1  |        0|   0|  0|  31|    0|
    |mux_6_3_32_1_1_U1114  |mux_6_3_32_1_1  |        0|   0|  0|  31|    0|
    |mux_6_3_32_1_1_U1115  |mux_6_3_32_1_1  |        0|   0|  0|  31|    0|
    |mux_6_3_32_1_1_U1116  |mux_6_3_32_1_1  |        0|   0|  0|  31|    0|
    |mux_6_3_32_1_1_U1117  |mux_6_3_32_1_1  |        0|   0|  0|  31|    0|
    |mux_6_3_32_1_1_U1118  |mux_6_3_32_1_1  |        0|   0|  0|  31|    0|
    |mux_6_3_32_1_1_U1119  |mux_6_3_32_1_1  |        0|   0|  0|  31|    0|
    |mux_6_3_32_1_1_U1120  |mux_6_3_32_1_1  |        0|   0|  0|  31|    0|
    |mux_6_3_32_1_1_U1121  |mux_6_3_32_1_1  |        0|   0|  0|  31|    0|
    |mux_6_3_32_1_1_U1122  |mux_6_3_32_1_1  |        0|   0|  0|  31|    0|
    |mux_6_3_32_1_1_U1123  |mux_6_3_32_1_1  |        0|   0|  0|  31|    0|
    |mux_6_3_32_1_1_U1124  |mux_6_3_32_1_1  |        0|   0|  0|  31|    0|
    |mux_6_3_32_1_1_U1125  |mux_6_3_32_1_1  |        0|   0|  0|  31|    0|
    +----------------------+----------------+---------+----+---+----+-----+
    |Total                 |                |        0|   0|  0| 558|    0|
    +----------------------+----------------+---------+----+---+----+-----+

    * DSP: 
    N/A

    * Memory: 
    N/A

    * FIFO: 
    N/A

    * Expression: 
    +--------------------------+----------+----+---+----+------------+------------+
    |       Variable Name      | Operation| DSP| FF| LUT| Bitwidth P0| Bitwidth P1|
    +--------------------------+----------+----+---+----+------------+------------+
    |add_ln17_1_fu_1199_p2     |         +|   0|  0|  10|           3|           1|
    |add_ln17_fu_1173_p2       |         +|   0|  0|  13|           6|           1|
    |add_ln18_fu_1275_p2       |         +|   0|  0|  10|           3|           1|
    |icmp_ln17_fu_1167_p2      |      icmp|   0|  0|  13|           6|           6|
    |icmp_ln18_fu_1185_p2      |      icmp|   0|  0|  10|           3|           3|
    |select_ln17_1_fu_1241_p3  |    select|   0|  0|  32|           1|          32|
    |select_ln17_2_fu_1318_p3  |    select|   0|  0|  32|           1|          32|
    |select_ln17_3_fu_1358_p3  |    select|   0|  0|  32|           1|          32|
    |select_ln17_4_fu_1398_p3  |    select|   0|  0|  32|           1|          32|
    |select_ln17_5_fu_1438_p3  |    select|   0|  0|  32|           1|          32|
    |select_ln17_6_fu_1478_p3  |    select|   0|  0|  32|           1|          32|
    |select_ln17_7_fu_1249_p3  |    select|   0|  0|   3|           1|           3|
    |select_ln17_fu_1191_p3    |    select|   0|  0|   3|           1|           1|
    |ap_enable_pp0             |       xor|   0|  0|   2|           1|           2|
    +--------------------------+----------+----+---+----+------------+------------+
    |Total                     |          |   0|  0| 256|          30|         210|
    +--------------------------+----------+----+---+----+------------+------------+

    * Multiplexer: 
    +----------------------------------------+----+-----------+-----+-----------+
    |                  Name                  | LUT| Input Size| Bits| Total Bits|
    +----------------------------------------+----+-----------+-----+-----------+
    |ap_done_int                             |   9|          2|    1|          2|
    |ap_enable_reg_pp0_iter1                 |   9|          2|    1|          2|
    |ap_sig_allocacmp_i_load                 |   9|          2|    3|          6|
    |ap_sig_allocacmp_indvar_flatten41_load  |   9|          2|    6|         12|
    |ap_sig_allocacmp_j_load                 |   9|          2|    3|          6|
    |i_fu_264                                |   9|          2|    3|          6|
    |indvar_flatten41_fu_268                 |   9|          2|    6|         12|
    |j_fu_260                                |   9|          2|    3|          6|
    +----------------------------------------+----+-----------+-----+-----------+
    |Total                                   |  72|         16|   26|         52|
    +----------------------------------------+----+-----------+-----+-----------+

    * Register: 
    +-----------------------------------+----+----+-----+-----------+
    |                Name               | FF | LUT| Bits| Const Bits|
    +-----------------------------------+----+----+-----+-----------+
    |acc_10_fu_288                      |  32|   0|   32|          0|
    |acc_11_fu_292                      |  32|   0|   32|          0|
    |acc_12_fu_296                      |  32|   0|   32|          0|
    |acc_13_fu_300                      |  32|   0|   32|          0|
    |acc_14_fu_304                      |  32|   0|   32|          0|
    |acc_15_fu_308                      |  32|   0|   32|          0|
    |acc_16_fu_312                      |  32|   0|   32|          0|
    |acc_17_fu_316                      |  32|   0|   32|          0|
    |acc_18_fu_320                      |  32|   0|   32|          0|
    |acc_19_fu_324                      |  32|   0|   32|          0|
    |acc_20_fu_328                      |  32|   0|   32|          0|
    |acc_21_fu_332                      |  32|   0|   32|          0|
    |acc_22_fu_336                      |  32|   0|   32|          0|
    |acc_23_fu_340                      |  32|   0|   32|          0|
    |acc_24_fu_344                      |  32|   0|   32|          0|
    |acc_25_fu_348                      |  32|   0|   32|          0|
    |acc_26_fu_352                      |  32|   0|   32|          0|
    |acc_27_fu_356                      |  32|   0|   32|          0|
    |acc_28_fu_360                      |  32|   0|   32|          0|
    |acc_29_fu_364                      |  32|   0|   32|          0|
    |acc_36_fu_368                      |  32|   0|   32|          0|
    |acc_37_fu_372                      |  32|   0|   32|          0|
    |acc_38_fu_376                      |  32|   0|   32|          0|
    |acc_39_fu_380                      |  32|   0|   32|          0|
    |acc_40_fu_384                      |  32|   0|   32|          0|
    |acc_41_fu_388                      |  32|   0|   32|          0|
    |acc_42_fu_392                      |  32|   0|   32|          0|
    |acc_43_fu_396                      |  32|   0|   32|          0|
    |acc_44_fu_400                      |  32|   0|   32|          0|
    |acc_45_fu_404                      |  32|   0|   32|          0|
    |acc_46_fu_408                      |  32|   0|   32|          0|
    |acc_47_fu_412                      |  32|   0|   32|          0|
    |acc_48_reg_2456                    |  32|   0|   32|          0|
    |acc_49_reg_2476                    |  32|   0|   32|          0|
    |acc_50_reg_2496                    |  32|   0|   32|          0|
    |acc_51_reg_2516                    |  32|   0|   32|          0|
    |acc_52_reg_2536                    |  32|   0|   32|          0|
    |acc_7_fu_276                       |  32|   0|   32|          0|
    |acc_8_fu_280                       |  32|   0|   32|          0|
    |acc_9_fu_284                       |  32|   0|   32|          0|
    |acc_fu_272                         |  32|   0|   32|          0|
    |add_ln17_1_reg_2418                |   3|   0|    3|          0|
    |ap_CS_fsm                          |   1|   0|    1|          0|
    |ap_done_reg                        |   1|   0|    1|          0|
    |ap_enable_reg_pp0_iter1            |   1|   0|    1|          0|
    |ap_enable_reg_pp0_iter10           |   1|   0|    1|          0|
    |ap_enable_reg_pp0_iter11           |   1|   0|    1|          0|
    |ap_enable_reg_pp0_iter12           |   1|   0|    1|          0|
    |ap_enable_reg_pp0_iter13           |   1|   0|    1|          0|
    |ap_enable_reg_pp0_iter14           |   1|   0|    1|          0|
    |ap_enable_reg_pp0_iter15           |   1|   0|    1|          0|
    |ap_enable_reg_pp0_iter16           |   1|   0|    1|          0|
    |ap_enable_reg_pp0_iter17           |   1|   0|    1|          0|
    |ap_enable_reg_pp0_iter18           |   1|   0|    1|          0|
    |ap_enable_reg_pp0_iter19           |   1|   0|    1|          0|
    |ap_enable_reg_pp0_iter2            |   1|   0|    1|          0|
    |ap_enable_reg_pp0_iter20           |   1|   0|    1|          0|
    |ap_enable_reg_pp0_iter21           |   1|   0|    1|          0|
    |ap_enable_reg_pp0_iter22           |   1|   0|    1|          0|
    |ap_enable_reg_pp0_iter23           |   1|   0|    1|          0|
    |ap_enable_reg_pp0_iter24           |   1|   0|    1|          0|
    |ap_enable_reg_pp0_iter25           |   1|   0|    1|          0|
    |ap_enable_reg_pp0_iter26           |   1|   0|    1|          0|
    |ap_enable_reg_pp0_iter27           |   1|   0|    1|          0|
    |ap_enable_reg_pp0_iter3            |   1|   0|    1|          0|
    |ap_enable_reg_pp0_iter4            |   1|   0|    1|          0|
    |ap_enable_reg_pp0_iter5            |   1|   0|    1|          0|
    |ap_enable_reg_pp0_iter6            |   1|   0|    1|          0|
    |ap_enable_reg_pp0_iter7            |   1|   0|    1|          0|
    |ap_enable_reg_pp0_iter8            |   1|   0|    1|          0|
    |ap_enable_reg_pp0_iter9            |   1|   0|    1|          0|
    |ap_loop_exit_ready_pp0_iter10_reg  |   1|   0|    1|          0|
    |ap_loop_exit_ready_pp0_iter11_reg  |   1|   0|    1|          0|
    |ap_loop_exit_ready_pp0_iter12_reg  |   1|   0|    1|          0|
    |ap_loop_exit_ready_pp0_iter13_reg  |   1|   0|    1|          0|
    |ap_loop_exit_ready_pp0_iter14_reg  |   1|   0|    1|          0|
    |ap_loop_exit_ready_pp0_iter15_reg  |   1|   0|    1|          0|
    |ap_loop_exit_ready_pp0_iter16_reg  |   1|   0|    1|          0|
    |ap_loop_exit_ready_pp0_iter17_reg  |   1|   0|    1|          0|
    |ap_loop_exit_ready_pp0_iter18_reg  |   1|   0|    1|          0|
    |ap_loop_exit_ready_pp0_iter19_reg  |   1|   0|    1|          0|
    |ap_loop_exit_ready_pp0_iter1_reg   |   1|   0|    1|          0|
    |ap_loop_exit_ready_pp0_iter20_reg  |   1|   0|    1|          0|
    |ap_loop_exit_ready_pp0_iter21_reg  |   1|   0|    1|          0|
    |ap_loop_exit_ready_pp0_iter22_reg  |   1|   0|    1|          0|
    |ap_loop_exit_ready_pp0_iter23_reg  |   1|   0|    1|          0|
    |ap_loop_exit_ready_pp0_iter24_reg  |   1|   0|    1|          0|
    |ap_loop_exit_ready_pp0_iter25_reg  |   1|   0|    1|          0|
    |ap_loop_exit_ready_pp0_iter26_reg  |   1|   0|    1|          0|
    |ap_loop_exit_ready_pp0_iter2_reg   |   1|   0|    1|          0|
    |ap_loop_exit_ready_pp0_iter3_reg   |   1|   0|    1|          0|
    |ap_loop_exit_ready_pp0_iter4_reg   |   1|   0|    1|          0|
    |ap_loop_exit_ready_pp0_iter5_reg   |   1|   0|    1|          0|
    |ap_loop_exit_ready_pp0_iter6_reg   |   1|   0|    1|          0|
    |ap_loop_exit_ready_pp0_iter7_reg   |   1|   0|    1|          0|
    |ap_loop_exit_ready_pp0_iter8_reg   |   1|   0|    1|          0|
    |ap_loop_exit_ready_pp0_iter9_reg   |   1|   0|    1|          0|
    |i_fu_264                           |   3|   0|    3|          0|
    |i_load_reg_2391                    |   3|   0|    3|          0|
    |icmp_ln17_reg_2387                 |   1|   0|    1|          0|
    |icmp_ln18_reg_2400                 |   1|   0|    1|          0|
    |indvar_flatten41_fu_268            |   6|   0|    6|          0|
    |j_fu_260                           |   3|   0|    3|          0|
    |mul_i30_i_1_reg_2461               |  32|   0|   32|          0|
    |mul_i30_i_2_reg_2481               |  32|   0|   32|          0|
    |mul_i30_i_3_reg_2501               |  32|   0|   32|          0|
    |mul_i30_i_4_reg_2521               |  32|   0|   32|          0|
    |mul_i30_i_5_reg_2541               |  32|   0|   32|          0|
    |mul_i30_i_reg_2441                 |  32|   0|   32|          0|
    |select_ln17_1_reg_2427             |  32|   0|   32|          0|
    |select_ln17_2_reg_2446             |  32|   0|   32|          0|
    |select_ln17_3_reg_2466             |  32|   0|   32|          0|
    |select_ln17_4_reg_2486             |  32|   0|   32|          0|
    |select_ln17_5_reg_2506             |  32|   0|   32|          0|
    |select_ln17_6_reg_2526             |  32|   0|   32|          0|
    |select_ln17_7_reg_2432             |   3|   0|    3|          0|
    |select_ln17_reg_2409               |   3|   0|    3|          0|
    |tmp_25_reg_2436                    |  32|   0|   32|          0|
    |tmp_26_reg_2451                    |  32|   0|   32|          0|
    |tmp_27_reg_2471                    |  32|   0|   32|          0|
    |tmp_28_reg_2491                    |  32|   0|   32|          0|
    |tmp_29_reg_2511                    |  32|   0|   32|          0|
    |tmp_30_reg_2531                    |  32|   0|   32|          0|
    |add_ln17_1_reg_2418                |  64|  32|    3|          0|
    |i_load_reg_2391                    |  64|  32|    3|          0|
    |icmp_ln17_reg_2387                 |  64|  32|    1|          0|
    |icmp_ln18_reg_2400                 |  64|  32|    1|          0|
    |select_ln17_7_reg_2432             |  64|  32|    3|          0|
    |select_ln17_reg_2409               |  64|  32|    3|          0|
    +-----------------------------------+----+----+-----+-----------+
    |Total                              |2353| 192| 1983|          0|
    +-----------------------------------+----+----+-----+-----------+



================================================================
== Interface
================================================================
* Summary: 
+-------------------------------+-----+-----+------------+-----------------------------------------------------+--------------+
|           RTL Ports           | Dir | Bits|  Protocol  |                    Source Object                    |    C Type    |
+-------------------------------+-----+-----+------------+-----------------------------------------------------+--------------+
|ap_clk                         |   in|    1|  ap_ctrl_hs|  ekf_batch_Pipeline_VITIS_LOOP_17_1_VITIS_LOOP_18_24|  return value|
|ap_rst                         |   in|    1|  ap_ctrl_hs|  ekf_batch_Pipeline_VITIS_LOOP_17_1_VITIS_LOOP_18_24|  return value|
|ap_start                       |   in|    1|  ap_ctrl_hs|  ekf_batch_Pipeline_VITIS_LOOP_17_1_VITIS_LOOP_18_24|  return value|
|ap_done                        |  out|    1|  ap_ctrl_hs|  ekf_batch_Pipeline_VITIS_LOOP_17_1_VITIS_LOOP_18_24|  return value|
|ap_idle                        |  out|    1|  ap_ctrl_hs|  ekf_batch_Pipeline_VITIS_LOOP_17_1_VITIS_LOOP_18_24|  return value|
|ap_ready                       |  out|    1|  ap_ctrl_hs|  ekf_batch_Pipeline_VITIS_LOOP_17_1_VITIS_LOOP_18_24|  return value|
|grp_fu_12431_p_din0            |  out|   32|  ap_ctrl_hs|  ekf_batch_Pipeline_VITIS_LOOP_17_1_VITIS_LOOP_18_24|  return value|
|grp_fu_12431_p_din1            |  out|   32|  ap_ctrl_hs|  ekf_batch_Pipeline_VITIS_LOOP_17_1_VITIS_LOOP_18_24|  return value|
|grp_fu_12431_p_opcode          |  out|    2|  ap_ctrl_hs|  ekf_batch_Pipeline_VITIS_LOOP_17_1_VITIS_LOOP_18_24|  return value|
|grp_fu_12431_p_dout0           |   in|   32|  ap_ctrl_hs|  ekf_batch_Pipeline_VITIS_LOOP_17_1_VITIS_LOOP_18_24|  return value|
|grp_fu_12431_p_ce              |  out|    1|  ap_ctrl_hs|  ekf_batch_Pipeline_VITIS_LOOP_17_1_VITIS_LOOP_18_24|  return value|
|grp_fu_19351_p_din0            |  out|   32|  ap_ctrl_hs|  ekf_batch_Pipeline_VITIS_LOOP_17_1_VITIS_LOOP_18_24|  return value|
|grp_fu_19351_p_din1            |  out|   32|  ap_ctrl_hs|  ekf_batch_Pipeline_VITIS_LOOP_17_1_VITIS_LOOP_18_24|  return value|
|grp_fu_19351_p_opcode          |  out|    1|  ap_ctrl_hs|  ekf_batch_Pipeline_VITIS_LOOP_17_1_VITIS_LOOP_18_24|  return value|
|grp_fu_19351_p_dout0           |   in|   32|  ap_ctrl_hs|  ekf_batch_Pipeline_VITIS_LOOP_17_1_VITIS_LOOP_18_24|  return value|
|grp_fu_19351_p_ce              |  out|    1|  ap_ctrl_hs|  ekf_batch_Pipeline_VITIS_LOOP_17_1_VITIS_LOOP_18_24|  return value|
|grp_fu_19355_p_din0            |  out|   32|  ap_ctrl_hs|  ekf_batch_Pipeline_VITIS_LOOP_17_1_VITIS_LOOP_18_24|  return value|
|grp_fu_19355_p_din1            |  out|   32|  ap_ctrl_hs|  ekf_batch_Pipeline_VITIS_LOOP_17_1_VITIS_LOOP_18_24|  return value|
|grp_fu_19355_p_opcode          |  out|    1|  ap_ctrl_hs|  ekf_batch_Pipeline_VITIS_LOOP_17_1_VITIS_LOOP_18_24|  return value|
|grp_fu_19355_p_dout0           |   in|   32|  ap_ctrl_hs|  ekf_batch_Pipeline_VITIS_LOOP_17_1_VITIS_LOOP_18_24|  return value|
|grp_fu_19355_p_ce              |  out|    1|  ap_ctrl_hs|  ekf_batch_Pipeline_VITIS_LOOP_17_1_VITIS_LOOP_18_24|  return value|
|grp_fu_19359_p_din0            |  out|   32|  ap_ctrl_hs|  ekf_batch_Pipeline_VITIS_LOOP_17_1_VITIS_LOOP_18_24|  return value|
|grp_fu_19359_p_din1            |  out|   32|  ap_ctrl_hs|  ekf_batch_Pipeline_VITIS_LOOP_17_1_VITIS_LOOP_18_24|  return value|
|grp_fu_19359_p_opcode          |  out|    1|  ap_ctrl_hs|  ekf_batch_Pipeline_VITIS_LOOP_17_1_VITIS_LOOP_18_24|  return value|
|grp_fu_19359_p_dout0           |   in|   32|  ap_ctrl_hs|  ekf_batch_Pipeline_VITIS_LOOP_17_1_VITIS_LOOP_18_24|  return value|
|grp_fu_19359_p_ce              |  out|    1|  ap_ctrl_hs|  ekf_batch_Pipeline_VITIS_LOOP_17_1_VITIS_LOOP_18_24|  return value|
|grp_fu_19363_p_din0            |  out|   32|  ap_ctrl_hs|  ekf_batch_Pipeline_VITIS_LOOP_17_1_VITIS_LOOP_18_24|  return value|
|grp_fu_19363_p_din1            |  out|   32|  ap_ctrl_hs|  ekf_batch_Pipeline_VITIS_LOOP_17_1_VITIS_LOOP_18_24|  return value|
|grp_fu_19363_p_opcode          |  out|    1|  ap_ctrl_hs|  ekf_batch_Pipeline_VITIS_LOOP_17_1_VITIS_LOOP_18_24|  return value|
|grp_fu_19363_p_dout0           |   in|   32|  ap_ctrl_hs|  ekf_batch_Pipeline_VITIS_LOOP_17_1_VITIS_LOOP_18_24|  return value|
|grp_fu_19363_p_ce              |  out|    1|  ap_ctrl_hs|  ekf_batch_Pipeline_VITIS_LOOP_17_1_VITIS_LOOP_18_24|  return value|
|grp_fu_19367_p_din0            |  out|   32|  ap_ctrl_hs|  ekf_batch_Pipeline_VITIS_LOOP_17_1_VITIS_LOOP_18_24|  return value|
|grp_fu_19367_p_din1            |  out|   32|  ap_ctrl_hs|  ekf_batch_Pipeline_VITIS_LOOP_17_1_VITIS_LOOP_18_24|  return value|
|grp_fu_19367_p_opcode          |  out|    1|  ap_ctrl_hs|  ekf_batch_Pipeline_VITIS_LOOP_17_1_VITIS_LOOP_18_24|  return value|
|grp_fu_19367_p_dout0           |   in|   32|  ap_ctrl_hs|  ekf_batch_Pipeline_VITIS_LOOP_17_1_VITIS_LOOP_18_24|  return value|
|grp_fu_19367_p_ce              |  out|    1|  ap_ctrl_hs|  ekf_batch_Pipeline_VITIS_LOOP_17_1_VITIS_LOOP_18_24|  return value|
|grp_fu_12435_p_din0            |  out|   32|  ap_ctrl_hs|  ekf_batch_Pipeline_VITIS_LOOP_17_1_VITIS_LOOP_18_24|  return value|
|grp_fu_12435_p_din1            |  out|   32|  ap_ctrl_hs|  ekf_batch_Pipeline_VITIS_LOOP_17_1_VITIS_LOOP_18_24|  return value|
|grp_fu_12435_p_dout0           |   in|   32|  ap_ctrl_hs|  ekf_batch_Pipeline_VITIS_LOOP_17_1_VITIS_LOOP_18_24|  return value|
|grp_fu_12435_p_ce              |  out|    1|  ap_ctrl_hs|  ekf_batch_Pipeline_VITIS_LOOP_17_1_VITIS_LOOP_18_24|  return value|
|grp_fu_19371_p_din0            |  out|   32|  ap_ctrl_hs|  ekf_batch_Pipeline_VITIS_LOOP_17_1_VITIS_LOOP_18_24|  return value|
|grp_fu_19371_p_din1            |  out|   32|  ap_ctrl_hs|  ekf_batch_Pipeline_VITIS_LOOP_17_1_VITIS_LOOP_18_24|  return value|
|grp_fu_19371_p_dout0           |   in|   32|  ap_ctrl_hs|  ekf_batch_Pipeline_VITIS_LOOP_17_1_VITIS_LOOP_18_24|  return value|
|grp_fu_19371_p_ce              |  out|    1|  ap_ctrl_hs|  ekf_batch_Pipeline_VITIS_LOOP_17_1_VITIS_LOOP_18_24|  return value|
|grp_fu_19375_p_din0            |  out|   32|  ap_ctrl_hs|  ekf_batch_Pipeline_VITIS_LOOP_17_1_VITIS_LOOP_18_24|  return value|
|grp_fu_19375_p_din1            |  out|   32|  ap_ctrl_hs|  ekf_batch_Pipeline_VITIS_LOOP_17_1_VITIS_LOOP_18_24|  return value|
|grp_fu_19375_p_dout0           |   in|   32|  ap_ctrl_hs|  ekf_batch_Pipeline_VITIS_LOOP_17_1_VITIS_LOOP_18_24|  return value|
|grp_fu_19375_p_ce              |  out|    1|  ap_ctrl_hs|  ekf_batch_Pipeline_VITIS_LOOP_17_1_VITIS_LOOP_18_24|  return value|
|grp_fu_19379_p_din0            |  out|   32|  ap_ctrl_hs|  ekf_batch_Pipeline_VITIS_LOOP_17_1_VITIS_LOOP_18_24|  return value|
|grp_fu_19379_p_din1            |  out|   32|  ap_ctrl_hs|  ekf_batch_Pipeline_VITIS_LOOP_17_1_VITIS_LOOP_18_24|  return value|
|grp_fu_19379_p_dout0           |   in|   32|  ap_ctrl_hs|  ekf_batch_Pipeline_VITIS_LOOP_17_1_VITIS_LOOP_18_24|  return value|
|grp_fu_19379_p_ce              |  out|    1|  ap_ctrl_hs|  ekf_batch_Pipeline_VITIS_LOOP_17_1_VITIS_LOOP_18_24|  return value|
|grp_fu_19383_p_din0            |  out|   32|  ap_ctrl_hs|  ekf_batch_Pipeline_VITIS_LOOP_17_1_VITIS_LOOP_18_24|  return value|
|grp_fu_19383_p_din1            |  out|   32|  ap_ctrl_hs|  ekf_batch_Pipeline_VITIS_LOOP_17_1_VITIS_LOOP_18_24|  return value|
|grp_fu_19383_p_dout0           |   in|   32|  ap_ctrl_hs|  ekf_batch_Pipeline_VITIS_LOOP_17_1_VITIS_LOOP_18_24|  return value|
|grp_fu_19383_p_ce              |  out|    1|  ap_ctrl_hs|  ekf_batch_Pipeline_VITIS_LOOP_17_1_VITIS_LOOP_18_24|  return value|
|grp_fu_19387_p_din0            |  out|   32|  ap_ctrl_hs|  ekf_batch_Pipeline_VITIS_LOOP_17_1_VITIS_LOOP_18_24|  return value|
|grp_fu_19387_p_din1            |  out|   32|  ap_ctrl_hs|  ekf_batch_Pipeline_VITIS_LOOP_17_1_VITIS_LOOP_18_24|  return value|
|grp_fu_19387_p_dout0           |   in|   32|  ap_ctrl_hs|  ekf_batch_Pipeline_VITIS_LOOP_17_1_VITIS_LOOP_18_24|  return value|
|grp_fu_19387_p_ce              |  out|    1|  ap_ctrl_hs|  ekf_batch_Pipeline_VITIS_LOOP_17_1_VITIS_LOOP_18_24|  return value|
|mux_case_019453001_reload      |   in|   32|     ap_none|                            mux_case_019453001_reload|        scalar|
|mux_case_119473007_reload      |   in|   32|     ap_none|                            mux_case_119473007_reload|        scalar|
|mux_case_219493012_reload      |   in|   32|     ap_none|                            mux_case_219493012_reload|        scalar|
|mux_case_319513017_reload      |   in|   32|     ap_none|                            mux_case_319513017_reload|        scalar|
|mux_case_419533022_reload      |   in|   32|     ap_none|                            mux_case_419533022_reload|        scalar|
|mux_case_519553027_reload      |   in|   32|     ap_none|                            mux_case_519553027_reload|        scalar|
|mux_case_019573031_reload      |   in|   32|     ap_none|                            mux_case_019573031_reload|        scalar|
|mux_case_119593037_reload      |   in|   32|     ap_none|                            mux_case_119593037_reload|        scalar|
|mux_case_219613042_reload      |   in|   32|     ap_none|                            mux_case_219613042_reload|        scalar|
|mux_case_319633047_reload      |   in|   32|     ap_none|                            mux_case_319633047_reload|        scalar|
|mux_case_419653052_reload      |   in|   32|     ap_none|                            mux_case_419653052_reload|        scalar|
|mux_case_519673057_reload      |   in|   32|     ap_none|                            mux_case_519673057_reload|        scalar|
|mux_case_019693061_reload      |   in|   32|     ap_none|                            mux_case_019693061_reload|        scalar|
|mux_case_119713067_reload      |   in|   32|     ap_none|                            mux_case_119713067_reload|        scalar|
|mux_case_219733072_reload      |   in|   32|     ap_none|                            mux_case_219733072_reload|        scalar|
|mux_case_319753077_reload      |   in|   32|     ap_none|                            mux_case_319753077_reload|        scalar|
|mux_case_419773082_reload      |   in|   32|     ap_none|                            mux_case_419773082_reload|        scalar|
|mux_case_519793087_reload      |   in|   32|     ap_none|                            mux_case_519793087_reload|        scalar|
|mux_case_019813091_reload      |   in|   32|     ap_none|                            mux_case_019813091_reload|        scalar|
|mux_case_119833097_reload      |   in|   32|     ap_none|                            mux_case_119833097_reload|        scalar|
|mux_case_219853102_reload      |   in|   32|     ap_none|                            mux_case_219853102_reload|        scalar|
|mux_case_319873107_reload      |   in|   32|     ap_none|                            mux_case_319873107_reload|        scalar|
|mux_case_419893112_reload      |   in|   32|     ap_none|                            mux_case_419893112_reload|        scalar|
|mux_case_519913117_reload      |   in|   32|     ap_none|                            mux_case_519913117_reload|        scalar|
|mux_case_019933121_reload      |   in|   32|     ap_none|                            mux_case_019933121_reload|        scalar|
|mux_case_119953127_reload      |   in|   32|     ap_none|                            mux_case_119953127_reload|        scalar|
|mux_case_219973132_reload      |   in|   32|     ap_none|                            mux_case_219973132_reload|        scalar|
|mux_case_319993137_reload      |   in|   32|     ap_none|                            mux_case_319993137_reload|        scalar|
|mux_case_420013142_reload      |   in|   32|     ap_none|                            mux_case_420013142_reload|        scalar|
|mux_case_520033147_reload      |   in|   32|     ap_none|                            mux_case_520033147_reload|        scalar|
|mux_case_020053151_reload      |   in|   32|     ap_none|                            mux_case_020053151_reload|        scalar|
|mux_case_120073157_reload      |   in|   32|     ap_none|                            mux_case_120073157_reload|        scalar|
|mux_case_220093162_reload      |   in|   32|     ap_none|                            mux_case_220093162_reload|        scalar|
|mux_case_320113167_reload      |   in|   32|     ap_none|                            mux_case_320113167_reload|        scalar|
|mux_case_420133172_reload      |   in|   32|     ap_none|                            mux_case_420133172_reload|        scalar|
|mux_case_520153177_reload      |   in|   32|     ap_none|                            mux_case_520153177_reload|        scalar|
|At_reload                      |   in|   32|     ap_none|                                            At_reload|        scalar|
|At_1_reload                    |   in|   32|     ap_none|                                          At_1_reload|        scalar|
|At_2_reload                    |   in|   32|     ap_none|                                          At_2_reload|        scalar|
|At_3_reload                    |   in|   32|     ap_none|                                          At_3_reload|        scalar|
|At_4_reload                    |   in|   32|     ap_none|                                          At_4_reload|        scalar|
|At_5_reload                    |   in|   32|     ap_none|                                          At_5_reload|        scalar|
|At_6_reload                    |   in|   32|     ap_none|                                          At_6_reload|        scalar|
|At_7_reload                    |   in|   32|     ap_none|                                          At_7_reload|        scalar|
|At_8_reload                    |   in|   32|     ap_none|                                          At_8_reload|        scalar|
|At_9_reload                    |   in|   32|     ap_none|                                          At_9_reload|        scalar|
|At_10_reload                   |   in|   32|     ap_none|                                         At_10_reload|        scalar|
|At_11_reload                   |   in|   32|     ap_none|                                         At_11_reload|        scalar|
|At_12_reload                   |   in|   32|     ap_none|                                         At_12_reload|        scalar|
|At_13_reload                   |   in|   32|     ap_none|                                         At_13_reload|        scalar|
|At_14_reload                   |   in|   32|     ap_none|                                         At_14_reload|        scalar|
|At_15_reload                   |   in|   32|     ap_none|                                         At_15_reload|        scalar|
|At_16_reload                   |   in|   32|     ap_none|                                         At_16_reload|        scalar|
|At_17_reload                   |   in|   32|     ap_none|                                         At_17_reload|        scalar|
|At_18_reload                   |   in|   32|     ap_none|                                         At_18_reload|        scalar|
|At_19_reload                   |   in|   32|     ap_none|                                         At_19_reload|        scalar|
|At_20_reload                   |   in|   32|     ap_none|                                         At_20_reload|        scalar|
|At_21_reload                   |   in|   32|     ap_none|                                         At_21_reload|        scalar|
|At_22_reload                   |   in|   32|     ap_none|                                         At_22_reload|        scalar|
|At_23_reload                   |   in|   32|     ap_none|                                         At_23_reload|        scalar|
|At_24_reload                   |   in|   32|     ap_none|                                         At_24_reload|        scalar|
|At_25_reload                   |   in|   32|     ap_none|                                         At_25_reload|        scalar|
|At_26_reload                   |   in|   32|     ap_none|                                         At_26_reload|        scalar|
|At_27_reload                   |   in|   32|     ap_none|                                         At_27_reload|        scalar|
|At_28_reload                   |   in|   32|     ap_none|                                         At_28_reload|        scalar|
|At_29_reload                   |   in|   32|     ap_none|                                         At_29_reload|        scalar|
|At_30_reload                   |   in|   32|     ap_none|                                         At_30_reload|        scalar|
|At_31_reload                   |   in|   32|     ap_none|                                         At_31_reload|        scalar|
|At_32_reload                   |   in|   32|     ap_none|                                         At_32_reload|        scalar|
|At_33_reload                   |   in|   32|     ap_none|                                         At_33_reload|        scalar|
|At_34_reload                   |   in|   32|     ap_none|                                         At_34_reload|        scalar|
|At_35_reload                   |   in|   32|     ap_none|                                         At_35_reload|        scalar|
|mux_case_522243393_out         |  out|   32|      ap_vld|                               mux_case_522243393_out|       pointer|
|mux_case_522243393_out_ap_vld  |  out|    1|      ap_vld|                               mux_case_522243393_out|       pointer|
|mux_case_422223387_out         |  out|   32|      ap_vld|                               mux_case_422223387_out|       pointer|
|mux_case_422223387_out_ap_vld  |  out|    1|      ap_vld|                               mux_case_422223387_out|       pointer|
|mux_case_322203381_out         |  out|   32|      ap_vld|                               mux_case_322203381_out|       pointer|
|mux_case_322203381_out_ap_vld  |  out|    1|      ap_vld|                               mux_case_322203381_out|       pointer|
|mux_case_222183375_out         |  out|   32|      ap_vld|                               mux_case_222183375_out|       pointer|
|mux_case_222183375_out_ap_vld  |  out|    1|      ap_vld|                               mux_case_222183375_out|       pointer|
|mux_case_122163369_out         |  out|   32|      ap_vld|                               mux_case_122163369_out|       pointer|
|mux_case_122163369_out_ap_vld  |  out|    1|      ap_vld|                               mux_case_122163369_out|       pointer|
|mux_case_022143363_out         |  out|   32|      ap_vld|                               mux_case_022143363_out|       pointer|
|mux_case_022143363_out_ap_vld  |  out|    1|      ap_vld|                               mux_case_022143363_out|       pointer|
|mux_case_522113357_out         |  out|   32|      ap_vld|                               mux_case_522113357_out|       pointer|
|mux_case_522113357_out_ap_vld  |  out|    1|      ap_vld|                               mux_case_522113357_out|       pointer|
|mux_case_422093351_out         |  out|   32|      ap_vld|                               mux_case_422093351_out|       pointer|
|mux_case_422093351_out_ap_vld  |  out|    1|      ap_vld|                               mux_case_422093351_out|       pointer|
|mux_case_322073345_out         |  out|   32|      ap_vld|                               mux_case_322073345_out|       pointer|
|mux_case_322073345_out_ap_vld  |  out|    1|      ap_vld|                               mux_case_322073345_out|       pointer|
|mux_case_222053339_out         |  out|   32|      ap_vld|                               mux_case_222053339_out|       pointer|
|mux_case_222053339_out_ap_vld  |  out|    1|      ap_vld|                               mux_case_222053339_out|       pointer|
|mux_case_122033333_out         |  out|   32|      ap_vld|                               mux_case_122033333_out|       pointer|
|mux_case_122033333_out_ap_vld  |  out|    1|      ap_vld|                               mux_case_122033333_out|       pointer|
|mux_case_022013327_out         |  out|   32|      ap_vld|                               mux_case_022013327_out|       pointer|
|mux_case_022013327_out_ap_vld  |  out|    1|      ap_vld|                               mux_case_022013327_out|       pointer|
|mux_case_521983321_out         |  out|   32|      ap_vld|                               mux_case_521983321_out|       pointer|
|mux_case_521983321_out_ap_vld  |  out|    1|      ap_vld|                               mux_case_521983321_out|       pointer|
|mux_case_421963315_out         |  out|   32|      ap_vld|                               mux_case_421963315_out|       pointer|
|mux_case_421963315_out_ap_vld  |  out|    1|      ap_vld|                               mux_case_421963315_out|       pointer|
|mux_case_321943309_out         |  out|   32|      ap_vld|                               mux_case_321943309_out|       pointer|
|mux_case_321943309_out_ap_vld  |  out|    1|      ap_vld|                               mux_case_321943309_out|       pointer|
|mux_case_221923303_out         |  out|   32|      ap_vld|                               mux_case_221923303_out|       pointer|
|mux_case_221923303_out_ap_vld  |  out|    1|      ap_vld|                               mux_case_221923303_out|       pointer|
|mux_case_121903297_out         |  out|   32|      ap_vld|                               mux_case_121903297_out|       pointer|
|mux_case_121903297_out_ap_vld  |  out|    1|      ap_vld|                               mux_case_121903297_out|       pointer|
|mux_case_021883291_out         |  out|   32|      ap_vld|                               mux_case_021883291_out|       pointer|
|mux_case_021883291_out_ap_vld  |  out|    1|      ap_vld|                               mux_case_021883291_out|       pointer|
|mux_case_521853285_out         |  out|   32|      ap_vld|                               mux_case_521853285_out|       pointer|
|mux_case_521853285_out_ap_vld  |  out|    1|      ap_vld|                               mux_case_521853285_out|       pointer|
|mux_case_421833279_out         |  out|   32|      ap_vld|                               mux_case_421833279_out|       pointer|
|mux_case_421833279_out_ap_vld  |  out|    1|      ap_vld|                               mux_case_421833279_out|       pointer|
|mux_case_321813273_out         |  out|   32|      ap_vld|                               mux_case_321813273_out|       pointer|
|mux_case_321813273_out_ap_vld  |  out|    1|      ap_vld|                               mux_case_321813273_out|       pointer|
|mux_case_221793267_out         |  out|   32|      ap_vld|                               mux_case_221793267_out|       pointer|
|mux_case_221793267_out_ap_vld  |  out|    1|      ap_vld|                               mux_case_221793267_out|       pointer|
|mux_case_121773261_out         |  out|   32|      ap_vld|                               mux_case_121773261_out|       pointer|
|mux_case_121773261_out_ap_vld  |  out|    1|      ap_vld|                               mux_case_121773261_out|       pointer|
|mux_case_021753255_out         |  out|   32|      ap_vld|                               mux_case_021753255_out|       pointer|
|mux_case_021753255_out_ap_vld  |  out|    1|      ap_vld|                               mux_case_021753255_out|       pointer|
|mux_case_521723249_out         |  out|   32|      ap_vld|                               mux_case_521723249_out|       pointer|
|mux_case_521723249_out_ap_vld  |  out|    1|      ap_vld|                               mux_case_521723249_out|       pointer|
|mux_case_421703243_out         |  out|   32|      ap_vld|                               mux_case_421703243_out|       pointer|
|mux_case_421703243_out_ap_vld  |  out|    1|      ap_vld|                               mux_case_421703243_out|       pointer|
|mux_case_321683237_out         |  out|   32|      ap_vld|                               mux_case_321683237_out|       pointer|
|mux_case_321683237_out_ap_vld  |  out|    1|      ap_vld|                               mux_case_321683237_out|       pointer|
|mux_case_221663231_out         |  out|   32|      ap_vld|                               mux_case_221663231_out|       pointer|
|mux_case_221663231_out_ap_vld  |  out|    1|      ap_vld|                               mux_case_221663231_out|       pointer|
|mux_case_121643225_out         |  out|   32|      ap_vld|                               mux_case_121643225_out|       pointer|
|mux_case_121643225_out_ap_vld  |  out|    1|      ap_vld|                               mux_case_121643225_out|       pointer|
|mux_case_021623219_out         |  out|   32|      ap_vld|                               mux_case_021623219_out|       pointer|
|mux_case_021623219_out_ap_vld  |  out|    1|      ap_vld|                               mux_case_021623219_out|       pointer|
|mux_case_521593212_out         |  out|   32|      ap_vld|                               mux_case_521593212_out|       pointer|
|mux_case_521593212_out_ap_vld  |  out|    1|      ap_vld|                               mux_case_521593212_out|       pointer|
|mux_case_421573206_out         |  out|   32|      ap_vld|                               mux_case_421573206_out|       pointer|
|mux_case_421573206_out_ap_vld  |  out|    1|      ap_vld|                               mux_case_421573206_out|       pointer|
|mux_case_321553200_out         |  out|   32|      ap_vld|                               mux_case_321553200_out|       pointer|
|mux_case_321553200_out_ap_vld  |  out|    1|      ap_vld|                               mux_case_321553200_out|       pointer|
|mux_case_221533194_out         |  out|   32|      ap_vld|                               mux_case_221533194_out|       pointer|
|mux_case_221533194_out_ap_vld  |  out|    1|      ap_vld|                               mux_case_221533194_out|       pointer|
|mux_case_121513188_out         |  out|   32|      ap_vld|                               mux_case_121513188_out|       pointer|
|mux_case_121513188_out_ap_vld  |  out|    1|      ap_vld|                               mux_case_121513188_out|       pointer|
|mux_case_021493182_out         |  out|   32|      ap_vld|                               mux_case_021493182_out|       pointer|
|mux_case_021493182_out_ap_vld  |  out|    1|      ap_vld|                               mux_case_021493182_out|       pointer|
+-------------------------------+-----+-----+------------+-----------------------------------------------------+--------------+

