

================================================================
== Vitis HLS Report for 'ekf_batch_Pipeline_VITIS_LOOP_41_1_VITIS_LOOP_42_2'
================================================================
* Date:           Thu Sep  3 12:11:35 2026

* Version:        2023.1 (Build 3854077 on May  4 2023)
* Project:        EKF
* Solution:       solution1 (Vivado IP Flow Target)
* Product family: zynquplus
* Target device:  xczu9eg-ffvb1156-2-e


================================================================
== Performance Estimates
================================================================
+ Timing: 
    * Summary: 
    +--------+----------+----------+------------+
    |  Clock |  Target  | Estimated| Uncertainty|
    +--------+----------+----------+------------+
    |ap_clk  |  10.00 ns|  2.002 ns|     2.70 ns|
    +--------+----------+----------+------------+

+ Latency: 
    * Summary: 
    +---------+---------+----------+----------+-----+-----+---------+
    |  Latency (cycles) |  Latency (absolute) |  Interval | Pipeline|
    |   min   |   max   |    min   |    max   | min | max |   Type  |
    +---------+---------+----------+----------+-----+-----+---------+
    |       38|       38|  0.380 us|  0.380 us|   38|   38|       no|
    +---------+---------+----------+----------+-----+-----+---------+

    + Detail: 
        * Instance: 
        N/A

        * Loop: 
        +-----------------------------------+---------+---------+----------+-----------+-----------+------+----------+
        |                                   |  Latency (cycles) | Iteration|  Initiation Interval  | Trip |          |
        |             Loop Name             |   min   |   max   |  Latency |  achieved |   target  | Count| Pipelined|
        +-----------------------------------+---------+---------+----------+-----------+-----------+------+----------+
        |- VITIS_LOOP_41_1_VITIS_LOOP_42_2  |       36|       36|         1|          1|          1|    36|       yes|
        +-----------------------------------+---------+---------+----------+-----------+-----------+------+----------+



================================================================
== Utilization Estimates
================================================================
* Summary: 
+-----------------+---------+------+--------+--------+-----+
|       Name      | BRAM_18K|  DSP |   FF   |   LUT  | URAM|
+-----------------+---------+------+--------+--------+-----+
|DSP              |        -|     -|       -|       -|    -|
|Expression       |        -|     -|       0|     102|    -|
|FIFO             |        -|     -|       -|       -|    -|
|Instance         |        -|     -|       -|       -|    -|
|Memory           |        -|     -|       -|       -|    -|
|Multiplexer      |        -|     -|       -|      63|    -|
|Register         |        -|     -|     245|       -|    -|
+-----------------+---------+------+--------+--------+-----+
|Total            |        0|     0|     245|     165|    0|
+-----------------+---------+------+--------+--------+-----+
|Available        |     1824|  2520|  548160|  274080|    0|
+-----------------+---------+------+--------+--------+-----+
|Utilization (%)  |        0|     0|      ~0|      ~0|    0|
+-----------------+---------+------+--------+--------+-----+

+ Detail: 
    * Instance: 
    N/A

    * DSP: 
    N/A

    * Memory: 
    N/A

    * FIFO: 
    N/A

    * Expression: 
    +-----------------------+----------+----+---+----+------------+------------+
    |     Variable Name     | Operation| DSP| FF| LUT| Bitwidth P0| Bitwidth P1|
    +-----------------------+----------+----+---+----+------------+------------+
    |add_ln41_1_fu_535_p2   |         +|   0|  0|  10|           3|           1|
    |add_ln41_fu_509_p2     |         +|   0|  0|  13|           6|           1|
    |add_ln42_fu_728_p2     |         +|   0|  0|  10|           3|           1|
    |icmp_ln41_fu_503_p2    |      icmp|   0|  0|  13|           6|           6|
    |icmp_ln42_1_fu_549_p2  |      icmp|   0|  0|  10|           3|           3|
    |icmp_ln42_fu_521_p2    |      icmp|   0|  0|  10|           3|           3|
    |F_33_fu_555_p3         |    select|   0|  0|  30|           1|          30|
    |select_ln41_fu_541_p3  |    select|   0|  0|   3|           1|           3|
    |select_ln51_fu_527_p3  |    select|   0|  0|   3|           1|           1|
    +-----------------------+----------+----+---+----+------------+------------+
    |Total                  |          |   0|  0| 102|          27|          49|
    +-----------------------+----------+----+---+----+------------+------------+

    * Multiplexer: 
    +---------------------------------------+----+-----------+-----+-----------+
    |                  Name                 | LUT| Input Size| Bits| Total Bits|
    +---------------------------------------+----+-----------+-----+-----------+
    |ap_done_int                            |   9|          2|    1|          2|
    |ap_sig_allocacmp_i_3_load              |   9|          2|    3|          6|
    |ap_sig_allocacmp_indvar_flatten6_load  |   9|          2|    6|         12|
    |ap_sig_allocacmp_j_load                |   9|          2|    3|          6|
    |i_3_fu_114                             |   9|          2|    3|          6|
    |indvar_flatten6_fu_118                 |   9|          2|    6|         12|
    |j_fu_110                               |   9|          2|    3|          6|
    +---------------------------------------+----+-----------+-----+-----------+
    |Total                                  |  63|         14|   25|         50|
    +---------------------------------------+----+-----------+-----+-----------+

    * Register: 
    +------------------------+---+----+-----+-----------+
    |          Name          | FF| LUT| Bits| Const Bits|
    +------------------------+---+----+-----+-----------+
    |F_10_fu_162             |  7|   0|   32|         25|
    |F_11_fu_166             |  7|   0|   32|         25|
    |F_12_fu_170             |  7|   0|   32|         25|
    |F_13_fu_174             |  7|   0|   32|         25|
    |F_14_fu_178             |  7|   0|   32|         25|
    |F_15_fu_182             |  7|   0|   32|         25|
    |F_16_fu_186             |  7|   0|   32|         25|
    |F_17_fu_190             |  7|   0|   32|         25|
    |F_18_fu_194             |  7|   0|   32|         25|
    |F_19_fu_198             |  7|   0|   32|         25|
    |F_1_fu_126              |  7|   0|   32|         25|
    |F_20_fu_202             |  7|   0|   32|         25|
    |F_21_fu_206             |  7|   0|   32|         25|
    |F_22_fu_210             |  7|   0|   32|         25|
    |F_23_fu_214             |  7|   0|   32|         25|
    |F_24_fu_218             |  7|   0|   32|         25|
    |F_25_fu_222             |  7|   0|   32|         25|
    |F_26_fu_226             |  7|   0|   32|         25|
    |F_27_fu_230             |  7|   0|   32|         25|
    |F_28_fu_234             |  7|   0|   32|         25|
    |F_29_fu_238             |  7|   0|   32|         25|
    |F_2_fu_130              |  7|   0|   32|         25|
    |F_30_fu_242             |  7|   0|   32|         25|
    |F_31_fu_246             |  7|   0|   32|         25|
    |F_32_fu_250             |  7|   0|   32|         25|
    |F_3_fu_134              |  7|   0|   32|         25|
    |F_4_fu_138              |  7|   0|   32|         25|
    |F_5_fu_142              |  7|   0|   32|         25|
    |F_6_fu_146              |  7|   0|   32|         25|
    |F_7_fu_150              |  7|   0|   32|         25|
    |F_8_fu_154              |  7|   0|   32|         25|
    |F_9_fu_158              |  7|   0|   32|         25|
    |F_fu_122                |  7|   0|   32|         25|
    |ap_CS_fsm               |  1|   0|    1|          0|
    |ap_done_reg             |  1|   0|    1|          0|
    |i_3_fu_114              |  3|   0|    3|          0|
    |indvar_flatten6_fu_118  |  6|   0|    6|          0|
    |j_fu_110                |  3|   0|    3|          0|
    +------------------------+---+----+-----+-----------+
    |Total                   |245|   0| 1070|        825|
    +------------------------+---+----+-----+-----------+



================================================================
== Interface
================================================================
* Summary: 
+-----------------+-----+-----+------------+----------------------------------------------------+--------------+
|    RTL Ports    | Dir | Bits|  Protocol  |                    Source Object                   |    C Type    |
+-----------------+-----+-----+------------+----------------------------------------------------+--------------+
|ap_clk           |   in|    1|  ap_ctrl_hs|  ekf_batch_Pipeline_VITIS_LOOP_41_1_VITIS_LOOP_42_2|  return value|
|ap_rst           |   in|    1|  ap_ctrl_hs|  ekf_batch_Pipeline_VITIS_LOOP_41_1_VITIS_LOOP_42_2|  return value|
|ap_start         |   in|    1|  ap_ctrl_hs|  ekf_batch_Pipeline_VITIS_LOOP_41_1_VITIS_LOOP_42_2|  return value|
|ap_done          |  out|    1|  ap_ctrl_hs|  ekf_batch_Pipeline_VITIS_LOOP_41_1_VITIS_LOOP_42_2|  return value|
|ap_idle          |  out|    1|  ap_ctrl_hs|  ekf_batch_Pipeline_VITIS_LOOP_41_1_VITIS_LOOP_42_2|  return value|
|ap_ready         |  out|    1|  ap_ctrl_hs|  ekf_batch_Pipeline_VITIS_LOOP_41_1_VITIS_LOOP_42_2|  return value|
|F_32_out         |  out|   32|      ap_vld|                                            F_32_out|       pointer|
|F_32_out_ap_vld  |  out|    1|      ap_vld|                                            F_32_out|       pointer|
|F_31_out         |  out|   32|      ap_vld|                                            F_31_out|       pointer|
|F_31_out_ap_vld  |  out|    1|      ap_vld|                                            F_31_out|       pointer|
|F_30_out         |  out|   32|      ap_vld|                                            F_30_out|       pointer|
|F_30_out_ap_vld  |  out|    1|      ap_vld|                                            F_30_out|       pointer|
|F_29_out         |  out|   32|      ap_vld|                                            F_29_out|       pointer|
|F_29_out_ap_vld  |  out|    1|      ap_vld|                                            F_29_out|       pointer|
|F_28_out         |  out|   32|      ap_vld|                                            F_28_out|       pointer|
|F_28_out_ap_vld  |  out|    1|      ap_vld|                                            F_28_out|       pointer|
|F_27_out         |  out|   32|      ap_vld|                                            F_27_out|       pointer|
|F_27_out_ap_vld  |  out|    1|      ap_vld|                                            F_27_out|       pointer|
|F_26_out         |  out|   32|      ap_vld|                                            F_26_out|       pointer|
|F_26_out_ap_vld  |  out|    1|      ap_vld|                                            F_26_out|       pointer|
|F_25_out         |  out|   32|      ap_vld|                                            F_25_out|       pointer|
|F_25_out_ap_vld  |  out|    1|      ap_vld|                                            F_25_out|       pointer|
|F_24_out         |  out|   32|      ap_vld|                                            F_24_out|       pointer|
|F_24_out_ap_vld  |  out|    1|      ap_vld|                                            F_24_out|       pointer|
|F_23_out         |  out|   32|      ap_vld|                                            F_23_out|       pointer|
|F_23_out_ap_vld  |  out|    1|      ap_vld|                                            F_23_out|       pointer|
|F_22_out         |  out|   32|      ap_vld|                                            F_22_out|       pointer|
|F_22_out_ap_vld  |  out|    1|      ap_vld|                                            F_22_out|       pointer|
|F_21_out         |  out|   32|      ap_vld|                                            F_21_out|       pointer|
|F_21_out_ap_vld  |  out|    1|      ap_vld|                                            F_21_out|       pointer|
|F_20_out         |  out|   32|      ap_vld|                                            F_20_out|       pointer|
|F_20_out_ap_vld  |  out|    1|      ap_vld|                                            F_20_out|       pointer|
|F_19_out         |  out|   32|      ap_vld|                                            F_19_out|       pointer|
|F_19_out_ap_vld  |  out|    1|      ap_vld|                                            F_19_out|       pointer|
|F_18_out         |  out|   32|      ap_vld|                                            F_18_out|       pointer|
|F_18_out_ap_vld  |  out|    1|      ap_vld|                                            F_18_out|       pointer|
|F_17_out         |  out|   32|      ap_vld|                                            F_17_out|       pointer|
|F_17_out_ap_vld  |  out|    1|      ap_vld|                                            F_17_out|       pointer|
|F_16_out         |  out|   32|      ap_vld|                                            F_16_out|       pointer|
|F_16_out_ap_vld  |  out|    1|      ap_vld|                                            F_16_out|       pointer|
|F_15_out         |  out|   32|      ap_vld|                                            F_15_out|       pointer|
|F_15_out_ap_vld  |  out|    1|      ap_vld|                                            F_15_out|       pointer|
|F_14_out         |  out|   32|      ap_vld|                                            F_14_out|       pointer|
|F_14_out_ap_vld  |  out|    1|      ap_vld|                                            F_14_out|       pointer|
|F_13_out         |  out|   32|      ap_vld|                                            F_13_out|       pointer|
|F_13_out_ap_vld  |  out|    1|      ap_vld|                                            F_13_out|       pointer|
|F_12_out         |  out|   32|      ap_vld|                                            F_12_out|       pointer|
|F_12_out_ap_vld  |  out|    1|      ap_vld|                                            F_12_out|       pointer|
|F_11_out         |  out|   32|      ap_vld|                                            F_11_out|       pointer|
|F_11_out_ap_vld  |  out|    1|      ap_vld|                                            F_11_out|       pointer|
|F_10_out         |  out|   32|      ap_vld|                                            F_10_out|       pointer|
|F_10_out_ap_vld  |  out|    1|      ap_vld|                                            F_10_out|       pointer|
|F_9_out          |  out|   32|      ap_vld|                                             F_9_out|       pointer|
|F_9_out_ap_vld   |  out|    1|      ap_vld|                                             F_9_out|       pointer|
|F_8_out          |  out|   32|      ap_vld|                                             F_8_out|       pointer|
|F_8_out_ap_vld   |  out|    1|      ap_vld|                                             F_8_out|       pointer|
|F_7_out          |  out|   32|      ap_vld|                                             F_7_out|       pointer|
|F_7_out_ap_vld   |  out|    1|      ap_vld|                                             F_7_out|       pointer|
|F_6_out          |  out|   32|      ap_vld|                                             F_6_out|       pointer|
|F_6_out_ap_vld   |  out|    1|      ap_vld|                                             F_6_out|       pointer|
|F_5_out          |  out|   32|      ap_vld|                                             F_5_out|       pointer|
|F_5_out_ap_vld   |  out|    1|      ap_vld|                                             F_5_out|       pointer|
|F_4_out          |  out|   32|      ap_vld|                                             F_4_out|       pointer|
|F_4_out_ap_vld   |  out|    1|      ap_vld|                                             F_4_out|       pointer|
|F_3_out          |  out|   32|      ap_vld|                                             F_3_out|       pointer|
|F_3_out_ap_vld   |  out|    1|      ap_vld|                                             F_3_out|       pointer|
|F_2_out          |  out|   32|      ap_vld|                                             F_2_out|       pointer|
|F_2_out_ap_vld   |  out|    1|      ap_vld|                                             F_2_out|       pointer|
|F_1_out          |  out|   32|      ap_vld|                                             F_1_out|       pointer|
|F_1_out_ap_vld   |  out|    1|      ap_vld|                                             F_1_out|       pointer|
|F_out            |  out|   32|      ap_vld|                                               F_out|       pointer|
|F_out_ap_vld     |  out|    1|      ap_vld|                                               F_out|       pointer|
+-----------------+-----+-----+------------+----------------------------------------------------+--------------+

