

================================================================
== Vitis HLS Report for 'ekf_batch_Pipeline_VITIS_LOOP_89_1'
================================================================
* Date:           Thu Sep  3 12:11:37 2026

* Version:        2023.1 (Build 3854077 on May  4 2023)
* Project:        EKF
* Solution:       solution1 (Vivado IP Flow Target)
* Product family: zynquplus
* Target device:  xczu9eg-ffvb1156-2-e


================================================================
== Performance Estimates
================================================================
+ Timing: 
    * Summary: 
    +--------+----------+----------+------------+
    |  Clock |  Target  | Estimated| Uncertainty|
    +--------+----------+----------+------------+
    |ap_clk  |  10.00 ns|  7.016 ns|     2.70 ns|
    +--------+----------+----------+------------+

+ Latency: 
    * Summary: 
    +---------+---------+----------+----------+-----+-----+---------+
    |  Latency (cycles) |  Latency (absolute) |  Interval | Pipeline|
    |   min   |   max   |    min   |    max   | min | max |   Type  |
    +---------+---------+----------+----------+-----+-----+---------+
    |       34|       34|  0.340 us|  0.340 us|   34|   34|       no|
    +---------+---------+----------+----------+-----+-----+---------+

    + Detail: 
        * Instance: 
        N/A

        * Loop: 
        +-------------------+---------+---------+----------+-----------+-----------+------+----------+
        |                   |  Latency (cycles) | Iteration|  Initiation Interval  | Trip |          |
        |     Loop Name     |   min   |   max   |  Latency |  achieved |   target  | Count| Pipelined|
        +-------------------+---------+---------+----------+-----------+-----------+------+----------+
        |- VITIS_LOOP_89_1  |       32|       32|        28|          1|          1|     6|       yes|
        +-------------------+---------+---------+----------+-----------+-----------+------+----------+



================================================================
== Utilization Estimates
================================================================
* Summary: 
+-----------------+---------+------+--------+--------+-----+
|       Name      | BRAM_18K|  DSP |   FF   |   LUT  | URAM|
+-----------------+---------+------+--------+--------+-----+
|DSP              |        -|     -|       -|       -|    -|
|Expression       |        -|     -|       0|      22|    -|
|FIFO             |        -|     -|       -|       -|    -|
|Instance         |        -|     -|       0|     186|    -|
|Memory           |        -|     -|       -|       -|    -|
|Multiplexer      |        -|     -|       -|      36|    -|
|Register         |        -|     -|     926|      64|    -|
+-----------------+---------+------+--------+--------+-----+
|Total            |        0|     0|     926|     308|    0|
+-----------------+---------+------+--------+--------+-----+
|Available        |     1824|  2520|  548160|  274080|    0|
+-----------------+---------+------+--------+--------+-----+
|Utilization (%)  |        0|     0|      ~0|      ~0|    0|
+-----------------+---------+------+--------+--------+-----+

+ Detail: 
    * Instance: 
    +---------------------+----------------+---------+----+---+----+-----+
    |       Instance      |     Module     | BRAM_18K| DSP| FF| LUT| URAM|
    +---------------------+----------------+---------+----+---+----+-----+
    |mux_6_3_32_1_1_U709  |mux_6_3_32_1_1  |        0|   0|  0|  31|    0|
    |mux_6_3_32_1_1_U710  |mux_6_3_32_1_1  |        0|   0|  0|  31|    0|
    |mux_6_3_32_1_1_U711  |mux_6_3_32_1_1  |        0|   0|  0|  31|    0|
    |mux_6_3_32_1_1_U712  |mux_6_3_32_1_1  |        0|   0|  0|  31|    0|
    |mux_6_3_32_1_1_U713  |mux_6_3_32_1_1  |        0|   0|  0|  31|    0|
    |mux_6_3_32_1_1_U714  |mux_6_3_32_1_1  |        0|   0|  0|  31|    0|
    +---------------------+----------------+---------+----+---+----+-----+
    |Total                |                |        0|   0|  0| 186|    0|
    +---------------------+----------------+---------+----+---+----+-----+

    * DSP: 
    N/A

    * Memory: 
    N/A

    * FIFO: 
    N/A

    * Expression: 
    +---------------------+----------+----+---+----+------------+------------+
    |    Variable Name    | Operation| DSP| FF| LUT| Bitwidth P0| Bitwidth P1|
    +---------------------+----------+----+---+----+------------+------------+
    |add_ln89_fu_517_p2   |         +|   0|  0|  10|           3|           1|
    |icmp_ln89_fu_511_p2  |      icmp|   0|  0|  10|           3|           3|
    |ap_enable_pp0        |       xor|   0|  0|   2|           1|           2|
    +---------------------+----------+----+---+----+------------+------------+
    |Total                |          |   0|  0|  22|           7|           6|
    +---------------------+----------+----+---+----+------------+------------+

    * Multiplexer: 
    +-------------------------+----+-----------+-----+-----------+
    |           Name          | LUT| Input Size| Bits| Total Bits|
    +-------------------------+----+-----------+-----+-----------+
    |ap_done_int              |   9|          2|    1|          2|
    |ap_enable_reg_pp0_iter1  |   9|          2|    1|          2|
    |ap_sig_allocacmp_i_2     |   9|          2|    3|          6|
    |i_fu_132                 |   9|          2|    3|          6|
    +-------------------------+----+-----------+-----+-----------+
    |Total                    |  36|          8|    8|         16|
    +-------------------------+----+-----------+-----+-----------+

    * Register: 
    +-----------------------------------+----+----+-----+-----------+
    |                Name               | FF | LUT| Bits| Const Bits|
    +-----------------------------------+----+----+-----+-----------+
    |Ph_1_fu_140                        |  32|   0|   32|          0|
    |Ph_2_fu_144                        |  32|   0|   32|          0|
    |Ph_3_fu_148                        |  32|   0|   32|          0|
    |Ph_4_fu_152                        |  32|   0|   32|          0|
    |Ph_5_fu_156                        |  32|   0|   32|          0|
    |Ph_fu_136                          |  32|   0|   32|          0|
    |acc_1_reg_921                      |  32|   0|   32|          0|
    |acc_2_reg_936                      |  32|   0|   32|          0|
    |acc_3_reg_951                      |  32|   0|   32|          0|
    |acc_4_reg_966                      |  32|   0|   32|          0|
    |acc_reg_906                        |  32|   0|   32|          0|
    |ap_CS_fsm                          |   1|   0|    1|          0|
    |ap_done_reg                        |   1|   0|    1|          0|
    |ap_enable_reg_pp0_iter1            |   1|   0|    1|          0|
    |ap_enable_reg_pp0_iter10           |   1|   0|    1|          0|
    |ap_enable_reg_pp0_iter11           |   1|   0|    1|          0|
    |ap_enable_reg_pp0_iter12           |   1|   0|    1|          0|
    |ap_enable_reg_pp0_iter13           |   1|   0|    1|          0|
    |ap_enable_reg_pp0_iter14           |   1|   0|    1|          0|
    |ap_enable_reg_pp0_iter15           |   1|   0|    1|          0|
    |ap_enable_reg_pp0_iter16           |   1|   0|    1|          0|
    |ap_enable_reg_pp0_iter17           |   1|   0|    1|          0|
    |ap_enable_reg_pp0_iter18           |   1|   0|    1|          0|
    |ap_enable_reg_pp0_iter19           |   1|   0|    1|          0|
    |ap_enable_reg_pp0_iter2            |   1|   0|    1|          0|
    |ap_enable_reg_pp0_iter20           |   1|   0|    1|          0|
    |ap_enable_reg_pp0_iter21           |   1|   0|    1|          0|
    |ap_enable_reg_pp0_iter22           |   1|   0|    1|          0|
    |ap_enable_reg_pp0_iter23           |   1|   0|    1|          0|
    |ap_enable_reg_pp0_iter24           |   1|   0|    1|          0|
    |ap_enable_reg_pp0_iter25           |   1|   0|    1|          0|
    |ap_enable_reg_pp0_iter26           |   1|   0|    1|          0|
    |ap_enable_reg_pp0_iter27           |   1|   0|    1|          0|
    |ap_enable_reg_pp0_iter3            |   1|   0|    1|          0|
    |ap_enable_reg_pp0_iter4            |   1|   0|    1|          0|
    |ap_enable_reg_pp0_iter5            |   1|   0|    1|          0|
    |ap_enable_reg_pp0_iter6            |   1|   0|    1|          0|
    |ap_enable_reg_pp0_iter7            |   1|   0|    1|          0|
    |ap_enable_reg_pp0_iter8            |   1|   0|    1|          0|
    |ap_enable_reg_pp0_iter9            |   1|   0|    1|          0|
    |ap_loop_exit_ready_pp0_iter10_reg  |   1|   0|    1|          0|
    |ap_loop_exit_ready_pp0_iter11_reg  |   1|   0|    1|          0|
    |ap_loop_exit_ready_pp0_iter12_reg  |   1|   0|    1|          0|
    |ap_loop_exit_ready_pp0_iter13_reg  |   1|   0|    1|          0|
    |ap_loop_exit_ready_pp0_iter14_reg  |   1|   0|    1|          0|
    |ap_loop_exit_ready_pp0_iter15_reg  |   1|   0|    1|          0|
    |ap_loop_exit_ready_pp0_iter16_reg  |   1|   0|    1|          0|
    |ap_loop_exit_ready_pp0_iter17_reg  |   1|   0|    1|          0|
    |ap_loop_exit_ready_pp0_iter18_reg  |   1|   0|    1|          0|
    |ap_loop_exit_ready_pp0_iter19_reg  |   1|   0|    1|          0|
    |ap_loop_exit_ready_pp0_iter1_reg   |   1|   0|    1|          0|
    |ap_loop_exit_ready_pp0_iter20_reg  |   1|   0|    1|          0|
    |ap_loop_exit_ready_pp0_iter21_reg  |   1|   0|    1|          0|
    |ap_loop_exit_ready_pp0_iter22_reg  |   1|   0|    1|          0|
    |ap_loop_exit_ready_pp0_iter23_reg  |   1|   0|    1|          0|
    |ap_loop_exit_ready_pp0_iter24_reg  |   1|   0|    1|          0|
    |ap_loop_exit_ready_pp0_iter25_reg  |   1|   0|    1|          0|
    |ap_loop_exit_ready_pp0_iter26_reg  |   1|   0|    1|          0|
    |ap_loop_exit_ready_pp0_iter2_reg   |   1|   0|    1|          0|
    |ap_loop_exit_ready_pp0_iter3_reg   |   1|   0|    1|          0|
    |ap_loop_exit_ready_pp0_iter4_reg   |   1|   0|    1|          0|
    |ap_loop_exit_ready_pp0_iter5_reg   |   1|   0|    1|          0|
    |ap_loop_exit_ready_pp0_iter6_reg   |   1|   0|    1|          0|
    |ap_loop_exit_ready_pp0_iter7_reg   |   1|   0|    1|          0|
    |ap_loop_exit_ready_pp0_iter8_reg   |   1|   0|    1|          0|
    |ap_loop_exit_ready_pp0_iter9_reg   |   1|   0|    1|          0|
    |i_2_reg_878                        |   3|   0|    3|          0|
    |i_fu_132                           |   3|   0|    3|          0|
    |icmp_ln89_reg_887                  |   1|   0|    1|          0|
    |mul_i11_1_reg_911                  |  32|   0|   32|          0|
    |mul_i11_2_reg_926                  |  32|   0|   32|          0|
    |mul_i11_3_reg_941                  |  32|   0|   32|          0|
    |mul_i11_4_reg_956                  |  32|   0|   32|          0|
    |mul_i11_5_reg_971                  |  32|   0|   32|          0|
    |mul_i1_reg_896                     |  32|   0|   32|          0|
    |tmp_2_reg_901                      |  32|   0|   32|          0|
    |tmp_3_reg_916                      |  32|   0|   32|          0|
    |tmp_4_reg_931                      |  32|   0|   32|          0|
    |tmp_5_reg_946                      |  32|   0|   32|          0|
    |tmp_6_reg_961                      |  32|   0|   32|          0|
    |tmp_s_reg_891                      |  32|   0|   32|          0|
    |i_2_reg_878                        |  64|  32|    3|          0|
    |icmp_ln89_reg_887                  |  64|  32|    1|          0|
    +-----------------------------------+----+----+-----+-----------+
    |Total                              | 926|  64|  802|          0|
    +-----------------------------------+----+----+-----+-----------+



================================================================
== Interface
================================================================
* Summary: 
+-----------------------+-----+-----+------------+------------------------------------+--------------+
|       RTL Ports       | Dir | Bits|  Protocol  |            Source Object           |    C Type    |
+-----------------------+-----+-----+------------+------------------------------------+--------------+
|ap_clk                 |   in|    1|  ap_ctrl_hs|  ekf_batch_Pipeline_VITIS_LOOP_89_1|  return value|
|ap_rst                 |   in|    1|  ap_ctrl_hs|  ekf_batch_Pipeline_VITIS_LOOP_89_1|  return value|
|ap_start               |   in|    1|  ap_ctrl_hs|  ekf_batch_Pipeline_VITIS_LOOP_89_1|  return value|
|ap_done                |  out|    1|  ap_ctrl_hs|  ekf_batch_Pipeline_VITIS_LOOP_89_1|  return value|
|ap_idle                |  out|    1|  ap_ctrl_hs|  ekf_batch_Pipeline_VITIS_LOOP_89_1|  return value|
|ap_ready               |  out|    1|  ap_ctrl_hs|  ekf_batch_Pipeline_VITIS_LOOP_89_1|  return value|
|grp_fu_12431_p_din0    |  out|   32|  ap_ctrl_hs|  ekf_batch_Pipeline_VITIS_LOOP_89_1|  return value|
|grp_fu_12431_p_din1    |  out|   32|  ap_ctrl_hs|  ekf_batch_Pipeline_VITIS_LOOP_89_1|  return value|
|grp_fu_12431_p_opcode  |  out|    2|  ap_ctrl_hs|  ekf_batch_Pipeline_VITIS_LOOP_89_1|  return value|
|grp_fu_12431_p_dout0   |   in|   32|  ap_ctrl_hs|  ekf_batch_Pipeline_VITIS_LOOP_89_1|  return value|
|grp_fu_12431_p_ce      |  out|    1|  ap_ctrl_hs|  ekf_batch_Pipeline_VITIS_LOOP_89_1|  return value|
|grp_fu_19351_p_din0    |  out|   32|  ap_ctrl_hs|  ekf_batch_Pipeline_VITIS_LOOP_89_1|  return value|
|grp_fu_19351_p_din1    |  out|   32|  ap_ctrl_hs|  ekf_batch_Pipeline_VITIS_LOOP_89_1|  return value|
|grp_fu_19351_p_opcode  |  out|    1|  ap_ctrl_hs|  ekf_batch_Pipeline_VITIS_LOOP_89_1|  return value|
|grp_fu_19351_p_dout0   |   in|   32|  ap_ctrl_hs|  ekf_batch_Pipeline_VITIS_LOOP_89_1|  return value|
|grp_fu_19351_p_ce      |  out|    1|  ap_ctrl_hs|  ekf_batch_Pipeline_VITIS_LOOP_89_1|  return value|
|grp_fu_19355_p_din0    |  out|   32|  ap_ctrl_hs|  ekf_batch_Pipeline_VITIS_LOOP_89_1|  return value|
|grp_fu_19355_p_din1    |  out|   32|  ap_ctrl_hs|  ekf_batch_Pipeline_VITIS_LOOP_89_1|  return value|
|grp_fu_19355_p_opcode  |  out|    1|  ap_ctrl_hs|  ekf_batch_Pipeline_VITIS_LOOP_89_1|  return value|
|grp_fu_19355_p_dout0   |   in|   32|  ap_ctrl_hs|  ekf_batch_Pipeline_VITIS_LOOP_89_1|  return value|
|grp_fu_19355_p_ce      |  out|    1|  ap_ctrl_hs|  ekf_batch_Pipeline_VITIS_LOOP_89_1|  return value|
|grp_fu_19359_p_din0    |  out|   32|  ap_ctrl_hs|  ekf_batch_Pipeline_VITIS_LOOP_89_1|  return value|
|grp_fu_19359_p_din1    |  out|   32|  ap_ctrl_hs|  ekf_batch_Pipeline_VITIS_LOOP_89_1|  return value|
|grp_fu_19359_p_opcode  |  out|    1|  ap_ctrl_hs|  ekf_batch_Pipeline_VITIS_LOOP_89_1|  return value|
|grp_fu_19359_p_dout0   |   in|   32|  ap_ctrl_hs|  ekf_batch_Pipeline_VITIS_LOOP_89_1|  return value|
|grp_fu_19359_p_ce      |  out|    1|  ap_ctrl_hs|  ekf_batch_Pipeline_VITIS_LOOP_89_1|  return value|
|grp_fu_19363_p_din0    |  out|   32|  ap_ctrl_hs|  ekf_batch_Pipeline_VITIS_LOOP_89_1|  return value|
|grp_fu_19363_p_din1    |  out|   32|  ap_ctrl_hs|  ekf_batch_Pipeline_VITIS_LOOP_89_1|  return value|
|grp_fu_19363_p_opcode  |  out|    1|  ap_ctrl_hs|  ekf_batch_Pipeline_VITIS_LOOP_89_1|  return value|
|grp_fu_19363_p_dout0   |   in|   32|  ap_ctrl_hs|  ekf_batch_Pipeline_VITIS_LOOP_89_1|  return value|
|grp_fu_19363_p_ce      |  out|    1|  ap_ctrl_hs|  ekf_batch_Pipeline_VITIS_LOOP_89_1|  return value|
|grp_fu_19367_p_din0    |  out|   32|  ap_ctrl_hs|  ekf_batch_Pipeline_VITIS_LOOP_89_1|  return value|
|grp_fu_19367_p_din1    |  out|   32|  ap_ctrl_hs|  ekf_batch_Pipeline_VITIS_LOOP_89_1|  return value|
|grp_fu_19367_p_opcode  |  out|    1|  ap_ctrl_hs|  ekf_batch_Pipeline_VITIS_LOOP_89_1|  return value|
|grp_fu_19367_p_dout0   |   in|   32|  ap_ctrl_hs|  ekf_batch_Pipeline_VITIS_LOOP_89_1|  return value|
|grp_fu_19367_p_ce      |  out|    1|  ap_ctrl_hs|  ekf_batch_Pipeline_VITIS_LOOP_89_1|  return value|
|grp_fu_12435_p_din0    |  out|   32|  ap_ctrl_hs|  ekf_batch_Pipeline_VITIS_LOOP_89_1|  return value|
|grp_fu_12435_p_din1    |  out|   32|  ap_ctrl_hs|  ekf_batch_Pipeline_VITIS_LOOP_89_1|  return value|
|grp_fu_12435_p_dout0   |   in|   32|  ap_ctrl_hs|  ekf_batch_Pipeline_VITIS_LOOP_89_1|  return value|
|grp_fu_12435_p_ce      |  out|    1|  ap_ctrl_hs|  ekf_batch_Pipeline_VITIS_LOOP_89_1|  return value|
|grp_fu_19371_p_din0    |  out|   32|  ap_ctrl_hs|  ekf_batch_Pipeline_VITIS_LOOP_89_1|  return value|
|grp_fu_19371_p_din1    |  out|   32|  ap_ctrl_hs|  ekf_batch_Pipeline_VITIS_LOOP_89_1|  return value|
|grp_fu_19371_p_dout0   |   in|   32|  ap_ctrl_hs|  ekf_batch_Pipeline_VITIS_LOOP_89_1|  return value|
|grp_fu_19371_p_ce      |  out|    1|  ap_ctrl_hs|  ekf_batch_Pipeline_VITIS_LOOP_89_1|  return value|
|grp_fu_19375_p_din0    |  out|   32|  ap_ctrl_hs|  ekf_batch_Pipeline_VITIS_LOOP_89_1|  return value|
|grp_fu_19375_p_din1    |  out|   32|  ap_ctrl_hs|  ekf_batch_Pipeline_VITIS_LOOP_89_1|  return value|
|grp_fu_19375_p_dout0   |   in|   32|  ap_ctrl_hs|  ekf_batch_Pipeline_VITIS_LOOP_89_1|  return value|
|grp_fu_19375_p_ce      |  out|    1|  ap_ctrl_hs|  ekf_batch_Pipeline_VITIS_LOOP_89_1|  return value|
|grp_fu_19379_p_din0    |  out|   32|  ap_ctrl_hs|  ekf_batch_Pipeline_VITIS_LOOP_89_1|  return value|
|grp_fu_19379_p_din1    |  out|   32|  ap_ctrl_hs|  ekf_batch_Pipeline_VITIS_LOOP_89_1|  return value|
|grp_fu_19379_p_dout0   |   in|   32|  ap_ctrl_hs|  ekf_batch_Pipeline_VITIS_LOOP_89_1|  return value|
|grp_fu_19379_p_ce      |  out|    1|  ap_ctrl_hs|  ekf_batch_Pipeline_VITIS_LOOP_89_1|  return value|
|grp_fu_19383_p_din0    |  out|   32|  ap_ctrl_hs|  ekf_batch_Pipeline_VITIS_LOOP_89_1|  return value|
|grp_fu_19383_p_din1    |  out|   32|  ap_ctrl_hs|  ekf_batch_Pipeline_VITIS_LOOP_89_1|  return value|
|grp_fu_19383_p_dout0   |   in|   32|  ap_ctrl_hs|  ekf_batch_Pipeline_VITIS_LOOP_89_1|  return value|
|grp_fu_19383_p_ce      |  out|    1|  ap_ctrl_hs|  ekf_batch_Pipeline_VITIS_LOOP_89_1|  return value|
|grp_fu_19387_p_din0    |  out|   32|  ap_ctrl_hs|  ekf_batch_Pipeline_VITIS_LOOP_89_1|  return value|
|grp_fu_19387_p_din1    |  out|   32|  ap_ctrl_hs|  ekf_batch_Pipeline_VITIS_LOOP_89_1|  return value|
|grp_fu_19387_p_dout0   |   in|   32|  ap_ctrl_hs|  ekf_batch_Pipeline_VITIS_LOOP_89_1|  return value|
|grp_fu_19387_p_ce      |  out|    1|  ap_ctrl_hs|  ekf_batch_Pipeline_VITIS_LOOP_89_1|  return value|
|P_198                  |   in|   32|     ap_none|                               P_198|        scalar|
|P_192                  |   in|   32|     ap_none|                               P_192|        scalar|
|P_186                  |   in|   32|     ap_none|                               P_186|        scalar|
|P_199                  |   in|   32|     ap_none|                               P_199|        scalar|
|P_205                  |   in|   32|     ap_none|                               P_205|        scalar|
|P_211                  |   in|   32|     ap_none|                               P_211|        scalar|
|H_5_reload             |   in|   32|     ap_none|                          H_5_reload|        scalar|
|P_197                  |   in|   32|     ap_none|                               P_197|        scalar|
|P_191                  |   in|   32|     ap_none|                               P_191|        scalar|
|P_185                  |   in|   32|     ap_none|                               P_185|        scalar|
|P_200                  |   in|   32|     ap_none|                               P_200|        scalar|
|P_206                  |   in|   32|     ap_none|                               P_206|        scalar|
|P_212                  |   in|   32|     ap_none|                               P_212|        scalar|
|H_4_reload             |   in|   32|     ap_none|                          H_4_reload|        scalar|
|P_196                  |   in|   32|     ap_none|                               P_196|        scalar|
|P_190                  |   in|   32|     ap_none|                               P_190|        scalar|
|P_184                  |   in|   32|     ap_none|                               P_184|        scalar|
|P_201                  |   in|   32|     ap_none|                               P_201|        scalar|
|P_207                  |   in|   32|     ap_none|                               P_207|        scalar|
|P_213                  |   in|   32|     ap_none|                               P_213|        scalar|
|H_3_reload             |   in|   32|     ap_none|                          H_3_reload|        scalar|
|P_195                  |   in|   32|     ap_none|                               P_195|        scalar|
|P_189                  |   in|   32|     ap_none|                               P_189|        scalar|
|P_183                  |   in|   32|     ap_none|                               P_183|        scalar|
|P_202                  |   in|   32|     ap_none|                               P_202|        scalar|
|P_208                  |   in|   32|     ap_none|                               P_208|        scalar|
|P_214                  |   in|   32|     ap_none|                               P_214|        scalar|
|H_2_reload             |   in|   32|     ap_none|                          H_2_reload|        scalar|
|P_194                  |   in|   32|     ap_none|                               P_194|        scalar|
|P_188                  |   in|   32|     ap_none|                               P_188|        scalar|
|P_182                  |   in|   32|     ap_none|                               P_182|        scalar|
|P_203                  |   in|   32|     ap_none|                               P_203|        scalar|
|P_209                  |   in|   32|     ap_none|                               P_209|        scalar|
|P_215                  |   in|   32|     ap_none|                               P_215|        scalar|
|H_1_reload             |   in|   32|     ap_none|                          H_1_reload|        scalar|
|P_193                  |   in|   32|     ap_none|                               P_193|        scalar|
|P_187                  |   in|   32|     ap_none|                               P_187|        scalar|
|P_181                  |   in|   32|     ap_none|                               P_181|        scalar|
|P_204                  |   in|   32|     ap_none|                               P_204|        scalar|
|P_210                  |   in|   32|     ap_none|                               P_210|        scalar|
|P_216                  |   in|   32|     ap_none|                               P_216|        scalar|
|H_reload               |   in|   32|     ap_none|                            H_reload|        scalar|
|Ph_5_out               |  out|   32|      ap_vld|                            Ph_5_out|       pointer|
|Ph_5_out_ap_vld        |  out|    1|      ap_vld|                            Ph_5_out|       pointer|
|Ph_4_out               |  out|   32|      ap_vld|                            Ph_4_out|       pointer|
|Ph_4_out_ap_vld        |  out|    1|      ap_vld|                            Ph_4_out|       pointer|
|Ph_3_out               |  out|   32|      ap_vld|                            Ph_3_out|       pointer|
|Ph_3_out_ap_vld        |  out|    1|      ap_vld|                            Ph_3_out|       pointer|
|Ph_2_out               |  out|   32|      ap_vld|                            Ph_2_out|       pointer|
|Ph_2_out_ap_vld        |  out|    1|      ap_vld|                            Ph_2_out|       pointer|
|Ph_1_out               |  out|   32|      ap_vld|                            Ph_1_out|       pointer|
|Ph_1_out_ap_vld        |  out|    1|      ap_vld|                            Ph_1_out|       pointer|
|Ph_out                 |  out|   32|      ap_vld|                              Ph_out|       pointer|
|Ph_out_ap_vld          |  out|    1|      ap_vld|                              Ph_out|       pointer|
+-----------------------+-----+-----+------------+------------------------------------+--------------+

