

================================================================
== Vitis HLS Report for 'ekf_batch_Pipeline_VITIS_LOOP_17_1_VITIS_LOOP_18_21'
================================================================
* Date:           Thu Sep  3 12:11:36 2026

* Version:        2023.1 (Build 3854077 on May  4 2023)
* Project:        EKF
* Solution:       solution1 (Vivado IP Flow Target)
* Product family: zynquplus
* Target device:  xczu9eg-ffvb1156-2-e


================================================================
== Performance Estimates
================================================================
+ Timing: 
    * Summary: 
    +--------+----------+----------+------------+
    |  Clock |  Target  | Estimated| Uncertainty|
    +--------+----------+----------+------------+
    |ap_clk  |  10.00 ns|  7.016 ns|     2.70 ns|
    +--------+----------+----------+------------+

+ Latency: 
    * Summary: 
    +---------+---------+----------+----------+-----+-----+---------+
    |  Latency (cycles) |  Latency (absolute) |  Interval | Pipeline|
    |   min   |   max   |    min   |    max   | min | max |   Type  |
    +---------+---------+----------+----------+-----+-----+---------+
    |       64|       64|  0.640 us|  0.640 us|   64|   64|       no|
    +---------+---------+----------+----------+-----+-----+---------+

    + Detail: 
        * Instance: 
        N/A

        * Loop: 
        +-----------------------------------+---------+---------+----------+-----------+-----------+------+----------+
        |                                   |  Latency (cycles) | Iteration|  Initiation Interval  | Trip |          |
        |             Loop Name             |   min   |   max   |  Latency |  achieved |   target  | Count| Pipelined|
        +-----------------------------------+---------+---------+----------+-----------+-----------+------+----------+
        |- VITIS_LOOP_17_1_VITIS_LOOP_18_2  |       62|       62|        28|          1|          1|    36|       yes|
        +-----------------------------------+---------+---------+----------+-----------+-----------+------+----------+



================================================================
== Utilization Estimates
================================================================
* Summary: 
+-----------------+---------+------+--------+--------+-----+
|       Name      | BRAM_18K|  DSP |   FF   |   LUT  | URAM|
+-----------------+---------+------+--------+--------+-----+
|DSP              |        -|     -|       -|       -|    -|
|Expression       |        -|     -|       0|     256|    -|
|FIFO             |        -|     -|       -|       -|    -|
|Instance         |        -|     -|       0|     558|    -|
|Memory           |        -|     -|       -|       -|    -|
|Multiplexer      |        -|     -|       -|      72|    -|
|Register         |        -|     -|    2353|     192|    -|
+-----------------+---------+------+--------+--------+-----+
|Total            |        0|     0|    2353|    1078|    0|
+-----------------+---------+------+--------+--------+-----+
|Available        |     1824|  2520|  548160|  274080|    0|
+-----------------+---------+------+--------+--------+-----+
|Utilization (%)  |        0|     0|      ~0|      ~0|    0|
+-----------------+---------+------+--------+--------+-----+

+ Detail: 
    * Instance: 
    +---------------------+----------------+---------+----+---+----+-----+
    |       Instance      |     Module     | BRAM_18K| DSP| FF| LUT| URAM|
    +---------------------+----------------+---------+----+---+----+-----+
    |mux_6_3_32_1_1_U422  |mux_6_3_32_1_1  |        0|   0|  0|  31|    0|
    |mux_6_3_32_1_1_U423  |mux_6_3_32_1_1  |        0|   0|  0|  31|    0|
    |mux_6_3_32_1_1_U424  |mux_6_3_32_1_1  |        0|   0|  0|  31|    0|
    |mux_6_3_32_1_1_U425  |mux_6_3_32_1_1  |        0|   0|  0|  31|    0|
    |mux_6_3_32_1_1_U426  |mux_6_3_32_1_1  |        0|   0|  0|  31|    0|
    |mux_6_3_32_1_1_U427  |mux_6_3_32_1_1  |        0|   0|  0|  31|    0|
    |mux_6_3_32_1_1_U428  |mux_6_3_32_1_1  |        0|   0|  0|  31|    0|
    |mux_6_3_32_1_1_U429  |mux_6_3_32_1_1  |        0|   0|  0|  31|    0|
    |mux_6_3_32_1_1_U430  |mux_6_3_32_1_1  |        0|   0|  0|  31|    0|
    |mux_6_3_32_1_1_U431  |mux_6_3_32_1_1  |        0|   0|  0|  31|    0|
    |mux_6_3_32_1_1_U432  |mux_6_3_32_1_1  |        0|   0|  0|  31|    0|
    |mux_6_3_32_1_1_U433  |mux_6_3_32_1_1  |        0|   0|  0|  31|    0|
    |mux_6_3_32_1_1_U434  |mux_6_3_32_1_1  |        0|   0|  0|  31|    0|
    |mux_6_3_32_1_1_U435  |mux_6_3_32_1_1  |        0|   0|  0|  31|    0|
    |mux_6_3_32_1_1_U436  |mux_6_3_32_1_1  |        0|   0|  0|  31|    0|
    |mux_6_3_32_1_1_U437  |mux_6_3_32_1_1  |        0|   0|  0|  31|    0|
    |mux_6_3_32_1_1_U438  |mux_6_3_32_1_1  |        0|   0|  0|  31|    0|
    |mux_6_3_32_1_1_U439  |mux_6_3_32_1_1  |        0|   0|  0|  31|    0|
    +---------------------+----------------+---------+----+---+----+-----+
    |Total                |                |        0|   0|  0| 558|    0|
    +---------------------+----------------+---------+----+---+----+-----+

    * DSP: 
    N/A

    * Memory: 
    N/A

    * FIFO: 
    N/A

    * Expression: 
    +---------------------------+----------+----+---+----+------------+------------+
    |       Variable Name       | Operation| DSP| FF| LUT| Bitwidth P0| Bitwidth P1|
    +---------------------------+----------+----+---+----+------------+------------+
    |add_ln17_3_fu_1199_p2      |         +|   0|  0|  10|           3|           1|
    |add_ln17_fu_1173_p2        |         +|   0|  0|  13|           6|           1|
    |add_ln18_fu_1275_p2        |         +|   0|  0|  10|           3|           1|
    |icmp_ln17_fu_1167_p2       |      icmp|   0|  0|  13|           6|           6|
    |icmp_ln18_fu_1185_p2       |      icmp|   0|  0|  10|           3|           3|
    |select_ln17_10_fu_1318_p3  |    select|   0|  0|  32|           1|          32|
    |select_ln17_11_fu_1358_p3  |    select|   0|  0|  32|           1|          32|
    |select_ln17_12_fu_1398_p3  |    select|   0|  0|  32|           1|          32|
    |select_ln17_13_fu_1438_p3  |    select|   0|  0|  32|           1|          32|
    |select_ln17_14_fu_1478_p3  |    select|   0|  0|  32|           1|          32|
    |select_ln17_8_fu_1191_p3   |    select|   0|  0|   3|           1|           1|
    |select_ln17_9_fu_1241_p3   |    select|   0|  0|  32|           1|          32|
    |select_ln17_fu_1249_p3     |    select|   0|  0|   3|           1|           3|
    |ap_enable_pp0              |       xor|   0|  0|   2|           1|           2|
    +---------------------------+----------+----+---+----+------------+------------+
    |Total                      |          |   0|  0| 256|          30|         210|
    +---------------------------+----------+----+---+----+------------+------------+

    * Multiplexer: 
    +----------------------------------------+----+-----------+-----+-----------+
    |                  Name                  | LUT| Input Size| Bits| Total Bits|
    +----------------------------------------+----+-----------+-----+-----------+
    |ap_done_int                             |   9|          2|    1|          2|
    |ap_enable_reg_pp0_iter1                 |   9|          2|    1|          2|
    |ap_sig_allocacmp_i_load                 |   9|          2|    3|          6|
    |ap_sig_allocacmp_indvar_flatten20_load  |   9|          2|    6|         12|
    |ap_sig_allocacmp_j_load                 |   9|          2|    3|          6|
    |i_fu_264                                |   9|          2|    3|          6|
    |indvar_flatten20_fu_268                 |   9|          2|    6|         12|
    |j_fu_260                                |   9|          2|    3|          6|
    +----------------------------------------+----+-----------+-----+-----------+
    |Total                                   |  72|         16|   26|         52|
    +----------------------------------------+----+-----------+-----+-----------+

    * Register: 
    +-----------------------------------+----+----+-----+-----------+
    |                Name               | FF | LUT| Bits| Const Bits|
    +-----------------------------------+----+----+-----+-----------+
    |acc_100_fu_296                     |  32|   0|   32|          0|
    |acc_101_fu_300                     |  32|   0|   32|          0|
    |acc_102_fu_304                     |  32|   0|   32|          0|
    |acc_103_fu_308                     |  32|   0|   32|          0|
    |acc_104_fu_312                     |  32|   0|   32|          0|
    |acc_105_fu_316                     |  32|   0|   32|          0|
    |acc_106_fu_320                     |  32|   0|   32|          0|
    |acc_107_fu_324                     |  32|   0|   32|          0|
    |acc_108_fu_328                     |  32|   0|   32|          0|
    |acc_109_fu_332                     |  32|   0|   32|          0|
    |acc_110_fu_336                     |  32|   0|   32|          0|
    |acc_111_fu_340                     |  32|   0|   32|          0|
    |acc_112_fu_344                     |  32|   0|   32|          0|
    |acc_113_fu_348                     |  32|   0|   32|          0|
    |acc_114_fu_352                     |  32|   0|   32|          0|
    |acc_115_fu_356                     |  32|   0|   32|          0|
    |acc_116_fu_360                     |  32|   0|   32|          0|
    |acc_117_fu_364                     |  32|   0|   32|          0|
    |acc_118_fu_368                     |  32|   0|   32|          0|
    |acc_119_fu_372                     |  32|   0|   32|          0|
    |acc_120_fu_376                     |  32|   0|   32|          0|
    |acc_121_fu_380                     |  32|   0|   32|          0|
    |acc_122_fu_384                     |  32|   0|   32|          0|
    |acc_123_fu_388                     |  32|   0|   32|          0|
    |acc_124_fu_392                     |  32|   0|   32|          0|
    |acc_125_fu_396                     |  32|   0|   32|          0|
    |acc_126_fu_400                     |  32|   0|   32|          0|
    |acc_127_fu_404                     |  32|   0|   32|          0|
    |acc_128_fu_408                     |  32|   0|   32|          0|
    |acc_129_fu_412                     |  32|   0|   32|          0|
    |acc_130_reg_2456                   |  32|   0|   32|          0|
    |acc_131_reg_2476                   |  32|   0|   32|          0|
    |acc_132_reg_2496                   |  32|   0|   32|          0|
    |acc_133_reg_2516                   |  32|   0|   32|          0|
    |acc_134_reg_2536                   |  32|   0|   32|          0|
    |acc_95_fu_276                      |  32|   0|   32|          0|
    |acc_96_fu_280                      |  32|   0|   32|          0|
    |acc_97_fu_284                      |  32|   0|   32|          0|
    |acc_98_fu_288                      |  32|   0|   32|          0|
    |acc_99_fu_292                      |  32|   0|   32|          0|
    |acc_fu_272                         |  32|   0|   32|          0|
    |add_ln17_3_reg_2418                |   3|   0|    3|          0|
    |ap_CS_fsm                          |   1|   0|    1|          0|
    |ap_done_reg                        |   1|   0|    1|          0|
    |ap_enable_reg_pp0_iter1            |   1|   0|    1|          0|
    |ap_enable_reg_pp0_iter10           |   1|   0|    1|          0|
    |ap_enable_reg_pp0_iter11           |   1|   0|    1|          0|
    |ap_enable_reg_pp0_iter12           |   1|   0|    1|          0|
    |ap_enable_reg_pp0_iter13           |   1|   0|    1|          0|
    |ap_enable_reg_pp0_iter14           |   1|   0|    1|          0|
    |ap_enable_reg_pp0_iter15           |   1|   0|    1|          0|
    |ap_enable_reg_pp0_iter16           |   1|   0|    1|          0|
    |ap_enable_reg_pp0_iter17           |   1|   0|    1|          0|
    |ap_enable_reg_pp0_iter18           |   1|   0|    1|          0|
    |ap_enable_reg_pp0_iter19           |   1|   0|    1|          0|
    |ap_enable_reg_pp0_iter2            |   1|   0|    1|          0|
    |ap_enable_reg_pp0_iter20           |   1|   0|    1|          0|
    |ap_enable_reg_pp0_iter21           |   1|   0|    1|          0|
    |ap_enable_reg_pp0_iter22           |   1|   0|    1|          0|
    |ap_enable_reg_pp0_iter23           |   1|   0|    1|          0|
    |ap_enable_reg_pp0_iter24           |   1|   0|    1|          0|
    |ap_enable_reg_pp0_iter25           |   1|   0|    1|          0|
    |ap_enable_reg_pp0_iter26           |   1|   0|    1|          0|
    |ap_enable_reg_pp0_iter27           |   1|   0|    1|          0|
    |ap_enable_reg_pp0_iter3            |   1|   0|    1|          0|
    |ap_enable_reg_pp0_iter4            |   1|   0|    1|          0|
    |ap_enable_reg_pp0_iter5            |   1|   0|    1|          0|
    |ap_enable_reg_pp0_iter6            |   1|   0|    1|          0|
    |ap_enable_reg_pp0_iter7            |   1|   0|    1|          0|
    |ap_enable_reg_pp0_iter8            |   1|   0|    1|          0|
    |ap_enable_reg_pp0_iter9            |   1|   0|    1|          0|
    |ap_loop_exit_ready_pp0_iter10_reg  |   1|   0|    1|          0|
    |ap_loop_exit_ready_pp0_iter11_reg  |   1|   0|    1|          0|
    |ap_loop_exit_ready_pp0_iter12_reg  |   1|   0|    1|          0|
    |ap_loop_exit_ready_pp0_iter13_reg  |   1|   0|    1|          0|
    |ap_loop_exit_ready_pp0_iter14_reg  |   1|   0|    1|          0|
    |ap_loop_exit_ready_pp0_iter15_reg  |   1|   0|    1|          0|
    |ap_loop_exit_ready_pp0_iter16_reg  |   1|   0|    1|          0|
    |ap_loop_exit_ready_pp0_iter17_reg  |   1|   0|    1|          0|
    |ap_loop_exit_ready_pp0_iter18_reg  |   1|   0|    1|          0|
    |ap_loop_exit_ready_pp0_iter19_reg  |   1|   0|    1|          0|
    |ap_loop_exit_ready_pp0_iter1_reg   |   1|   0|    1|          0|
    |ap_loop_exit_ready_pp0_iter20_reg  |   1|   0|    1|          0|
    |ap_loop_exit_ready_pp0_iter21_reg  |   1|   0|    1|          0|
    |ap_loop_exit_ready_pp0_iter22_reg  |   1|   0|    1|          0|
    |ap_loop_exit_ready_pp0_iter23_reg  |   1|   0|    1|          0|
    |ap_loop_exit_ready_pp0_iter24_reg  |   1|   0|    1|          0|
    |ap_loop_exit_ready_pp0_iter25_reg  |   1|   0|    1|          0|
    |ap_loop_exit_ready_pp0_iter26_reg  |   1|   0|    1|          0|
    |ap_loop_exit_ready_pp0_iter2_reg   |   1|   0|    1|          0|
    |ap_loop_exit_ready_pp0_iter3_reg   |   1|   0|    1|          0|
    |ap_loop_exit_ready_pp0_iter4_reg   |   1|   0|    1|          0|
    |ap_loop_exit_ready_pp0_iter5_reg   |   1|   0|    1|          0|
    |ap_loop_exit_ready_pp0_iter6_reg   |   1|   0|    1|          0|
    |ap_loop_exit_ready_pp0_iter7_reg   |   1|   0|    1|          0|
    |ap_loop_exit_ready_pp0_iter8_reg   |   1|   0|    1|          0|
    |ap_loop_exit_ready_pp0_iter9_reg   |   1|   0|    1|          0|
    |i_fu_264                           |   3|   0|    3|          0|
    |i_load_reg_2391                    |   3|   0|    3|          0|
    |icmp_ln17_reg_2387                 |   1|   0|    1|          0|
    |icmp_ln18_reg_2400                 |   1|   0|    1|          0|
    |indvar_flatten20_fu_268            |   6|   0|    6|          0|
    |j_fu_260                           |   3|   0|    3|          0|
    |mul_i_i_1_reg_2461                 |  32|   0|   32|          0|
    |mul_i_i_2_reg_2481                 |  32|   0|   32|          0|
    |mul_i_i_3_reg_2501                 |  32|   0|   32|          0|
    |mul_i_i_4_reg_2521                 |  32|   0|   32|          0|
    |mul_i_i_5_reg_2541                 |  32|   0|   32|          0|
    |mul_i_i_reg_2441                   |  32|   0|   32|          0|
    |select_ln17_10_reg_2446            |  32|   0|   32|          0|
    |select_ln17_11_reg_2466            |  32|   0|   32|          0|
    |select_ln17_12_reg_2486            |  32|   0|   32|          0|
    |select_ln17_13_reg_2506            |  32|   0|   32|          0|
    |select_ln17_14_reg_2526            |  32|   0|   32|          0|
    |select_ln17_8_reg_2409             |   3|   0|    3|          0|
    |select_ln17_9_reg_2427             |  32|   0|   32|          0|
    |select_ln17_reg_2432               |   3|   0|    3|          0|
    |tmp_23_reg_2436                    |  32|   0|   32|          0|
    |tmp_24_reg_2451                    |  32|   0|   32|          0|
    |tmp_25_reg_2471                    |  32|   0|   32|          0|
    |tmp_26_reg_2491                    |  32|   0|   32|          0|
    |tmp_27_reg_2511                    |  32|   0|   32|          0|
    |tmp_28_reg_2531                    |  32|   0|   32|          0|
    |add_ln17_3_reg_2418                |  64|  32|    3|          0|
    |i_load_reg_2391                    |  64|  32|    3|          0|
    |icmp_ln17_reg_2387                 |  64|  32|    1|          0|
    |icmp_ln18_reg_2400                 |  64|  32|    1|          0|
    |select_ln17_8_reg_2409             |  64|  32|    3|          0|
    |select_ln17_reg_2432               |  64|  32|    3|          0|
    +-----------------------------------+----+----+-----+-----------+
    |Total                              |2353| 192| 1983|          0|
    +-----------------------------------+----+----+-----+-----------+



================================================================
== Interface
================================================================
* Summary: 
+-------------------------------+-----+-----+------------+-----------------------------------------------------+--------------+
|           RTL Ports           | Dir | Bits|  Protocol  |                    Source Object                    |    C Type    |
+-------------------------------+-----+-----+------------+-----------------------------------------------------+--------------+
|ap_clk                         |   in|    1|  ap_ctrl_hs|  ekf_batch_Pipeline_VITIS_LOOP_17_1_VITIS_LOOP_18_21|  return value|
|ap_rst                         |   in|    1|  ap_ctrl_hs|  ekf_batch_Pipeline_VITIS_LOOP_17_1_VITIS_LOOP_18_21|  return value|
|ap_start                       |   in|    1|  ap_ctrl_hs|  ekf_batch_Pipeline_VITIS_LOOP_17_1_VITIS_LOOP_18_21|  return value|
|ap_done                        |  out|    1|  ap_ctrl_hs|  ekf_batch_Pipeline_VITIS_LOOP_17_1_VITIS_LOOP_18_21|  return value|
|ap_idle                        |  out|    1|  ap_ctrl_hs|  ekf_batch_Pipeline_VITIS_LOOP_17_1_VITIS_LOOP_18_21|  return value|
|ap_ready                       |  out|    1|  ap_ctrl_hs|  ekf_batch_Pipeline_VITIS_LOOP_17_1_VITIS_LOOP_18_21|  return value|
|grp_fu_12431_p_din0            |  out|   32|  ap_ctrl_hs|  ekf_batch_Pipeline_VITIS_LOOP_17_1_VITIS_LOOP_18_21|  return value|
|grp_fu_12431_p_din1            |  out|   32|  ap_ctrl_hs|  ekf_batch_Pipeline_VITIS_LOOP_17_1_VITIS_LOOP_18_21|  return value|
|grp_fu_12431_p_opcode          |  out|    2|  ap_ctrl_hs|  ekf_batch_Pipeline_VITIS_LOOP_17_1_VITIS_LOOP_18_21|  return value|
|grp_fu_12431_p_dout0           |   in|   32|  ap_ctrl_hs|  ekf_batch_Pipeline_VITIS_LOOP_17_1_VITIS_LOOP_18_21|  return value|
|grp_fu_12431_p_ce              |  out|    1|  ap_ctrl_hs|  ekf_batch_Pipeline_VITIS_LOOP_17_1_VITIS_LOOP_18_21|  return value|
|grp_fu_19351_p_din0            |  out|   32|  ap_ctrl_hs|  ekf_batch_Pipeline_VITIS_LOOP_17_1_VITIS_LOOP_18_21|  return value|
|grp_fu_19351_p_din1            |  out|   32|  ap_ctrl_hs|  ekf_batch_Pipeline_VITIS_LOOP_17_1_VITIS_LOOP_18_21|  return value|
|grp_fu_19351_p_opcode          |  out|    1|  ap_ctrl_hs|  ekf_batch_Pipeline_VITIS_LOOP_17_1_VITIS_LOOP_18_21|  return value|
|grp_fu_19351_p_dout0           |   in|   32|  ap_ctrl_hs|  ekf_batch_Pipeline_VITIS_LOOP_17_1_VITIS_LOOP_18_21|  return value|
|grp_fu_19351_p_ce              |  out|    1|  ap_ctrl_hs|  ekf_batch_Pipeline_VITIS_LOOP_17_1_VITIS_LOOP_18_21|  return value|
|grp_fu_19355_p_din0            |  out|   32|  ap_ctrl_hs|  ekf_batch_Pipeline_VITIS_LOOP_17_1_VITIS_LOOP_18_21|  return value|
|grp_fu_19355_p_din1            |  out|   32|  ap_ctrl_hs|  ekf_batch_Pipeline_VITIS_LOOP_17_1_VITIS_LOOP_18_21|  return value|
|grp_fu_19355_p_opcode          |  out|    1|  ap_ctrl_hs|  ekf_batch_Pipeline_VITIS_LOOP_17_1_VITIS_LOOP_18_21|  return value|
|grp_fu_19355_p_dout0           |   in|   32|  ap_ctrl_hs|  ekf_batch_Pipeline_VITIS_LOOP_17_1_VITIS_LOOP_18_21|  return value|
|grp_fu_19355_p_ce              |  out|    1|  ap_ctrl_hs|  ekf_batch_Pipeline_VITIS_LOOP_17_1_VITIS_LOOP_18_21|  return value|
|grp_fu_19359_p_din0            |  out|   32|  ap_ctrl_hs|  ekf_batch_Pipeline_VITIS_LOOP_17_1_VITIS_LOOP_18_21|  return value|
|grp_fu_19359_p_din1            |  out|   32|  ap_ctrl_hs|  ekf_batch_Pipeline_VITIS_LOOP_17_1_VITIS_LOOP_18_21|  return value|
|grp_fu_19359_p_opcode          |  out|    1|  ap_ctrl_hs|  ekf_batch_Pipeline_VITIS_LOOP_17_1_VITIS_LOOP_18_21|  return value|
|grp_fu_19359_p_dout0           |   in|   32|  ap_ctrl_hs|  ekf_batch_Pipeline_VITIS_LOOP_17_1_VITIS_LOOP_18_21|  return value|
|grp_fu_19359_p_ce              |  out|    1|  ap_ctrl_hs|  ekf_batch_Pipeline_VITIS_LOOP_17_1_VITIS_LOOP_18_21|  return value|
|grp_fu_19363_p_din0            |  out|   32|  ap_ctrl_hs|  ekf_batch_Pipeline_VITIS_LOOP_17_1_VITIS_LOOP_18_21|  return value|
|grp_fu_19363_p_din1            |  out|   32|  ap_ctrl_hs|  ekf_batch_Pipeline_VITIS_LOOP_17_1_VITIS_LOOP_18_21|  return value|
|grp_fu_19363_p_opcode          |  out|    1|  ap_ctrl_hs|  ekf_batch_Pipeline_VITIS_LOOP_17_1_VITIS_LOOP_18_21|  return value|
|grp_fu_19363_p_dout0           |   in|   32|  ap_ctrl_hs|  ekf_batch_Pipeline_VITIS_LOOP_17_1_VITIS_LOOP_18_21|  return value|
|grp_fu_19363_p_ce              |  out|    1|  ap_ctrl_hs|  ekf_batch_Pipeline_VITIS_LOOP_17_1_VITIS_LOOP_18_21|  return value|
|grp_fu_19367_p_din0            |  out|   32|  ap_ctrl_hs|  ekf_batch_Pipeline_VITIS_LOOP_17_1_VITIS_LOOP_18_21|  return value|
|grp_fu_19367_p_din1            |  out|   32|  ap_ctrl_hs|  ekf_batch_Pipeline_VITIS_LOOP_17_1_VITIS_LOOP_18_21|  return value|
|grp_fu_19367_p_opcode          |  out|    1|  ap_ctrl_hs|  ekf_batch_Pipeline_VITIS_LOOP_17_1_VITIS_LOOP_18_21|  return value|
|grp_fu_19367_p_dout0           |   in|   32|  ap_ctrl_hs|  ekf_batch_Pipeline_VITIS_LOOP_17_1_VITIS_LOOP_18_21|  return value|
|grp_fu_19367_p_ce              |  out|    1|  ap_ctrl_hs|  ekf_batch_Pipeline_VITIS_LOOP_17_1_VITIS_LOOP_18_21|  return value|
|grp_fu_12435_p_din0            |  out|   32|  ap_ctrl_hs|  ekf_batch_Pipeline_VITIS_LOOP_17_1_VITIS_LOOP_18_21|  return value|
|grp_fu_12435_p_din1            |  out|   32|  ap_ctrl_hs|  ekf_batch_Pipeline_VITIS_LOOP_17_1_VITIS_LOOP_18_21|  return value|
|grp_fu_12435_p_dout0           |   in|   32|  ap_ctrl_hs|  ekf_batch_Pipeline_VITIS_LOOP_17_1_VITIS_LOOP_18_21|  return value|
|grp_fu_12435_p_ce              |  out|    1|  ap_ctrl_hs|  ekf_batch_Pipeline_VITIS_LOOP_17_1_VITIS_LOOP_18_21|  return value|
|grp_fu_19371_p_din0            |  out|   32|  ap_ctrl_hs|  ekf_batch_Pipeline_VITIS_LOOP_17_1_VITIS_LOOP_18_21|  return value|
|grp_fu_19371_p_din1            |  out|   32|  ap_ctrl_hs|  ekf_batch_Pipeline_VITIS_LOOP_17_1_VITIS_LOOP_18_21|  return value|
|grp_fu_19371_p_dout0           |   in|   32|  ap_ctrl_hs|  ekf_batch_Pipeline_VITIS_LOOP_17_1_VITIS_LOOP_18_21|  return value|
|grp_fu_19371_p_ce              |  out|    1|  ap_ctrl_hs|  ekf_batch_Pipeline_VITIS_LOOP_17_1_VITIS_LOOP_18_21|  return value|
|grp_fu_19375_p_din0            |  out|   32|  ap_ctrl_hs|  ekf_batch_Pipeline_VITIS_LOOP_17_1_VITIS_LOOP_18_21|  return value|
|grp_fu_19375_p_din1            |  out|   32|  ap_ctrl_hs|  ekf_batch_Pipeline_VITIS_LOOP_17_1_VITIS_LOOP_18_21|  return value|
|grp_fu_19375_p_dout0           |   in|   32|  ap_ctrl_hs|  ekf_batch_Pipeline_VITIS_LOOP_17_1_VITIS_LOOP_18_21|  return value|
|grp_fu_19375_p_ce              |  out|    1|  ap_ctrl_hs|  ekf_batch_Pipeline_VITIS_LOOP_17_1_VITIS_LOOP_18_21|  return value|
|grp_fu_19379_p_din0            |  out|   32|  ap_ctrl_hs|  ekf_batch_Pipeline_VITIS_LOOP_17_1_VITIS_LOOP_18_21|  return value|
|grp_fu_19379_p_din1            |  out|   32|  ap_ctrl_hs|  ekf_batch_Pipeline_VITIS_LOOP_17_1_VITIS_LOOP_18_21|  return value|
|grp_fu_19379_p_dout0           |   in|   32|  ap_ctrl_hs|  ekf_batch_Pipeline_VITIS_LOOP_17_1_VITIS_LOOP_18_21|  return value|
|grp_fu_19379_p_ce              |  out|    1|  ap_ctrl_hs|  ekf_batch_Pipeline_VITIS_LOOP_17_1_VITIS_LOOP_18_21|  return value|
|grp_fu_19383_p_din0            |  out|   32|  ap_ctrl_hs|  ekf_batch_Pipeline_VITIS_LOOP_17_1_VITIS_LOOP_18_21|  return value|
|grp_fu_19383_p_din1            |  out|   32|  ap_ctrl_hs|  ekf_batch_Pipeline_VITIS_LOOP_17_1_VITIS_LOOP_18_21|  return value|
|grp_fu_19383_p_dout0           |   in|   32|  ap_ctrl_hs|  ekf_batch_Pipeline_VITIS_LOOP_17_1_VITIS_LOOP_18_21|  return value|
|grp_fu_19383_p_ce              |  out|    1|  ap_ctrl_hs|  ekf_batch_Pipeline_VITIS_LOOP_17_1_VITIS_LOOP_18_21|  return value|
|grp_fu_19387_p_din0            |  out|   32|  ap_ctrl_hs|  ekf_batch_Pipeline_VITIS_LOOP_17_1_VITIS_LOOP_18_21|  return value|
|grp_fu_19387_p_din1            |  out|   32|  ap_ctrl_hs|  ekf_batch_Pipeline_VITIS_LOOP_17_1_VITIS_LOOP_18_21|  return value|
|grp_fu_19387_p_dout0           |   in|   32|  ap_ctrl_hs|  ekf_batch_Pipeline_VITIS_LOOP_17_1_VITIS_LOOP_18_21|  return value|
|grp_fu_19387_p_ce              |  out|    1|  ap_ctrl_hs|  ekf_batch_Pipeline_VITIS_LOOP_17_1_VITIS_LOOP_18_21|  return value|
|mux_case_09072605_reload       |   in|   32|     ap_none|                             mux_case_09072605_reload|        scalar|
|mux_case_19092611_reload       |   in|   32|     ap_none|                             mux_case_19092611_reload|        scalar|
|mux_case_29112616_reload       |   in|   32|     ap_none|                             mux_case_29112616_reload|        scalar|
|mux_case_39132621_reload       |   in|   32|     ap_none|                             mux_case_39132621_reload|        scalar|
|mux_case_49152626_reload       |   in|   32|     ap_none|                             mux_case_49152626_reload|        scalar|
|mux_case_59172631_reload       |   in|   32|     ap_none|                             mux_case_59172631_reload|        scalar|
|mux_case_09192635_reload       |   in|   32|     ap_none|                             mux_case_09192635_reload|        scalar|
|mux_case_19212641_reload       |   in|   32|     ap_none|                             mux_case_19212641_reload|        scalar|
|mux_case_29232646_reload       |   in|   32|     ap_none|                             mux_case_29232646_reload|        scalar|
|mux_case_39252651_reload       |   in|   32|     ap_none|                             mux_case_39252651_reload|        scalar|
|mux_case_49272656_reload       |   in|   32|     ap_none|                             mux_case_49272656_reload|        scalar|
|mux_case_59292661_reload       |   in|   32|     ap_none|                             mux_case_59292661_reload|        scalar|
|mux_case_09312665_reload       |   in|   32|     ap_none|                             mux_case_09312665_reload|        scalar|
|mux_case_19332671_reload       |   in|   32|     ap_none|                             mux_case_19332671_reload|        scalar|
|mux_case_29352676_reload       |   in|   32|     ap_none|                             mux_case_29352676_reload|        scalar|
|mux_case_39372681_reload       |   in|   32|     ap_none|                             mux_case_39372681_reload|        scalar|
|mux_case_49392686_reload       |   in|   32|     ap_none|                             mux_case_49392686_reload|        scalar|
|mux_case_59412691_reload       |   in|   32|     ap_none|                             mux_case_59412691_reload|        scalar|
|mux_case_09432695_reload       |   in|   32|     ap_none|                             mux_case_09432695_reload|        scalar|
|mux_case_19452701_reload       |   in|   32|     ap_none|                             mux_case_19452701_reload|        scalar|
|mux_case_29472706_reload       |   in|   32|     ap_none|                             mux_case_29472706_reload|        scalar|
|mux_case_39492711_reload       |   in|   32|     ap_none|                             mux_case_39492711_reload|        scalar|
|mux_case_49512716_reload       |   in|   32|     ap_none|                             mux_case_49512716_reload|        scalar|
|mux_case_59532721_reload       |   in|   32|     ap_none|                             mux_case_59532721_reload|        scalar|
|mux_case_09552725_reload       |   in|   32|     ap_none|                             mux_case_09552725_reload|        scalar|
|mux_case_19572731_reload       |   in|   32|     ap_none|                             mux_case_19572731_reload|        scalar|
|mux_case_29592736_reload       |   in|   32|     ap_none|                             mux_case_29592736_reload|        scalar|
|mux_case_39612741_reload       |   in|   32|     ap_none|                             mux_case_39612741_reload|        scalar|
|mux_case_49632746_reload       |   in|   32|     ap_none|                             mux_case_49632746_reload|        scalar|
|mux_case_59652751_reload       |   in|   32|     ap_none|                             mux_case_59652751_reload|        scalar|
|mux_case_09672755_reload       |   in|   32|     ap_none|                             mux_case_09672755_reload|        scalar|
|mux_case_19692761_reload       |   in|   32|     ap_none|                             mux_case_19692761_reload|        scalar|
|mux_case_29712766_reload       |   in|   32|     ap_none|                             mux_case_29712766_reload|        scalar|
|mux_case_39732771_reload       |   in|   32|     ap_none|                             mux_case_39732771_reload|        scalar|
|mux_case_49752776_reload       |   in|   32|     ap_none|                             mux_case_49752776_reload|        scalar|
|mux_case_59772781_reload       |   in|   32|     ap_none|                             mux_case_59772781_reload|        scalar|
|Ft_reload                      |   in|   32|     ap_none|                                            Ft_reload|        scalar|
|Ft_1_reload                    |   in|   32|     ap_none|                                          Ft_1_reload|        scalar|
|Ft_2_reload                    |   in|   32|     ap_none|                                          Ft_2_reload|        scalar|
|Ft_3_reload                    |   in|   32|     ap_none|                                          Ft_3_reload|        scalar|
|Ft_4_reload                    |   in|   32|     ap_none|                                          Ft_4_reload|        scalar|
|Ft_5_reload                    |   in|   32|     ap_none|                                          Ft_5_reload|        scalar|
|Ft_6_reload                    |   in|   32|     ap_none|                                          Ft_6_reload|        scalar|
|Ft_7_reload                    |   in|   32|     ap_none|                                          Ft_7_reload|        scalar|
|Ft_8_reload                    |   in|   32|     ap_none|                                          Ft_8_reload|        scalar|
|Ft_9_reload                    |   in|   32|     ap_none|                                          Ft_9_reload|        scalar|
|Ft_10_reload                   |   in|   32|     ap_none|                                         Ft_10_reload|        scalar|
|Ft_11_reload                   |   in|   32|     ap_none|                                         Ft_11_reload|        scalar|
|Ft_12_reload                   |   in|   32|     ap_none|                                         Ft_12_reload|        scalar|
|Ft_13_reload                   |   in|   32|     ap_none|                                         Ft_13_reload|        scalar|
|Ft_14_reload                   |   in|   32|     ap_none|                                         Ft_14_reload|        scalar|
|Ft_15_reload                   |   in|   32|     ap_none|                                         Ft_15_reload|        scalar|
|Ft_16_reload                   |   in|   32|     ap_none|                                         Ft_16_reload|        scalar|
|Ft_17_reload                   |   in|   32|     ap_none|                                         Ft_17_reload|        scalar|
|Ft_18_reload                   |   in|   32|     ap_none|                                         Ft_18_reload|        scalar|
|Ft_19_reload                   |   in|   32|     ap_none|                                         Ft_19_reload|        scalar|
|Ft_20_reload                   |   in|   32|     ap_none|                                         Ft_20_reload|        scalar|
|Ft_21_reload                   |   in|   32|     ap_none|                                         Ft_21_reload|        scalar|
|Ft_22_reload                   |   in|   32|     ap_none|                                         Ft_22_reload|        scalar|
|Ft_23_reload                   |   in|   32|     ap_none|                                         Ft_23_reload|        scalar|
|Ft_24_reload                   |   in|   32|     ap_none|                                         Ft_24_reload|        scalar|
|Ft_25_reload                   |   in|   32|     ap_none|                                         Ft_25_reload|        scalar|
|Ft_26_reload                   |   in|   32|     ap_none|                                         Ft_26_reload|        scalar|
|Ft_27_reload                   |   in|   32|     ap_none|                                         Ft_27_reload|        scalar|
|Ft_28_reload                   |   in|   32|     ap_none|                                         Ft_28_reload|        scalar|
|Ft_29_reload                   |   in|   32|     ap_none|                                         Ft_29_reload|        scalar|
|Ft_30_reload                   |   in|   32|     ap_none|                                         Ft_30_reload|        scalar|
|Ft_31_reload                   |   in|   32|     ap_none|                                         Ft_31_reload|        scalar|
|Ft_32_reload                   |   in|   32|     ap_none|                                         Ft_32_reload|        scalar|
|Ft_33_reload                   |   in|   32|     ap_none|                                         Ft_33_reload|        scalar|
|Ft_34_reload                   |   in|   32|     ap_none|                                         Ft_34_reload|        scalar|
|Ft_35_reload                   |   in|   32|     ap_none|                                         Ft_35_reload|        scalar|
|mux_case_511742997_out         |  out|   32|      ap_vld|                               mux_case_511742997_out|       pointer|
|mux_case_511742997_out_ap_vld  |  out|    1|      ap_vld|                               mux_case_511742997_out|       pointer|
|mux_case_411722991_out         |  out|   32|      ap_vld|                               mux_case_411722991_out|       pointer|
|mux_case_411722991_out_ap_vld  |  out|    1|      ap_vld|                               mux_case_411722991_out|       pointer|
|mux_case_311702985_out         |  out|   32|      ap_vld|                               mux_case_311702985_out|       pointer|
|mux_case_311702985_out_ap_vld  |  out|    1|      ap_vld|                               mux_case_311702985_out|       pointer|
|mux_case_211682979_out         |  out|   32|      ap_vld|                               mux_case_211682979_out|       pointer|
|mux_case_211682979_out_ap_vld  |  out|    1|      ap_vld|                               mux_case_211682979_out|       pointer|
|mux_case_111662973_out         |  out|   32|      ap_vld|                               mux_case_111662973_out|       pointer|
|mux_case_111662973_out_ap_vld  |  out|    1|      ap_vld|                               mux_case_111662973_out|       pointer|
|mux_case_011642967_out         |  out|   32|      ap_vld|                               mux_case_011642967_out|       pointer|
|mux_case_011642967_out_ap_vld  |  out|    1|      ap_vld|                               mux_case_011642967_out|       pointer|
|mux_case_511612961_out         |  out|   32|      ap_vld|                               mux_case_511612961_out|       pointer|
|mux_case_511612961_out_ap_vld  |  out|    1|      ap_vld|                               mux_case_511612961_out|       pointer|
|mux_case_411592955_out         |  out|   32|      ap_vld|                               mux_case_411592955_out|       pointer|
|mux_case_411592955_out_ap_vld  |  out|    1|      ap_vld|                               mux_case_411592955_out|       pointer|
|mux_case_311572949_out         |  out|   32|      ap_vld|                               mux_case_311572949_out|       pointer|
|mux_case_311572949_out_ap_vld  |  out|    1|      ap_vld|                               mux_case_311572949_out|       pointer|
|mux_case_211552943_out         |  out|   32|      ap_vld|                               mux_case_211552943_out|       pointer|
|mux_case_211552943_out_ap_vld  |  out|    1|      ap_vld|                               mux_case_211552943_out|       pointer|
|mux_case_111532937_out         |  out|   32|      ap_vld|                               mux_case_111532937_out|       pointer|
|mux_case_111532937_out_ap_vld  |  out|    1|      ap_vld|                               mux_case_111532937_out|       pointer|
|mux_case_011512931_out         |  out|   32|      ap_vld|                               mux_case_011512931_out|       pointer|
|mux_case_011512931_out_ap_vld  |  out|    1|      ap_vld|                               mux_case_011512931_out|       pointer|
|mux_case_511482925_out         |  out|   32|      ap_vld|                               mux_case_511482925_out|       pointer|
|mux_case_511482925_out_ap_vld  |  out|    1|      ap_vld|                               mux_case_511482925_out|       pointer|
|mux_case_411462919_out         |  out|   32|      ap_vld|                               mux_case_411462919_out|       pointer|
|mux_case_411462919_out_ap_vld  |  out|    1|      ap_vld|                               mux_case_411462919_out|       pointer|
|mux_case_311442913_out         |  out|   32|      ap_vld|                               mux_case_311442913_out|       pointer|
|mux_case_311442913_out_ap_vld  |  out|    1|      ap_vld|                               mux_case_311442913_out|       pointer|
|mux_case_211422907_out         |  out|   32|      ap_vld|                               mux_case_211422907_out|       pointer|
|mux_case_211422907_out_ap_vld  |  out|    1|      ap_vld|                               mux_case_211422907_out|       pointer|
|mux_case_111402901_out         |  out|   32|      ap_vld|                               mux_case_111402901_out|       pointer|
|mux_case_111402901_out_ap_vld  |  out|    1|      ap_vld|                               mux_case_111402901_out|       pointer|
|mux_case_011382895_out         |  out|   32|      ap_vld|                               mux_case_011382895_out|       pointer|
|mux_case_011382895_out_ap_vld  |  out|    1|      ap_vld|                               mux_case_011382895_out|       pointer|
|mux_case_511352889_out         |  out|   32|      ap_vld|                               mux_case_511352889_out|       pointer|
|mux_case_511352889_out_ap_vld  |  out|    1|      ap_vld|                               mux_case_511352889_out|       pointer|
|mux_case_411332883_out         |  out|   32|      ap_vld|                               mux_case_411332883_out|       pointer|
|mux_case_411332883_out_ap_vld  |  out|    1|      ap_vld|                               mux_case_411332883_out|       pointer|
|mux_case_311312877_out         |  out|   32|      ap_vld|                               mux_case_311312877_out|       pointer|
|mux_case_311312877_out_ap_vld  |  out|    1|      ap_vld|                               mux_case_311312877_out|       pointer|
|mux_case_211292871_out         |  out|   32|      ap_vld|                               mux_case_211292871_out|       pointer|
|mux_case_211292871_out_ap_vld  |  out|    1|      ap_vld|                               mux_case_211292871_out|       pointer|
|mux_case_111272865_out         |  out|   32|      ap_vld|                               mux_case_111272865_out|       pointer|
|mux_case_111272865_out_ap_vld  |  out|    1|      ap_vld|                               mux_case_111272865_out|       pointer|
|mux_case_011252859_out         |  out|   32|      ap_vld|                               mux_case_011252859_out|       pointer|
|mux_case_011252859_out_ap_vld  |  out|    1|      ap_vld|                               mux_case_011252859_out|       pointer|
|mux_case_511222853_out         |  out|   32|      ap_vld|                               mux_case_511222853_out|       pointer|
|mux_case_511222853_out_ap_vld  |  out|    1|      ap_vld|                               mux_case_511222853_out|       pointer|
|mux_case_411202847_out         |  out|   32|      ap_vld|                               mux_case_411202847_out|       pointer|
|mux_case_411202847_out_ap_vld  |  out|    1|      ap_vld|                               mux_case_411202847_out|       pointer|
|mux_case_311182841_out         |  out|   32|      ap_vld|                               mux_case_311182841_out|       pointer|
|mux_case_311182841_out_ap_vld  |  out|    1|      ap_vld|                               mux_case_311182841_out|       pointer|
|mux_case_211162835_out         |  out|   32|      ap_vld|                               mux_case_211162835_out|       pointer|
|mux_case_211162835_out_ap_vld  |  out|    1|      ap_vld|                               mux_case_211162835_out|       pointer|
|mux_case_111142829_out         |  out|   32|      ap_vld|                               mux_case_111142829_out|       pointer|
|mux_case_111142829_out_ap_vld  |  out|    1|      ap_vld|                               mux_case_111142829_out|       pointer|
|mux_case_011122823_out         |  out|   32|      ap_vld|                               mux_case_011122823_out|       pointer|
|mux_case_011122823_out_ap_vld  |  out|    1|      ap_vld|                               mux_case_011122823_out|       pointer|
|mux_case_511092816_out         |  out|   32|      ap_vld|                               mux_case_511092816_out|       pointer|
|mux_case_511092816_out_ap_vld  |  out|    1|      ap_vld|                               mux_case_511092816_out|       pointer|
|mux_case_411072810_out         |  out|   32|      ap_vld|                               mux_case_411072810_out|       pointer|
|mux_case_411072810_out_ap_vld  |  out|    1|      ap_vld|                               mux_case_411072810_out|       pointer|
|mux_case_311052804_out         |  out|   32|      ap_vld|                               mux_case_311052804_out|       pointer|
|mux_case_311052804_out_ap_vld  |  out|    1|      ap_vld|                               mux_case_311052804_out|       pointer|
|mux_case_211032798_out         |  out|   32|      ap_vld|                               mux_case_211032798_out|       pointer|
|mux_case_211032798_out_ap_vld  |  out|    1|      ap_vld|                               mux_case_211032798_out|       pointer|
|mux_case_111012792_out         |  out|   32|      ap_vld|                               mux_case_111012792_out|       pointer|
|mux_case_111012792_out_ap_vld  |  out|    1|      ap_vld|                               mux_case_111012792_out|       pointer|
|mux_case_010992786_out         |  out|   32|      ap_vld|                               mux_case_010992786_out|       pointer|
|mux_case_010992786_out_ap_vld  |  out|    1|      ap_vld|                               mux_case_010992786_out|       pointer|
+-------------------------------+-----+-----+------------+-----------------------------------------------------+--------------+

