

================================================================
== Vitis HLS Report for 'ekf_batch_Pipeline_VITIS_LOOP_17_1_VITIS_LOOP_18_2'
================================================================
* Date:           Thu Sep  3 12:11:36 2026

* Version:        2023.1 (Build 3854077 on May  4 2023)
* Project:        EKF
* Solution:       solution1 (Vivado IP Flow Target)
* Product family: zynquplus
* Target device:  xczu9eg-ffvb1156-2-e


================================================================
== Performance Estimates
================================================================
+ Timing: 
    * Summary: 
    +--------+----------+----------+------------+
    |  Clock |  Target  | Estimated| Uncertainty|
    +--------+----------+----------+------------+
    |ap_clk  |  10.00 ns|  7.016 ns|     2.70 ns|
    +--------+----------+----------+------------+

+ Latency: 
    * Summary: 
    +---------+---------+----------+----------+-----+-----+---------+
    |  Latency (cycles) |  Latency (absolute) |  Interval | Pipeline|
    |   min   |   max   |    min   |    max   | min | max |   Type  |
    +---------+---------+----------+----------+-----+-----+---------+
    |       64|       64|  0.640 us|  0.640 us|   64|   64|       no|
    +---------+---------+----------+----------+-----+-----+---------+

    + Detail: 
        * Instance: 
        N/A

        * Loop: 
        +-----------------------------------+---------+---------+----------+-----------+-----------+------+----------+
        |                                   |  Latency (cycles) | Iteration|  Initiation Interval  | Trip |          |
        |             Loop Name             |   min   |   max   |  Latency |  achieved |   target  | Count| Pipelined|
        +-----------------------------------+---------+---------+----------+-----------+-----------+------+----------+
        |- VITIS_LOOP_17_1_VITIS_LOOP_18_2  |       62|       62|        28|          1|          1|    36|       yes|
        +-----------------------------------+---------+---------+----------+-----------+-----------+------+----------+



================================================================
== Utilization Estimates
================================================================
* Summary: 
+-----------------+---------+------+--------+--------+-----+
|       Name      | BRAM_18K|  DSP |   FF   |   LUT  | URAM|
+-----------------+---------+------+--------+--------+-----+
|DSP              |        -|     -|       -|       -|    -|
|Expression       |        -|     -|       0|     256|    -|
|FIFO             |        -|     -|       -|       -|    -|
|Instance         |        -|     -|       0|     558|    -|
|Memory           |        -|     -|       -|       -|    -|
|Multiplexer      |        -|     -|       -|      72|    -|
|Register         |        -|     -|    2353|     192|    -|
+-----------------+---------+------+--------+--------+-----+
|Total            |        0|     0|    2353|    1078|    0|
+-----------------+---------+------+--------+--------+-----+
|Available        |     1824|  2520|  548160|  274080|    0|
+-----------------+---------+------+--------+--------+-----+
|Utilization (%)  |        0|     0|      ~0|      ~0|    0|
+-----------------+---------+------+--------+--------+-----+

+ Detail: 
    * Instance: 
    +---------------------+----------------+---------+----+---+----+-----+
    |       Instance      |     Module     | BRAM_18K| DSP| FF| LUT| URAM|
    +---------------------+----------------+---------+----+---+----+-----+
    |mux_6_3_32_1_1_U212  |mux_6_3_32_1_1  |        0|   0|  0|  31|    0|
    |mux_6_3_32_1_1_U213  |mux_6_3_32_1_1  |        0|   0|  0|  31|    0|
    |mux_6_3_32_1_1_U214  |mux_6_3_32_1_1  |        0|   0|  0|  31|    0|
    |mux_6_3_32_1_1_U215  |mux_6_3_32_1_1  |        0|   0|  0|  31|    0|
    |mux_6_3_32_1_1_U216  |mux_6_3_32_1_1  |        0|   0|  0|  31|    0|
    |mux_6_3_32_1_1_U217  |mux_6_3_32_1_1  |        0|   0|  0|  31|    0|
    |mux_6_3_32_1_1_U218  |mux_6_3_32_1_1  |        0|   0|  0|  31|    0|
    |mux_6_3_32_1_1_U219  |mux_6_3_32_1_1  |        0|   0|  0|  31|    0|
    |mux_6_3_32_1_1_U220  |mux_6_3_32_1_1  |        0|   0|  0|  31|    0|
    |mux_6_3_32_1_1_U221  |mux_6_3_32_1_1  |        0|   0|  0|  31|    0|
    |mux_6_3_32_1_1_U222  |mux_6_3_32_1_1  |        0|   0|  0|  31|    0|
    |mux_6_3_32_1_1_U223  |mux_6_3_32_1_1  |        0|   0|  0|  31|    0|
    |mux_6_3_32_1_1_U224  |mux_6_3_32_1_1  |        0|   0|  0|  31|    0|
    |mux_6_3_32_1_1_U225  |mux_6_3_32_1_1  |        0|   0|  0|  31|    0|
    |mux_6_3_32_1_1_U226  |mux_6_3_32_1_1  |        0|   0|  0|  31|    0|
    |mux_6_3_32_1_1_U227  |mux_6_3_32_1_1  |        0|   0|  0|  31|    0|
    |mux_6_3_32_1_1_U228  |mux_6_3_32_1_1  |        0|   0|  0|  31|    0|
    |mux_6_3_32_1_1_U229  |mux_6_3_32_1_1  |        0|   0|  0|  31|    0|
    +---------------------+----------------+---------+----+---+----+-----+
    |Total                |                |        0|   0|  0| 558|    0|
    +---------------------+----------------+---------+----+---+----+-----+

    * DSP: 
    N/A

    * Memory: 
    N/A

    * FIFO: 
    N/A

    * Expression: 
    +--------------------------+----------+----+---+----+------------+------------+
    |       Variable Name      | Operation| DSP| FF| LUT| Bitwidth P0| Bitwidth P1|
    +--------------------------+----------+----+---+----+------------+------------+
    |add_ln17_1_fu_1151_p2     |         +|   0|  0|  13|           6|           1|
    |add_ln17_fu_1177_p2       |         +|   0|  0|  10|           3|           1|
    |add_ln18_fu_1253_p2       |         +|   0|  0|  10|           3|           1|
    |icmp_ln17_fu_1145_p2      |      icmp|   0|  0|  13|           6|           6|
    |icmp_ln18_fu_1163_p2      |      icmp|   0|  0|  10|           3|           3|
    |select_ln17_1_fu_1219_p3  |    select|   0|  0|  32|           1|          32|
    |select_ln17_2_fu_1296_p3  |    select|   0|  0|  32|           1|          32|
    |select_ln17_3_fu_1336_p3  |    select|   0|  0|  32|           1|          32|
    |select_ln17_4_fu_1378_p3  |    select|   0|  0|  32|           1|          32|
    |select_ln17_5_fu_1420_p3  |    select|   0|  0|  32|           1|          32|
    |select_ln17_6_fu_1462_p3  |    select|   0|  0|  32|           1|          32|
    |select_ln17_7_fu_1227_p3  |    select|   0|  0|   3|           1|           3|
    |select_ln17_fu_1169_p3    |    select|   0|  0|   3|           1|           1|
    |ap_enable_pp0             |       xor|   0|  0|   2|           1|           2|
    +--------------------------+----------+----+---+----+------------+------------+
    |Total                     |          |   0|  0| 256|          30|         210|
    +--------------------------+----------+----+---+----+------------+------------+

    * Multiplexer: 
    +----------------------------------------+----+-----------+-----+-----------+
    |                  Name                  | LUT| Input Size| Bits| Total Bits|
    +----------------------------------------+----+-----------+-----+-----------+
    |ap_done_int                             |   9|          2|    1|          2|
    |ap_enable_reg_pp0_iter1                 |   9|          2|    1|          2|
    |ap_sig_allocacmp_i_load                 |   9|          2|    3|          6|
    |ap_sig_allocacmp_indvar_flatten13_load  |   9|          2|    6|         12|
    |ap_sig_allocacmp_j_load                 |   9|          2|    3|          6|
    |i_fu_260                                |   9|          2|    3|          6|
    |indvar_flatten13_fu_264                 |   9|          2|    6|         12|
    |j_fu_256                                |   9|          2|    3|          6|
    +----------------------------------------+----+-----------+-----+-----------+
    |Total                                   |  72|         16|   26|         52|
    +----------------------------------------+----+-----------+-----+-----------+

    * Register: 
    +-----------------------------------+----+----+-----+-----------+
    |                Name               | FF | LUT| Bits| Const Bits|
    +-----------------------------------+----+----+-----+-----------+
    |acc_136_fu_272                     |  32|   0|   32|          0|
    |acc_137_fu_276                     |  32|   0|   32|          0|
    |acc_138_fu_280                     |  32|   0|   32|          0|
    |acc_139_fu_284                     |  32|   0|   32|          0|
    |acc_140_fu_288                     |  32|   0|   32|          0|
    |acc_141_fu_292                     |  32|   0|   32|          0|
    |acc_142_fu_296                     |  32|   0|   32|          0|
    |acc_143_fu_300                     |  32|   0|   32|          0|
    |acc_144_fu_304                     |  32|   0|   32|          0|
    |acc_145_fu_308                     |  32|   0|   32|          0|
    |acc_146_fu_312                     |  32|   0|   32|          0|
    |acc_147_fu_316                     |  32|   0|   32|          0|
    |acc_148_fu_320                     |  32|   0|   32|          0|
    |acc_149_fu_324                     |  32|   0|   32|          0|
    |acc_150_fu_328                     |  32|   0|   32|          0|
    |acc_151_fu_332                     |  32|   0|   32|          0|
    |acc_152_fu_336                     |  32|   0|   32|          0|
    |acc_153_fu_340                     |  32|   0|   32|          0|
    |acc_154_fu_344                     |  32|   0|   32|          0|
    |acc_155_fu_348                     |  32|   0|   32|          0|
    |acc_156_fu_352                     |  32|   0|   32|          0|
    |acc_157_fu_356                     |  32|   0|   32|          0|
    |acc_158_fu_360                     |  32|   0|   32|          0|
    |acc_159_fu_364                     |  32|   0|   32|          0|
    |acc_160_fu_368                     |  32|   0|   32|          0|
    |acc_161_fu_372                     |  32|   0|   32|          0|
    |acc_162_fu_376                     |  32|   0|   32|          0|
    |acc_163_fu_380                     |  32|   0|   32|          0|
    |acc_164_fu_384                     |  32|   0|   32|          0|
    |acc_165_fu_388                     |  32|   0|   32|          0|
    |acc_166_fu_392                     |  32|   0|   32|          0|
    |acc_167_fu_396                     |  32|   0|   32|          0|
    |acc_168_fu_400                     |  32|   0|   32|          0|
    |acc_169_fu_404                     |  32|   0|   32|          0|
    |acc_170_fu_408                     |  32|   0|   32|          0|
    |acc_171_reg_2502                   |  32|   0|   32|          0|
    |acc_6_reg_2422                     |  32|   0|   32|          0|
    |acc_7_reg_2442                     |  32|   0|   32|          0|
    |acc_8_reg_2462                     |  32|   0|   32|          0|
    |acc_9_reg_2482                     |  32|   0|   32|          0|
    |acc_fu_268                         |  32|   0|   32|          0|
    |add_ln17_reg_2384                  |   3|   0|    3|          0|
    |ap_CS_fsm                          |   1|   0|    1|          0|
    |ap_done_reg                        |   1|   0|    1|          0|
    |ap_enable_reg_pp0_iter1            |   1|   0|    1|          0|
    |ap_enable_reg_pp0_iter10           |   1|   0|    1|          0|
    |ap_enable_reg_pp0_iter11           |   1|   0|    1|          0|
    |ap_enable_reg_pp0_iter12           |   1|   0|    1|          0|
    |ap_enable_reg_pp0_iter13           |   1|   0|    1|          0|
    |ap_enable_reg_pp0_iter14           |   1|   0|    1|          0|
    |ap_enable_reg_pp0_iter15           |   1|   0|    1|          0|
    |ap_enable_reg_pp0_iter16           |   1|   0|    1|          0|
    |ap_enable_reg_pp0_iter17           |   1|   0|    1|          0|
    |ap_enable_reg_pp0_iter18           |   1|   0|    1|          0|
    |ap_enable_reg_pp0_iter19           |   1|   0|    1|          0|
    |ap_enable_reg_pp0_iter2            |   1|   0|    1|          0|
    |ap_enable_reg_pp0_iter20           |   1|   0|    1|          0|
    |ap_enable_reg_pp0_iter21           |   1|   0|    1|          0|
    |ap_enable_reg_pp0_iter22           |   1|   0|    1|          0|
    |ap_enable_reg_pp0_iter23           |   1|   0|    1|          0|
    |ap_enable_reg_pp0_iter24           |   1|   0|    1|          0|
    |ap_enable_reg_pp0_iter25           |   1|   0|    1|          0|
    |ap_enable_reg_pp0_iter26           |   1|   0|    1|          0|
    |ap_enable_reg_pp0_iter27           |   1|   0|    1|          0|
    |ap_enable_reg_pp0_iter3            |   1|   0|    1|          0|
    |ap_enable_reg_pp0_iter4            |   1|   0|    1|          0|
    |ap_enable_reg_pp0_iter5            |   1|   0|    1|          0|
    |ap_enable_reg_pp0_iter6            |   1|   0|    1|          0|
    |ap_enable_reg_pp0_iter7            |   1|   0|    1|          0|
    |ap_enable_reg_pp0_iter8            |   1|   0|    1|          0|
    |ap_enable_reg_pp0_iter9            |   1|   0|    1|          0|
    |ap_loop_exit_ready_pp0_iter10_reg  |   1|   0|    1|          0|
    |ap_loop_exit_ready_pp0_iter11_reg  |   1|   0|    1|          0|
    |ap_loop_exit_ready_pp0_iter12_reg  |   1|   0|    1|          0|
    |ap_loop_exit_ready_pp0_iter13_reg  |   1|   0|    1|          0|
    |ap_loop_exit_ready_pp0_iter14_reg  |   1|   0|    1|          0|
    |ap_loop_exit_ready_pp0_iter15_reg  |   1|   0|    1|          0|
    |ap_loop_exit_ready_pp0_iter16_reg  |   1|   0|    1|          0|
    |ap_loop_exit_ready_pp0_iter17_reg  |   1|   0|    1|          0|
    |ap_loop_exit_ready_pp0_iter18_reg  |   1|   0|    1|          0|
    |ap_loop_exit_ready_pp0_iter19_reg  |   1|   0|    1|          0|
    |ap_loop_exit_ready_pp0_iter1_reg   |   1|   0|    1|          0|
    |ap_loop_exit_ready_pp0_iter20_reg  |   1|   0|    1|          0|
    |ap_loop_exit_ready_pp0_iter21_reg  |   1|   0|    1|          0|
    |ap_loop_exit_ready_pp0_iter22_reg  |   1|   0|    1|          0|
    |ap_loop_exit_ready_pp0_iter23_reg  |   1|   0|    1|          0|
    |ap_loop_exit_ready_pp0_iter24_reg  |   1|   0|    1|          0|
    |ap_loop_exit_ready_pp0_iter25_reg  |   1|   0|    1|          0|
    |ap_loop_exit_ready_pp0_iter26_reg  |   1|   0|    1|          0|
    |ap_loop_exit_ready_pp0_iter2_reg   |   1|   0|    1|          0|
    |ap_loop_exit_ready_pp0_iter3_reg   |   1|   0|    1|          0|
    |ap_loop_exit_ready_pp0_iter4_reg   |   1|   0|    1|          0|
    |ap_loop_exit_ready_pp0_iter5_reg   |   1|   0|    1|          0|
    |ap_loop_exit_ready_pp0_iter6_reg   |   1|   0|    1|          0|
    |ap_loop_exit_ready_pp0_iter7_reg   |   1|   0|    1|          0|
    |ap_loop_exit_ready_pp0_iter8_reg   |   1|   0|    1|          0|
    |ap_loop_exit_ready_pp0_iter9_reg   |   1|   0|    1|          0|
    |i_fu_260                           |   3|   0|    3|          0|
    |i_load_reg_2357                    |   3|   0|    3|          0|
    |icmp_ln17_reg_2353                 |   1|   0|    1|          0|
    |icmp_ln18_reg_2366                 |   1|   0|    1|          0|
    |indvar_flatten13_fu_264            |   6|   0|    6|          0|
    |j_fu_256                           |   3|   0|    3|          0|
    |mul_i57_i_1_reg_2427               |  32|   0|   32|          0|
    |mul_i57_i_2_reg_2447               |  32|   0|   32|          0|
    |mul_i57_i_3_reg_2467               |  32|   0|   32|          0|
    |mul_i57_i_4_reg_2487               |  32|   0|   32|          0|
    |mul_i57_i_5_reg_2507               |  32|   0|   32|          0|
    |mul_i57_i_reg_2407                 |  32|   0|   32|          0|
    |select_ln17_1_reg_2393             |  32|   0|   32|          0|
    |select_ln17_2_reg_2412             |  32|   0|   32|          0|
    |select_ln17_3_reg_2432             |  32|   0|   32|          0|
    |select_ln17_4_reg_2452             |  32|   0|   32|          0|
    |select_ln17_5_reg_2472             |  32|   0|   32|          0|
    |select_ln17_6_reg_2492             |  32|   0|   32|          0|
    |select_ln17_7_reg_2398             |   3|   0|    3|          0|
    |select_ln17_reg_2375               |   3|   0|    3|          0|
    |tmp_11_reg_2402                    |  32|   0|   32|          0|
    |tmp_12_reg_2417                    |  32|   0|   32|          0|
    |tmp_13_reg_2437                    |  32|   0|   32|          0|
    |tmp_14_reg_2457                    |  32|   0|   32|          0|
    |tmp_15_reg_2477                    |  32|   0|   32|          0|
    |tmp_16_reg_2497                    |  32|   0|   32|          0|
    |add_ln17_reg_2384                  |  64|  32|    3|          0|
    |i_load_reg_2357                    |  64|  32|    3|          0|
    |icmp_ln17_reg_2353                 |  64|  32|    1|          0|
    |icmp_ln18_reg_2366                 |  64|  32|    1|          0|
    |select_ln17_7_reg_2398             |  64|  32|    3|          0|
    |select_ln17_reg_2375               |  64|  32|    3|          0|
    +-----------------------------------+----+----+-----+-----------+
    |Total                              |2353| 192| 1983|          0|
    +-----------------------------------+----+----+-----+-----------+



================================================================
== Interface
================================================================
* Summary: 
+------------------------------+-----+-----+------------+----------------------------------------------------+--------------+
|           RTL Ports          | Dir | Bits|  Protocol  |                    Source Object                   |    C Type    |
+------------------------------+-----+-----+------------+----------------------------------------------------+--------------+
|ap_clk                        |   in|    1|  ap_ctrl_hs|  ekf_batch_Pipeline_VITIS_LOOP_17_1_VITIS_LOOP_18_2|  return value|
|ap_rst                        |   in|    1|  ap_ctrl_hs|  ekf_batch_Pipeline_VITIS_LOOP_17_1_VITIS_LOOP_18_2|  return value|
|ap_start                      |   in|    1|  ap_ctrl_hs|  ekf_batch_Pipeline_VITIS_LOOP_17_1_VITIS_LOOP_18_2|  return value|
|ap_done                       |  out|    1|  ap_ctrl_hs|  ekf_batch_Pipeline_VITIS_LOOP_17_1_VITIS_LOOP_18_2|  return value|
|ap_idle                       |  out|    1|  ap_ctrl_hs|  ekf_batch_Pipeline_VITIS_LOOP_17_1_VITIS_LOOP_18_2|  return value|
|ap_ready                      |  out|    1|  ap_ctrl_hs|  ekf_batch_Pipeline_VITIS_LOOP_17_1_VITIS_LOOP_18_2|  return value|
|grp_fu_12431_p_din0           |  out|   32|  ap_ctrl_hs|  ekf_batch_Pipeline_VITIS_LOOP_17_1_VITIS_LOOP_18_2|  return value|
|grp_fu_12431_p_din1           |  out|   32|  ap_ctrl_hs|  ekf_batch_Pipeline_VITIS_LOOP_17_1_VITIS_LOOP_18_2|  return value|
|grp_fu_12431_p_opcode         |  out|    2|  ap_ctrl_hs|  ekf_batch_Pipeline_VITIS_LOOP_17_1_VITIS_LOOP_18_2|  return value|
|grp_fu_12431_p_dout0          |   in|   32|  ap_ctrl_hs|  ekf_batch_Pipeline_VITIS_LOOP_17_1_VITIS_LOOP_18_2|  return value|
|grp_fu_12431_p_ce             |  out|    1|  ap_ctrl_hs|  ekf_batch_Pipeline_VITIS_LOOP_17_1_VITIS_LOOP_18_2|  return value|
|grp_fu_19351_p_din0           |  out|   32|  ap_ctrl_hs|  ekf_batch_Pipeline_VITIS_LOOP_17_1_VITIS_LOOP_18_2|  return value|
|grp_fu_19351_p_din1           |  out|   32|  ap_ctrl_hs|  ekf_batch_Pipeline_VITIS_LOOP_17_1_VITIS_LOOP_18_2|  return value|
|grp_fu_19351_p_opcode         |  out|    1|  ap_ctrl_hs|  ekf_batch_Pipeline_VITIS_LOOP_17_1_VITIS_LOOP_18_2|  return value|
|grp_fu_19351_p_dout0          |   in|   32|  ap_ctrl_hs|  ekf_batch_Pipeline_VITIS_LOOP_17_1_VITIS_LOOP_18_2|  return value|
|grp_fu_19351_p_ce             |  out|    1|  ap_ctrl_hs|  ekf_batch_Pipeline_VITIS_LOOP_17_1_VITIS_LOOP_18_2|  return value|
|grp_fu_19355_p_din0           |  out|   32|  ap_ctrl_hs|  ekf_batch_Pipeline_VITIS_LOOP_17_1_VITIS_LOOP_18_2|  return value|
|grp_fu_19355_p_din1           |  out|   32|  ap_ctrl_hs|  ekf_batch_Pipeline_VITIS_LOOP_17_1_VITIS_LOOP_18_2|  return value|
|grp_fu_19355_p_opcode         |  out|    1|  ap_ctrl_hs|  ekf_batch_Pipeline_VITIS_LOOP_17_1_VITIS_LOOP_18_2|  return value|
|grp_fu_19355_p_dout0          |   in|   32|  ap_ctrl_hs|  ekf_batch_Pipeline_VITIS_LOOP_17_1_VITIS_LOOP_18_2|  return value|
|grp_fu_19355_p_ce             |  out|    1|  ap_ctrl_hs|  ekf_batch_Pipeline_VITIS_LOOP_17_1_VITIS_LOOP_18_2|  return value|
|grp_fu_19359_p_din0           |  out|   32|  ap_ctrl_hs|  ekf_batch_Pipeline_VITIS_LOOP_17_1_VITIS_LOOP_18_2|  return value|
|grp_fu_19359_p_din1           |  out|   32|  ap_ctrl_hs|  ekf_batch_Pipeline_VITIS_LOOP_17_1_VITIS_LOOP_18_2|  return value|
|grp_fu_19359_p_opcode         |  out|    1|  ap_ctrl_hs|  ekf_batch_Pipeline_VITIS_LOOP_17_1_VITIS_LOOP_18_2|  return value|
|grp_fu_19359_p_dout0          |   in|   32|  ap_ctrl_hs|  ekf_batch_Pipeline_VITIS_LOOP_17_1_VITIS_LOOP_18_2|  return value|
|grp_fu_19359_p_ce             |  out|    1|  ap_ctrl_hs|  ekf_batch_Pipeline_VITIS_LOOP_17_1_VITIS_LOOP_18_2|  return value|
|grp_fu_19363_p_din0           |  out|   32|  ap_ctrl_hs|  ekf_batch_Pipeline_VITIS_LOOP_17_1_VITIS_LOOP_18_2|  return value|
|grp_fu_19363_p_din1           |  out|   32|  ap_ctrl_hs|  ekf_batch_Pipeline_VITIS_LOOP_17_1_VITIS_LOOP_18_2|  return value|
|grp_fu_19363_p_opcode         |  out|    1|  ap_ctrl_hs|  ekf_batch_Pipeline_VITIS_LOOP_17_1_VITIS_LOOP_18_2|  return value|
|grp_fu_19363_p_dout0          |   in|   32|  ap_ctrl_hs|  ekf_batch_Pipeline_VITIS_LOOP_17_1_VITIS_LOOP_18_2|  return value|
|grp_fu_19363_p_ce             |  out|    1|  ap_ctrl_hs|  ekf_batch_Pipeline_VITIS_LOOP_17_1_VITIS_LOOP_18_2|  return value|
|grp_fu_19367_p_din0           |  out|   32|  ap_ctrl_hs|  ekf_batch_Pipeline_VITIS_LOOP_17_1_VITIS_LOOP_18_2|  return value|
|grp_fu_19367_p_din1           |  out|   32|  ap_ctrl_hs|  ekf_batch_Pipeline_VITIS_LOOP_17_1_VITIS_LOOP_18_2|  return value|
|grp_fu_19367_p_opcode         |  out|    1|  ap_ctrl_hs|  ekf_batch_Pipeline_VITIS_LOOP_17_1_VITIS_LOOP_18_2|  return value|
|grp_fu_19367_p_dout0          |   in|   32|  ap_ctrl_hs|  ekf_batch_Pipeline_VITIS_LOOP_17_1_VITIS_LOOP_18_2|  return value|
|grp_fu_19367_p_ce             |  out|    1|  ap_ctrl_hs|  ekf_batch_Pipeline_VITIS_LOOP_17_1_VITIS_LOOP_18_2|  return value|
|grp_fu_12435_p_din0           |  out|   32|  ap_ctrl_hs|  ekf_batch_Pipeline_VITIS_LOOP_17_1_VITIS_LOOP_18_2|  return value|
|grp_fu_12435_p_din1           |  out|   32|  ap_ctrl_hs|  ekf_batch_Pipeline_VITIS_LOOP_17_1_VITIS_LOOP_18_2|  return value|
|grp_fu_12435_p_dout0          |   in|   32|  ap_ctrl_hs|  ekf_batch_Pipeline_VITIS_LOOP_17_1_VITIS_LOOP_18_2|  return value|
|grp_fu_12435_p_ce             |  out|    1|  ap_ctrl_hs|  ekf_batch_Pipeline_VITIS_LOOP_17_1_VITIS_LOOP_18_2|  return value|
|grp_fu_19371_p_din0           |  out|   32|  ap_ctrl_hs|  ekf_batch_Pipeline_VITIS_LOOP_17_1_VITIS_LOOP_18_2|  return value|
|grp_fu_19371_p_din1           |  out|   32|  ap_ctrl_hs|  ekf_batch_Pipeline_VITIS_LOOP_17_1_VITIS_LOOP_18_2|  return value|
|grp_fu_19371_p_dout0          |   in|   32|  ap_ctrl_hs|  ekf_batch_Pipeline_VITIS_LOOP_17_1_VITIS_LOOP_18_2|  return value|
|grp_fu_19371_p_ce             |  out|    1|  ap_ctrl_hs|  ekf_batch_Pipeline_VITIS_LOOP_17_1_VITIS_LOOP_18_2|  return value|
|grp_fu_19375_p_din0           |  out|   32|  ap_ctrl_hs|  ekf_batch_Pipeline_VITIS_LOOP_17_1_VITIS_LOOP_18_2|  return value|
|grp_fu_19375_p_din1           |  out|   32|  ap_ctrl_hs|  ekf_batch_Pipeline_VITIS_LOOP_17_1_VITIS_LOOP_18_2|  return value|
|grp_fu_19375_p_dout0          |   in|   32|  ap_ctrl_hs|  ekf_batch_Pipeline_VITIS_LOOP_17_1_VITIS_LOOP_18_2|  return value|
|grp_fu_19375_p_ce             |  out|    1|  ap_ctrl_hs|  ekf_batch_Pipeline_VITIS_LOOP_17_1_VITIS_LOOP_18_2|  return value|
|grp_fu_19379_p_din0           |  out|   32|  ap_ctrl_hs|  ekf_batch_Pipeline_VITIS_LOOP_17_1_VITIS_LOOP_18_2|  return value|
|grp_fu_19379_p_din1           |  out|   32|  ap_ctrl_hs|  ekf_batch_Pipeline_VITIS_LOOP_17_1_VITIS_LOOP_18_2|  return value|
|grp_fu_19379_p_dout0          |   in|   32|  ap_ctrl_hs|  ekf_batch_Pipeline_VITIS_LOOP_17_1_VITIS_LOOP_18_2|  return value|
|grp_fu_19379_p_ce             |  out|    1|  ap_ctrl_hs|  ekf_batch_Pipeline_VITIS_LOOP_17_1_VITIS_LOOP_18_2|  return value|
|grp_fu_19383_p_din0           |  out|   32|  ap_ctrl_hs|  ekf_batch_Pipeline_VITIS_LOOP_17_1_VITIS_LOOP_18_2|  return value|
|grp_fu_19383_p_din1           |  out|   32|  ap_ctrl_hs|  ekf_batch_Pipeline_VITIS_LOOP_17_1_VITIS_LOOP_18_2|  return value|
|grp_fu_19383_p_dout0          |   in|   32|  ap_ctrl_hs|  ekf_batch_Pipeline_VITIS_LOOP_17_1_VITIS_LOOP_18_2|  return value|
|grp_fu_19383_p_ce             |  out|    1|  ap_ctrl_hs|  ekf_batch_Pipeline_VITIS_LOOP_17_1_VITIS_LOOP_18_2|  return value|
|grp_fu_19387_p_din0           |  out|   32|  ap_ctrl_hs|  ekf_batch_Pipeline_VITIS_LOOP_17_1_VITIS_LOOP_18_2|  return value|
|grp_fu_19387_p_din1           |  out|   32|  ap_ctrl_hs|  ekf_batch_Pipeline_VITIS_LOOP_17_1_VITIS_LOOP_18_2|  return value|
|grp_fu_19387_p_dout0          |   in|   32|  ap_ctrl_hs|  ekf_batch_Pipeline_VITIS_LOOP_17_1_VITIS_LOOP_18_2|  return value|
|grp_fu_19387_p_ce             |  out|    1|  ap_ctrl_hs|  ekf_batch_Pipeline_VITIS_LOOP_17_1_VITIS_LOOP_18_2|  return value|
|F_reload                      |   in|   32|     ap_none|                                            F_reload|        scalar|
|F_5_reload                    |   in|   32|     ap_none|                                          F_5_reload|        scalar|
|F_10_reload                   |   in|   32|     ap_none|                                         F_10_reload|        scalar|
|F_15_reload                   |   in|   32|     ap_none|                                         F_15_reload|        scalar|
|F_21_reload                   |   in|   32|     ap_none|                                         F_21_reload|        scalar|
|F_27_reload                   |   in|   32|     ap_none|                                         F_27_reload|        scalar|
|F_1_reload                    |   in|   32|     ap_none|                                          F_1_reload|        scalar|
|F_6_reload                    |   in|   32|     ap_none|                                          F_6_reload|        scalar|
|F_11_reload                   |   in|   32|     ap_none|                                         F_11_reload|        scalar|
|F_16_reload                   |   in|   32|     ap_none|                                         F_16_reload|        scalar|
|F_22_reload                   |   in|   32|     ap_none|                                         F_22_reload|        scalar|
|F_28_reload                   |   in|   32|     ap_none|                                         F_28_reload|        scalar|
|F_2_reload                    |   in|   32|     ap_none|                                          F_2_reload|        scalar|
|F_7_reload                    |   in|   32|     ap_none|                                          F_7_reload|        scalar|
|F_12_reload                   |   in|   32|     ap_none|                                         F_12_reload|        scalar|
|F_17_reload                   |   in|   32|     ap_none|                                         F_17_reload|        scalar|
|F_23_reload                   |   in|   32|     ap_none|                                         F_23_reload|        scalar|
|F_29_reload                   |   in|   32|     ap_none|                                         F_29_reload|        scalar|
|F_8_reload                    |   in|   32|     ap_none|                                          F_8_reload|        scalar|
|F_13_reload                   |   in|   32|     ap_none|                                         F_13_reload|        scalar|
|F_18_reload                   |   in|   32|     ap_none|                                         F_18_reload|        scalar|
|F_24_reload                   |   in|   32|     ap_none|                                         F_24_reload|        scalar|
|F_30_reload                   |   in|   32|     ap_none|                                         F_30_reload|        scalar|
|F_3_reload                    |   in|   32|     ap_none|                                          F_3_reload|        scalar|
|F_14_reload                   |   in|   32|     ap_none|                                         F_14_reload|        scalar|
|F_19_reload                   |   in|   32|     ap_none|                                         F_19_reload|        scalar|
|F_25_reload                   |   in|   32|     ap_none|                                         F_25_reload|        scalar|
|F_31_reload                   |   in|   32|     ap_none|                                         F_31_reload|        scalar|
|F_4_reload                    |   in|   32|     ap_none|                                          F_4_reload|        scalar|
|F_9_reload                    |   in|   32|     ap_none|                                          F_9_reload|        scalar|
|F_20_reload                   |   in|   32|     ap_none|                                         F_20_reload|        scalar|
|F_26_reload                   |   in|   32|     ap_none|                                         F_26_reload|        scalar|
|F_32_reload                   |   in|   32|     ap_none|                                         F_32_reload|        scalar|
|P_18_reload                   |   in|   32|     ap_none|                                         P_18_reload|        scalar|
|P_19_reload                   |   in|   32|     ap_none|                                         P_19_reload|        scalar|
|P_20_reload                   |   in|   32|     ap_none|                                         P_20_reload|        scalar|
|P_21_reload                   |   in|   32|     ap_none|                                         P_21_reload|        scalar|
|P_22_reload                   |   in|   32|     ap_none|                                         P_22_reload|        scalar|
|P_23_reload                   |   in|   32|     ap_none|                                         P_23_reload|        scalar|
|P_24_reload                   |   in|   32|     ap_none|                                         P_24_reload|        scalar|
|P_25_reload                   |   in|   32|     ap_none|                                         P_25_reload|        scalar|
|P_26_reload                   |   in|   32|     ap_none|                                         P_26_reload|        scalar|
|P_27_reload                   |   in|   32|     ap_none|                                         P_27_reload|        scalar|
|P_28_reload                   |   in|   32|     ap_none|                                         P_28_reload|        scalar|
|P_29_reload                   |   in|   32|     ap_none|                                         P_29_reload|        scalar|
|P_30_reload                   |   in|   32|     ap_none|                                         P_30_reload|        scalar|
|P_31_reload                   |   in|   32|     ap_none|                                         P_31_reload|        scalar|
|P_32_reload                   |   in|   32|     ap_none|                                         P_32_reload|        scalar|
|P_33_reload                   |   in|   32|     ap_none|                                         P_33_reload|        scalar|
|P_34_reload                   |   in|   32|     ap_none|                                         P_34_reload|        scalar|
|P_35_reload                   |   in|   32|     ap_none|                                         P_35_reload|        scalar|
|P_17_reload                   |   in|   32|     ap_none|                                         P_17_reload|        scalar|
|P_16_reload                   |   in|   32|     ap_none|                                         P_16_reload|        scalar|
|P_15_reload                   |   in|   32|     ap_none|                                         P_15_reload|        scalar|
|P_14_reload                   |   in|   32|     ap_none|                                         P_14_reload|        scalar|
|P_13_reload                   |   in|   32|     ap_none|                                         P_13_reload|        scalar|
|P_12_reload                   |   in|   32|     ap_none|                                         P_12_reload|        scalar|
|P_11_reload                   |   in|   32|     ap_none|                                         P_11_reload|        scalar|
|P_10_reload                   |   in|   32|     ap_none|                                         P_10_reload|        scalar|
|P_9_reload                    |   in|   32|     ap_none|                                          P_9_reload|        scalar|
|P_8_reload                    |   in|   32|     ap_none|                                          P_8_reload|        scalar|
|P_7_reload                    |   in|   32|     ap_none|                                          P_7_reload|        scalar|
|P_6_reload                    |   in|   32|     ap_none|                                          P_6_reload|        scalar|
|P_5_reload                    |   in|   32|     ap_none|                                          P_5_reload|        scalar|
|P_4_reload                    |   in|   32|     ap_none|                                          P_4_reload|        scalar|
|P_3_reload                    |   in|   32|     ap_none|                                          P_3_reload|        scalar|
|P_2_reload                    |   in|   32|     ap_none|                                          P_2_reload|        scalar|
|P_1_reload                    |   in|   32|     ap_none|                                          P_1_reload|        scalar|
|P_reload                      |   in|   32|     ap_none|                                            P_reload|        scalar|
|mux_case_59772781_out         |  out|   32|      ap_vld|                               mux_case_59772781_out|       pointer|
|mux_case_59772781_out_ap_vld  |  out|    1|      ap_vld|                               mux_case_59772781_out|       pointer|
|mux_case_49752776_out         |  out|   32|      ap_vld|                               mux_case_49752776_out|       pointer|
|mux_case_49752776_out_ap_vld  |  out|    1|      ap_vld|                               mux_case_49752776_out|       pointer|
|mux_case_39732771_out         |  out|   32|      ap_vld|                               mux_case_39732771_out|       pointer|
|mux_case_39732771_out_ap_vld  |  out|    1|      ap_vld|                               mux_case_39732771_out|       pointer|
|mux_case_29712766_out         |  out|   32|      ap_vld|                               mux_case_29712766_out|       pointer|
|mux_case_29712766_out_ap_vld  |  out|    1|      ap_vld|                               mux_case_29712766_out|       pointer|
|mux_case_19692761_out         |  out|   32|      ap_vld|                               mux_case_19692761_out|       pointer|
|mux_case_19692761_out_ap_vld  |  out|    1|      ap_vld|                               mux_case_19692761_out|       pointer|
|mux_case_09672755_out         |  out|   32|      ap_vld|                               mux_case_09672755_out|       pointer|
|mux_case_09672755_out_ap_vld  |  out|    1|      ap_vld|                               mux_case_09672755_out|       pointer|
|mux_case_59652751_out         |  out|   32|      ap_vld|                               mux_case_59652751_out|       pointer|
|mux_case_59652751_out_ap_vld  |  out|    1|      ap_vld|                               mux_case_59652751_out|       pointer|
|mux_case_49632746_out         |  out|   32|      ap_vld|                               mux_case_49632746_out|       pointer|
|mux_case_49632746_out_ap_vld  |  out|    1|      ap_vld|                               mux_case_49632746_out|       pointer|
|mux_case_39612741_out         |  out|   32|      ap_vld|                               mux_case_39612741_out|       pointer|
|mux_case_39612741_out_ap_vld  |  out|    1|      ap_vld|                               mux_case_39612741_out|       pointer|
|mux_case_29592736_out         |  out|   32|      ap_vld|                               mux_case_29592736_out|       pointer|
|mux_case_29592736_out_ap_vld  |  out|    1|      ap_vld|                               mux_case_29592736_out|       pointer|
|mux_case_19572731_out         |  out|   32|      ap_vld|                               mux_case_19572731_out|       pointer|
|mux_case_19572731_out_ap_vld  |  out|    1|      ap_vld|                               mux_case_19572731_out|       pointer|
|mux_case_09552725_out         |  out|   32|      ap_vld|                               mux_case_09552725_out|       pointer|
|mux_case_09552725_out_ap_vld  |  out|    1|      ap_vld|                               mux_case_09552725_out|       pointer|
|mux_case_59532721_out         |  out|   32|      ap_vld|                               mux_case_59532721_out|       pointer|
|mux_case_59532721_out_ap_vld  |  out|    1|      ap_vld|                               mux_case_59532721_out|       pointer|
|mux_case_49512716_out         |  out|   32|      ap_vld|                               mux_case_49512716_out|       pointer|
|mux_case_49512716_out_ap_vld  |  out|    1|      ap_vld|                               mux_case_49512716_out|       pointer|
|mux_case_39492711_out         |  out|   32|      ap_vld|                               mux_case_39492711_out|       pointer|
|mux_case_39492711_out_ap_vld  |  out|    1|      ap_vld|                               mux_case_39492711_out|       pointer|
|mux_case_29472706_out         |  out|   32|      ap_vld|                               mux_case_29472706_out|       pointer|
|mux_case_29472706_out_ap_vld  |  out|    1|      ap_vld|                               mux_case_29472706_out|       pointer|
|mux_case_19452701_out         |  out|   32|      ap_vld|                               mux_case_19452701_out|       pointer|
|mux_case_19452701_out_ap_vld  |  out|    1|      ap_vld|                               mux_case_19452701_out|       pointer|
|mux_case_09432695_out         |  out|   32|      ap_vld|                               mux_case_09432695_out|       pointer|
|mux_case_09432695_out_ap_vld  |  out|    1|      ap_vld|                               mux_case_09432695_out|       pointer|
|mux_case_59412691_out         |  out|   32|      ap_vld|                               mux_case_59412691_out|       pointer|
|mux_case_59412691_out_ap_vld  |  out|    1|      ap_vld|                               mux_case_59412691_out|       pointer|
|mux_case_49392686_out         |  out|   32|      ap_vld|                               mux_case_49392686_out|       pointer|
|mux_case_49392686_out_ap_vld  |  out|    1|      ap_vld|                               mux_case_49392686_out|       pointer|
|mux_case_39372681_out         |  out|   32|      ap_vld|                               mux_case_39372681_out|       pointer|
|mux_case_39372681_out_ap_vld  |  out|    1|      ap_vld|                               mux_case_39372681_out|       pointer|
|mux_case_29352676_out         |  out|   32|      ap_vld|                               mux_case_29352676_out|       pointer|
|mux_case_29352676_out_ap_vld  |  out|    1|      ap_vld|                               mux_case_29352676_out|       pointer|
|mux_case_19332671_out         |  out|   32|      ap_vld|                               mux_case_19332671_out|       pointer|
|mux_case_19332671_out_ap_vld  |  out|    1|      ap_vld|                               mux_case_19332671_out|       pointer|
|mux_case_09312665_out         |  out|   32|      ap_vld|                               mux_case_09312665_out|       pointer|
|mux_case_09312665_out_ap_vld  |  out|    1|      ap_vld|                               mux_case_09312665_out|       pointer|
|mux_case_59292661_out         |  out|   32|      ap_vld|                               mux_case_59292661_out|       pointer|
|mux_case_59292661_out_ap_vld  |  out|    1|      ap_vld|                               mux_case_59292661_out|       pointer|
|mux_case_49272656_out         |  out|   32|      ap_vld|                               mux_case_49272656_out|       pointer|
|mux_case_49272656_out_ap_vld  |  out|    1|      ap_vld|                               mux_case_49272656_out|       pointer|
|mux_case_39252651_out         |  out|   32|      ap_vld|                               mux_case_39252651_out|       pointer|
|mux_case_39252651_out_ap_vld  |  out|    1|      ap_vld|                               mux_case_39252651_out|       pointer|
|mux_case_29232646_out         |  out|   32|      ap_vld|                               mux_case_29232646_out|       pointer|
|mux_case_29232646_out_ap_vld  |  out|    1|      ap_vld|                               mux_case_29232646_out|       pointer|
|mux_case_19212641_out         |  out|   32|      ap_vld|                               mux_case_19212641_out|       pointer|
|mux_case_19212641_out_ap_vld  |  out|    1|      ap_vld|                               mux_case_19212641_out|       pointer|
|mux_case_09192635_out         |  out|   32|      ap_vld|                               mux_case_09192635_out|       pointer|
|mux_case_09192635_out_ap_vld  |  out|    1|      ap_vld|                               mux_case_09192635_out|       pointer|
|mux_case_59172631_out         |  out|   32|      ap_vld|                               mux_case_59172631_out|       pointer|
|mux_case_59172631_out_ap_vld  |  out|    1|      ap_vld|                               mux_case_59172631_out|       pointer|
|mux_case_49152626_out         |  out|   32|      ap_vld|                               mux_case_49152626_out|       pointer|
|mux_case_49152626_out_ap_vld  |  out|    1|      ap_vld|                               mux_case_49152626_out|       pointer|
|mux_case_39132621_out         |  out|   32|      ap_vld|                               mux_case_39132621_out|       pointer|
|mux_case_39132621_out_ap_vld  |  out|    1|      ap_vld|                               mux_case_39132621_out|       pointer|
|mux_case_29112616_out         |  out|   32|      ap_vld|                               mux_case_29112616_out|       pointer|
|mux_case_29112616_out_ap_vld  |  out|    1|      ap_vld|                               mux_case_29112616_out|       pointer|
|mux_case_19092611_out         |  out|   32|      ap_vld|                               mux_case_19092611_out|       pointer|
|mux_case_19092611_out_ap_vld  |  out|    1|      ap_vld|                               mux_case_19092611_out|       pointer|
|mux_case_09072605_out         |  out|   32|      ap_vld|                               mux_case_09072605_out|       pointer|
|mux_case_09072605_out_ap_vld  |  out|    1|      ap_vld|                               mux_case_09072605_out|       pointer|
+------------------------------+-----+-----+------------+----------------------------------------------------+--------------+

