

================================================================
== Vitis HLS Report for 'ekf_batch_Pipeline_VITIS_LOOP_117_8'
================================================================
* Date:           Thu Sep  3 12:11:39 2026

* Version:        2023.1 (Build 3854077 on May  4 2023)
* Project:        EKF
* Solution:       solution1 (Vivado IP Flow Target)
* Product family: zynquplus
* Target device:  xczu9eg-ffvb1156-2-e


================================================================
== Performance Estimates
================================================================
+ Timing: 
    * Summary: 
    +--------+----------+----------+------------+
    |  Clock |  Target  | Estimated| Uncertainty|
    +--------+----------+----------+------------+
    |ap_clk  |  10.00 ns|  7.060 ns|     2.70 ns|
    +--------+----------+----------+------------+

+ Latency: 
    * Summary: 
    +---------+---------+----------+----------+-----+-----+---------+
    |  Latency (cycles) |  Latency (absolute) |  Interval | Pipeline|
    |   min   |   max   |    min   |    max   | min | max |   Type  |
    +---------+---------+----------+----------+-----+-----+---------+
    |       17|       17|  0.170 us|  0.170 us|   17|   17|       no|
    +---------+---------+----------+----------+-----+-----+---------+

    + Detail: 
        * Instance: 
        N/A

        * Loop: 
        +--------------------+---------+---------+----------+-----------+-----------+------+----------+
        |                    |  Latency (cycles) | Iteration|  Initiation Interval  | Trip |          |
        |      Loop Name     |   min   |   max   |  Latency |  achieved |   target  | Count| Pipelined|
        +--------------------+---------+---------+----------+-----------+-----------+------+----------+
        |- VITIS_LOOP_117_8  |       15|       15|        11|          1|          1|     6|       yes|
        +--------------------+---------+---------+----------+-----------+-----------+------+----------+



================================================================
== Utilization Estimates
================================================================
* Summary: 
+-----------------+---------+------+--------+--------+-----+
|       Name      | BRAM_18K|  DSP |   FF   |   LUT  | URAM|
+-----------------+---------+------+--------+--------+-----+
|DSP              |        -|     -|       -|       -|    -|
|Expression       |        -|     -|       0|      24|    -|
|FIFO             |        -|     -|       -|       -|    -|
|Instance         |        -|     -|       0|     217|    -|
|Memory           |        -|     -|       -|       -|    -|
|Multiplexer      |        -|     -|       -|     360|    -|
|Register         |        -|     -|    1564|      64|    -|
+-----------------+---------+------+--------+--------+-----+
|Total            |        0|     0|    1564|     665|    0|
+-----------------+---------+------+--------+--------+-----+
|Available        |     1824|  2520|  548160|  274080|    0|
+-----------------+---------+------+--------+--------+-----+
|Utilization (%)  |        0|     0|      ~0|      ~0|    0|
+-----------------+---------+------+--------+--------+-----+

+ Detail: 
    * Instance: 
    +----------------------+----------------+---------+----+---+----+-----+
    |       Instance       |     Module     | BRAM_18K| DSP| FF| LUT| URAM|
    +----------------------+----------------+---------+----+---+----+-----+
    |mux_6_3_32_1_1_U1247  |mux_6_3_32_1_1  |        0|   0|  0|  31|    0|
    |mux_6_3_32_1_1_U1248  |mux_6_3_32_1_1  |        0|   0|  0|  31|    0|
    |mux_6_3_32_1_1_U1249  |mux_6_3_32_1_1  |        0|   0|  0|  31|    0|
    |mux_6_3_32_1_1_U1250  |mux_6_3_32_1_1  |        0|   0|  0|  31|    0|
    |mux_6_3_32_1_1_U1251  |mux_6_3_32_1_1  |        0|   0|  0|  31|    0|
    |mux_6_3_32_1_1_U1252  |mux_6_3_32_1_1  |        0|   0|  0|  31|    0|
    |mux_6_3_32_1_1_U1253  |mux_6_3_32_1_1  |        0|   0|  0|  31|    0|
    +----------------------+----------------+---------+----+---+----+-----+
    |Total                 |                |        0|   0|  0| 217|    0|
    +----------------------+----------------+---------+----+---+----+-----+

    * DSP: 
    N/A

    * Memory: 
    N/A

    * FIFO: 
    N/A

    * Expression: 
    +-----------------------+----------+----+---+----+------------+------------+
    |     Variable Name     | Operation| DSP| FF| LUT| Bitwidth P0| Bitwidth P1|
    +-----------------------+----------+----+---+----+------------+------------+
    |add_ln117_fu_1386_p2   |         +|   0|  0|  10|           3|           1|
    |ap_condition_1594      |       and|   0|  0|   2|           1|           1|
    |icmp_ln117_fu_1380_p2  |      icmp|   0|  0|  10|           3|           3|
    |ap_enable_pp0          |       xor|   0|  0|   2|           1|           2|
    +-----------------------+----------+----+---+----+------------+------------+
    |Total                  |          |   0|  0|  24|           8|           7|
    +-----------------------+----------+----+---+----+------------+------------+

    * Multiplexer: 
    +-------------------------+----+-----------+-----+-----------+
    |           Name          | LUT| Input Size| Bits| Total Bits|
    +-------------------------+----+-----------+-----+-----------+
    |P_38_fu_274              |   9|          2|   32|         64|
    |P_39_fu_278              |   9|          2|   32|         64|
    |P_40_fu_282              |   9|          2|   32|         64|
    |P_41_fu_286              |   9|          2|   32|         64|
    |P_42_fu_290              |   9|          2|   32|         64|
    |P_43_fu_294              |   9|          2|   32|         64|
    |P_44_fu_298              |   9|          2|   32|         64|
    |P_45_fu_302              |   9|          2|   32|         64|
    |P_46_fu_306              |   9|          2|   32|         64|
    |P_47_fu_310              |   9|          2|   32|         64|
    |P_48_fu_314              |   9|          2|   32|         64|
    |P_49_fu_318              |   9|          2|   32|         64|
    |P_50_fu_322              |   9|          2|   32|         64|
    |P_51_fu_326              |   9|          2|   32|         64|
    |P_52_fu_330              |   9|          2|   32|         64|
    |P_53_fu_334              |   9|          2|   32|         64|
    |P_54_fu_338              |   9|          2|   32|         64|
    |P_55_fu_342              |   9|          2|   32|         64|
    |P_56_fu_346              |   9|          2|   32|         64|
    |P_57_fu_350              |   9|          2|   32|         64|
    |P_58_fu_354              |   9|          2|   32|         64|
    |P_59_fu_358              |   9|          2|   32|         64|
    |P_60_fu_362              |   9|          2|   32|         64|
    |P_61_fu_366              |   9|          2|   32|         64|
    |P_62_fu_370              |   9|          2|   32|         64|
    |P_63_fu_374              |   9|          2|   32|         64|
    |P_64_fu_378              |   9|          2|   32|         64|
    |P_65_fu_382              |   9|          2|   32|         64|
    |P_66_fu_386              |   9|          2|   32|         64|
    |P_67_fu_390              |   9|          2|   32|         64|
    |P_68_fu_394              |   9|          2|   32|         64|
    |P_69_fu_398              |   9|          2|   32|         64|
    |P_70_fu_402              |   9|          2|   32|         64|
    |P_71_fu_406              |   9|          2|   32|         64|
    |P_72_fu_410              |   9|          2|   32|         64|
    |P_fu_270                 |   9|          2|   32|         64|
    |ap_done_int              |   9|          2|    1|          2|
    |ap_enable_reg_pp0_iter1  |   9|          2|    1|          2|
    |ap_sig_allocacmp_i_12    |   9|          2|    3|          6|
    |i_fu_266                 |   9|          2|    3|          6|
    +-------------------------+----+-----------+-----+-----------+
    |Total                    | 360|         80| 1160|       2320|
    +-------------------------+----+-----------+-----+-----------+

    * Register: 
    +----------------------------------+----+----+-----+-----------+
    |               Name               | FF | LUT| Bits| Const Bits|
    +----------------------------------+----+----+-----+-----------+
    |P_38_fu_274                       |  32|   0|   32|          0|
    |P_39_fu_278                       |  32|   0|   32|          0|
    |P_40_fu_282                       |  32|   0|   32|          0|
    |P_41_fu_286                       |  32|   0|   32|          0|
    |P_42_fu_290                       |  32|   0|   32|          0|
    |P_43_fu_294                       |  32|   0|   32|          0|
    |P_44_fu_298                       |  32|   0|   32|          0|
    |P_45_fu_302                       |  32|   0|   32|          0|
    |P_46_fu_306                       |  32|   0|   32|          0|
    |P_47_fu_310                       |  32|   0|   32|          0|
    |P_48_fu_314                       |  32|   0|   32|          0|
    |P_49_fu_318                       |  32|   0|   32|          0|
    |P_50_fu_322                       |  32|   0|   32|          0|
    |P_51_fu_326                       |  32|   0|   32|          0|
    |P_52_fu_330                       |  32|   0|   32|          0|
    |P_53_fu_334                       |  32|   0|   32|          0|
    |P_54_fu_338                       |  32|   0|   32|          0|
    |P_55_fu_342                       |  32|   0|   32|          0|
    |P_56_fu_346                       |  32|   0|   32|          0|
    |P_57_fu_350                       |  32|   0|   32|          0|
    |P_58_fu_354                       |  32|   0|   32|          0|
    |P_59_fu_358                       |  32|   0|   32|          0|
    |P_60_fu_362                       |  32|   0|   32|          0|
    |P_61_fu_366                       |  32|   0|   32|          0|
    |P_62_fu_370                       |  32|   0|   32|          0|
    |P_63_fu_374                       |  32|   0|   32|          0|
    |P_64_fu_378                       |  32|   0|   32|          0|
    |P_65_fu_382                       |  32|   0|   32|          0|
    |P_66_fu_386                       |  32|   0|   32|          0|
    |P_67_fu_390                       |  32|   0|   32|          0|
    |P_68_fu_394                       |  32|   0|   32|          0|
    |P_69_fu_398                       |  32|   0|   32|          0|
    |P_70_fu_402                       |  32|   0|   32|          0|
    |P_71_fu_406                       |  32|   0|   32|          0|
    |P_72_fu_410                       |  32|   0|   32|          0|
    |P_fu_270                          |  32|   0|   32|          0|
    |ap_CS_fsm                         |   1|   0|    1|          0|
    |ap_done_reg                       |   1|   0|    1|          0|
    |ap_enable_reg_pp0_iter1           |   1|   0|    1|          0|
    |ap_enable_reg_pp0_iter10          |   1|   0|    1|          0|
    |ap_enable_reg_pp0_iter2           |   1|   0|    1|          0|
    |ap_enable_reg_pp0_iter3           |   1|   0|    1|          0|
    |ap_enable_reg_pp0_iter4           |   1|   0|    1|          0|
    |ap_enable_reg_pp0_iter5           |   1|   0|    1|          0|
    |ap_enable_reg_pp0_iter6           |   1|   0|    1|          0|
    |ap_enable_reg_pp0_iter7           |   1|   0|    1|          0|
    |ap_enable_reg_pp0_iter8           |   1|   0|    1|          0|
    |ap_enable_reg_pp0_iter9           |   1|   0|    1|          0|
    |ap_loop_exit_ready_pp0_iter1_reg  |   1|   0|    1|          0|
    |ap_loop_exit_ready_pp0_iter2_reg  |   1|   0|    1|          0|
    |ap_loop_exit_ready_pp0_iter3_reg  |   1|   0|    1|          0|
    |ap_loop_exit_ready_pp0_iter4_reg  |   1|   0|    1|          0|
    |ap_loop_exit_ready_pp0_iter5_reg  |   1|   0|    1|          0|
    |ap_loop_exit_ready_pp0_iter6_reg  |   1|   0|    1|          0|
    |ap_loop_exit_ready_pp0_iter7_reg  |   1|   0|    1|          0|
    |ap_loop_exit_ready_pp0_iter8_reg  |   1|   0|    1|          0|
    |ap_loop_exit_ready_pp0_iter9_reg  |   1|   0|    1|          0|
    |i_12_reg_2285                     |   3|   0|    3|          0|
    |i_fu_266                          |   3|   0|    3|          0|
    |icmp_ln117_reg_2295               |   1|   0|    1|          0|
    |mul102_i_reg_2304                 |  32|   0|   32|          0|
    |mul105_i_1_reg_2319               |  32|   0|   32|          0|
    |mul105_i_2_reg_2324               |  32|   0|   32|          0|
    |mul105_i_3_reg_2329               |  32|   0|   32|          0|
    |mul105_i_4_reg_2334               |  32|   0|   32|          0|
    |mul105_i_5_reg_2339               |  32|   0|   32|          0|
    |mul105_i_reg_2314                 |  32|   0|   32|          0|
    |tmp_s_reg_2299                    |  32|   0|   32|          0|
    |i_12_reg_2285                     |  64|  32|    3|          0|
    |icmp_ln117_reg_2295               |  64|  32|    1|          0|
    +----------------------------------+----+----+-----+-----------+
    |Total                             |1564|  64| 1440|          0|
    +----------------------------------+----+----+-----+-----------+



================================================================
== Interface
================================================================
* Summary: 
+---------------------------+-----+-----+------------+-------------------------------------+--------------+
|         RTL Ports         | Dir | Bits|  Protocol  |            Source Object            |    C Type    |
+---------------------------+-----+-----+------------+-------------------------------------+--------------+
|ap_clk                     |   in|    1|  ap_ctrl_hs|  ekf_batch_Pipeline_VITIS_LOOP_117_8|  return value|
|ap_rst                     |   in|    1|  ap_ctrl_hs|  ekf_batch_Pipeline_VITIS_LOOP_117_8|  return value|
|ap_start                   |   in|    1|  ap_ctrl_hs|  ekf_batch_Pipeline_VITIS_LOOP_117_8|  return value|
|ap_done                    |  out|    1|  ap_ctrl_hs|  ekf_batch_Pipeline_VITIS_LOOP_117_8|  return value|
|ap_idle                    |  out|    1|  ap_ctrl_hs|  ekf_batch_Pipeline_VITIS_LOOP_117_8|  return value|
|ap_ready                   |  out|    1|  ap_ctrl_hs|  ekf_batch_Pipeline_VITIS_LOOP_117_8|  return value|
|grp_fu_12431_p_din0        |  out|   32|  ap_ctrl_hs|  ekf_batch_Pipeline_VITIS_LOOP_117_8|  return value|
|grp_fu_12431_p_din1        |  out|   32|  ap_ctrl_hs|  ekf_batch_Pipeline_VITIS_LOOP_117_8|  return value|
|grp_fu_12431_p_opcode      |  out|    2|  ap_ctrl_hs|  ekf_batch_Pipeline_VITIS_LOOP_117_8|  return value|
|grp_fu_12431_p_dout0       |   in|   32|  ap_ctrl_hs|  ekf_batch_Pipeline_VITIS_LOOP_117_8|  return value|
|grp_fu_12431_p_ce          |  out|    1|  ap_ctrl_hs|  ekf_batch_Pipeline_VITIS_LOOP_117_8|  return value|
|grp_fu_19351_p_din0        |  out|   32|  ap_ctrl_hs|  ekf_batch_Pipeline_VITIS_LOOP_117_8|  return value|
|grp_fu_19351_p_din1        |  out|   32|  ap_ctrl_hs|  ekf_batch_Pipeline_VITIS_LOOP_117_8|  return value|
|grp_fu_19351_p_opcode      |  out|    1|  ap_ctrl_hs|  ekf_batch_Pipeline_VITIS_LOOP_117_8|  return value|
|grp_fu_19351_p_dout0       |   in|   32|  ap_ctrl_hs|  ekf_batch_Pipeline_VITIS_LOOP_117_8|  return value|
|grp_fu_19351_p_ce          |  out|    1|  ap_ctrl_hs|  ekf_batch_Pipeline_VITIS_LOOP_117_8|  return value|
|grp_fu_19355_p_din0        |  out|   32|  ap_ctrl_hs|  ekf_batch_Pipeline_VITIS_LOOP_117_8|  return value|
|grp_fu_19355_p_din1        |  out|   32|  ap_ctrl_hs|  ekf_batch_Pipeline_VITIS_LOOP_117_8|  return value|
|grp_fu_19355_p_opcode      |  out|    1|  ap_ctrl_hs|  ekf_batch_Pipeline_VITIS_LOOP_117_8|  return value|
|grp_fu_19355_p_dout0       |   in|   32|  ap_ctrl_hs|  ekf_batch_Pipeline_VITIS_LOOP_117_8|  return value|
|grp_fu_19355_p_ce          |  out|    1|  ap_ctrl_hs|  ekf_batch_Pipeline_VITIS_LOOP_117_8|  return value|
|grp_fu_19359_p_din0        |  out|   32|  ap_ctrl_hs|  ekf_batch_Pipeline_VITIS_LOOP_117_8|  return value|
|grp_fu_19359_p_din1        |  out|   32|  ap_ctrl_hs|  ekf_batch_Pipeline_VITIS_LOOP_117_8|  return value|
|grp_fu_19359_p_opcode      |  out|    1|  ap_ctrl_hs|  ekf_batch_Pipeline_VITIS_LOOP_117_8|  return value|
|grp_fu_19359_p_dout0       |   in|   32|  ap_ctrl_hs|  ekf_batch_Pipeline_VITIS_LOOP_117_8|  return value|
|grp_fu_19359_p_ce          |  out|    1|  ap_ctrl_hs|  ekf_batch_Pipeline_VITIS_LOOP_117_8|  return value|
|grp_fu_19363_p_din0        |  out|   32|  ap_ctrl_hs|  ekf_batch_Pipeline_VITIS_LOOP_117_8|  return value|
|grp_fu_19363_p_din1        |  out|   32|  ap_ctrl_hs|  ekf_batch_Pipeline_VITIS_LOOP_117_8|  return value|
|grp_fu_19363_p_opcode      |  out|    1|  ap_ctrl_hs|  ekf_batch_Pipeline_VITIS_LOOP_117_8|  return value|
|grp_fu_19363_p_dout0       |   in|   32|  ap_ctrl_hs|  ekf_batch_Pipeline_VITIS_LOOP_117_8|  return value|
|grp_fu_19363_p_ce          |  out|    1|  ap_ctrl_hs|  ekf_batch_Pipeline_VITIS_LOOP_117_8|  return value|
|grp_fu_19367_p_din0        |  out|   32|  ap_ctrl_hs|  ekf_batch_Pipeline_VITIS_LOOP_117_8|  return value|
|grp_fu_19367_p_din1        |  out|   32|  ap_ctrl_hs|  ekf_batch_Pipeline_VITIS_LOOP_117_8|  return value|
|grp_fu_19367_p_opcode      |  out|    1|  ap_ctrl_hs|  ekf_batch_Pipeline_VITIS_LOOP_117_8|  return value|
|grp_fu_19367_p_dout0       |   in|   32|  ap_ctrl_hs|  ekf_batch_Pipeline_VITIS_LOOP_117_8|  return value|
|grp_fu_19367_p_ce          |  out|    1|  ap_ctrl_hs|  ekf_batch_Pipeline_VITIS_LOOP_117_8|  return value|
|grp_fu_12435_p_din0        |  out|   32|  ap_ctrl_hs|  ekf_batch_Pipeline_VITIS_LOOP_117_8|  return value|
|grp_fu_12435_p_din1        |  out|   32|  ap_ctrl_hs|  ekf_batch_Pipeline_VITIS_LOOP_117_8|  return value|
|grp_fu_12435_p_dout0       |   in|   32|  ap_ctrl_hs|  ekf_batch_Pipeline_VITIS_LOOP_117_8|  return value|
|grp_fu_12435_p_ce          |  out|    1|  ap_ctrl_hs|  ekf_batch_Pipeline_VITIS_LOOP_117_8|  return value|
|grp_fu_19371_p_din0        |  out|   32|  ap_ctrl_hs|  ekf_batch_Pipeline_VITIS_LOOP_117_8|  return value|
|grp_fu_19371_p_din1        |  out|   32|  ap_ctrl_hs|  ekf_batch_Pipeline_VITIS_LOOP_117_8|  return value|
|grp_fu_19371_p_dout0       |   in|   32|  ap_ctrl_hs|  ekf_batch_Pipeline_VITIS_LOOP_117_8|  return value|
|grp_fu_19371_p_ce          |  out|    1|  ap_ctrl_hs|  ekf_batch_Pipeline_VITIS_LOOP_117_8|  return value|
|grp_fu_19375_p_din0        |  out|   32|  ap_ctrl_hs|  ekf_batch_Pipeline_VITIS_LOOP_117_8|  return value|
|grp_fu_19375_p_din1        |  out|   32|  ap_ctrl_hs|  ekf_batch_Pipeline_VITIS_LOOP_117_8|  return value|
|grp_fu_19375_p_dout0       |   in|   32|  ap_ctrl_hs|  ekf_batch_Pipeline_VITIS_LOOP_117_8|  return value|
|grp_fu_19375_p_ce          |  out|    1|  ap_ctrl_hs|  ekf_batch_Pipeline_VITIS_LOOP_117_8|  return value|
|grp_fu_19379_p_din0        |  out|   32|  ap_ctrl_hs|  ekf_batch_Pipeline_VITIS_LOOP_117_8|  return value|
|grp_fu_19379_p_din1        |  out|   32|  ap_ctrl_hs|  ekf_batch_Pipeline_VITIS_LOOP_117_8|  return value|
|grp_fu_19379_p_dout0       |   in|   32|  ap_ctrl_hs|  ekf_batch_Pipeline_VITIS_LOOP_117_8|  return value|
|grp_fu_19379_p_ce          |  out|    1|  ap_ctrl_hs|  ekf_batch_Pipeline_VITIS_LOOP_117_8|  return value|
|grp_fu_19383_p_din0        |  out|   32|  ap_ctrl_hs|  ekf_batch_Pipeline_VITIS_LOOP_117_8|  return value|
|grp_fu_19383_p_din1        |  out|   32|  ap_ctrl_hs|  ekf_batch_Pipeline_VITIS_LOOP_117_8|  return value|
|grp_fu_19383_p_dout0       |   in|   32|  ap_ctrl_hs|  ekf_batch_Pipeline_VITIS_LOOP_117_8|  return value|
|grp_fu_19383_p_ce          |  out|    1|  ap_ctrl_hs|  ekf_batch_Pipeline_VITIS_LOOP_117_8|  return value|
|grp_fu_19387_p_din0        |  out|   32|  ap_ctrl_hs|  ekf_batch_Pipeline_VITIS_LOOP_117_8|  return value|
|grp_fu_19387_p_din1        |  out|   32|  ap_ctrl_hs|  ekf_batch_Pipeline_VITIS_LOOP_117_8|  return value|
|grp_fu_19387_p_dout0       |   in|   32|  ap_ctrl_hs|  ekf_batch_Pipeline_VITIS_LOOP_117_8|  return value|
|grp_fu_19387_p_ce          |  out|    1|  ap_ctrl_hs|  ekf_batch_Pipeline_VITIS_LOOP_117_8|  return value|
|grp_fu_19347_p_din0        |  out|   32|  ap_ctrl_hs|  ekf_batch_Pipeline_VITIS_LOOP_117_8|  return value|
|grp_fu_19347_p_din1        |  out|   32|  ap_ctrl_hs|  ekf_batch_Pipeline_VITIS_LOOP_117_8|  return value|
|grp_fu_19347_p_dout0       |   in|   32|  ap_ctrl_hs|  ekf_batch_Pipeline_VITIS_LOOP_117_8|  return value|
|grp_fu_19347_p_ce          |  out|    1|  ap_ctrl_hs|  ekf_batch_Pipeline_VITIS_LOOP_117_8|  return value|
|P_181                      |   in|   32|     ap_none|                                P_181|        scalar|
|P_182                      |   in|   32|     ap_none|                                P_182|        scalar|
|P_183                      |   in|   32|     ap_none|                                P_183|        scalar|
|P_184                      |   in|   32|     ap_none|                                P_184|        scalar|
|P_185                      |   in|   32|     ap_none|                                P_185|        scalar|
|P_186                      |   in|   32|     ap_none|                                P_186|        scalar|
|P_187                      |   in|   32|     ap_none|                                P_187|        scalar|
|P_188                      |   in|   32|     ap_none|                                P_188|        scalar|
|P_189                      |   in|   32|     ap_none|                                P_189|        scalar|
|P_190                      |   in|   32|     ap_none|                                P_190|        scalar|
|P_191                      |   in|   32|     ap_none|                                P_191|        scalar|
|P_192                      |   in|   32|     ap_none|                                P_192|        scalar|
|P_193                      |   in|   32|     ap_none|                                P_193|        scalar|
|P_194                      |   in|   32|     ap_none|                                P_194|        scalar|
|P_195                      |   in|   32|     ap_none|                                P_195|        scalar|
|P_196                      |   in|   32|     ap_none|                                P_196|        scalar|
|P_197                      |   in|   32|     ap_none|                                P_197|        scalar|
|P_198                      |   in|   32|     ap_none|                                P_198|        scalar|
|P_199                      |   in|   32|     ap_none|                                P_199|        scalar|
|P_200                      |   in|   32|     ap_none|                                P_200|        scalar|
|P_201                      |   in|   32|     ap_none|                                P_201|        scalar|
|P_202                      |   in|   32|     ap_none|                                P_202|        scalar|
|P_203                      |   in|   32|     ap_none|                                P_203|        scalar|
|P_204                      |   in|   32|     ap_none|                                P_204|        scalar|
|P_205                      |   in|   32|     ap_none|                                P_205|        scalar|
|P_206                      |   in|   32|     ap_none|                                P_206|        scalar|
|P_207                      |   in|   32|     ap_none|                                P_207|        scalar|
|P_208                      |   in|   32|     ap_none|                                P_208|        scalar|
|P_209                      |   in|   32|     ap_none|                                P_209|        scalar|
|P_210                      |   in|   32|     ap_none|                                P_210|        scalar|
|P_211                      |   in|   32|     ap_none|                                P_211|        scalar|
|P_212                      |   in|   32|     ap_none|                                P_212|        scalar|
|P_213                      |   in|   32|     ap_none|                                P_213|        scalar|
|P_214                      |   in|   32|     ap_none|                                P_214|        scalar|
|P_215                      |   in|   32|     ap_none|                                P_215|        scalar|
|P_216                      |   in|   32|     ap_none|                                P_216|        scalar|
|mux_case_521593212_reload  |   in|   32|     ap_none|            mux_case_521593212_reload|        scalar|
|mux_case_521723249_reload  |   in|   32|     ap_none|            mux_case_521723249_reload|        scalar|
|mux_case_521853285_reload  |   in|   32|     ap_none|            mux_case_521853285_reload|        scalar|
|mux_case_521983321_reload  |   in|   32|     ap_none|            mux_case_521983321_reload|        scalar|
|mux_case_522113357_reload  |   in|   32|     ap_none|            mux_case_522113357_reload|        scalar|
|mux_case_522243393_reload  |   in|   32|     ap_none|            mux_case_522243393_reload|        scalar|
|K_5_reload                 |   in|   32|     ap_none|                           K_5_reload|        scalar|
|mux_case_421573206_reload  |   in|   32|     ap_none|            mux_case_421573206_reload|        scalar|
|mux_case_421703243_reload  |   in|   32|     ap_none|            mux_case_421703243_reload|        scalar|
|mux_case_421833279_reload  |   in|   32|     ap_none|            mux_case_421833279_reload|        scalar|
|mux_case_421963315_reload  |   in|   32|     ap_none|            mux_case_421963315_reload|        scalar|
|mux_case_422093351_reload  |   in|   32|     ap_none|            mux_case_422093351_reload|        scalar|
|mux_case_422223387_reload  |   in|   32|     ap_none|            mux_case_422223387_reload|        scalar|
|K_4_reload                 |   in|   32|     ap_none|                           K_4_reload|        scalar|
|mux_case_321553200_reload  |   in|   32|     ap_none|            mux_case_321553200_reload|        scalar|
|mux_case_321683237_reload  |   in|   32|     ap_none|            mux_case_321683237_reload|        scalar|
|mux_case_321813273_reload  |   in|   32|     ap_none|            mux_case_321813273_reload|        scalar|
|mux_case_321943309_reload  |   in|   32|     ap_none|            mux_case_321943309_reload|        scalar|
|mux_case_322073345_reload  |   in|   32|     ap_none|            mux_case_322073345_reload|        scalar|
|mux_case_322203381_reload  |   in|   32|     ap_none|            mux_case_322203381_reload|        scalar|
|K_3_reload                 |   in|   32|     ap_none|                           K_3_reload|        scalar|
|mux_case_221533194_reload  |   in|   32|     ap_none|            mux_case_221533194_reload|        scalar|
|mux_case_221663231_reload  |   in|   32|     ap_none|            mux_case_221663231_reload|        scalar|
|mux_case_221793267_reload  |   in|   32|     ap_none|            mux_case_221793267_reload|        scalar|
|mux_case_221923303_reload  |   in|   32|     ap_none|            mux_case_221923303_reload|        scalar|
|mux_case_222053339_reload  |   in|   32|     ap_none|            mux_case_222053339_reload|        scalar|
|mux_case_222183375_reload  |   in|   32|     ap_none|            mux_case_222183375_reload|        scalar|
|K_2_reload                 |   in|   32|     ap_none|                           K_2_reload|        scalar|
|mux_case_121513188_reload  |   in|   32|     ap_none|            mux_case_121513188_reload|        scalar|
|mux_case_121643225_reload  |   in|   32|     ap_none|            mux_case_121643225_reload|        scalar|
|mux_case_121773261_reload  |   in|   32|     ap_none|            mux_case_121773261_reload|        scalar|
|mux_case_121903297_reload  |   in|   32|     ap_none|            mux_case_121903297_reload|        scalar|
|mux_case_122033333_reload  |   in|   32|     ap_none|            mux_case_122033333_reload|        scalar|
|mux_case_122163369_reload  |   in|   32|     ap_none|            mux_case_122163369_reload|        scalar|
|K_1_reload                 |   in|   32|     ap_none|                           K_1_reload|        scalar|
|K_reload                   |   in|   32|     ap_none|                             K_reload|        scalar|
|s_2                        |   in|   32|     ap_none|                                  s_2|        scalar|
|mux_case_021493182_reload  |   in|   32|     ap_none|            mux_case_021493182_reload|        scalar|
|mux_case_021623219_reload  |   in|   32|     ap_none|            mux_case_021623219_reload|        scalar|
|mux_case_021753255_reload  |   in|   32|     ap_none|            mux_case_021753255_reload|        scalar|
|mux_case_021883291_reload  |   in|   32|     ap_none|            mux_case_021883291_reload|        scalar|
|mux_case_022013327_reload  |   in|   32|     ap_none|            mux_case_022013327_reload|        scalar|
|mux_case_022143363_reload  |   in|   32|     ap_none|            mux_case_022143363_reload|        scalar|
|P_318_out                  |  out|   32|      ap_vld|                            P_318_out|       pointer|
|P_318_out_ap_vld           |  out|    1|      ap_vld|                            P_318_out|       pointer|
|P_317_out                  |  out|   32|      ap_vld|                            P_317_out|       pointer|
|P_317_out_ap_vld           |  out|    1|      ap_vld|                            P_317_out|       pointer|
|P_316_out                  |  out|   32|      ap_vld|                            P_316_out|       pointer|
|P_316_out_ap_vld           |  out|    1|      ap_vld|                            P_316_out|       pointer|
|P_315_out                  |  out|   32|      ap_vld|                            P_315_out|       pointer|
|P_315_out_ap_vld           |  out|    1|      ap_vld|                            P_315_out|       pointer|
|P_314_out                  |  out|   32|      ap_vld|                            P_314_out|       pointer|
|P_314_out_ap_vld           |  out|    1|      ap_vld|                            P_314_out|       pointer|
|P_313_out                  |  out|   32|      ap_vld|                            P_313_out|       pointer|
|P_313_out_ap_vld           |  out|    1|      ap_vld|                            P_313_out|       pointer|
|P_312_out                  |  out|   32|      ap_vld|                            P_312_out|       pointer|
|P_312_out_ap_vld           |  out|    1|      ap_vld|                            P_312_out|       pointer|
|P_311_out                  |  out|   32|      ap_vld|                            P_311_out|       pointer|
|P_311_out_ap_vld           |  out|    1|      ap_vld|                            P_311_out|       pointer|
|P_310_out                  |  out|   32|      ap_vld|                            P_310_out|       pointer|
|P_310_out_ap_vld           |  out|    1|      ap_vld|                            P_310_out|       pointer|
|P_309_out                  |  out|   32|      ap_vld|                            P_309_out|       pointer|
|P_309_out_ap_vld           |  out|    1|      ap_vld|                            P_309_out|       pointer|
|P_308_out                  |  out|   32|      ap_vld|                            P_308_out|       pointer|
|P_308_out_ap_vld           |  out|    1|      ap_vld|                            P_308_out|       pointer|
|P_307_out                  |  out|   32|      ap_vld|                            P_307_out|       pointer|
|P_307_out_ap_vld           |  out|    1|      ap_vld|                            P_307_out|       pointer|
|P_306_out                  |  out|   32|      ap_vld|                            P_306_out|       pointer|
|P_306_out_ap_vld           |  out|    1|      ap_vld|                            P_306_out|       pointer|
|P_305_out                  |  out|   32|      ap_vld|                            P_305_out|       pointer|
|P_305_out_ap_vld           |  out|    1|      ap_vld|                            P_305_out|       pointer|
|P_304_out                  |  out|   32|      ap_vld|                            P_304_out|       pointer|
|P_304_out_ap_vld           |  out|    1|      ap_vld|                            P_304_out|       pointer|
|P_303_out                  |  out|   32|      ap_vld|                            P_303_out|       pointer|
|P_303_out_ap_vld           |  out|    1|      ap_vld|                            P_303_out|       pointer|
|P_302_out                  |  out|   32|      ap_vld|                            P_302_out|       pointer|
|P_302_out_ap_vld           |  out|    1|      ap_vld|                            P_302_out|       pointer|
|P_301_out                  |  out|   32|      ap_vld|                            P_301_out|       pointer|
|P_301_out_ap_vld           |  out|    1|      ap_vld|                            P_301_out|       pointer|
|P_300_out                  |  out|   32|      ap_vld|                            P_300_out|       pointer|
|P_300_out_ap_vld           |  out|    1|      ap_vld|                            P_300_out|       pointer|
|P_299_out                  |  out|   32|      ap_vld|                            P_299_out|       pointer|
|P_299_out_ap_vld           |  out|    1|      ap_vld|                            P_299_out|       pointer|
|P_298_out                  |  out|   32|      ap_vld|                            P_298_out|       pointer|
|P_298_out_ap_vld           |  out|    1|      ap_vld|                            P_298_out|       pointer|
|P_297_out                  |  out|   32|      ap_vld|                            P_297_out|       pointer|
|P_297_out_ap_vld           |  out|    1|      ap_vld|                            P_297_out|       pointer|
|P_296_out                  |  out|   32|      ap_vld|                            P_296_out|       pointer|
|P_296_out_ap_vld           |  out|    1|      ap_vld|                            P_296_out|       pointer|
|P_295_out                  |  out|   32|      ap_vld|                            P_295_out|       pointer|
|P_295_out_ap_vld           |  out|    1|      ap_vld|                            P_295_out|       pointer|
|P_294_out                  |  out|   32|      ap_vld|                            P_294_out|       pointer|
|P_294_out_ap_vld           |  out|    1|      ap_vld|                            P_294_out|       pointer|
|P_293_out                  |  out|   32|      ap_vld|                            P_293_out|       pointer|
|P_293_out_ap_vld           |  out|    1|      ap_vld|                            P_293_out|       pointer|
|P_292_out                  |  out|   32|      ap_vld|                            P_292_out|       pointer|
|P_292_out_ap_vld           |  out|    1|      ap_vld|                            P_292_out|       pointer|
|P_291_out                  |  out|   32|      ap_vld|                            P_291_out|       pointer|
|P_291_out_ap_vld           |  out|    1|      ap_vld|                            P_291_out|       pointer|
|P_290_out                  |  out|   32|      ap_vld|                            P_290_out|       pointer|
|P_290_out_ap_vld           |  out|    1|      ap_vld|                            P_290_out|       pointer|
|P_289_out                  |  out|   32|      ap_vld|                            P_289_out|       pointer|
|P_289_out_ap_vld           |  out|    1|      ap_vld|                            P_289_out|       pointer|
|P_288_out                  |  out|   32|      ap_vld|                            P_288_out|       pointer|
|P_288_out_ap_vld           |  out|    1|      ap_vld|                            P_288_out|       pointer|
|P_287_out                  |  out|   32|      ap_vld|                            P_287_out|       pointer|
|P_287_out_ap_vld           |  out|    1|      ap_vld|                            P_287_out|       pointer|
|P_286_out                  |  out|   32|      ap_vld|                            P_286_out|       pointer|
|P_286_out_ap_vld           |  out|    1|      ap_vld|                            P_286_out|       pointer|
|P_285_out                  |  out|   32|      ap_vld|                            P_285_out|       pointer|
|P_285_out_ap_vld           |  out|    1|      ap_vld|                            P_285_out|       pointer|
|P_284_out                  |  out|   32|      ap_vld|                            P_284_out|       pointer|
|P_284_out_ap_vld           |  out|    1|      ap_vld|                            P_284_out|       pointer|
|P_283_out                  |  out|   32|      ap_vld|                            P_283_out|       pointer|
|P_283_out_ap_vld           |  out|    1|      ap_vld|                            P_283_out|       pointer|
+---------------------------+-----+-----+------------+-------------------------------------+--------------+

