

================================================================
== Vitis HLS Report for 'ekf_batch_Pipeline_VITIS_LOOP_101_4'
================================================================
* Date:           Thu Sep  3 12:11:37 2026

* Version:        2023.1 (Build 3854077 on May  4 2023)
* Project:        EKF
* Solution:       solution1 (Vivado IP Flow Target)
* Product family: zynquplus
* Target device:  xczu9eg-ffvb1156-2-e


================================================================
== Performance Estimates
================================================================
+ Timing: 
    * Summary: 
    +--------+----------+----------+------------+
    |  Clock |  Target  | Estimated| Uncertainty|
    +--------+----------+----------+------------+
    |ap_clk  |  10.00 ns|  7.016 ns|     2.70 ns|
    +--------+----------+----------+------------+

+ Latency: 
    * Summary: 
    +---------+---------+----------+----------+-----+-----+---------+
    |  Latency (cycles) |  Latency (absolute) |  Interval | Pipeline|
    |   min   |   max   |    min   |    max   | min | max |   Type  |
    +---------+---------+----------+----------+-----+-----+---------+
    |       10|       10|  0.100 us|  0.100 us|   10|   10|       no|
    +---------+---------+----------+----------+-----+-----+---------+

    + Detail: 
        * Instance: 
        N/A

        * Loop: 
        +--------------------+---------+---------+----------+-----------+-----------+------+----------+
        |                    |  Latency (cycles) | Iteration|  Initiation Interval  | Trip |          |
        |      Loop Name     |   min   |   max   |  Latency |  achieved |   target  | Count| Pipelined|
        +--------------------+---------+---------+----------+-----------+-----------+------+----------+
        |- VITIS_LOOP_101_4  |        8|        8|         4|          1|          1|     6|       yes|
        +--------------------+---------+---------+----------+-----------+-----------+------+----------+



================================================================
== Utilization Estimates
================================================================
* Summary: 
+-----------------+---------+------+--------+--------+-----+
|       Name      | BRAM_18K|  DSP |   FF   |   LUT  | URAM|
+-----------------+---------+------+--------+--------+-----+
|DSP              |        -|     -|       -|       -|    -|
|Expression       |        -|     -|       0|      22|    -|
|FIFO             |        -|     -|       -|       -|    -|
|Instance         |        -|     -|       0|      31|    -|
|Memory           |        -|     -|       -|       -|    -|
|Multiplexer      |        -|     -|       -|      36|    -|
|Register         |        -|     -|     303|      32|    -|
+-----------------+---------+------+--------+--------+-----+
|Total            |        0|     0|     303|     121|    0|
+-----------------+---------+------+--------+--------+-----+
|Available        |     1824|  2520|  548160|  274080|    0|
+-----------------+---------+------+--------+--------+-----+
|Utilization (%)  |        0|     0|      ~0|      ~0|    0|
+-----------------+---------+------+--------+--------+-----+

+ Detail: 
    * Instance: 
    +---------------------+----------------+---------+----+---+----+-----+
    |       Instance      |     Module     | BRAM_18K| DSP| FF| LUT| URAM|
    +---------------------+----------------+---------+----+---+----+-----+
    |mux_6_3_32_1_1_U782  |mux_6_3_32_1_1  |        0|   0|  0|  31|    0|
    +---------------------+----------------+---------+----+---+----+-----+
    |Total                |                |        0|   0|  0|  31|    0|
    +---------------------+----------------+---------+----+---+----+-----+

    * DSP: 
    N/A

    * Memory: 
    N/A

    * FIFO: 
    N/A

    * Expression: 
    +----------------------+----------+----+---+----+------------+------------+
    |     Variable Name    | Operation| DSP| FF| LUT| Bitwidth P0| Bitwidth P1|
    +----------------------+----------+----+---+----+------------+------------+
    |add_ln101_fu_192_p2   |         +|   0|  0|  10|           3|           1|
    |icmp_ln101_fu_186_p2  |      icmp|   0|  0|  10|           3|           3|
    |ap_enable_pp0         |       xor|   0|  0|   2|           1|           2|
    +----------------------+----------+----+---+----+------------+------------+
    |Total                 |          |   0|  0|  22|           7|           6|
    +----------------------+----------+----+---+----+------------+------------+

    * Multiplexer: 
    +-------------------------+----+-----------+-----+-----------+
    |           Name          | LUT| Input Size| Bits| Total Bits|
    +-------------------------+----+-----------+-----+-----------+
    |ap_done_int              |   9|          2|    1|          2|
    |ap_enable_reg_pp0_iter1  |   9|          2|    1|          2|
    |ap_sig_allocacmp_i_15    |   9|          2|    3|          6|
    |i_fu_62                  |   9|          2|    3|          6|
    +-------------------------+----+-----------+-----+-----------+
    |Total                    |  36|          8|    8|         16|
    +-------------------------+----+-----------+-----+-----------+

    * Register: 
    +----------------------------------+----+----+-----+-----------+
    |               Name               | FF | LUT| Bits| Const Bits|
    +----------------------------------+----+----+-----+-----------+
    |K_1_fu_70                         |  32|   0|   32|          0|
    |K_2_fu_74                         |  32|   0|   32|          0|
    |K_3_fu_78                         |  32|   0|   32|          0|
    |K_4_fu_82                         |  32|   0|   32|          0|
    |K_5_fu_86                         |  32|   0|   32|          0|
    |K_fu_66                           |  32|   0|   32|          0|
    |ap_CS_fsm                         |   1|   0|    1|          0|
    |ap_done_reg                       |   1|   0|    1|          0|
    |ap_enable_reg_pp0_iter1           |   1|   0|    1|          0|
    |ap_enable_reg_pp0_iter2           |   1|   0|    1|          0|
    |ap_enable_reg_pp0_iter3           |   1|   0|    1|          0|
    |ap_loop_exit_ready_pp0_iter1_reg  |   1|   0|    1|          0|
    |ap_loop_exit_ready_pp0_iter2_reg  |   1|   0|    1|          0|
    |i_15_reg_323                      |   3|   0|    3|          0|
    |i_fu_62                           |   3|   0|    3|          0|
    |icmp_ln101_reg_327                |   1|   0|    1|          0|
    |icmp_ln101_reg_327_pp0_iter1_reg  |   1|   0|    1|          0|
    |tmp_s_reg_331                     |  32|   0|   32|          0|
    |i_15_reg_323                      |  64|  32|    3|          0|
    +----------------------------------+----+----+-----+-----------+
    |Total                             | 303|  32|  242|          0|
    +----------------------------------+----+----+-----+-----------+



================================================================
== Interface
================================================================
* Summary: 
+----------------------+-----+-----+------------+-------------------------------------+--------------+
|       RTL Ports      | Dir | Bits|  Protocol  |            Source Object            |    C Type    |
+----------------------+-----+-----+------------+-------------------------------------+--------------+
|ap_clk                |   in|    1|  ap_ctrl_hs|  ekf_batch_Pipeline_VITIS_LOOP_101_4|  return value|
|ap_rst                |   in|    1|  ap_ctrl_hs|  ekf_batch_Pipeline_VITIS_LOOP_101_4|  return value|
|ap_start              |   in|    1|  ap_ctrl_hs|  ekf_batch_Pipeline_VITIS_LOOP_101_4|  return value|
|ap_done               |  out|    1|  ap_ctrl_hs|  ekf_batch_Pipeline_VITIS_LOOP_101_4|  return value|
|ap_idle               |  out|    1|  ap_ctrl_hs|  ekf_batch_Pipeline_VITIS_LOOP_101_4|  return value|
|ap_ready              |  out|    1|  ap_ctrl_hs|  ekf_batch_Pipeline_VITIS_LOOP_101_4|  return value|
|grp_fu_12435_p_din0   |  out|   32|  ap_ctrl_hs|  ekf_batch_Pipeline_VITIS_LOOP_101_4|  return value|
|grp_fu_12435_p_din1   |  out|   32|  ap_ctrl_hs|  ekf_batch_Pipeline_VITIS_LOOP_101_4|  return value|
|grp_fu_12435_p_dout0  |   in|   32|  ap_ctrl_hs|  ekf_batch_Pipeline_VITIS_LOOP_101_4|  return value|
|grp_fu_12435_p_ce     |  out|    1|  ap_ctrl_hs|  ekf_batch_Pipeline_VITIS_LOOP_101_4|  return value|
|Ph_reload             |   in|   32|     ap_none|                            Ph_reload|        scalar|
|Ph_1_reload           |   in|   32|     ap_none|                          Ph_1_reload|        scalar|
|Ph_2_reload           |   in|   32|     ap_none|                          Ph_2_reload|        scalar|
|Ph_3_reload           |   in|   32|     ap_none|                          Ph_3_reload|        scalar|
|Ph_4_reload           |   in|   32|     ap_none|                          Ph_4_reload|        scalar|
|Ph_5_reload           |   in|   32|     ap_none|                          Ph_5_reload|        scalar|
|inv_s                 |   in|   32|     ap_none|                                inv_s|        scalar|
|K_5_out               |  out|   32|      ap_vld|                              K_5_out|       pointer|
|K_5_out_ap_vld        |  out|    1|      ap_vld|                              K_5_out|       pointer|
|K_4_out               |  out|   32|      ap_vld|                              K_4_out|       pointer|
|K_4_out_ap_vld        |  out|    1|      ap_vld|                              K_4_out|       pointer|
|K_3_out               |  out|   32|      ap_vld|                              K_3_out|       pointer|
|K_3_out_ap_vld        |  out|    1|      ap_vld|                              K_3_out|       pointer|
|K_2_out               |  out|   32|      ap_vld|                              K_2_out|       pointer|
|K_2_out_ap_vld        |  out|    1|      ap_vld|                              K_2_out|       pointer|
|K_1_out               |  out|   32|      ap_vld|                              K_1_out|       pointer|
|K_1_out_ap_vld        |  out|    1|      ap_vld|                              K_1_out|       pointer|
|K_out                 |  out|   32|      ap_vld|                                K_out|       pointer|
|K_out_ap_vld          |  out|    1|      ap_vld|                                K_out|       pointer|
+----------------------+-----+-----+------------+-------------------------------------+--------------+

