

================================================================
== Vitis HLS Report for 'ekf_batch_Pipeline_VITIS_LOOP_168_8'
================================================================
* Date:           Thu Sep  3 12:11:37 2026

* Version:        2023.1 (Build 3854077 on May  4 2023)
* Project:        EKF
* Solution:       solution1 (Vivado IP Flow Target)
* Product family: zynquplus
* Target device:  xczu9eg-ffvb1156-2-e


================================================================
== Performance Estimates
================================================================
+ Timing: 
    * Summary: 
    +--------+----------+----------+------------+
    |  Clock |  Target  | Estimated| Uncertainty|
    +--------+----------+----------+------------+
    |ap_clk  |  10.00 ns|  2.239 ns|     2.70 ns|
    +--------+----------+----------+------------+

+ Latency: 
    * Summary: 
    +---------+---------+-----------+-----------+-----+-----+---------+
    |  Latency (cycles) |   Latency (absolute)  |  Interval | Pipeline|
    |   min   |   max   |    min    |    max    | min | max |   Type  |
    +---------+---------+-----------+-----------+-----+-----+---------+
    |        8|        8|  80.000 ns|  80.000 ns|    8|    8|       no|
    +---------+---------+-----------+-----------+-----+-----+---------+

    + Detail: 
        * Instance: 
        N/A

        * Loop: 
        +--------------------+---------+---------+----------+-----------+-----------+------+----------+
        |                    |  Latency (cycles) | Iteration|  Initiation Interval  | Trip |          |
        |      Loop Name     |   min   |   max   |  Latency |  achieved |   target  | Count| Pipelined|
        +--------------------+---------+---------+----------+-----------+-----------+------+----------+
        |- VITIS_LOOP_168_8  |        6|        6|         2|          1|          1|     6|       yes|
        +--------------------+---------+---------+----------+-----------+-----------+------+----------+



================================================================
== Utilization Estimates
================================================================
* Summary: 
+-----------------+---------+------+--------+--------+-----+
|       Name      | BRAM_18K|  DSP |   FF   |   LUT  | URAM|
+-----------------+---------+------+--------+--------+-----+
|DSP              |        -|     -|       -|       -|    -|
|Expression       |        -|     -|       0|      49|    -|
|FIFO             |        -|     -|       -|       -|    -|
|Instance         |        -|     -|       0|      31|    -|
|Memory           |        -|     -|       -|       -|    -|
|Multiplexer      |        -|     -|       -|      36|    -|
|Register         |        -|     -|     201|       -|    -|
+-----------------+---------+------+--------+--------+-----+
|Total            |        0|     0|     201|     116|    0|
+-----------------+---------+------+--------+--------+-----+
|Available        |     1824|  2520|  548160|  274080|    0|
+-----------------+---------+------+--------+--------+-----+
|Utilization (%)  |        0|     0|      ~0|      ~0|    0|
+-----------------+---------+------+--------+--------+-----+

+ Detail: 
    * Instance: 
    +---------------------+----------------+---------+----+---+----+-----+
    |       Instance      |     Module     | BRAM_18K| DSP| FF| LUT| URAM|
    +---------------------+----------------+---------+----+---+----+-----+
    |mux_6_3_32_1_1_U683  |mux_6_3_32_1_1  |        0|   0|  0|  31|    0|
    +---------------------+----------------+---------+----+---+----+-----+
    |Total                |                |        0|   0|  0|  31|    0|
    +---------------------+----------------+---------+----+---+----+-----+

    * DSP: 
    N/A

    * Memory: 
    N/A

    * FIFO: 
    N/A

    * Expression: 
    +-----------------------+----------+----+---+----+------------+------------+
    |     Variable Name     | Operation| DSP| FF| LUT| Bitwidth P0| Bitwidth P1|
    +-----------------------+----------+----+---+----+------------+------------+
    |add_ln168_1_fu_244_p2  |         +|   0|  0|  10|           3|           1|
    |add_ln168_2_fu_254_p2  |         +|   0|  0|  13|           6|           6|
    |add_ln168_fu_264_p2    |         +|   0|  0|  14|           7|           7|
    |icmp_ln168_fu_238_p2   |      icmp|   0|  0|  10|           3|           3|
    |ap_enable_pp0          |       xor|   0|  0|   2|           1|           2|
    +-----------------------+----------+----+---+----+------------+------------+
    |Total                  |          |   0|  0|  49|          20|          19|
    +-----------------------+----------+----+---+----+------------+------------+

    * Multiplexer: 
    +-------------------------+----+-----------+-----+-----------+
    |           Name          | LUT| Input Size| Bits| Total Bits|
    +-------------------------+----+-----------+-----+-----------+
    |ap_done_int              |   9|          2|    1|          2|
    |ap_enable_reg_pp0_iter1  |   9|          2|    1|          2|
    |ap_sig_allocacmp_i_10    |   9|          2|    3|          6|
    |i_fu_72                  |   9|          2|    3|          6|
    +-------------------------+----+-----------+-----+-----------+
    |Total                    |  36|          8|    8|         16|
    +-------------------------+----+-----------+-----+-----------+

    * Register: 
    +-------------------------+----+----+-----+-----------+
    |           Name          | FF | LUT| Bits| Const Bits|
    +-------------------------+----+----+-----+-----------+
    |H_1_fu_80                |  32|   0|   32|          0|
    |H_2_fu_84                |  32|   0|   32|          0|
    |H_3_fu_88                |  32|   0|   32|          0|
    |H_4_fu_92                |  32|   0|   32|          0|
    |H_5_fu_96                |  32|   0|   32|          0|
    |H_fu_76                  |  32|   0|   32|          0|
    |ap_CS_fsm                |   1|   0|    1|          0|
    |ap_done_reg              |   1|   0|    1|          0|
    |ap_enable_reg_pp0_iter1  |   1|   0|    1|          0|
    |i_10_reg_409             |   3|   0|    3|          0|
    |i_fu_72                  |   3|   0|    3|          0|
    +-------------------------+----+----+-----+-----------+
    |Total                    | 201|   0|  201|          0|
    +-------------------------+----+----+-----+-----------+



================================================================
== Interface
================================================================
* Summary: 
+------------------+-----+-----+------------+-------------------------------------+--------------+
|     RTL Ports    | Dir | Bits|  Protocol  |            Source Object            |    C Type    |
+------------------+-----+-----+------------+-------------------------------------+--------------+
|ap_clk            |   in|    1|  ap_ctrl_hs|  ekf_batch_Pipeline_VITIS_LOOP_168_8|  return value|
|ap_rst            |   in|    1|  ap_ctrl_hs|  ekf_batch_Pipeline_VITIS_LOOP_168_8|  return value|
|ap_start          |   in|    1|  ap_ctrl_hs|  ekf_batch_Pipeline_VITIS_LOOP_168_8|  return value|
|ap_done           |  out|    1|  ap_ctrl_hs|  ekf_batch_Pipeline_VITIS_LOOP_168_8|  return value|
|ap_idle           |  out|    1|  ap_ctrl_hs|  ekf_batch_Pipeline_VITIS_LOOP_168_8|  return value|
|ap_ready          |  out|    1|  ap_ctrl_hs|  ekf_batch_Pipeline_VITIS_LOOP_168_8|  return value|
|zext_ln168        |   in|    6|     ap_none|                           zext_ln168|        scalar|
|local_2_address0  |  out|    4|   ap_memory|                              local_2|         array|
|local_2_ce0       |  out|    1|   ap_memory|                              local_2|         array|
|local_2_q0        |   in|   32|   ap_memory|                              local_2|         array|
|local_3_address0  |  out|    4|   ap_memory|                              local_3|         array|
|local_3_ce0       |  out|    1|   ap_memory|                              local_3|         array|
|local_3_q0        |   in|   32|   ap_memory|                              local_3|         array|
|local_4_address0  |  out|    4|   ap_memory|                              local_4|         array|
|local_4_ce0       |  out|    1|   ap_memory|                              local_4|         array|
|local_4_q0        |   in|   32|   ap_memory|                              local_4|         array|
|local_5_address0  |  out|    4|   ap_memory|                              local_5|         array|
|local_5_ce0       |  out|    1|   ap_memory|                              local_5|         array|
|local_5_q0        |   in|   32|   ap_memory|                              local_5|         array|
|local_6_address0  |  out|    4|   ap_memory|                              local_6|         array|
|local_6_ce0       |  out|    1|   ap_memory|                              local_6|         array|
|local_6_q0        |   in|   32|   ap_memory|                              local_6|         array|
|local_7_address0  |  out|    4|   ap_memory|                              local_7|         array|
|local_7_ce0       |  out|    1|   ap_memory|                              local_7|         array|
|local_7_q0        |   in|   32|   ap_memory|                              local_7|         array|
|H_5_out           |  out|   32|      ap_vld|                              H_5_out|       pointer|
|H_5_out_ap_vld    |  out|    1|      ap_vld|                              H_5_out|       pointer|
|H_4_out           |  out|   32|      ap_vld|                              H_4_out|       pointer|
|H_4_out_ap_vld    |  out|    1|      ap_vld|                              H_4_out|       pointer|
|H_3_out           |  out|   32|      ap_vld|                              H_3_out|       pointer|
|H_3_out_ap_vld    |  out|    1|      ap_vld|                              H_3_out|       pointer|
|H_2_out           |  out|   32|      ap_vld|                              H_2_out|       pointer|
|H_2_out_ap_vld    |  out|    1|      ap_vld|                              H_2_out|       pointer|
|H_1_out           |  out|   32|      ap_vld|                              H_1_out|       pointer|
|H_1_out_ap_vld    |  out|    1|      ap_vld|                              H_1_out|       pointer|
|H_out             |  out|   32|      ap_vld|                                H_out|       pointer|
|H_out_ap_vld      |  out|    1|      ap_vld|                                H_out|       pointer|
+------------------+-----+-----+------------+-------------------------------------+--------------+

