

================================================================
== Vitis HLS Report for 'ekf_batch_Pipeline_VITIS_LOOP_157_4'
================================================================
* Date:           Thu Sep  3 12:11:35 2026

* Version:        2023.1 (Build 3854077 on May  4 2023)
* Project:        EKF
* Solution:       solution1 (Vivado IP Flow Target)
* Product family: zynquplus
* Target device:  xczu9eg-ffvb1156-2-e


================================================================
== Performance Estimates
================================================================
+ Timing: 
    * Summary: 
    +--------+----------+----------+------------+
    |  Clock |  Target  | Estimated| Uncertainty|
    +--------+----------+----------+------------+
    |ap_clk  |  10.00 ns|  1.100 ns|     2.70 ns|
    +--------+----------+----------+------------+

+ Latency: 
    * Summary: 
    +---------+---------+-----------+-----------+-----+-----+---------+
    |  Latency (cycles) |   Latency (absolute)  |  Interval | Pipeline|
    |   min   |   max   |    min    |    max    | min | max |   Type  |
    +---------+---------+-----------+-----------+-----+-----+---------+
    |        8|        8|  80.000 ns|  80.000 ns|    8|    8|       no|
    +---------+---------+-----------+-----------+-----+-----+---------+

    + Detail: 
        * Instance: 
        N/A

        * Loop: 
        +--------------------+---------+---------+----------+-----------+-----------+------+----------+
        |                    |  Latency (cycles) | Iteration|  Initiation Interval  | Trip |          |
        |      Loop Name     |   min   |   max   |  Latency |  achieved |   target  | Count| Pipelined|
        +--------------------+---------+---------+----------+-----------+-----------+------+----------+
        |- VITIS_LOOP_157_4  |        6|        6|         1|          1|          1|     6|       yes|
        +--------------------+---------+---------+----------+-----------+-----------+------+----------+



================================================================
== Utilization Estimates
================================================================
* Summary: 
+-----------------+---------+------+--------+--------+-----+
|       Name      | BRAM_18K|  DSP |   FF   |   LUT  | URAM|
+-----------------+---------+------+--------+--------+-----+
|DSP              |        -|     -|       -|       -|    -|
|Expression       |        -|     -|       0|      20|    -|
|FIFO             |        -|     -|       -|       -|    -|
|Instance         |        -|     -|       0|      31|    -|
|Memory           |        -|     -|       -|       -|    -|
|Multiplexer      |        -|     -|       -|      27|    -|
|Register         |        -|     -|     197|       -|    -|
+-----------------+---------+------+--------+--------+-----+
|Total            |        0|     0|     197|      78|    0|
+-----------------+---------+------+--------+--------+-----+
|Available        |     1824|  2520|  548160|  274080|    0|
+-----------------+---------+------+--------+--------+-----+
|Utilization (%)  |        0|     0|      ~0|      ~0|    0|
+-----------------+---------+------+--------+--------+-----+

+ Detail: 
    * Instance: 
    +--------------------+----------------+---------+----+---+----+-----+
    |      Instance      |     Module     | BRAM_18K| DSP| FF| LUT| URAM|
    +--------------------+----------------+---------+----+---+----+-----+
    |mux_6_3_32_1_1_U11  |mux_6_3_32_1_1  |        0|   0|  0|  31|    0|
    +--------------------+----------------+---------+----+---+----+-----+
    |Total               |                |        0|   0|  0|  31|    0|
    +--------------------+----------------+---------+----+---+----+-----+

    * DSP: 
    N/A

    * Memory: 
    N/A

    * FIFO: 
    N/A

    * Expression: 
    +----------------------+----------+----+---+----+------------+------------+
    |     Variable Name    | Operation| DSP| FF| LUT| Bitwidth P0| Bitwidth P1|
    +----------------------+----------+----+---+----+------------+------------+
    |add_ln157_fu_180_p2   |         +|   0|  0|  10|           3|           1|
    |icmp_ln157_fu_174_p2  |      icmp|   0|  0|  10|           3|           3|
    +----------------------+----------+----+---+----+------------+------------+
    |Total                 |          |   0|  0|  20|           6|           4|
    +----------------------+----------+----+---+----+------------+------------+

    * Multiplexer: 
    +--------------------+----+-----------+-----+-----------+
    |        Name        | LUT| Input Size| Bits| Total Bits|
    +--------------------+----+-----------+-----+-----------+
    |ap_done_int         |   9|          2|    1|          2|
    |ap_sig_allocacmp_i  |   9|          2|    3|          6|
    |i_1_fu_60           |   9|          2|    3|          6|
    +--------------------+----+-----------+-----+-----------+
    |Total               |  27|          6|    7|         14|
    +--------------------+----+-----------+-----+-----------+

    * Register: 
    +-------------+----+----+-----+-----------+
    |     Name    | FF | LUT| Bits| Const Bits|
    +-------------+----+----+-----+-----------+
    |ap_CS_fsm    |   1|   0|    1|          0|
    |ap_done_reg  |   1|   0|    1|          0|
    |i_1_fu_60    |   3|   0|    3|          0|
    |x_1_fu_68    |  32|   0|   32|          0|
    |x_2_fu_72    |  32|   0|   32|          0|
    |x_3_fu_76    |  32|   0|   32|          0|
    |x_4_fu_80    |  32|   0|   32|          0|
    |x_5_fu_84    |  32|   0|   32|          0|
    |x_fu_64      |  32|   0|   32|          0|
    +-------------+----+----+-----+-----------+
    |Total        | 197|   0|  197|          0|
    +-------------+----+----+-----+-----------+



================================================================
== Interface
================================================================
* Summary: 
+----------------+-----+-----+------------+-------------------------------------+--------------+
|    RTL Ports   | Dir | Bits|  Protocol  |            Source Object            |    C Type    |
+----------------+-----+-----+------------+-------------------------------------+--------------+
|ap_clk          |   in|    1|  ap_ctrl_hs|  ekf_batch_Pipeline_VITIS_LOOP_157_4|  return value|
|ap_rst          |   in|    1|  ap_ctrl_hs|  ekf_batch_Pipeline_VITIS_LOOP_157_4|  return value|
|ap_start        |   in|    1|  ap_ctrl_hs|  ekf_batch_Pipeline_VITIS_LOOP_157_4|  return value|
|ap_done         |  out|    1|  ap_ctrl_hs|  ekf_batch_Pipeline_VITIS_LOOP_157_4|  return value|
|ap_idle         |  out|    1|  ap_ctrl_hs|  ekf_batch_Pipeline_VITIS_LOOP_157_4|  return value|
|ap_ready        |  out|    1|  ap_ctrl_hs|  ekf_batch_Pipeline_VITIS_LOOP_157_4|  return value|
|local_load_1    |   in|   32|     ap_none|                         local_load_1|        scalar|
|local_1_load_1  |   in|   32|     ap_none|                       local_1_load_1|        scalar|
|local_2_load_3  |   in|   32|     ap_none|                       local_2_load_3|        scalar|
|local_3_load_3  |   in|   32|     ap_none|                       local_3_load_3|        scalar|
|local_4_load_3  |   in|   32|     ap_none|                       local_4_load_3|        scalar|
|local_5_load_3  |   in|   32|     ap_none|                       local_5_load_3|        scalar|
|x_5_out         |  out|   32|      ap_vld|                              x_5_out|       pointer|
|x_5_out_ap_vld  |  out|    1|      ap_vld|                              x_5_out|       pointer|
|x_4_out         |  out|   32|      ap_vld|                              x_4_out|       pointer|
|x_4_out_ap_vld  |  out|    1|      ap_vld|                              x_4_out|       pointer|
|x_3_out         |  out|   32|      ap_vld|                              x_3_out|       pointer|
|x_3_out_ap_vld  |  out|    1|      ap_vld|                              x_3_out|       pointer|
|x_2_out         |  out|   32|      ap_vld|                              x_2_out|       pointer|
|x_2_out_ap_vld  |  out|    1|      ap_vld|                              x_2_out|       pointer|
|x_1_out         |  out|   32|      ap_vld|                              x_1_out|       pointer|
|x_1_out_ap_vld  |  out|    1|      ap_vld|                              x_1_out|       pointer|
|x_out           |  out|   32|      ap_vld|                                x_out|       pointer|
|x_out_ap_vld    |  out|    1|      ap_vld|                                x_out|       pointer|
+----------------+-----+-----+------------+-------------------------------------+--------------+

