10:34:46 DEBUG : Logs will be stored at 'D:/MSDF_2_ZCU/msdf_2zcu_iff/ws/IDE.log'.
10:34:48 INFO  : Launching XSCT server: xsct.bat -n  -interactive D:\MSDF_2_ZCU\msdf_2zcu_iff\ws\temp_xsdb_launch_script.tcl
10:34:48 INFO  : Registering command handlers for Vitis TCF services
10:34:49 INFO  : Platform repository initialization has completed.
10:34:49 INFO  : XSCT server has started successfully.
10:34:49 INFO  : Successfully done setting XSCT server connection channel  
10:34:49 INFO  : Successfully done query RDI_DATADIR 
10:34:49 INFO  : Successfully done setting workspace for the tool. 
10:34:50 INFO  : plnx-install-location is set to ''
10:35:14 INFO  : Platform 'ekf' is added to custom repositories.
10:35:16 INFO  : [Import] Updating active build configuration of the system project 'ekf_smoke_system' to 'Debug' after the import.
10:35:44 INFO  : Hardware specification for platform project 'ekf' is updated.
10:37:07 INFO  : Result from executing command 'getProjects': ekf
10:37:07 INFO  : Result from executing command 'getPlatforms': ekf|D:/MSDF_2_ZCU/msdf_2zcu_iff/ws/ekf/export/ekf/ekf.xpfm;xilinx_vck190_base_202310_1|C:/Xilinx/Vitis/2023.1/base_platforms/xilinx_vck190_base_202310_1/xilinx_vck190_base_202310_1.xpfm;xilinx_vck190_base_dfx_202310_1|C:/Xilinx/Vitis/2023.1/base_platforms/xilinx_vck190_base_dfx_202310_1/xilinx_vck190_base_dfx_202310_1.xpfm;xilinx_vek280_es1_base_202310_1|C:/Xilinx/Vitis/2023.1/base_platforms/xilinx_vek280_es1_base_202310_1/xilinx_vek280_es1_base_202310_1.xpfm;xilinx_vmk180_base_202310_1|C:/Xilinx/Vitis/2023.1/base_platforms/xilinx_vmk180_base_202310_1/xilinx_vmk180_base_202310_1.xpfm;xilinx_zcu102_base_202310_1|C:/Xilinx/Vitis/2023.1/base_platforms/xilinx_zcu102_base_202310_1/xilinx_zcu102_base_202310_1.xpfm;xilinx_zcu102_base_dfx_202310_1|C:/Xilinx/Vitis/2023.1/base_platforms/xilinx_zcu102_base_dfx_202310_1/xilinx_zcu102_base_dfx_202310_1.xpfm;xilinx_zcu104_base_202310_1|C:/Xilinx/Vitis/2023.1/base_platforms/xilinx_zcu104_base_202310_1/xilinx_zcu104_base_202310_1.xpfm
10:37:08 INFO  : Checking for BSP changes to sync application flags for project 'ekf_smoke'...
10:37:46 INFO  : Hardware specification for platform project 'ekf' is updated.
10:38:03 INFO  : Result from executing command 'getProjects': ekf
10:38:03 INFO  : Result from executing command 'getPlatforms': ekf|D:/MSDF_2_ZCU/msdf_2zcu_iff/ws/ekf/export/ekf/ekf.xpfm;xilinx_vck190_base_202310_1|C:/Xilinx/Vitis/2023.1/base_platforms/xilinx_vck190_base_202310_1/xilinx_vck190_base_202310_1.xpfm;xilinx_vck190_base_dfx_202310_1|C:/Xilinx/Vitis/2023.1/base_platforms/xilinx_vck190_base_dfx_202310_1/xilinx_vck190_base_dfx_202310_1.xpfm;xilinx_vek280_es1_base_202310_1|C:/Xilinx/Vitis/2023.1/base_platforms/xilinx_vek280_es1_base_202310_1/xilinx_vek280_es1_base_202310_1.xpfm;xilinx_vmk180_base_202310_1|C:/Xilinx/Vitis/2023.1/base_platforms/xilinx_vmk180_base_202310_1/xilinx_vmk180_base_202310_1.xpfm;xilinx_zcu102_base_202310_1|C:/Xilinx/Vitis/2023.1/base_platforms/xilinx_zcu102_base_202310_1/xilinx_zcu102_base_202310_1.xpfm;xilinx_zcu102_base_dfx_202310_1|C:/Xilinx/Vitis/2023.1/base_platforms/xilinx_zcu102_base_dfx_202310_1/xilinx_zcu102_base_dfx_202310_1.xpfm;xilinx_zcu104_base_202310_1|C:/Xilinx/Vitis/2023.1/base_platforms/xilinx_zcu104_base_202310_1/xilinx_zcu104_base_202310_1.xpfm
10:38:03 INFO  : Checking for BSP changes to sync application flags for project 'ekf_smoke'...
10:41:52 INFO  : Connected to target on host '127.0.0.1' and port '3121'.
10:41:52 INFO  : Jtag cable 'Digilent JTAG-SMT2NC 210308B765B3' is selected.
10:41:52 INFO  : 'jtag frequency' command is executed.
10:41:52 INFO  : Sourcing of 'C:/Xilinx/Vitis/2023.1/scripts/vitis/util/zynqmp_utils.tcl' is done.
10:41:52 INFO  : Context for 'APU' is selected.
10:41:53 INFO  : System reset is completed.
10:41:56 INFO  : 'after 3000' command is executed.
10:41:56 INFO  : 'targets -set -filter {jtag_cable_name =~ "Digilent JTAG-SMT2NC 210308B765B3" && level==0 && jtag_device_ctx=="jsn-JTAG-SMT2NC-210308B765B3-24738093-0"}' command is executed.
10:42:11 INFO  : Device configured successfully with "D:/MSDF_2_ZCU/msdf_2zcu_iff/ws/ekf_smoke/_ide/bitstream/design_1_wrapper.bit"
10:42:11 INFO  : Context for 'APU' is selected.
10:42:11 INFO  : Hardware design and registers information is loaded from 'D:/MSDF_2_ZCU/msdf_2zcu_iff/ws/ekf/export/ekf/hw/design_1_wrapper.xsa'.
10:42:11 INFO  : 'configparams force-mem-access 1' command is executed.
10:42:11 INFO  : Context for 'APU' is selected.
10:42:11 INFO  : Boot mode is read from the target.
10:42:11 INFO  : Context for processor 'psu_cortexa53_0' is selected.
10:42:11 INFO  : Processor reset is completed for 'psu_cortexa53_0'.
10:42:12 INFO  : The application 'D:/MSDF_2_ZCU/msdf_2zcu_iff/ws/ekf/export/ekf/sw/ekf/boot/fsbl.elf' is downloaded to processor 'psu_cortexa53_0'.
10:42:12 INFO  : 'set bp_42_12_fsbl_bp [bpadd -addr &XFsbl_Exit]' command is executed.
10:42:13 INFO  : 'con -block -timeout 60' command is executed.
10:42:13 INFO  : 'bpremove $bp_42_12_fsbl_bp' command is executed.
10:42:13 INFO  : Context for processor 'psu_cortexa53_0' is selected.
10:42:13 INFO  : Processor reset is completed for 'psu_cortexa53_0'.
10:42:16 INFO  : The application 'D:/MSDF_2_ZCU/msdf_2zcu_iff/ws/ekf_smoke/Debug/ekf_smoke.elf' is downloaded to processor 'psu_cortexa53_0'.
10:42:16 INFO  : 'configparams force-mem-access 0' command is executed.
10:42:16 INFO  : ----------------XSDB Script----------------
connect -url tcp:127.0.0.1:3121
source C:/Xilinx/Vitis/2023.1/scripts/vitis/util/zynqmp_utils.tcl
targets -set -nocase -filter {name =~"APU*"}
rst -system
after 3000
targets -set -filter {jtag_cable_name =~ "Digilent JTAG-SMT2NC 210308B765B3" && level==0 && jtag_device_ctx=="jsn-JTAG-SMT2NC-210308B765B3-24738093-0"}
fpga -file D:/MSDF_2_ZCU/msdf_2zcu_iff/ws/ekf_smoke/_ide/bitstream/design_1_wrapper.bit
targets -set -nocase -filter {name =~"APU*"}
loadhw -hw D:/MSDF_2_ZCU/msdf_2zcu_iff/ws/ekf/export/ekf/hw/design_1_wrapper.xsa -mem-ranges [list {0x80000000 0xbfffffff} {0x400000000 0x5ffffffff} {0x1000000000 0x7fffffffff}] -regs
configparams force-mem-access 1
targets -set -nocase -filter {name =~"APU*"}
set mode [expr [mrd -value 0xFF5E0200] & 0xf]
targets -set -nocase -filter {name =~ "*A53*#0"}
rst -processor
dow D:/MSDF_2_ZCU/msdf_2zcu_iff/ws/ekf/export/ekf/sw/ekf/boot/fsbl.elf
set bp_42_12_fsbl_bp [bpadd -addr &XFsbl_Exit]
con -block -timeout 60
bpremove $bp_42_12_fsbl_bp
targets -set -nocase -filter {name =~ "*A53*#0"}
rst -processor
dow D:/MSDF_2_ZCU/msdf_2zcu_iff/ws/ekf_smoke/Debug/ekf_smoke.elf
configparams force-mem-access 0
----------------End of Script----------------

10:42:16 INFO  : Context for processor 'psu_cortexa53_0' is selected.
10:42:16 INFO  : 'con' command is executed.
10:42:16 INFO  : ----------------XSDB Script (After Launch)----------------
targets -set -nocase -filter {name =~ "*A53*#0"}
con
----------------End of Script----------------

10:42:16 INFO  : Disconnected from the channel tcfchan#5.
10:50:15 INFO  : Checking for BSP changes to sync application flags for project 'ekf_smoke'...
13:06:40 DEBUG : Logs will be stored at 'D:/MSDF_2_ZCU/msdf_2zcu_iff/ws/IDE.log'.
13:06:41 INFO  : Launching XSCT server: xsct.bat -n  -interactive D:\MSDF_2_ZCU\msdf_2zcu_iff\ws\temp_xsdb_launch_script.tcl
13:06:42 INFO  : XSCT server has started successfully.
13:06:42 INFO  : plnx-install-location is set to ''
13:06:42 INFO  : Successfully done setting XSCT server connection channel  
13:06:42 INFO  : Successfully done setting workspace for the tool. 
13:06:43 INFO  : Platform repository initialization has completed.
13:06:44 INFO  : Successfully done query RDI_DATADIR 
13:06:44 INFO  : Registering command handlers for Vitis TCF services
13:06:53 INFO  : Checking for BSP changes to sync application flags for project 'ekf_smoke'...
13:06:58 ERROR : (XSDB Server)ERROR: [Hsi 55-1571] The design file D:/MSDF_2_ZCU/msdf_2zcu_iff/ws/ekf/export/ekf/hw/design_1_wrapper.xsa is already opened

13:07:42 INFO  : Connected to target on host '127.0.0.1' and port '3121'.
13:07:43 INFO  : Jtag cable 'Digilent JTAG-SMT2NC 210308B765B3' is selected.
13:07:43 INFO  : 'jtag frequency' command is executed.
13:07:43 INFO  : Sourcing of 'C:/Xilinx/Vitis/2023.1/scripts/vitis/util/zynqmp_utils.tcl' is done.
13:07:43 INFO  : Context for 'APU' is selected.
13:07:43 INFO  : System reset is completed.
13:07:46 INFO  : 'after 3000' command is executed.
13:07:46 INFO  : 'targets -set -filter {jtag_cable_name =~ "Digilent JTAG-SMT2NC 210308B765B3" && level==0 && jtag_device_ctx=="jsn-JTAG-SMT2NC-210308B765B3-24738093-0"}' command is executed.
13:08:01 INFO  : Device configured successfully with "D:/MSDF_2_ZCU/msdf_2zcu_iff/ws/ekf_smoke/_ide/bitstream/design_1_wrapper.bit"
13:08:01 INFO  : Context for 'APU' is selected.
13:08:02 INFO  : Hardware design and registers information is loaded from 'D:/MSDF_2_ZCU/msdf_2zcu_iff/ws/ekf/export/ekf/hw/design_1_wrapper.xsa'.
13:08:02 INFO  : 'configparams force-mem-access 1' command is executed.
13:08:02 INFO  : Context for 'APU' is selected.
13:08:02 INFO  : Boot mode is read from the target.
13:08:02 INFO  : Context for processor 'psu_cortexa53_0' is selected.
13:08:02 INFO  : Processor reset is completed for 'psu_cortexa53_0'.
13:08:02 INFO  : The application 'D:/MSDF_2_ZCU/msdf_2zcu_iff/ws/ekf/export/ekf/sw/ekf/boot/fsbl.elf' is downloaded to processor 'psu_cortexa53_0'.
13:08:03 INFO  : 'set bp_8_2_fsbl_bp [bpadd -addr &XFsbl_Exit]' command is executed.
13:08:04 INFO  : 'con -block -timeout 60' command is executed.
13:08:04 INFO  : 'bpremove $bp_8_2_fsbl_bp' command is executed.
13:08:04 INFO  : Context for processor 'psu_cortexa53_0' is selected.
13:08:04 INFO  : Processor reset is completed for 'psu_cortexa53_0'.
13:08:06 INFO  : The application 'D:/MSDF_2_ZCU/msdf_2zcu_iff/ws/ekf_smoke/Debug/ekf_smoke.elf' is downloaded to processor 'psu_cortexa53_0'.
13:08:06 INFO  : 'configparams force-mem-access 0' command is executed.
13:08:06 INFO  : ----------------XSDB Script----------------
connect -url tcp:127.0.0.1:3121
source C:/Xilinx/Vitis/2023.1/scripts/vitis/util/zynqmp_utils.tcl
targets -set -nocase -filter {name =~"APU*"}
rst -system
after 3000
targets -set -filter {jtag_cable_name =~ "Digilent JTAG-SMT2NC 210308B765B3" && level==0 && jtag_device_ctx=="jsn-JTAG-SMT2NC-210308B765B3-24738093-0"}
fpga -file D:/MSDF_2_ZCU/msdf_2zcu_iff/ws/ekf_smoke/_ide/bitstream/design_1_wrapper.bit
targets -set -nocase -filter {name =~"APU*"}
loadhw -hw D:/MSDF_2_ZCU/msdf_2zcu_iff/ws/ekf/export/ekf/hw/design_1_wrapper.xsa -mem-ranges [list {0x80000000 0xbfffffff} {0x400000000 0x5ffffffff} {0x1000000000 0x7fffffffff}] -regs
configparams force-mem-access 1
targets -set -nocase -filter {name =~"APU*"}
set mode [expr [mrd -value 0xFF5E0200] & 0xf]
targets -set -nocase -filter {name =~ "*A53*#0"}
rst -processor
dow D:/MSDF_2_ZCU/msdf_2zcu_iff/ws/ekf/export/ekf/sw/ekf/boot/fsbl.elf
set bp_8_2_fsbl_bp [bpadd -addr &XFsbl_Exit]
con -block -timeout 60
bpremove $bp_8_2_fsbl_bp
targets -set -nocase -filter {name =~ "*A53*#0"}
rst -processor
dow D:/MSDF_2_ZCU/msdf_2zcu_iff/ws/ekf_smoke/Debug/ekf_smoke.elf
configparams force-mem-access 0
----------------End of Script----------------

13:08:07 INFO  : Context for processor 'psu_cortexa53_0' is selected.
13:08:07 INFO  : 'con' command is executed.
13:08:07 INFO  : ----------------XSDB Script (After Launch)----------------
targets -set -nocase -filter {name =~ "*A53*#0"}
con
----------------End of Script----------------

13:08:07 INFO  : Launch script is exported to file 'D:\MSDF_2_ZCU\msdf_2zcu_iff\ws\ekf_smoke_system\_ide\scripts\systemdebugger_ekf_smoke_system_standalone.tcl'
13:46:39 INFO  : Disconnected from the channel tcfchan#2.
13:46:39 INFO  : Connected to target on host '127.0.0.1' and port '3121'.
13:46:39 INFO  : Jtag cable 'Digilent JTAG-SMT2NC 210308B765B3' is selected.
13:46:39 INFO  : 'jtag frequency' command is executed.
13:46:39 INFO  : Sourcing of 'C:/Xilinx/Vitis/2023.1/scripts/vitis/util/zynqmp_utils.tcl' is done.
13:46:39 INFO  : Context for 'APU' is selected.
13:46:39 INFO  : System reset is completed.
13:46:42 INFO  : 'after 3000' command is executed.
13:46:43 INFO  : 'targets -set -filter {jtag_cable_name =~ "Digilent JTAG-SMT2NC 210308B765B3" && level==0 && jtag_device_ctx=="jsn-JTAG-SMT2NC-210308B765B3-24738093-0"}' command is executed.
13:46:58 INFO  : Device configured successfully with "D:/MSDF_2_ZCU/msdf_2zcu_iff/ws/ekf_smoke/_ide/bitstream/design_1_wrapper.bit"
13:46:58 INFO  : Context for 'APU' is selected.
13:47:02 INFO  : Hardware design and registers information is loaded from 'D:/MSDF_2_ZCU/msdf_2zcu_iff/ws/ekf/export/ekf/hw/design_1_wrapper.xsa'.
13:47:02 INFO  : 'configparams force-mem-access 1' command is executed.
13:47:02 INFO  : Context for 'APU' is selected.
13:47:02 INFO  : Boot mode is read from the target.
13:47:02 INFO  : Context for processor 'psu_cortexa53_0' is selected.
13:47:02 INFO  : Processor reset is completed for 'psu_cortexa53_0'.
13:47:03 INFO  : The application 'D:/MSDF_2_ZCU/msdf_2zcu_iff/ws/ekf/export/ekf/sw/ekf/boot/fsbl.elf' is downloaded to processor 'psu_cortexa53_0'.
13:47:03 INFO  : 'set bp_47_3_fsbl_bp [bpadd -addr &XFsbl_Exit]' command is executed.
13:47:04 INFO  : 'con -block -timeout 60' command is executed.
13:47:04 INFO  : 'bpremove $bp_47_3_fsbl_bp' command is executed.
13:47:04 INFO  : Context for processor 'psu_cortexa53_0' is selected.
13:47:04 INFO  : Processor reset is completed for 'psu_cortexa53_0'.
13:47:07 INFO  : The application 'D:/MSDF_2_ZCU/msdf_2zcu_iff/ws/ekf_smoke/Debug/ekf_smoke.elf' is downloaded to processor 'psu_cortexa53_0'.
13:47:07 INFO  : 'configparams force-mem-access 0' command is executed.
13:47:07 INFO  : ----------------XSDB Script----------------
connect -url tcp:127.0.0.1:3121
source C:/Xilinx/Vitis/2023.1/scripts/vitis/util/zynqmp_utils.tcl
targets -set -nocase -filter {name =~"APU*"}
rst -system
after 3000
targets -set -filter {jtag_cable_name =~ "Digilent JTAG-SMT2NC 210308B765B3" && level==0 && jtag_device_ctx=="jsn-JTAG-SMT2NC-210308B765B3-24738093-0"}
fpga -file D:/MSDF_2_ZCU/msdf_2zcu_iff/ws/ekf_smoke/_ide/bitstream/design_1_wrapper.bit
targets -set -nocase -filter {name =~"APU*"}
loadhw -hw D:/MSDF_2_ZCU/msdf_2zcu_iff/ws/ekf/export/ekf/hw/design_1_wrapper.xsa -mem-ranges [list {0x80000000 0xbfffffff} {0x400000000 0x5ffffffff} {0x1000000000 0x7fffffffff}] -regs
configparams force-mem-access 1
targets -set -nocase -filter {name =~"APU*"}
set mode [expr [mrd -value 0xFF5E0200] & 0xf]
targets -set -nocase -filter {name =~ "*A53*#0"}
rst -processor
dow D:/MSDF_2_ZCU/msdf_2zcu_iff/ws/ekf/export/ekf/sw/ekf/boot/fsbl.elf
set bp_47_3_fsbl_bp [bpadd -addr &XFsbl_Exit]
con -block -timeout 60
bpremove $bp_47_3_fsbl_bp
targets -set -nocase -filter {name =~ "*A53*#0"}
rst -processor
dow D:/MSDF_2_ZCU/msdf_2zcu_iff/ws/ekf_smoke/Debug/ekf_smoke.elf
configparams force-mem-access 0
----------------End of Script----------------

13:47:07 INFO  : Context for processor 'psu_cortexa53_0' is selected.
13:47:07 INFO  : 'con' command is executed.
13:47:07 INFO  : ----------------XSDB Script (After Launch)----------------
targets -set -nocase -filter {name =~ "*A53*#0"}
con
----------------End of Script----------------

13:47:07 INFO  : Launch script is exported to file 'D:\MSDF_2_ZCU\msdf_2zcu_iff\ws\ekf_smoke_system\_ide\scripts\systemdebugger_ekf_smoke_system_standalone.tcl'
17:56:40 INFO  : Disconnected from the channel tcfchan#3.
