

================================================================
== Vitis HLS Report for 'ekf_batch_Pipeline_VITIS_LOOP_148_3'
================================================================
* Date:           Thu Sep  3 12:11:15 2026

* Version:        2023.1 (Build 3854077 on May  4 2023)
* Project:        EKF
* Solution:       solution1 (Vivado IP Flow Target)
* Product family: zynquplus
* Target device:  xczu9eg-ffvb1156-2-e


================================================================
== Performance Estimates
================================================================
+ Timing: 
    * Summary: 
    +--------+----------+----------+------------+
    |  Clock |  Target  | Estimated| Uncertainty|
    +--------+----------+----------+------------+
    |ap_clk  |  10.00 ns|  7.300 ns|     2.70 ns|
    +--------+----------+----------+------------+

+ Latency: 
    * Summary: 
    +---------+---------+----------+----------+-----+-----+---------+
    |  Latency (cycles) |  Latency (absolute) |  Interval | Pipeline|
    |   min   |   max   |    min   |    max   | min | max |   Type  |
    +---------+---------+----------+----------+-----+-----+---------+
    |      101|      101|  1.010 us|  1.010 us|  101|  101|       no|
    +---------+---------+----------+----------+-----+-----+---------+

    + Detail: 
        * Instance: 
        N/A

        * Loop: 
        +--------------------+---------+---------+----------+-----------+-----------+------+----------+
        |                    |  Latency (cycles) | Iteration|  Initiation Interval  | Trip |          |
        |      Loop Name     |   min   |   max   |  Latency |  achieved |   target  | Count| Pipelined|
        +--------------------+---------+---------+----------+-----------+-----------+------+----------+
        |- VITIS_LOOP_148_3  |       99|       99|         3|          1|          1|    98|       yes|
        +--------------------+---------+---------+----------+-----------+-----------+------+----------+

============================================================
+ Verbose Summary: Synthesis Manager
============================================================
InlineROM: 1
ExposeGlobal: 0
============================================================
+ Verbose Summary: CDFG Model
============================================================
IsTopModel: 0
ResetActiveHigh: 1
IsCombinational: 0
IsDatapathOnly: 0
HasWiredReturn: 1
HasMFsm: 2
HasVarLatency: 1
IsPipeline: 0
IsRtlPipelined: 0
IsInstanceOverlapped: 0
IsDontTouch: 0
HasImplIP: 0
IsGatedGlobalClock: 0

+ Individual pipeline summary: 
  * Pipeline-0: initiation interval (II) = 1, depth = 3


============================================================
+ Verbose Summary: Schedule
============================================================
* Number of FSM states : 3
* Pipeline : 1
  Pipeline-0 : II = 1, D = 3, States = { 1 2 3 }
* Dataflow Pipeline: 0

* FSM state transitions: 
1 --> 2 
2 --> 3 
3 --> 

* FSM state operations: 

State 1 <SV = 0> <Delay = 1.20>
ST_1 : Operation 6 [1/1] (0.00ns)   --->   "%i = alloca i32 1"   --->   Operation 6 'alloca' 'i' <Predicate = true> <Delay = 0.00>
ST_1 : Operation 7 [1/1] (0.00ns)   --->   "%sext_ln148_read = read i62 @_ssdm_op_Read.ap_auto.i62, i62 %sext_ln148"   --->   Operation 7 'read' 'sext_ln148_read' <Predicate = true> <Delay = 0.00>
ST_1 : Operation 8 [1/1] (0.00ns)   --->   "%sext_ln148_cast = sext i62 %sext_ln148_read"   --->   Operation 8 'sext' 'sext_ln148_cast' <Predicate = true> <Delay = 0.00>
ST_1 : Operation 9 [1/1] (0.00ns)   --->   "%specinterface_ln0 = specinterface void @_ssdm_op_SpecInterface, i32 %gmem0, void @empty_20, i32 0, i32 0, void @empty_30, i32 0, i32 9800, void @empty_31, void @empty_33, void @empty_30, i32 16, i32 16, i32 16, i32 16, void @empty_30, void @empty_30, i32 4294967295, i32 0"   --->   Operation 9 'specinterface' 'specinterface_ln0' <Predicate = true> <Delay = 0.00>
ST_1 : Operation 10 [1/1] (0.42ns)   --->   "%store_ln0 = store i7 0, i7 %i"   --->   Operation 10 'store' 'store_ln0' <Predicate = true> <Delay = 0.42>
ST_1 : Operation 11 [1/1] (0.00ns)   --->   "%br_ln0 = br void %for.inc"   --->   Operation 11 'br' 'br_ln0' <Predicate = true> <Delay = 0.00>
ST_1 : Operation 12 [1/1] (0.00ns)   --->   "%i_11 = load i7 %i" [ekf_core.cpp:148]   --->   Operation 12 'load' 'i_11' <Predicate = true> <Delay = 0.00>
ST_1 : Operation 13 [1/1] (0.77ns)   --->   "%icmp_ln148 = icmp_eq  i7 %i_11, i7 98" [ekf_core.cpp:148]   --->   Operation 13 'icmp' 'icmp_ln148' <Predicate = true> <Delay = 0.77> <CoreInst = "Cmp">   --->   Core 9 'Cmp' <Latency = 0> <II = 1> <Delay = 0.77> <FuncUnit> <Opcode : 'icmp'> <InPorts = 2> <OutPorts = 1>
ST_1 : Operation 14 [1/1] (0.77ns)   --->   "%add_ln148 = add i7 %i_11, i7 1" [ekf_core.cpp:148]   --->   Operation 14 'add' 'add_ln148' <Predicate = true> <Delay = 0.77> <CoreInst = "Adder">   --->   Core 1 'Adder' <Latency = 0> <II = 1> <Delay = 0.77> <FuncUnit> <Opcode : 'add' 'sub'> <InPorts = 2> <OutPorts = 1>
ST_1 : Operation 15 [1/1] (0.00ns)   --->   "%br_ln148 = br i1 %icmp_ln148, void %for.inc.split, void %VITIS_LOOP_157_4.exitStub" [ekf_core.cpp:148]   --->   Operation 15 'br' 'br_ln148' <Predicate = true> <Delay = 0.00>
ST_1 : Operation 16 [1/1] (0.00ns)   --->   "%trunc_ln148 = trunc i7 %i_11" [ekf_core.cpp:148]   --->   Operation 16 'trunc' 'trunc_ln148' <Predicate = (!icmp_ln148)> <Delay = 0.00>
ST_1 : Operation 17 [1/1] (0.00ns)   --->   "%lshr_ln = partselect i4 @_ssdm_op_PartSelect.i4.i7.i32.i32, i7 %i_11, i32 3, i32 6" [ekf_core.cpp:148]   --->   Operation 17 'partselect' 'lshr_ln' <Predicate = (!icmp_ln148)> <Delay = 0.00>
ST_1 : Operation 18 [1/1] (0.73ns)   --->   "%switch_ln150 = switch i3 %trunc_ln148, void %arrayidx12.case.7, i3 0, void %arrayidx12.case.0, i3 1, void %arrayidx12.case.1, i3 2, void %arrayidx12.case.2, i3 3, void %arrayidx12.case.3, i3 4, void %arrayidx12.case.4, i3 5, void %arrayidx12.case.5, i3 6, void %arrayidx12.case.6" [ekf_core.cpp:150]   --->   Operation 18 'switch' 'switch_ln150' <Predicate = (!icmp_ln148)> <Delay = 0.73>
ST_1 : Operation 19 [1/1] (0.42ns)   --->   "%store_ln148 = store i7 %add_ln148, i7 %i" [ekf_core.cpp:148]   --->   Operation 19 'store' 'store_ln148' <Predicate = (!icmp_ln148)> <Delay = 0.42>
ST_1 : Operation 20 [1/1] (0.00ns)   --->   "%br_ln148 = br void %for.inc" [ekf_core.cpp:148]   --->   Operation 20 'br' 'br_ln148' <Predicate = (!icmp_ln148)> <Delay = 0.00>

State 2 <SV = 1> <Delay = 7.30>
ST_2 : Operation 21 [1/1] (0.00ns)   --->   "%specbitsmap_ln0 = specbitsmap void @_ssdm_op_SpecBitsMap, i32 %gmem0"   --->   Operation 21 'specbitsmap' 'specbitsmap_ln0' <Predicate = true> <Delay = 0.00>
ST_2 : Operation 22 [1/1] (0.00ns)   --->   "%gmem0_addr = getelementptr i32 %gmem0, i64 %sext_ln148_cast" [ekf_core.cpp:148]   --->   Operation 22 'getelementptr' 'gmem0_addr' <Predicate = true> <Delay = 0.00>
ST_2 : Operation 23 [1/1] (7.30ns)   --->   "%gmem0_addr_read = read i32 @_ssdm_op_Read.m_axi.p1i32, i32 %gmem0_addr" [ekf_core.cpp:150]   --->   Operation 23 'read' 'gmem0_addr_read' <Predicate = (!icmp_ln148)> <Delay = 7.30> <CoreInst = "m_axi">   --->   Core 121 'm_axi' <Latency = 0> <II = 1> <Delay = 1.00> <Adapter> <Opcode : 'read' 'write' 'readreq' 'writereq' 'writeresp'>
ST_2 : Operation 53 [1/1] (0.00ns)   --->   "%ret_ln0 = ret"   --->   Operation 53 'ret' 'ret_ln0' <Predicate = (icmp_ln148)> <Delay = 0.00>

State 3 <SV = 2> <Delay = 0.67>
ST_3 : Operation 24 [1/1] (0.00ns)   --->   "%specpipeline_ln149 = specpipeline void @_ssdm_op_SpecPipeline, i32 1, i32 0, i32 0, i32 0, void @empty_30" [ekf_core.cpp:149]   --->   Operation 24 'specpipeline' 'specpipeline_ln149' <Predicate = true> <Delay = 0.00>
ST_3 : Operation 25 [1/1] (0.00ns)   --->   "%speclooptripcount_ln148 = speclooptripcount void @_ssdm_op_SpecLoopTripCount, i64 98, i64 98, i64 98" [ekf_core.cpp:148]   --->   Operation 25 'speclooptripcount' 'speclooptripcount_ln148' <Predicate = true> <Delay = 0.00>
ST_3 : Operation 26 [1/1] (0.00ns)   --->   "%specloopname_ln148 = specloopname void @_ssdm_op_SpecLoopName, void @empty_15" [ekf_core.cpp:148]   --->   Operation 26 'specloopname' 'specloopname_ln148' <Predicate = true> <Delay = 0.00>
ST_3 : Operation 27 [1/1] (0.00ns)   --->   "%zext_ln148 = zext i4 %lshr_ln" [ekf_core.cpp:148]   --->   Operation 27 'zext' 'zext_ln148' <Predicate = true> <Delay = 0.00>
ST_3 : Operation 28 [1/1] (0.00ns)   --->   "%bitcast_ln150 = bitcast i32 %gmem0_addr_read" [ekf_core.cpp:150]   --->   Operation 28 'bitcast' 'bitcast_ln150' <Predicate = true> <Delay = 0.00>
ST_3 : Operation 29 [1/1] (0.00ns)   --->   "%local_addr = getelementptr i32 %local, i64 0, i64 %zext_ln148" [ekf_core.cpp:150]   --->   Operation 29 'getelementptr' 'local_addr' <Predicate = true> <Delay = 0.00>
ST_3 : Operation 30 [1/1] (0.00ns)   --->   "%local_1_addr = getelementptr i32 %local_1, i64 0, i64 %zext_ln148" [ekf_core.cpp:150]   --->   Operation 30 'getelementptr' 'local_1_addr' <Predicate = true> <Delay = 0.00>
ST_3 : Operation 31 [1/1] (0.00ns)   --->   "%local_2_addr = getelementptr i32 %local_2, i64 0, i64 %zext_ln148" [ekf_core.cpp:150]   --->   Operation 31 'getelementptr' 'local_2_addr' <Predicate = true> <Delay = 0.00>
ST_3 : Operation 32 [1/1] (0.00ns)   --->   "%local_3_addr = getelementptr i32 %local_3, i64 0, i64 %zext_ln148" [ekf_core.cpp:150]   --->   Operation 32 'getelementptr' 'local_3_addr' <Predicate = true> <Delay = 0.00>
ST_3 : Operation 33 [1/1] (0.00ns)   --->   "%local_4_addr = getelementptr i32 %local_4, i64 0, i64 %zext_ln148" [ekf_core.cpp:150]   --->   Operation 33 'getelementptr' 'local_4_addr' <Predicate = true> <Delay = 0.00>
ST_3 : Operation 34 [1/1] (0.00ns)   --->   "%local_5_addr = getelementptr i32 %local_5, i64 0, i64 %zext_ln148" [ekf_core.cpp:150]   --->   Operation 34 'getelementptr' 'local_5_addr' <Predicate = true> <Delay = 0.00>
ST_3 : Operation 35 [1/1] (0.00ns)   --->   "%local_6_addr = getelementptr i32 %local_6, i64 0, i64 %zext_ln148" [ekf_core.cpp:150]   --->   Operation 35 'getelementptr' 'local_6_addr' <Predicate = true> <Delay = 0.00>
ST_3 : Operation 36 [1/1] (0.00ns)   --->   "%local_7_addr = getelementptr i32 %local_7, i64 0, i64 %zext_ln148" [ekf_core.cpp:150]   --->   Operation 36 'getelementptr' 'local_7_addr' <Predicate = true> <Delay = 0.00>
ST_3 : Operation 37 [1/1] (0.67ns)   --->   "%store_ln150 = store i32 %bitcast_ln150, i4 %local_6_addr" [ekf_core.cpp:150]   --->   Operation 37 'store' 'store_ln150' <Predicate = (trunc_ln148 == 6)> <Delay = 0.67> <CoreInst = "RAM">   --->   Core 83 'RAM' <Latency = 1> <II = 1> <Delay = 0.67> <Storage> <Opcode : 'load' 'store'> <Ports = 2> <Width = 32> <Depth = 13> <RAM>
ST_3 : Operation 38 [1/1] (0.00ns)   --->   "%br_ln150 = br void %arrayidx12.exit" [ekf_core.cpp:150]   --->   Operation 38 'br' 'br_ln150' <Predicate = (trunc_ln148 == 6)> <Delay = 0.00>
ST_3 : Operation 39 [1/1] (0.67ns)   --->   "%store_ln150 = store i32 %bitcast_ln150, i4 %local_5_addr" [ekf_core.cpp:150]   --->   Operation 39 'store' 'store_ln150' <Predicate = (trunc_ln148 == 5)> <Delay = 0.67> <CoreInst = "RAM">   --->   Core 83 'RAM' <Latency = 1> <II = 1> <Delay = 0.67> <Storage> <Opcode : 'load' 'store'> <Ports = 2> <Width = 32> <Depth = 13> <RAM>
ST_3 : Operation 40 [1/1] (0.00ns)   --->   "%br_ln150 = br void %arrayidx12.exit" [ekf_core.cpp:150]   --->   Operation 40 'br' 'br_ln150' <Predicate = (trunc_ln148 == 5)> <Delay = 0.00>
ST_3 : Operation 41 [1/1] (0.67ns)   --->   "%store_ln150 = store i32 %bitcast_ln150, i4 %local_4_addr" [ekf_core.cpp:150]   --->   Operation 41 'store' 'store_ln150' <Predicate = (trunc_ln148 == 4)> <Delay = 0.67> <CoreInst = "RAM">   --->   Core 83 'RAM' <Latency = 1> <II = 1> <Delay = 0.67> <Storage> <Opcode : 'load' 'store'> <Ports = 2> <Width = 32> <Depth = 13> <RAM>
ST_3 : Operation 42 [1/1] (0.00ns)   --->   "%br_ln150 = br void %arrayidx12.exit" [ekf_core.cpp:150]   --->   Operation 42 'br' 'br_ln150' <Predicate = (trunc_ln148 == 4)> <Delay = 0.00>
ST_3 : Operation 43 [1/1] (0.67ns)   --->   "%store_ln150 = store i32 %bitcast_ln150, i4 %local_3_addr" [ekf_core.cpp:150]   --->   Operation 43 'store' 'store_ln150' <Predicate = (trunc_ln148 == 3)> <Delay = 0.67> <CoreInst = "RAM">   --->   Core 83 'RAM' <Latency = 1> <II = 1> <Delay = 0.67> <Storage> <Opcode : 'load' 'store'> <Ports = 2> <Width = 32> <Depth = 13> <RAM>
ST_3 : Operation 44 [1/1] (0.00ns)   --->   "%br_ln150 = br void %arrayidx12.exit" [ekf_core.cpp:150]   --->   Operation 44 'br' 'br_ln150' <Predicate = (trunc_ln148 == 3)> <Delay = 0.00>
ST_3 : Operation 45 [1/1] (0.67ns)   --->   "%store_ln150 = store i32 %bitcast_ln150, i4 %local_2_addr" [ekf_core.cpp:150]   --->   Operation 45 'store' 'store_ln150' <Predicate = (trunc_ln148 == 2)> <Delay = 0.67> <CoreInst = "RAM">   --->   Core 83 'RAM' <Latency = 1> <II = 1> <Delay = 0.67> <Storage> <Opcode : 'load' 'store'> <Ports = 2> <Width = 32> <Depth = 13> <RAM>
ST_3 : Operation 46 [1/1] (0.00ns)   --->   "%br_ln150 = br void %arrayidx12.exit" [ekf_core.cpp:150]   --->   Operation 46 'br' 'br_ln150' <Predicate = (trunc_ln148 == 2)> <Delay = 0.00>
ST_3 : Operation 47 [1/1] (0.67ns)   --->   "%store_ln150 = store i32 %bitcast_ln150, i4 %local_1_addr" [ekf_core.cpp:150]   --->   Operation 47 'store' 'store_ln150' <Predicate = (trunc_ln148 == 1)> <Delay = 0.67> <CoreInst = "RAM">   --->   Core 83 'RAM' <Latency = 1> <II = 1> <Delay = 0.67> <Storage> <Opcode : 'load' 'store'> <Ports = 2> <Width = 32> <Depth = 13> <RAM>
ST_3 : Operation 48 [1/1] (0.00ns)   --->   "%br_ln150 = br void %arrayidx12.exit" [ekf_core.cpp:150]   --->   Operation 48 'br' 'br_ln150' <Predicate = (trunc_ln148 == 1)> <Delay = 0.00>
ST_3 : Operation 49 [1/1] (0.67ns)   --->   "%store_ln150 = store i32 %bitcast_ln150, i4 %local_addr" [ekf_core.cpp:150]   --->   Operation 49 'store' 'store_ln150' <Predicate = (trunc_ln148 == 0)> <Delay = 0.67> <CoreInst = "RAM">   --->   Core 83 'RAM' <Latency = 1> <II = 1> <Delay = 0.67> <Storage> <Opcode : 'load' 'store'> <Ports = 2> <Width = 32> <Depth = 13> <RAM>
ST_3 : Operation 50 [1/1] (0.00ns)   --->   "%br_ln150 = br void %arrayidx12.exit" [ekf_core.cpp:150]   --->   Operation 50 'br' 'br_ln150' <Predicate = (trunc_ln148 == 0)> <Delay = 0.00>
ST_3 : Operation 51 [1/1] (0.67ns)   --->   "%store_ln150 = store i32 %bitcast_ln150, i4 %local_7_addr" [ekf_core.cpp:150]   --->   Operation 51 'store' 'store_ln150' <Predicate = (trunc_ln148 == 7)> <Delay = 0.67> <CoreInst = "RAM">   --->   Core 83 'RAM' <Latency = 1> <II = 1> <Delay = 0.67> <Storage> <Opcode : 'load' 'store'> <Ports = 2> <Width = 32> <Depth = 13> <RAM>
ST_3 : Operation 52 [1/1] (0.00ns)   --->   "%br_ln150 = br void %arrayidx12.exit" [ekf_core.cpp:150]   --->   Operation 52 'br' 'br_ln150' <Predicate = (trunc_ln148 == 7)> <Delay = 0.00>


============================================================
+ Verbose Summary: Timing violations
============================================================
Target clock period: 10.000ns, clock uncertainty: 2.700ns.

 <State 1>: 1.200ns
The critical path consists of the following:
	'alloca' operation ('i') [11]  (0.000 ns)
	'load' operation ('i', ekf_core.cpp:148) on local variable 'i' [18]  (0.000 ns)
	'add' operation ('add_ln148', ekf_core.cpp:148) [22]  (0.773 ns)
	'store' operation ('store_ln148', ekf_core.cpp:148) of variable 'add_ln148', ekf_core.cpp:148 on local variable 'i' [67]  (0.427 ns)

 <State 2>: 7.300ns
The critical path consists of the following:
	'getelementptr' operation ('gmem0_addr', ekf_core.cpp:148) [20]  (0.000 ns)
	bus read operation ('gmem0_addr_read', ekf_core.cpp:150) on port 'gmem0' (ekf_core.cpp:150) [31]  (7.300 ns)

 <State 3>: 0.677ns
The critical path consists of the following:
	'getelementptr' operation ('local_3_addr', ekf_core.cpp:150) [36]  (0.000 ns)
	'store' operation ('store_ln150', ekf_core.cpp:150) of variable 'bitcast_ln150', ekf_core.cpp:150 on array 'local_3' [52]  (0.677 ns)


============================================================
+ Verbose Summary: Binding
============================================================
N/A
* FSMD analyzer results:
  - Output states:
 - Input state : 
  - Chain level:
	State 1
	State 2
	State 3


============================================================
+ Verbose Summary: Datapath Resource usage 
============================================================
N/A
