

================================================================
== Vitis HLS Report for 'ekf_batch_Pipeline_VITIS_LOOP_109_6'
================================================================
* Date:           Thu Sep  3 12:11:25 2026

* Version:        2023.1 (Build 3854077 on May  4 2023)
* Project:        EKF
* Solution:       solution1 (Vivado IP Flow Target)
* Product family: zynquplus
* Target device:  xczu9eg-ffvb1156-2-e


================================================================
== Performance Estimates
================================================================
+ Timing: 
    * Summary: 
    +--------+----------+----------+------------+
    |  Clock |  Target  | Estimated| Uncertainty|
    +--------+----------+----------+------------+
    |ap_clk  |  10.00 ns|  7.016 ns|     2.70 ns|
    +--------+----------+----------+------------+

+ Latency: 
    * Summary: 
    +---------+---------+----------+----------+-----+-----+---------+
    |  Latency (cycles) |  Latency (absolute) |  Interval | Pipeline|
    |   min   |   max   |    min   |    max   | min | max |   Type  |
    +---------+---------+----------+----------+-----+-----+---------+
    |       14|       14|  0.140 us|  0.140 us|   14|   14|       no|
    +---------+---------+----------+----------+-----+-----+---------+

    + Detail: 
        * Instance: 
        N/A

        * Loop: 
        +--------------------+---------+---------+----------+-----------+-----------+------+----------+
        |                    |  Latency (cycles) | Iteration|  Initiation Interval  | Trip |          |
        |      Loop Name     |   min   |   max   |  Latency |  achieved |   target  | Count| Pipelined|
        +--------------------+---------+---------+----------+-----------+-----------+------+----------+
        |- VITIS_LOOP_109_6  |       12|       12|         8|          1|          1|     6|       yes|
        +--------------------+---------+---------+----------+-----------+-----------+------+----------+

============================================================
+ Verbose Summary: Synthesis Manager
============================================================
InlineROM: 1
ExposeGlobal: 0
============================================================
+ Verbose Summary: CDFG Model
============================================================
IsTopModel: 0
ResetActiveHigh: 1
IsCombinational: 0
IsDatapathOnly: 0
HasWiredReturn: 1
HasMFsm: 2
HasVarLatency: 1
IsPipeline: 0
IsRtlPipelined: 0
IsInstanceOverlapped: 0
IsDontTouch: 0
HasImplIP: 0
IsGatedGlobalClock: 0

+ Individual pipeline summary: 
  * Pipeline-0: initiation interval (II) = 1, depth = 8


============================================================
+ Verbose Summary: Schedule
============================================================
* Number of FSM states : 8
* Pipeline : 1
  Pipeline-0 : II = 1, D = 8, States = { 1 2 3 4 5 6 7 8 }
* Dataflow Pipeline: 0

* FSM state transitions: 
1 --> 2 
2 --> 3 
3 --> 4 
4 --> 5 
5 --> 6 
6 --> 7 
7 --> 8 
8 --> 

* FSM state operations: 

State 1 <SV = 0> <Delay = 1.09>
ST_1 : Operation 11 [1/1] (0.00ns)   --->   "%i = alloca i32 1"   --->   Operation 11 'alloca' 'i' <Predicate = true> <Delay = 0.00>
ST_1 : Operation 12 [1/1] (0.00ns)   --->   "%A = alloca i32 1"   --->   Operation 12 'alloca' 'A' <Predicate = true> <Delay = 0.00>
ST_1 : Operation 13 [1/1] (0.00ns)   --->   "%A_1 = alloca i32 1"   --->   Operation 13 'alloca' 'A_1' <Predicate = true> <Delay = 0.00>
ST_1 : Operation 14 [1/1] (0.00ns)   --->   "%A_2 = alloca i32 1"   --->   Operation 14 'alloca' 'A_2' <Predicate = true> <Delay = 0.00>
ST_1 : Operation 15 [1/1] (0.00ns)   --->   "%A_3 = alloca i32 1"   --->   Operation 15 'alloca' 'A_3' <Predicate = true> <Delay = 0.00>
ST_1 : Operation 16 [1/1] (0.00ns)   --->   "%A_4 = alloca i32 1"   --->   Operation 16 'alloca' 'A_4' <Predicate = true> <Delay = 0.00>
ST_1 : Operation 17 [1/1] (0.00ns)   --->   "%A_5 = alloca i32 1"   --->   Operation 17 'alloca' 'A_5' <Predicate = true> <Delay = 0.00>
ST_1 : Operation 18 [1/1] (0.00ns)   --->   "%A_6 = alloca i32 1"   --->   Operation 18 'alloca' 'A_6' <Predicate = true> <Delay = 0.00>
ST_1 : Operation 19 [1/1] (0.00ns)   --->   "%A_7 = alloca i32 1"   --->   Operation 19 'alloca' 'A_7' <Predicate = true> <Delay = 0.00>
ST_1 : Operation 20 [1/1] (0.00ns)   --->   "%A_8 = alloca i32 1"   --->   Operation 20 'alloca' 'A_8' <Predicate = true> <Delay = 0.00>
ST_1 : Operation 21 [1/1] (0.00ns)   --->   "%A_9 = alloca i32 1"   --->   Operation 21 'alloca' 'A_9' <Predicate = true> <Delay = 0.00>
ST_1 : Operation 22 [1/1] (0.00ns)   --->   "%A_10 = alloca i32 1"   --->   Operation 22 'alloca' 'A_10' <Predicate = true> <Delay = 0.00>
ST_1 : Operation 23 [1/1] (0.00ns)   --->   "%A_11 = alloca i32 1"   --->   Operation 23 'alloca' 'A_11' <Predicate = true> <Delay = 0.00>
ST_1 : Operation 24 [1/1] (0.00ns)   --->   "%A_12 = alloca i32 1"   --->   Operation 24 'alloca' 'A_12' <Predicate = true> <Delay = 0.00>
ST_1 : Operation 25 [1/1] (0.00ns)   --->   "%A_13 = alloca i32 1"   --->   Operation 25 'alloca' 'A_13' <Predicate = true> <Delay = 0.00>
ST_1 : Operation 26 [1/1] (0.00ns)   --->   "%A_14 = alloca i32 1"   --->   Operation 26 'alloca' 'A_14' <Predicate = true> <Delay = 0.00>
ST_1 : Operation 27 [1/1] (0.00ns)   --->   "%A_15 = alloca i32 1"   --->   Operation 27 'alloca' 'A_15' <Predicate = true> <Delay = 0.00>
ST_1 : Operation 28 [1/1] (0.00ns)   --->   "%A_16 = alloca i32 1"   --->   Operation 28 'alloca' 'A_16' <Predicate = true> <Delay = 0.00>
ST_1 : Operation 29 [1/1] (0.00ns)   --->   "%A_17 = alloca i32 1"   --->   Operation 29 'alloca' 'A_17' <Predicate = true> <Delay = 0.00>
ST_1 : Operation 30 [1/1] (0.00ns)   --->   "%A_18 = alloca i32 1"   --->   Operation 30 'alloca' 'A_18' <Predicate = true> <Delay = 0.00>
ST_1 : Operation 31 [1/1] (0.00ns)   --->   "%A_19 = alloca i32 1"   --->   Operation 31 'alloca' 'A_19' <Predicate = true> <Delay = 0.00>
ST_1 : Operation 32 [1/1] (0.00ns)   --->   "%A_20 = alloca i32 1"   --->   Operation 32 'alloca' 'A_20' <Predicate = true> <Delay = 0.00>
ST_1 : Operation 33 [1/1] (0.00ns)   --->   "%A_21 = alloca i32 1"   --->   Operation 33 'alloca' 'A_21' <Predicate = true> <Delay = 0.00>
ST_1 : Operation 34 [1/1] (0.00ns)   --->   "%A_22 = alloca i32 1"   --->   Operation 34 'alloca' 'A_22' <Predicate = true> <Delay = 0.00>
ST_1 : Operation 35 [1/1] (0.00ns)   --->   "%A_23 = alloca i32 1"   --->   Operation 35 'alloca' 'A_23' <Predicate = true> <Delay = 0.00>
ST_1 : Operation 36 [1/1] (0.00ns)   --->   "%A_24 = alloca i32 1"   --->   Operation 36 'alloca' 'A_24' <Predicate = true> <Delay = 0.00>
ST_1 : Operation 37 [1/1] (0.00ns)   --->   "%A_25 = alloca i32 1"   --->   Operation 37 'alloca' 'A_25' <Predicate = true> <Delay = 0.00>
ST_1 : Operation 38 [1/1] (0.00ns)   --->   "%A_26 = alloca i32 1"   --->   Operation 38 'alloca' 'A_26' <Predicate = true> <Delay = 0.00>
ST_1 : Operation 39 [1/1] (0.00ns)   --->   "%A_27 = alloca i32 1"   --->   Operation 39 'alloca' 'A_27' <Predicate = true> <Delay = 0.00>
ST_1 : Operation 40 [1/1] (0.00ns)   --->   "%A_28 = alloca i32 1"   --->   Operation 40 'alloca' 'A_28' <Predicate = true> <Delay = 0.00>
ST_1 : Operation 41 [1/1] (0.00ns)   --->   "%A_29 = alloca i32 1"   --->   Operation 41 'alloca' 'A_29' <Predicate = true> <Delay = 0.00>
ST_1 : Operation 42 [1/1] (0.00ns)   --->   "%A_30 = alloca i32 1"   --->   Operation 42 'alloca' 'A_30' <Predicate = true> <Delay = 0.00>
ST_1 : Operation 43 [1/1] (0.00ns)   --->   "%A_31 = alloca i32 1"   --->   Operation 43 'alloca' 'A_31' <Predicate = true> <Delay = 0.00>
ST_1 : Operation 44 [1/1] (0.00ns)   --->   "%A_32 = alloca i32 1"   --->   Operation 44 'alloca' 'A_32' <Predicate = true> <Delay = 0.00>
ST_1 : Operation 45 [1/1] (0.00ns)   --->   "%A_33 = alloca i32 1"   --->   Operation 45 'alloca' 'A_33' <Predicate = true> <Delay = 0.00>
ST_1 : Operation 46 [1/1] (0.00ns)   --->   "%A_34 = alloca i32 1"   --->   Operation 46 'alloca' 'A_34' <Predicate = true> <Delay = 0.00>
ST_1 : Operation 47 [1/1] (0.00ns)   --->   "%A_35 = alloca i32 1"   --->   Operation 47 'alloca' 'A_35' <Predicate = true> <Delay = 0.00>
ST_1 : Operation 48 [1/1] (0.00ns)   --->   "%H_reload_read = read i32 @_ssdm_op_Read.ap_auto.float, i32 %H_reload"   --->   Operation 48 'read' 'H_reload_read' <Predicate = true> <Delay = 0.00>
ST_1 : Operation 49 [1/1] (0.00ns)   --->   "%H_1_reload_read = read i32 @_ssdm_op_Read.ap_auto.float, i32 %H_1_reload"   --->   Operation 49 'read' 'H_1_reload_read' <Predicate = true> <Delay = 0.00>
ST_1 : Operation 50 [1/1] (0.00ns)   --->   "%H_2_reload_read = read i32 @_ssdm_op_Read.ap_auto.float, i32 %H_2_reload"   --->   Operation 50 'read' 'H_2_reload_read' <Predicate = true> <Delay = 0.00>
ST_1 : Operation 51 [1/1] (0.00ns)   --->   "%H_3_reload_read = read i32 @_ssdm_op_Read.ap_auto.float, i32 %H_3_reload"   --->   Operation 51 'read' 'H_3_reload_read' <Predicate = true> <Delay = 0.00>
ST_1 : Operation 52 [1/1] (0.00ns)   --->   "%H_4_reload_read = read i32 @_ssdm_op_Read.ap_auto.float, i32 %H_4_reload"   --->   Operation 52 'read' 'H_4_reload_read' <Predicate = true> <Delay = 0.00>
ST_1 : Operation 53 [1/1] (0.00ns)   --->   "%H_5_reload_read = read i32 @_ssdm_op_Read.ap_auto.float, i32 %H_5_reload"   --->   Operation 53 'read' 'H_5_reload_read' <Predicate = true> <Delay = 0.00>
ST_1 : Operation 54 [1/1] (0.00ns)   --->   "%K_5_reload_read = read i32 @_ssdm_op_Read.ap_auto.float, i32 %K_5_reload"   --->   Operation 54 'read' 'K_5_reload_read' <Predicate = true> <Delay = 0.00>
ST_1 : Operation 55 [1/1] (0.00ns)   --->   "%K_4_reload_read = read i32 @_ssdm_op_Read.ap_auto.float, i32 %K_4_reload"   --->   Operation 55 'read' 'K_4_reload_read' <Predicate = true> <Delay = 0.00>
ST_1 : Operation 56 [1/1] (0.00ns)   --->   "%K_3_reload_read = read i32 @_ssdm_op_Read.ap_auto.float, i32 %K_3_reload"   --->   Operation 56 'read' 'K_3_reload_read' <Predicate = true> <Delay = 0.00>
ST_1 : Operation 57 [1/1] (0.00ns)   --->   "%K_2_reload_read = read i32 @_ssdm_op_Read.ap_auto.float, i32 %K_2_reload"   --->   Operation 57 'read' 'K_2_reload_read' <Predicate = true> <Delay = 0.00>
ST_1 : Operation 58 [1/1] (0.00ns)   --->   "%K_1_reload_read = read i32 @_ssdm_op_Read.ap_auto.float, i32 %K_1_reload"   --->   Operation 58 'read' 'K_1_reload_read' <Predicate = true> <Delay = 0.00>
ST_1 : Operation 59 [1/1] (0.00ns)   --->   "%K_reload_read = read i32 @_ssdm_op_Read.ap_auto.float, i32 %K_reload"   --->   Operation 59 'read' 'K_reload_read' <Predicate = true> <Delay = 0.00>
ST_1 : Operation 60 [1/1] (0.42ns)   --->   "%store_ln0 = store i3 0, i3 %i"   --->   Operation 60 'store' 'store_ln0' <Predicate = true> <Delay = 0.42>
ST_1 : Operation 61 [1/1] (0.00ns)   --->   "%br_ln0 = br void %for.body63.i"   --->   Operation 61 'br' 'br_ln0' <Predicate = true> <Delay = 0.00>
ST_1 : Operation 62 [1/1] (0.00ns)   --->   "%i_13 = load i3 %i" [ekf_core.cpp:109->ekf_core.cpp:169]   --->   Operation 62 'load' 'i_13' <Predicate = true> <Delay = 0.00>
ST_1 : Operation 63 [1/1] (0.00ns)   --->   "%specpipeline_ln0 = specpipeline void @_ssdm_op_SpecPipeline, i32 4294967295, i32 0, i32 1, i32 0, void @p_str"   --->   Operation 63 'specpipeline' 'specpipeline_ln0' <Predicate = true> <Delay = 0.00>
ST_1 : Operation 64 [1/1] (0.67ns)   --->   "%icmp_ln109 = icmp_eq  i3 %i_13, i3 6" [ekf_core.cpp:109->ekf_core.cpp:169]   --->   Operation 64 'icmp' 'icmp_ln109' <Predicate = true> <Delay = 0.67> <CoreInst = "Cmp">   --->   Core 9 'Cmp' <Latency = 0> <II = 1> <Delay = 0.67> <FuncUnit> <Opcode : 'icmp'> <InPorts = 2> <OutPorts = 1>
ST_1 : Operation 65 [1/1] (0.67ns)   --->   "%add_ln109 = add i3 %i_13, i3 1" [ekf_core.cpp:109->ekf_core.cpp:169]   --->   Operation 65 'add' 'add_ln109' <Predicate = true> <Delay = 0.67> <CoreInst = "Adder">   --->   Core 1 'Adder' <Latency = 0> <II = 1> <Delay = 0.67> <FuncUnit> <Opcode : 'add' 'sub'> <InPorts = 2> <OutPorts = 1>
ST_1 : Operation 66 [1/1] (0.00ns)   --->   "%br_ln109 = br i1 %icmp_ln109, void %for.body63.i.split, void %for.body8.i.i47.preheader.exitStub" [ekf_core.cpp:109->ekf_core.cpp:169]   --->   Operation 66 'br' 'br_ln109' <Predicate = true> <Delay = 0.00>
ST_1 : Operation 67 [1/1] (0.62ns)   --->   "%tmp_s = mux i32 @_ssdm_op_Mux.ap_auto.6f32.i3, i32 %K_reload_read, i32 %K_1_reload_read, i32 %K_2_reload_read, i32 %K_3_reload_read, i32 %K_4_reload_read, i32 %K_5_reload_read, i3 %i_13" [ekf_core.cpp:112->ekf_core.cpp:169]   --->   Operation 67 'mux' 'tmp_s' <Predicate = (!icmp_ln109)> <Delay = 0.62> <CoreInst = "Multiplexer">   --->   Core 76 'Multiplexer' <Latency = 0> <II = 1> <Delay = 0.62> <FuncUnit> <Opcode : 'mux'> <InPorts = 2> <OutPorts = 1>
ST_1 : Operation 68 [1/1] (0.73ns)   --->   "%switch_ln112 = switch i3 %i_13, void %arrayidx737.i.5.case.5, i3 0, void %for.body63.i.split.arrayidx737.i.5.exit_crit_edge13, i3 1, void %arrayidx737.i.5.case.1, i3 2, void %arrayidx737.i.5.case.2, i3 3, void %arrayidx737.i.5.case.3, i3 4, void %for.body63.i.split.arrayidx737.i.5.exit_crit_edge" [ekf_core.cpp:112->ekf_core.cpp:169]   --->   Operation 68 'switch' 'switch_ln112' <Predicate = (!icmp_ln109)> <Delay = 0.73>
ST_1 : Operation 69 [1/1] (0.42ns)   --->   "%store_ln109 = store i3 %add_ln109, i3 %i" [ekf_core.cpp:109->ekf_core.cpp:169]   --->   Operation 69 'store' 'store_ln109' <Predicate = (!icmp_ln109)> <Delay = 0.42>
ST_1 : Operation 70 [1/1] (0.00ns)   --->   "%br_ln109 = br void %for.body63.i" [ekf_core.cpp:109->ekf_core.cpp:169]   --->   Operation 70 'br' 'br_ln109' <Predicate = (!icmp_ln109)> <Delay = 0.00>

State 2 <SV = 1> <Delay = 7.01>
ST_2 : [1/1] (0.96ns)   --->   Input mux for Operation 71 '%mul69_i = fmul i32 %tmp_s, i32 %H_5_reload_read'
ST_2 : Operation 71 [3/3] (6.04ns)   --->   "%mul69_i = fmul i32 %tmp_s, i32 %H_5_reload_read" [ekf_core.cpp:112->ekf_core.cpp:169]   --->   Operation 71 'fmul' 'mul69_i' <Predicate = true> <Delay = 6.04> <CoreInst = "FMul_maxdsp">   --->   Core 30 'FMul_maxdsp' <Latency = 2> <II = 1> <Delay = 7.01> <FuncUnit> <Opcode : 'fmul'> <InPorts = 2> <OutPorts = 1>
ST_2 : [1/1] (0.96ns)   --->   Input mux for Operation 72 '%mul69_i_1 = fmul i32 %tmp_s, i32 %H_4_reload_read'
ST_2 : Operation 72 [3/3] (6.04ns)   --->   "%mul69_i_1 = fmul i32 %tmp_s, i32 %H_4_reload_read" [ekf_core.cpp:112->ekf_core.cpp:169]   --->   Operation 72 'fmul' 'mul69_i_1' <Predicate = true> <Delay = 6.04> <CoreInst = "FMul_maxdsp">   --->   Core 30 'FMul_maxdsp' <Latency = 2> <II = 1> <Delay = 7.01> <FuncUnit> <Opcode : 'fmul'> <InPorts = 2> <OutPorts = 1>
ST_2 : [1/1] (0.96ns)   --->   Input mux for Operation 73 '%mul69_i_2 = fmul i32 %tmp_s, i32 %H_3_reload_read'
ST_2 : Operation 73 [3/3] (6.04ns)   --->   "%mul69_i_2 = fmul i32 %tmp_s, i32 %H_3_reload_read" [ekf_core.cpp:112->ekf_core.cpp:169]   --->   Operation 73 'fmul' 'mul69_i_2' <Predicate = true> <Delay = 6.04> <CoreInst = "FMul_maxdsp">   --->   Core 30 'FMul_maxdsp' <Latency = 2> <II = 1> <Delay = 7.01> <FuncUnit> <Opcode : 'fmul'> <InPorts = 2> <OutPorts = 1>
ST_2 : [1/1] (0.96ns)   --->   Input mux for Operation 74 '%mul69_i_3 = fmul i32 %tmp_s, i32 %H_2_reload_read'
ST_2 : Operation 74 [3/3] (6.04ns)   --->   "%mul69_i_3 = fmul i32 %tmp_s, i32 %H_2_reload_read" [ekf_core.cpp:112->ekf_core.cpp:169]   --->   Operation 74 'fmul' 'mul69_i_3' <Predicate = true> <Delay = 6.04> <CoreInst = "FMul_maxdsp">   --->   Core 30 'FMul_maxdsp' <Latency = 2> <II = 1> <Delay = 7.01> <FuncUnit> <Opcode : 'fmul'> <InPorts = 2> <OutPorts = 1>
ST_2 : [1/1] (0.96ns)   --->   Input mux for Operation 75 '%mul69_i_4 = fmul i32 %tmp_s, i32 %H_1_reload_read'
ST_2 : Operation 75 [3/3] (6.04ns)   --->   "%mul69_i_4 = fmul i32 %tmp_s, i32 %H_1_reload_read" [ekf_core.cpp:112->ekf_core.cpp:169]   --->   Operation 75 'fmul' 'mul69_i_4' <Predicate = true> <Delay = 6.04> <CoreInst = "FMul_maxdsp">   --->   Core 30 'FMul_maxdsp' <Latency = 2> <II = 1> <Delay = 7.01> <FuncUnit> <Opcode : 'fmul'> <InPorts = 2> <OutPorts = 1>
ST_2 : [1/1] (0.96ns)   --->   Input mux for Operation 76 '%mul69_i_5 = fmul i32 %tmp_s, i32 %H_reload_read'
ST_2 : Operation 76 [3/3] (6.04ns)   --->   "%mul69_i_5 = fmul i32 %tmp_s, i32 %H_reload_read" [ekf_core.cpp:112->ekf_core.cpp:169]   --->   Operation 76 'fmul' 'mul69_i_5' <Predicate = true> <Delay = 6.04> <CoreInst = "FMul_maxdsp">   --->   Core 30 'FMul_maxdsp' <Latency = 2> <II = 1> <Delay = 7.01> <FuncUnit> <Opcode : 'fmul'> <InPorts = 2> <OutPorts = 1>

State 3 <SV = 2> <Delay = 7.01>
ST_3 : Operation 77 [2/3] (7.01ns)   --->   "%mul69_i = fmul i32 %tmp_s, i32 %H_5_reload_read" [ekf_core.cpp:112->ekf_core.cpp:169]   --->   Operation 77 'fmul' 'mul69_i' <Predicate = true> <Delay = 7.01> <CoreInst = "FMul_maxdsp">   --->   Core 30 'FMul_maxdsp' <Latency = 2> <II = 1> <Delay = 7.01> <FuncUnit> <Opcode : 'fmul'> <InPorts = 2> <OutPorts = 1>
ST_3 : Operation 78 [2/3] (7.01ns)   --->   "%mul69_i_1 = fmul i32 %tmp_s, i32 %H_4_reload_read" [ekf_core.cpp:112->ekf_core.cpp:169]   --->   Operation 78 'fmul' 'mul69_i_1' <Predicate = true> <Delay = 7.01> <CoreInst = "FMul_maxdsp">   --->   Core 30 'FMul_maxdsp' <Latency = 2> <II = 1> <Delay = 7.01> <FuncUnit> <Opcode : 'fmul'> <InPorts = 2> <OutPorts = 1>
ST_3 : Operation 79 [2/3] (7.01ns)   --->   "%mul69_i_2 = fmul i32 %tmp_s, i32 %H_3_reload_read" [ekf_core.cpp:112->ekf_core.cpp:169]   --->   Operation 79 'fmul' 'mul69_i_2' <Predicate = true> <Delay = 7.01> <CoreInst = "FMul_maxdsp">   --->   Core 30 'FMul_maxdsp' <Latency = 2> <II = 1> <Delay = 7.01> <FuncUnit> <Opcode : 'fmul'> <InPorts = 2> <OutPorts = 1>
ST_3 : Operation 80 [2/3] (7.01ns)   --->   "%mul69_i_3 = fmul i32 %tmp_s, i32 %H_2_reload_read" [ekf_core.cpp:112->ekf_core.cpp:169]   --->   Operation 80 'fmul' 'mul69_i_3' <Predicate = true> <Delay = 7.01> <CoreInst = "FMul_maxdsp">   --->   Core 30 'FMul_maxdsp' <Latency = 2> <II = 1> <Delay = 7.01> <FuncUnit> <Opcode : 'fmul'> <InPorts = 2> <OutPorts = 1>
ST_3 : Operation 81 [2/3] (7.01ns)   --->   "%mul69_i_4 = fmul i32 %tmp_s, i32 %H_1_reload_read" [ekf_core.cpp:112->ekf_core.cpp:169]   --->   Operation 81 'fmul' 'mul69_i_4' <Predicate = true> <Delay = 7.01> <CoreInst = "FMul_maxdsp">   --->   Core 30 'FMul_maxdsp' <Latency = 2> <II = 1> <Delay = 7.01> <FuncUnit> <Opcode : 'fmul'> <InPorts = 2> <OutPorts = 1>
ST_3 : Operation 82 [2/3] (7.01ns)   --->   "%mul69_i_5 = fmul i32 %tmp_s, i32 %H_reload_read" [ekf_core.cpp:112->ekf_core.cpp:169]   --->   Operation 82 'fmul' 'mul69_i_5' <Predicate = true> <Delay = 7.01> <CoreInst = "FMul_maxdsp">   --->   Core 30 'FMul_maxdsp' <Latency = 2> <II = 1> <Delay = 7.01> <FuncUnit> <Opcode : 'fmul'> <InPorts = 2> <OutPorts = 1>

State 4 <SV = 3> <Delay = 7.01>
ST_4 : Operation 83 [1/1] (0.67ns)   --->   "%icmp_ln112 = icmp_eq  i3 %i_13, i3 0" [ekf_core.cpp:112->ekf_core.cpp:169]   --->   Operation 83 'icmp' 'icmp_ln112' <Predicate = true> <Delay = 0.67> <CoreInst = "Cmp">   --->   Core 9 'Cmp' <Latency = 0> <II = 1> <Delay = 0.67> <FuncUnit> <Opcode : 'icmp'> <InPorts = 2> <OutPorts = 1>
ST_4 : Operation 84 [1/3] (7.01ns)   --->   "%mul69_i = fmul i32 %tmp_s, i32 %H_5_reload_read" [ekf_core.cpp:112->ekf_core.cpp:169]   --->   Operation 84 'fmul' 'mul69_i' <Predicate = true> <Delay = 7.01> <CoreInst = "FMul_maxdsp">   --->   Core 30 'FMul_maxdsp' <Latency = 2> <II = 1> <Delay = 7.01> <FuncUnit> <Opcode : 'fmul'> <InPorts = 2> <OutPorts = 1>
ST_4 : Operation 85 [1/1] (0.67ns)   --->   "%icmp_ln112_1 = icmp_eq  i3 %i_13, i3 1" [ekf_core.cpp:112->ekf_core.cpp:169]   --->   Operation 85 'icmp' 'icmp_ln112_1' <Predicate = true> <Delay = 0.67> <CoreInst = "Cmp">   --->   Core 9 'Cmp' <Latency = 0> <II = 1> <Delay = 0.67> <FuncUnit> <Opcode : 'icmp'> <InPorts = 2> <OutPorts = 1>
ST_4 : Operation 86 [1/3] (7.01ns)   --->   "%mul69_i_1 = fmul i32 %tmp_s, i32 %H_4_reload_read" [ekf_core.cpp:112->ekf_core.cpp:169]   --->   Operation 86 'fmul' 'mul69_i_1' <Predicate = true> <Delay = 7.01> <CoreInst = "FMul_maxdsp">   --->   Core 30 'FMul_maxdsp' <Latency = 2> <II = 1> <Delay = 7.01> <FuncUnit> <Opcode : 'fmul'> <InPorts = 2> <OutPorts = 1>
ST_4 : Operation 87 [1/1] (0.67ns)   --->   "%icmp_ln112_2 = icmp_eq  i3 %i_13, i3 2" [ekf_core.cpp:112->ekf_core.cpp:169]   --->   Operation 87 'icmp' 'icmp_ln112_2' <Predicate = true> <Delay = 0.67> <CoreInst = "Cmp">   --->   Core 9 'Cmp' <Latency = 0> <II = 1> <Delay = 0.67> <FuncUnit> <Opcode : 'icmp'> <InPorts = 2> <OutPorts = 1>
ST_4 : Operation 88 [1/3] (7.01ns)   --->   "%mul69_i_2 = fmul i32 %tmp_s, i32 %H_3_reload_read" [ekf_core.cpp:112->ekf_core.cpp:169]   --->   Operation 88 'fmul' 'mul69_i_2' <Predicate = true> <Delay = 7.01> <CoreInst = "FMul_maxdsp">   --->   Core 30 'FMul_maxdsp' <Latency = 2> <II = 1> <Delay = 7.01> <FuncUnit> <Opcode : 'fmul'> <InPorts = 2> <OutPorts = 1>
ST_4 : Operation 89 [1/1] (0.67ns)   --->   "%icmp_ln112_3 = icmp_eq  i3 %i_13, i3 3" [ekf_core.cpp:112->ekf_core.cpp:169]   --->   Operation 89 'icmp' 'icmp_ln112_3' <Predicate = true> <Delay = 0.67> <CoreInst = "Cmp">   --->   Core 9 'Cmp' <Latency = 0> <II = 1> <Delay = 0.67> <FuncUnit> <Opcode : 'icmp'> <InPorts = 2> <OutPorts = 1>
ST_4 : Operation 90 [1/3] (7.01ns)   --->   "%mul69_i_3 = fmul i32 %tmp_s, i32 %H_2_reload_read" [ekf_core.cpp:112->ekf_core.cpp:169]   --->   Operation 90 'fmul' 'mul69_i_3' <Predicate = true> <Delay = 7.01> <CoreInst = "FMul_maxdsp">   --->   Core 30 'FMul_maxdsp' <Latency = 2> <II = 1> <Delay = 7.01> <FuncUnit> <Opcode : 'fmul'> <InPorts = 2> <OutPorts = 1>
ST_4 : Operation 91 [1/1] (0.67ns)   --->   "%icmp_ln112_4 = icmp_eq  i3 %i_13, i3 4" [ekf_core.cpp:112->ekf_core.cpp:169]   --->   Operation 91 'icmp' 'icmp_ln112_4' <Predicate = true> <Delay = 0.67> <CoreInst = "Cmp">   --->   Core 9 'Cmp' <Latency = 0> <II = 1> <Delay = 0.67> <FuncUnit> <Opcode : 'icmp'> <InPorts = 2> <OutPorts = 1>
ST_4 : Operation 92 [1/3] (7.01ns)   --->   "%mul69_i_4 = fmul i32 %tmp_s, i32 %H_1_reload_read" [ekf_core.cpp:112->ekf_core.cpp:169]   --->   Operation 92 'fmul' 'mul69_i_4' <Predicate = true> <Delay = 7.01> <CoreInst = "FMul_maxdsp">   --->   Core 30 'FMul_maxdsp' <Latency = 2> <II = 1> <Delay = 7.01> <FuncUnit> <Opcode : 'fmul'> <InPorts = 2> <OutPorts = 1>
ST_4 : Operation 93 [1/1] (0.67ns)   --->   "%icmp_ln112_5 = icmp_eq  i3 %i_13, i3 5" [ekf_core.cpp:112->ekf_core.cpp:169]   --->   Operation 93 'icmp' 'icmp_ln112_5' <Predicate = true> <Delay = 0.67> <CoreInst = "Cmp">   --->   Core 9 'Cmp' <Latency = 0> <II = 1> <Delay = 0.67> <FuncUnit> <Opcode : 'icmp'> <InPorts = 2> <OutPorts = 1>
ST_4 : Operation 94 [1/3] (7.01ns)   --->   "%mul69_i_5 = fmul i32 %tmp_s, i32 %H_reload_read" [ekf_core.cpp:112->ekf_core.cpp:169]   --->   Operation 94 'fmul' 'mul69_i_5' <Predicate = true> <Delay = 7.01> <CoreInst = "FMul_maxdsp">   --->   Core 30 'FMul_maxdsp' <Latency = 2> <II = 1> <Delay = 7.01> <FuncUnit> <Opcode : 'fmul'> <InPorts = 2> <OutPorts = 1>

State 5 <SV = 4> <Delay = 6.88>
ST_5 : Operation 95 [1/1] (0.44ns)   --->   "%select_ln112 = select i1 %icmp_ln112, i32 1, i32 0" [ekf_core.cpp:112->ekf_core.cpp:169]   --->   Operation 95 'select' 'select_ln112' <Predicate = true> <Delay = 0.44> <CoreInst = "Sel">   --->   Core 73 'Sel' <Latency = 0> <II = 1> <Delay = 0.44> <FuncUnit> <Opcode : 'select'> <InPorts = 3> <OutPorts = 1>
ST_5 : [1/1] (0.62ns)   --->   Input mux for Operation 96 '%A_41 = fsub i32 %select_ln112, i32 %mul69_i'
ST_5 : Operation 96 [4/4] (5.81ns)   --->   "%A_41 = fsub i32 %select_ln112, i32 %mul69_i" [ekf_core.cpp:112->ekf_core.cpp:169]   --->   Operation 96 'fsub' 'A_41' <Predicate = true> <Delay = 5.81> <CoreInst = "FAddSub_fulldsp">   --->   Core 18 'FAddSub_fulldsp' <Latency = 3> <II = 1> <Delay = 6.43> <FuncUnit> <Opcode : 'fadd' 'fsub'> <InPorts = 2> <OutPorts = 1>
ST_5 : Operation 97 [1/1] (0.44ns)   --->   "%select_ln112_1 = select i1 %icmp_ln112_1, i32 1, i32 0" [ekf_core.cpp:112->ekf_core.cpp:169]   --->   Operation 97 'select' 'select_ln112_1' <Predicate = true> <Delay = 0.44> <CoreInst = "Sel">   --->   Core 73 'Sel' <Latency = 0> <II = 1> <Delay = 0.44> <FuncUnit> <Opcode : 'select'> <InPorts = 3> <OutPorts = 1>
ST_5 : [1/1] (0.62ns)   --->   Input mux for Operation 98 '%A_42 = fsub i32 %select_ln112_1, i32 %mul69_i_1'
ST_5 : Operation 98 [4/4] (5.81ns)   --->   "%A_42 = fsub i32 %select_ln112_1, i32 %mul69_i_1" [ekf_core.cpp:112->ekf_core.cpp:169]   --->   Operation 98 'fsub' 'A_42' <Predicate = true> <Delay = 5.81> <CoreInst = "FAddSub_fulldsp">   --->   Core 18 'FAddSub_fulldsp' <Latency = 3> <II = 1> <Delay = 6.43> <FuncUnit> <Opcode : 'fadd' 'fsub'> <InPorts = 2> <OutPorts = 1>
ST_5 : Operation 99 [1/1] (0.44ns)   --->   "%select_ln112_2 = select i1 %icmp_ln112_2, i32 1, i32 0" [ekf_core.cpp:112->ekf_core.cpp:169]   --->   Operation 99 'select' 'select_ln112_2' <Predicate = true> <Delay = 0.44> <CoreInst = "Sel">   --->   Core 73 'Sel' <Latency = 0> <II = 1> <Delay = 0.44> <FuncUnit> <Opcode : 'select'> <InPorts = 3> <OutPorts = 1>
ST_5 : [1/1] (0.62ns)   --->   Input mux for Operation 100 '%A_43 = fsub i32 %select_ln112_2, i32 %mul69_i_2'
ST_5 : Operation 100 [4/4] (5.81ns)   --->   "%A_43 = fsub i32 %select_ln112_2, i32 %mul69_i_2" [ekf_core.cpp:112->ekf_core.cpp:169]   --->   Operation 100 'fsub' 'A_43' <Predicate = true> <Delay = 5.81> <CoreInst = "FAddSub_fulldsp">   --->   Core 18 'FAddSub_fulldsp' <Latency = 3> <II = 1> <Delay = 6.43> <FuncUnit> <Opcode : 'fadd' 'fsub'> <InPorts = 2> <OutPorts = 1>
ST_5 : Operation 101 [1/1] (0.44ns)   --->   "%select_ln112_3 = select i1 %icmp_ln112_3, i32 1, i32 0" [ekf_core.cpp:112->ekf_core.cpp:169]   --->   Operation 101 'select' 'select_ln112_3' <Predicate = true> <Delay = 0.44> <CoreInst = "Sel">   --->   Core 73 'Sel' <Latency = 0> <II = 1> <Delay = 0.44> <FuncUnit> <Opcode : 'select'> <InPorts = 3> <OutPorts = 1>
ST_5 : [1/1] (0.62ns)   --->   Input mux for Operation 102 '%A_44 = fsub i32 %select_ln112_3, i32 %mul69_i_3'
ST_5 : Operation 102 [4/4] (5.81ns)   --->   "%A_44 = fsub i32 %select_ln112_3, i32 %mul69_i_3" [ekf_core.cpp:112->ekf_core.cpp:169]   --->   Operation 102 'fsub' 'A_44' <Predicate = true> <Delay = 5.81> <CoreInst = "FAddSub_fulldsp">   --->   Core 18 'FAddSub_fulldsp' <Latency = 3> <II = 1> <Delay = 6.43> <FuncUnit> <Opcode : 'fadd' 'fsub'> <InPorts = 2> <OutPorts = 1>
ST_5 : Operation 103 [1/1] (0.44ns)   --->   "%select_ln112_4 = select i1 %icmp_ln112_4, i32 1, i32 0" [ekf_core.cpp:112->ekf_core.cpp:169]   --->   Operation 103 'select' 'select_ln112_4' <Predicate = true> <Delay = 0.44> <CoreInst = "Sel">   --->   Core 73 'Sel' <Latency = 0> <II = 1> <Delay = 0.44> <FuncUnit> <Opcode : 'select'> <InPorts = 3> <OutPorts = 1>
ST_5 : [1/1] (0.62ns)   --->   Input mux for Operation 104 '%A_45 = fsub i32 %select_ln112_4, i32 %mul69_i_4'
ST_5 : Operation 104 [4/4] (5.81ns)   --->   "%A_45 = fsub i32 %select_ln112_4, i32 %mul69_i_4" [ekf_core.cpp:112->ekf_core.cpp:169]   --->   Operation 104 'fsub' 'A_45' <Predicate = true> <Delay = 5.81> <CoreInst = "FAddSub_fulldsp">   --->   Core 18 'FAddSub_fulldsp' <Latency = 3> <II = 1> <Delay = 6.43> <FuncUnit> <Opcode : 'fadd' 'fsub'> <InPorts = 2> <OutPorts = 1>
ST_5 : Operation 105 [1/1] (0.44ns)   --->   "%select_ln112_5 = select i1 %icmp_ln112_5, i32 1, i32 0" [ekf_core.cpp:112->ekf_core.cpp:169]   --->   Operation 105 'select' 'select_ln112_5' <Predicate = true> <Delay = 0.44> <CoreInst = "Sel">   --->   Core 73 'Sel' <Latency = 0> <II = 1> <Delay = 0.44> <FuncUnit> <Opcode : 'select'> <InPorts = 3> <OutPorts = 1>
ST_5 : [1/1] (0.62ns)   --->   Input mux for Operation 106 '%A_46 = fsub i32 %select_ln112_5, i32 %mul69_i_5'
ST_5 : Operation 106 [4/4] (5.81ns)   --->   "%A_46 = fsub i32 %select_ln112_5, i32 %mul69_i_5" [ekf_core.cpp:112->ekf_core.cpp:169]   --->   Operation 106 'fsub' 'A_46' <Predicate = true> <Delay = 5.81> <CoreInst = "FAddSub_fulldsp">   --->   Core 18 'FAddSub_fulldsp' <Latency = 3> <II = 1> <Delay = 6.43> <FuncUnit> <Opcode : 'fadd' 'fsub'> <InPorts = 2> <OutPorts = 1>

State 6 <SV = 5> <Delay = 6.43>
ST_6 : Operation 107 [3/4] (6.43ns)   --->   "%A_41 = fsub i32 %select_ln112, i32 %mul69_i" [ekf_core.cpp:112->ekf_core.cpp:169]   --->   Operation 107 'fsub' 'A_41' <Predicate = true> <Delay = 6.43> <CoreInst = "FAddSub_fulldsp">   --->   Core 18 'FAddSub_fulldsp' <Latency = 3> <II = 1> <Delay = 6.43> <FuncUnit> <Opcode : 'fadd' 'fsub'> <InPorts = 2> <OutPorts = 1>
ST_6 : Operation 108 [3/4] (6.43ns)   --->   "%A_42 = fsub i32 %select_ln112_1, i32 %mul69_i_1" [ekf_core.cpp:112->ekf_core.cpp:169]   --->   Operation 108 'fsub' 'A_42' <Predicate = true> <Delay = 6.43> <CoreInst = "FAddSub_fulldsp">   --->   Core 18 'FAddSub_fulldsp' <Latency = 3> <II = 1> <Delay = 6.43> <FuncUnit> <Opcode : 'fadd' 'fsub'> <InPorts = 2> <OutPorts = 1>
ST_6 : Operation 109 [3/4] (6.43ns)   --->   "%A_43 = fsub i32 %select_ln112_2, i32 %mul69_i_2" [ekf_core.cpp:112->ekf_core.cpp:169]   --->   Operation 109 'fsub' 'A_43' <Predicate = true> <Delay = 6.43> <CoreInst = "FAddSub_fulldsp">   --->   Core 18 'FAddSub_fulldsp' <Latency = 3> <II = 1> <Delay = 6.43> <FuncUnit> <Opcode : 'fadd' 'fsub'> <InPorts = 2> <OutPorts = 1>
ST_6 : Operation 110 [3/4] (6.43ns)   --->   "%A_44 = fsub i32 %select_ln112_3, i32 %mul69_i_3" [ekf_core.cpp:112->ekf_core.cpp:169]   --->   Operation 110 'fsub' 'A_44' <Predicate = true> <Delay = 6.43> <CoreInst = "FAddSub_fulldsp">   --->   Core 18 'FAddSub_fulldsp' <Latency = 3> <II = 1> <Delay = 6.43> <FuncUnit> <Opcode : 'fadd' 'fsub'> <InPorts = 2> <OutPorts = 1>
ST_6 : Operation 111 [3/4] (6.43ns)   --->   "%A_45 = fsub i32 %select_ln112_4, i32 %mul69_i_4" [ekf_core.cpp:112->ekf_core.cpp:169]   --->   Operation 111 'fsub' 'A_45' <Predicate = true> <Delay = 6.43> <CoreInst = "FAddSub_fulldsp">   --->   Core 18 'FAddSub_fulldsp' <Latency = 3> <II = 1> <Delay = 6.43> <FuncUnit> <Opcode : 'fadd' 'fsub'> <InPorts = 2> <OutPorts = 1>
ST_6 : Operation 112 [3/4] (6.43ns)   --->   "%A_46 = fsub i32 %select_ln112_5, i32 %mul69_i_5" [ekf_core.cpp:112->ekf_core.cpp:169]   --->   Operation 112 'fsub' 'A_46' <Predicate = true> <Delay = 6.43> <CoreInst = "FAddSub_fulldsp">   --->   Core 18 'FAddSub_fulldsp' <Latency = 3> <II = 1> <Delay = 6.43> <FuncUnit> <Opcode : 'fadd' 'fsub'> <InPorts = 2> <OutPorts = 1>

State 7 <SV = 6> <Delay = 6.43>
ST_7 : Operation 113 [2/4] (6.43ns)   --->   "%A_41 = fsub i32 %select_ln112, i32 %mul69_i" [ekf_core.cpp:112->ekf_core.cpp:169]   --->   Operation 113 'fsub' 'A_41' <Predicate = true> <Delay = 6.43> <CoreInst = "FAddSub_fulldsp">   --->   Core 18 'FAddSub_fulldsp' <Latency = 3> <II = 1> <Delay = 6.43> <FuncUnit> <Opcode : 'fadd' 'fsub'> <InPorts = 2> <OutPorts = 1>
ST_7 : Operation 114 [2/4] (6.43ns)   --->   "%A_42 = fsub i32 %select_ln112_1, i32 %mul69_i_1" [ekf_core.cpp:112->ekf_core.cpp:169]   --->   Operation 114 'fsub' 'A_42' <Predicate = true> <Delay = 6.43> <CoreInst = "FAddSub_fulldsp">   --->   Core 18 'FAddSub_fulldsp' <Latency = 3> <II = 1> <Delay = 6.43> <FuncUnit> <Opcode : 'fadd' 'fsub'> <InPorts = 2> <OutPorts = 1>
ST_7 : Operation 115 [2/4] (6.43ns)   --->   "%A_43 = fsub i32 %select_ln112_2, i32 %mul69_i_2" [ekf_core.cpp:112->ekf_core.cpp:169]   --->   Operation 115 'fsub' 'A_43' <Predicate = true> <Delay = 6.43> <CoreInst = "FAddSub_fulldsp">   --->   Core 18 'FAddSub_fulldsp' <Latency = 3> <II = 1> <Delay = 6.43> <FuncUnit> <Opcode : 'fadd' 'fsub'> <InPorts = 2> <OutPorts = 1>
ST_7 : Operation 116 [2/4] (6.43ns)   --->   "%A_44 = fsub i32 %select_ln112_3, i32 %mul69_i_3" [ekf_core.cpp:112->ekf_core.cpp:169]   --->   Operation 116 'fsub' 'A_44' <Predicate = true> <Delay = 6.43> <CoreInst = "FAddSub_fulldsp">   --->   Core 18 'FAddSub_fulldsp' <Latency = 3> <II = 1> <Delay = 6.43> <FuncUnit> <Opcode : 'fadd' 'fsub'> <InPorts = 2> <OutPorts = 1>
ST_7 : Operation 117 [2/4] (6.43ns)   --->   "%A_45 = fsub i32 %select_ln112_4, i32 %mul69_i_4" [ekf_core.cpp:112->ekf_core.cpp:169]   --->   Operation 117 'fsub' 'A_45' <Predicate = true> <Delay = 6.43> <CoreInst = "FAddSub_fulldsp">   --->   Core 18 'FAddSub_fulldsp' <Latency = 3> <II = 1> <Delay = 6.43> <FuncUnit> <Opcode : 'fadd' 'fsub'> <InPorts = 2> <OutPorts = 1>
ST_7 : Operation 118 [2/4] (6.43ns)   --->   "%A_46 = fsub i32 %select_ln112_5, i32 %mul69_i_5" [ekf_core.cpp:112->ekf_core.cpp:169]   --->   Operation 118 'fsub' 'A_46' <Predicate = true> <Delay = 6.43> <CoreInst = "FAddSub_fulldsp">   --->   Core 18 'FAddSub_fulldsp' <Latency = 3> <II = 1> <Delay = 6.43> <FuncUnit> <Opcode : 'fadd' 'fsub'> <InPorts = 2> <OutPorts = 1>
ST_7 : Operation 169 [1/1] (0.00ns)   --->   "%A_load = load i32 %A"   --->   Operation 169 'load' 'A_load' <Predicate = (icmp_ln109)> <Delay = 0.00>
ST_7 : Operation 170 [1/1] (0.00ns)   --->   "%A_1_load = load i32 %A_1"   --->   Operation 170 'load' 'A_1_load' <Predicate = (icmp_ln109)> <Delay = 0.00>
ST_7 : Operation 171 [1/1] (0.00ns)   --->   "%A_2_load = load i32 %A_2"   --->   Operation 171 'load' 'A_2_load' <Predicate = (icmp_ln109)> <Delay = 0.00>
ST_7 : Operation 172 [1/1] (0.00ns)   --->   "%A_3_load = load i32 %A_3"   --->   Operation 172 'load' 'A_3_load' <Predicate = (icmp_ln109)> <Delay = 0.00>
ST_7 : Operation 173 [1/1] (0.00ns)   --->   "%A_4_load = load i32 %A_4"   --->   Operation 173 'load' 'A_4_load' <Predicate = (icmp_ln109)> <Delay = 0.00>
ST_7 : Operation 174 [1/1] (0.00ns)   --->   "%A_5_load = load i32 %A_5"   --->   Operation 174 'load' 'A_5_load' <Predicate = (icmp_ln109)> <Delay = 0.00>
ST_7 : Operation 175 [1/1] (0.00ns)   --->   "%A_6_load = load i32 %A_6"   --->   Operation 175 'load' 'A_6_load' <Predicate = (icmp_ln109)> <Delay = 0.00>
ST_7 : Operation 176 [1/1] (0.00ns)   --->   "%A_7_load = load i32 %A_7"   --->   Operation 176 'load' 'A_7_load' <Predicate = (icmp_ln109)> <Delay = 0.00>
ST_7 : Operation 177 [1/1] (0.00ns)   --->   "%A_8_load = load i32 %A_8"   --->   Operation 177 'load' 'A_8_load' <Predicate = (icmp_ln109)> <Delay = 0.00>
ST_7 : Operation 178 [1/1] (0.00ns)   --->   "%A_9_load = load i32 %A_9"   --->   Operation 178 'load' 'A_9_load' <Predicate = (icmp_ln109)> <Delay = 0.00>
ST_7 : Operation 179 [1/1] (0.00ns)   --->   "%A_10_load = load i32 %A_10"   --->   Operation 179 'load' 'A_10_load' <Predicate = (icmp_ln109)> <Delay = 0.00>
ST_7 : Operation 180 [1/1] (0.00ns)   --->   "%A_11_load = load i32 %A_11"   --->   Operation 180 'load' 'A_11_load' <Predicate = (icmp_ln109)> <Delay = 0.00>
ST_7 : Operation 181 [1/1] (0.00ns)   --->   "%A_12_load = load i32 %A_12"   --->   Operation 181 'load' 'A_12_load' <Predicate = (icmp_ln109)> <Delay = 0.00>
ST_7 : Operation 182 [1/1] (0.00ns)   --->   "%A_13_load = load i32 %A_13"   --->   Operation 182 'load' 'A_13_load' <Predicate = (icmp_ln109)> <Delay = 0.00>
ST_7 : Operation 183 [1/1] (0.00ns)   --->   "%A_14_load = load i32 %A_14"   --->   Operation 183 'load' 'A_14_load' <Predicate = (icmp_ln109)> <Delay = 0.00>
ST_7 : Operation 184 [1/1] (0.00ns)   --->   "%A_15_load = load i32 %A_15"   --->   Operation 184 'load' 'A_15_load' <Predicate = (icmp_ln109)> <Delay = 0.00>
ST_7 : Operation 185 [1/1] (0.00ns)   --->   "%A_16_load = load i32 %A_16"   --->   Operation 185 'load' 'A_16_load' <Predicate = (icmp_ln109)> <Delay = 0.00>
ST_7 : Operation 186 [1/1] (0.00ns)   --->   "%A_17_load = load i32 %A_17"   --->   Operation 186 'load' 'A_17_load' <Predicate = (icmp_ln109)> <Delay = 0.00>
ST_7 : Operation 187 [1/1] (0.00ns)   --->   "%A_18_load = load i32 %A_18"   --->   Operation 187 'load' 'A_18_load' <Predicate = (icmp_ln109)> <Delay = 0.00>
ST_7 : Operation 188 [1/1] (0.00ns)   --->   "%A_19_load = load i32 %A_19"   --->   Operation 188 'load' 'A_19_load' <Predicate = (icmp_ln109)> <Delay = 0.00>
ST_7 : Operation 189 [1/1] (0.00ns)   --->   "%A_20_load = load i32 %A_20"   --->   Operation 189 'load' 'A_20_load' <Predicate = (icmp_ln109)> <Delay = 0.00>
ST_7 : Operation 190 [1/1] (0.00ns)   --->   "%A_21_load = load i32 %A_21"   --->   Operation 190 'load' 'A_21_load' <Predicate = (icmp_ln109)> <Delay = 0.00>
ST_7 : Operation 191 [1/1] (0.00ns)   --->   "%A_22_load = load i32 %A_22"   --->   Operation 191 'load' 'A_22_load' <Predicate = (icmp_ln109)> <Delay = 0.00>
ST_7 : Operation 192 [1/1] (0.00ns)   --->   "%A_23_load = load i32 %A_23"   --->   Operation 192 'load' 'A_23_load' <Predicate = (icmp_ln109)> <Delay = 0.00>
ST_7 : Operation 193 [1/1] (0.00ns)   --->   "%A_24_load = load i32 %A_24"   --->   Operation 193 'load' 'A_24_load' <Predicate = (icmp_ln109)> <Delay = 0.00>
ST_7 : Operation 194 [1/1] (0.00ns)   --->   "%A_25_load = load i32 %A_25"   --->   Operation 194 'load' 'A_25_load' <Predicate = (icmp_ln109)> <Delay = 0.00>
ST_7 : Operation 195 [1/1] (0.00ns)   --->   "%A_26_load = load i32 %A_26"   --->   Operation 195 'load' 'A_26_load' <Predicate = (icmp_ln109)> <Delay = 0.00>
ST_7 : Operation 196 [1/1] (0.00ns)   --->   "%A_27_load = load i32 %A_27"   --->   Operation 196 'load' 'A_27_load' <Predicate = (icmp_ln109)> <Delay = 0.00>
ST_7 : Operation 197 [1/1] (0.00ns)   --->   "%A_28_load = load i32 %A_28"   --->   Operation 197 'load' 'A_28_load' <Predicate = (icmp_ln109)> <Delay = 0.00>
ST_7 : Operation 198 [1/1] (0.00ns)   --->   "%A_29_load = load i32 %A_29"   --->   Operation 198 'load' 'A_29_load' <Predicate = (icmp_ln109)> <Delay = 0.00>
ST_7 : Operation 199 [1/1] (0.00ns)   --->   "%A_30_load = load i32 %A_30"   --->   Operation 199 'load' 'A_30_load' <Predicate = (icmp_ln109)> <Delay = 0.00>
ST_7 : Operation 200 [1/1] (0.00ns)   --->   "%A_31_load = load i32 %A_31"   --->   Operation 200 'load' 'A_31_load' <Predicate = (icmp_ln109)> <Delay = 0.00>
ST_7 : Operation 201 [1/1] (0.00ns)   --->   "%A_32_load = load i32 %A_32"   --->   Operation 201 'load' 'A_32_load' <Predicate = (icmp_ln109)> <Delay = 0.00>
ST_7 : Operation 202 [1/1] (0.00ns)   --->   "%A_33_load = load i32 %A_33"   --->   Operation 202 'load' 'A_33_load' <Predicate = (icmp_ln109)> <Delay = 0.00>
ST_7 : Operation 203 [1/1] (0.00ns)   --->   "%A_34_load = load i32 %A_34"   --->   Operation 203 'load' 'A_34_load' <Predicate = (icmp_ln109)> <Delay = 0.00>
ST_7 : Operation 204 [1/1] (0.00ns)   --->   "%A_35_load = load i32 %A_35"   --->   Operation 204 'load' 'A_35_load' <Predicate = (icmp_ln109)> <Delay = 0.00>
ST_7 : Operation 205 [1/1] (0.00ns)   --->   "%write_ln0 = write void @_ssdm_op_Write.ap_auto.floatP0A, i32 %A_35_out, i32 %A_35_load"   --->   Operation 205 'write' 'write_ln0' <Predicate = (icmp_ln109)> <Delay = 0.00>
ST_7 : Operation 206 [1/1] (0.00ns)   --->   "%write_ln0 = write void @_ssdm_op_Write.ap_auto.floatP0A, i32 %A_34_out, i32 %A_34_load"   --->   Operation 206 'write' 'write_ln0' <Predicate = (icmp_ln109)> <Delay = 0.00>
ST_7 : Operation 207 [1/1] (0.00ns)   --->   "%write_ln0 = write void @_ssdm_op_Write.ap_auto.floatP0A, i32 %A_33_out, i32 %A_33_load"   --->   Operation 207 'write' 'write_ln0' <Predicate = (icmp_ln109)> <Delay = 0.00>
ST_7 : Operation 208 [1/1] (0.00ns)   --->   "%write_ln0 = write void @_ssdm_op_Write.ap_auto.floatP0A, i32 %A_32_out, i32 %A_32_load"   --->   Operation 208 'write' 'write_ln0' <Predicate = (icmp_ln109)> <Delay = 0.00>
ST_7 : Operation 209 [1/1] (0.00ns)   --->   "%write_ln0 = write void @_ssdm_op_Write.ap_auto.floatP0A, i32 %A_31_out, i32 %A_31_load"   --->   Operation 209 'write' 'write_ln0' <Predicate = (icmp_ln109)> <Delay = 0.00>
ST_7 : Operation 210 [1/1] (0.00ns)   --->   "%write_ln0 = write void @_ssdm_op_Write.ap_auto.floatP0A, i32 %A_30_out, i32 %A_30_load"   --->   Operation 210 'write' 'write_ln0' <Predicate = (icmp_ln109)> <Delay = 0.00>
ST_7 : Operation 211 [1/1] (0.00ns)   --->   "%write_ln0 = write void @_ssdm_op_Write.ap_auto.floatP0A, i32 %A_29_out, i32 %A_29_load"   --->   Operation 211 'write' 'write_ln0' <Predicate = (icmp_ln109)> <Delay = 0.00>
ST_7 : Operation 212 [1/1] (0.00ns)   --->   "%write_ln0 = write void @_ssdm_op_Write.ap_auto.floatP0A, i32 %A_28_out, i32 %A_28_load"   --->   Operation 212 'write' 'write_ln0' <Predicate = (icmp_ln109)> <Delay = 0.00>
ST_7 : Operation 213 [1/1] (0.00ns)   --->   "%write_ln0 = write void @_ssdm_op_Write.ap_auto.floatP0A, i32 %A_27_out, i32 %A_27_load"   --->   Operation 213 'write' 'write_ln0' <Predicate = (icmp_ln109)> <Delay = 0.00>
ST_7 : Operation 214 [1/1] (0.00ns)   --->   "%write_ln0 = write void @_ssdm_op_Write.ap_auto.floatP0A, i32 %A_26_out, i32 %A_26_load"   --->   Operation 214 'write' 'write_ln0' <Predicate = (icmp_ln109)> <Delay = 0.00>
ST_7 : Operation 215 [1/1] (0.00ns)   --->   "%write_ln0 = write void @_ssdm_op_Write.ap_auto.floatP0A, i32 %A_25_out, i32 %A_25_load"   --->   Operation 215 'write' 'write_ln0' <Predicate = (icmp_ln109)> <Delay = 0.00>
ST_7 : Operation 216 [1/1] (0.00ns)   --->   "%write_ln0 = write void @_ssdm_op_Write.ap_auto.floatP0A, i32 %A_24_out, i32 %A_24_load"   --->   Operation 216 'write' 'write_ln0' <Predicate = (icmp_ln109)> <Delay = 0.00>
ST_7 : Operation 217 [1/1] (0.00ns)   --->   "%write_ln0 = write void @_ssdm_op_Write.ap_auto.floatP0A, i32 %A_23_out, i32 %A_23_load"   --->   Operation 217 'write' 'write_ln0' <Predicate = (icmp_ln109)> <Delay = 0.00>
ST_7 : Operation 218 [1/1] (0.00ns)   --->   "%write_ln0 = write void @_ssdm_op_Write.ap_auto.floatP0A, i32 %A_22_out, i32 %A_22_load"   --->   Operation 218 'write' 'write_ln0' <Predicate = (icmp_ln109)> <Delay = 0.00>
ST_7 : Operation 219 [1/1] (0.00ns)   --->   "%write_ln0 = write void @_ssdm_op_Write.ap_auto.floatP0A, i32 %A_21_out, i32 %A_21_load"   --->   Operation 219 'write' 'write_ln0' <Predicate = (icmp_ln109)> <Delay = 0.00>
ST_7 : Operation 220 [1/1] (0.00ns)   --->   "%write_ln0 = write void @_ssdm_op_Write.ap_auto.floatP0A, i32 %A_20_out, i32 %A_20_load"   --->   Operation 220 'write' 'write_ln0' <Predicate = (icmp_ln109)> <Delay = 0.00>
ST_7 : Operation 221 [1/1] (0.00ns)   --->   "%write_ln0 = write void @_ssdm_op_Write.ap_auto.floatP0A, i32 %A_19_out, i32 %A_19_load"   --->   Operation 221 'write' 'write_ln0' <Predicate = (icmp_ln109)> <Delay = 0.00>
ST_7 : Operation 222 [1/1] (0.00ns)   --->   "%write_ln0 = write void @_ssdm_op_Write.ap_auto.floatP0A, i32 %A_18_out, i32 %A_18_load"   --->   Operation 222 'write' 'write_ln0' <Predicate = (icmp_ln109)> <Delay = 0.00>
ST_7 : Operation 223 [1/1] (0.00ns)   --->   "%write_ln0 = write void @_ssdm_op_Write.ap_auto.floatP0A, i32 %A_17_out, i32 %A_17_load"   --->   Operation 223 'write' 'write_ln0' <Predicate = (icmp_ln109)> <Delay = 0.00>
ST_7 : Operation 224 [1/1] (0.00ns)   --->   "%write_ln0 = write void @_ssdm_op_Write.ap_auto.floatP0A, i32 %A_16_out, i32 %A_16_load"   --->   Operation 224 'write' 'write_ln0' <Predicate = (icmp_ln109)> <Delay = 0.00>
ST_7 : Operation 225 [1/1] (0.00ns)   --->   "%write_ln0 = write void @_ssdm_op_Write.ap_auto.floatP0A, i32 %A_15_out, i32 %A_15_load"   --->   Operation 225 'write' 'write_ln0' <Predicate = (icmp_ln109)> <Delay = 0.00>
ST_7 : Operation 226 [1/1] (0.00ns)   --->   "%write_ln0 = write void @_ssdm_op_Write.ap_auto.floatP0A, i32 %A_14_out, i32 %A_14_load"   --->   Operation 226 'write' 'write_ln0' <Predicate = (icmp_ln109)> <Delay = 0.00>
ST_7 : Operation 227 [1/1] (0.00ns)   --->   "%write_ln0 = write void @_ssdm_op_Write.ap_auto.floatP0A, i32 %A_13_out, i32 %A_13_load"   --->   Operation 227 'write' 'write_ln0' <Predicate = (icmp_ln109)> <Delay = 0.00>
ST_7 : Operation 228 [1/1] (0.00ns)   --->   "%write_ln0 = write void @_ssdm_op_Write.ap_auto.floatP0A, i32 %A_12_out, i32 %A_12_load"   --->   Operation 228 'write' 'write_ln0' <Predicate = (icmp_ln109)> <Delay = 0.00>
ST_7 : Operation 229 [1/1] (0.00ns)   --->   "%write_ln0 = write void @_ssdm_op_Write.ap_auto.floatP0A, i32 %A_11_out, i32 %A_11_load"   --->   Operation 229 'write' 'write_ln0' <Predicate = (icmp_ln109)> <Delay = 0.00>
ST_7 : Operation 230 [1/1] (0.00ns)   --->   "%write_ln0 = write void @_ssdm_op_Write.ap_auto.floatP0A, i32 %A_10_out, i32 %A_10_load"   --->   Operation 230 'write' 'write_ln0' <Predicate = (icmp_ln109)> <Delay = 0.00>
ST_7 : Operation 231 [1/1] (0.00ns)   --->   "%write_ln0 = write void @_ssdm_op_Write.ap_auto.floatP0A, i32 %A_9_out, i32 %A_9_load"   --->   Operation 231 'write' 'write_ln0' <Predicate = (icmp_ln109)> <Delay = 0.00>
ST_7 : Operation 232 [1/1] (0.00ns)   --->   "%write_ln0 = write void @_ssdm_op_Write.ap_auto.floatP0A, i32 %A_8_out, i32 %A_8_load"   --->   Operation 232 'write' 'write_ln0' <Predicate = (icmp_ln109)> <Delay = 0.00>
ST_7 : Operation 233 [1/1] (0.00ns)   --->   "%write_ln0 = write void @_ssdm_op_Write.ap_auto.floatP0A, i32 %A_7_out, i32 %A_7_load"   --->   Operation 233 'write' 'write_ln0' <Predicate = (icmp_ln109)> <Delay = 0.00>
ST_7 : Operation 234 [1/1] (0.00ns)   --->   "%write_ln0 = write void @_ssdm_op_Write.ap_auto.floatP0A, i32 %A_6_out, i32 %A_6_load"   --->   Operation 234 'write' 'write_ln0' <Predicate = (icmp_ln109)> <Delay = 0.00>
ST_7 : Operation 235 [1/1] (0.00ns)   --->   "%write_ln0 = write void @_ssdm_op_Write.ap_auto.floatP0A, i32 %A_5_out, i32 %A_5_load"   --->   Operation 235 'write' 'write_ln0' <Predicate = (icmp_ln109)> <Delay = 0.00>
ST_7 : Operation 236 [1/1] (0.00ns)   --->   "%write_ln0 = write void @_ssdm_op_Write.ap_auto.floatP0A, i32 %A_4_out, i32 %A_4_load"   --->   Operation 236 'write' 'write_ln0' <Predicate = (icmp_ln109)> <Delay = 0.00>
ST_7 : Operation 237 [1/1] (0.00ns)   --->   "%write_ln0 = write void @_ssdm_op_Write.ap_auto.floatP0A, i32 %A_3_out, i32 %A_3_load"   --->   Operation 237 'write' 'write_ln0' <Predicate = (icmp_ln109)> <Delay = 0.00>
ST_7 : Operation 238 [1/1] (0.00ns)   --->   "%write_ln0 = write void @_ssdm_op_Write.ap_auto.floatP0A, i32 %A_2_out, i32 %A_2_load"   --->   Operation 238 'write' 'write_ln0' <Predicate = (icmp_ln109)> <Delay = 0.00>
ST_7 : Operation 239 [1/1] (0.00ns)   --->   "%write_ln0 = write void @_ssdm_op_Write.ap_auto.floatP0A, i32 %A_1_out, i32 %A_1_load"   --->   Operation 239 'write' 'write_ln0' <Predicate = (icmp_ln109)> <Delay = 0.00>
ST_7 : Operation 240 [1/1] (0.00ns)   --->   "%write_ln0 = write void @_ssdm_op_Write.ap_auto.floatP0A, i32 %A_out, i32 %A_load"   --->   Operation 240 'write' 'write_ln0' <Predicate = (icmp_ln109)> <Delay = 0.00>
ST_7 : Operation 241 [1/1] (0.00ns)   --->   "%ret_ln0 = ret"   --->   Operation 241 'ret' 'ret_ln0' <Predicate = (icmp_ln109)> <Delay = 0.00>

State 8 <SV = 7> <Delay = 6.43>
ST_8 : Operation 119 [1/1] (0.00ns)   --->   "%speclooptripcount_ln104 = speclooptripcount void @_ssdm_op_SpecLoopTripCount, i64 6, i64 6, i64 6" [ekf_core.cpp:104->ekf_core.cpp:169]   --->   Operation 119 'speclooptripcount' 'speclooptripcount_ln104' <Predicate = true> <Delay = 0.00>
ST_8 : Operation 120 [1/1] (0.00ns)   --->   "%specloopname_ln109 = specloopname void @_ssdm_op_SpecLoopName, void @empty_25" [ekf_core.cpp:109->ekf_core.cpp:169]   --->   Operation 120 'specloopname' 'specloopname_ln109' <Predicate = true> <Delay = 0.00>
ST_8 : Operation 121 [1/4] (6.43ns)   --->   "%A_41 = fsub i32 %select_ln112, i32 %mul69_i" [ekf_core.cpp:112->ekf_core.cpp:169]   --->   Operation 121 'fsub' 'A_41' <Predicate = true> <Delay = 6.43> <CoreInst = "FAddSub_fulldsp">   --->   Core 18 'FAddSub_fulldsp' <Latency = 3> <II = 1> <Delay = 6.43> <FuncUnit> <Opcode : 'fadd' 'fsub'> <InPorts = 2> <OutPorts = 1>
ST_8 : Operation 122 [1/4] (6.43ns)   --->   "%A_42 = fsub i32 %select_ln112_1, i32 %mul69_i_1" [ekf_core.cpp:112->ekf_core.cpp:169]   --->   Operation 122 'fsub' 'A_42' <Predicate = true> <Delay = 6.43> <CoreInst = "FAddSub_fulldsp">   --->   Core 18 'FAddSub_fulldsp' <Latency = 3> <II = 1> <Delay = 6.43> <FuncUnit> <Opcode : 'fadd' 'fsub'> <InPorts = 2> <OutPorts = 1>
ST_8 : Operation 123 [1/4] (6.43ns)   --->   "%A_43 = fsub i32 %select_ln112_2, i32 %mul69_i_2" [ekf_core.cpp:112->ekf_core.cpp:169]   --->   Operation 123 'fsub' 'A_43' <Predicate = true> <Delay = 6.43> <CoreInst = "FAddSub_fulldsp">   --->   Core 18 'FAddSub_fulldsp' <Latency = 3> <II = 1> <Delay = 6.43> <FuncUnit> <Opcode : 'fadd' 'fsub'> <InPorts = 2> <OutPorts = 1>
ST_8 : Operation 124 [1/4] (6.43ns)   --->   "%A_44 = fsub i32 %select_ln112_3, i32 %mul69_i_3" [ekf_core.cpp:112->ekf_core.cpp:169]   --->   Operation 124 'fsub' 'A_44' <Predicate = true> <Delay = 6.43> <CoreInst = "FAddSub_fulldsp">   --->   Core 18 'FAddSub_fulldsp' <Latency = 3> <II = 1> <Delay = 6.43> <FuncUnit> <Opcode : 'fadd' 'fsub'> <InPorts = 2> <OutPorts = 1>
ST_8 : Operation 125 [1/4] (6.43ns)   --->   "%A_45 = fsub i32 %select_ln112_4, i32 %mul69_i_4" [ekf_core.cpp:112->ekf_core.cpp:169]   --->   Operation 125 'fsub' 'A_45' <Predicate = true> <Delay = 6.43> <CoreInst = "FAddSub_fulldsp">   --->   Core 18 'FAddSub_fulldsp' <Latency = 3> <II = 1> <Delay = 6.43> <FuncUnit> <Opcode : 'fadd' 'fsub'> <InPorts = 2> <OutPorts = 1>
ST_8 : Operation 126 [1/4] (6.43ns)   --->   "%A_46 = fsub i32 %select_ln112_5, i32 %mul69_i_5" [ekf_core.cpp:112->ekf_core.cpp:169]   --->   Operation 126 'fsub' 'A_46' <Predicate = true> <Delay = 6.43> <CoreInst = "FAddSub_fulldsp">   --->   Core 18 'FAddSub_fulldsp' <Latency = 3> <II = 1> <Delay = 6.43> <FuncUnit> <Opcode : 'fadd' 'fsub'> <InPorts = 2> <OutPorts = 1>
ST_8 : Operation 127 [1/1] (0.00ns)   --->   "%store_ln112 = store i32 %A_46, i32 %A_29" [ekf_core.cpp:112->ekf_core.cpp:169]   --->   Operation 127 'store' 'store_ln112' <Predicate = (i_13 == 4)> <Delay = 0.00>
ST_8 : Operation 128 [1/1] (0.00ns)   --->   "%store_ln112 = store i32 %A_45, i32 %A_28" [ekf_core.cpp:112->ekf_core.cpp:169]   --->   Operation 128 'store' 'store_ln112' <Predicate = (i_13 == 4)> <Delay = 0.00>
ST_8 : Operation 129 [1/1] (0.00ns)   --->   "%store_ln112 = store i32 %A_44, i32 %A_27" [ekf_core.cpp:112->ekf_core.cpp:169]   --->   Operation 129 'store' 'store_ln112' <Predicate = (i_13 == 4)> <Delay = 0.00>
ST_8 : Operation 130 [1/1] (0.00ns)   --->   "%store_ln112 = store i32 %A_43, i32 %A_26" [ekf_core.cpp:112->ekf_core.cpp:169]   --->   Operation 130 'store' 'store_ln112' <Predicate = (i_13 == 4)> <Delay = 0.00>
ST_8 : Operation 131 [1/1] (0.00ns)   --->   "%store_ln112 = store i32 %A_42, i32 %A_25" [ekf_core.cpp:112->ekf_core.cpp:169]   --->   Operation 131 'store' 'store_ln112' <Predicate = (i_13 == 4)> <Delay = 0.00>
ST_8 : Operation 132 [1/1] (0.00ns)   --->   "%store_ln112 = store i32 %A_41, i32 %A_24" [ekf_core.cpp:112->ekf_core.cpp:169]   --->   Operation 132 'store' 'store_ln112' <Predicate = (i_13 == 4)> <Delay = 0.00>
ST_8 : Operation 133 [1/1] (0.00ns)   --->   "%br_ln112 = br void %arrayidx737.i.5.exit" [ekf_core.cpp:112->ekf_core.cpp:169]   --->   Operation 133 'br' 'br_ln112' <Predicate = (i_13 == 4)> <Delay = 0.00>
ST_8 : Operation 134 [1/1] (0.00ns)   --->   "%store_ln112 = store i32 %A_46, i32 %A_23" [ekf_core.cpp:112->ekf_core.cpp:169]   --->   Operation 134 'store' 'store_ln112' <Predicate = (i_13 == 3)> <Delay = 0.00>
ST_8 : Operation 135 [1/1] (0.00ns)   --->   "%store_ln112 = store i32 %A_45, i32 %A_22" [ekf_core.cpp:112->ekf_core.cpp:169]   --->   Operation 135 'store' 'store_ln112' <Predicate = (i_13 == 3)> <Delay = 0.00>
ST_8 : Operation 136 [1/1] (0.00ns)   --->   "%store_ln112 = store i32 %A_44, i32 %A_21" [ekf_core.cpp:112->ekf_core.cpp:169]   --->   Operation 136 'store' 'store_ln112' <Predicate = (i_13 == 3)> <Delay = 0.00>
ST_8 : Operation 137 [1/1] (0.00ns)   --->   "%store_ln112 = store i32 %A_43, i32 %A_20" [ekf_core.cpp:112->ekf_core.cpp:169]   --->   Operation 137 'store' 'store_ln112' <Predicate = (i_13 == 3)> <Delay = 0.00>
ST_8 : Operation 138 [1/1] (0.00ns)   --->   "%store_ln112 = store i32 %A_42, i32 %A_19" [ekf_core.cpp:112->ekf_core.cpp:169]   --->   Operation 138 'store' 'store_ln112' <Predicate = (i_13 == 3)> <Delay = 0.00>
ST_8 : Operation 139 [1/1] (0.00ns)   --->   "%store_ln112 = store i32 %A_41, i32 %A_18" [ekf_core.cpp:112->ekf_core.cpp:169]   --->   Operation 139 'store' 'store_ln112' <Predicate = (i_13 == 3)> <Delay = 0.00>
ST_8 : Operation 140 [1/1] (0.00ns)   --->   "%br_ln112 = br void %arrayidx737.i.5.exit" [ekf_core.cpp:112->ekf_core.cpp:169]   --->   Operation 140 'br' 'br_ln112' <Predicate = (i_13 == 3)> <Delay = 0.00>
ST_8 : Operation 141 [1/1] (0.00ns)   --->   "%store_ln112 = store i32 %A_46, i32 %A_17" [ekf_core.cpp:112->ekf_core.cpp:169]   --->   Operation 141 'store' 'store_ln112' <Predicate = (i_13 == 2)> <Delay = 0.00>
ST_8 : Operation 142 [1/1] (0.00ns)   --->   "%store_ln112 = store i32 %A_45, i32 %A_16" [ekf_core.cpp:112->ekf_core.cpp:169]   --->   Operation 142 'store' 'store_ln112' <Predicate = (i_13 == 2)> <Delay = 0.00>
ST_8 : Operation 143 [1/1] (0.00ns)   --->   "%store_ln112 = store i32 %A_44, i32 %A_15" [ekf_core.cpp:112->ekf_core.cpp:169]   --->   Operation 143 'store' 'store_ln112' <Predicate = (i_13 == 2)> <Delay = 0.00>
ST_8 : Operation 144 [1/1] (0.00ns)   --->   "%store_ln112 = store i32 %A_43, i32 %A_14" [ekf_core.cpp:112->ekf_core.cpp:169]   --->   Operation 144 'store' 'store_ln112' <Predicate = (i_13 == 2)> <Delay = 0.00>
ST_8 : Operation 145 [1/1] (0.00ns)   --->   "%store_ln112 = store i32 %A_42, i32 %A_13" [ekf_core.cpp:112->ekf_core.cpp:169]   --->   Operation 145 'store' 'store_ln112' <Predicate = (i_13 == 2)> <Delay = 0.00>
ST_8 : Operation 146 [1/1] (0.00ns)   --->   "%store_ln112 = store i32 %A_41, i32 %A_12" [ekf_core.cpp:112->ekf_core.cpp:169]   --->   Operation 146 'store' 'store_ln112' <Predicate = (i_13 == 2)> <Delay = 0.00>
ST_8 : Operation 147 [1/1] (0.00ns)   --->   "%br_ln112 = br void %arrayidx737.i.5.exit" [ekf_core.cpp:112->ekf_core.cpp:169]   --->   Operation 147 'br' 'br_ln112' <Predicate = (i_13 == 2)> <Delay = 0.00>
ST_8 : Operation 148 [1/1] (0.00ns)   --->   "%store_ln112 = store i32 %A_46, i32 %A_11" [ekf_core.cpp:112->ekf_core.cpp:169]   --->   Operation 148 'store' 'store_ln112' <Predicate = (i_13 == 1)> <Delay = 0.00>
ST_8 : Operation 149 [1/1] (0.00ns)   --->   "%store_ln112 = store i32 %A_45, i32 %A_10" [ekf_core.cpp:112->ekf_core.cpp:169]   --->   Operation 149 'store' 'store_ln112' <Predicate = (i_13 == 1)> <Delay = 0.00>
ST_8 : Operation 150 [1/1] (0.00ns)   --->   "%store_ln112 = store i32 %A_44, i32 %A_9" [ekf_core.cpp:112->ekf_core.cpp:169]   --->   Operation 150 'store' 'store_ln112' <Predicate = (i_13 == 1)> <Delay = 0.00>
ST_8 : Operation 151 [1/1] (0.00ns)   --->   "%store_ln112 = store i32 %A_43, i32 %A_8" [ekf_core.cpp:112->ekf_core.cpp:169]   --->   Operation 151 'store' 'store_ln112' <Predicate = (i_13 == 1)> <Delay = 0.00>
ST_8 : Operation 152 [1/1] (0.00ns)   --->   "%store_ln112 = store i32 %A_42, i32 %A_7" [ekf_core.cpp:112->ekf_core.cpp:169]   --->   Operation 152 'store' 'store_ln112' <Predicate = (i_13 == 1)> <Delay = 0.00>
ST_8 : Operation 153 [1/1] (0.00ns)   --->   "%store_ln112 = store i32 %A_41, i32 %A_6" [ekf_core.cpp:112->ekf_core.cpp:169]   --->   Operation 153 'store' 'store_ln112' <Predicate = (i_13 == 1)> <Delay = 0.00>
ST_8 : Operation 154 [1/1] (0.00ns)   --->   "%br_ln112 = br void %arrayidx737.i.5.exit" [ekf_core.cpp:112->ekf_core.cpp:169]   --->   Operation 154 'br' 'br_ln112' <Predicate = (i_13 == 1)> <Delay = 0.00>
ST_8 : Operation 155 [1/1] (0.00ns)   --->   "%store_ln112 = store i32 %A_46, i32 %A_5" [ekf_core.cpp:112->ekf_core.cpp:169]   --->   Operation 155 'store' 'store_ln112' <Predicate = (i_13 == 0)> <Delay = 0.00>
ST_8 : Operation 156 [1/1] (0.00ns)   --->   "%store_ln112 = store i32 %A_45, i32 %A_4" [ekf_core.cpp:112->ekf_core.cpp:169]   --->   Operation 156 'store' 'store_ln112' <Predicate = (i_13 == 0)> <Delay = 0.00>
ST_8 : Operation 157 [1/1] (0.00ns)   --->   "%store_ln112 = store i32 %A_44, i32 %A_3" [ekf_core.cpp:112->ekf_core.cpp:169]   --->   Operation 157 'store' 'store_ln112' <Predicate = (i_13 == 0)> <Delay = 0.00>
ST_8 : Operation 158 [1/1] (0.00ns)   --->   "%store_ln112 = store i32 %A_43, i32 %A_2" [ekf_core.cpp:112->ekf_core.cpp:169]   --->   Operation 158 'store' 'store_ln112' <Predicate = (i_13 == 0)> <Delay = 0.00>
ST_8 : Operation 159 [1/1] (0.00ns)   --->   "%store_ln112 = store i32 %A_42, i32 %A_1" [ekf_core.cpp:112->ekf_core.cpp:169]   --->   Operation 159 'store' 'store_ln112' <Predicate = (i_13 == 0)> <Delay = 0.00>
ST_8 : Operation 160 [1/1] (0.00ns)   --->   "%store_ln112 = store i32 %A_41, i32 %A" [ekf_core.cpp:112->ekf_core.cpp:169]   --->   Operation 160 'store' 'store_ln112' <Predicate = (i_13 == 0)> <Delay = 0.00>
ST_8 : Operation 161 [1/1] (0.00ns)   --->   "%br_ln112 = br void %arrayidx737.i.5.exit" [ekf_core.cpp:112->ekf_core.cpp:169]   --->   Operation 161 'br' 'br_ln112' <Predicate = (i_13 == 0)> <Delay = 0.00>
ST_8 : Operation 162 [1/1] (0.00ns)   --->   "%store_ln112 = store i32 %A_46, i32 %A_35" [ekf_core.cpp:112->ekf_core.cpp:169]   --->   Operation 162 'store' 'store_ln112' <Predicate = (i_13 == 7) | (i_13 == 6) | (i_13 == 5)> <Delay = 0.00>
ST_8 : Operation 163 [1/1] (0.00ns)   --->   "%store_ln112 = store i32 %A_45, i32 %A_34" [ekf_core.cpp:112->ekf_core.cpp:169]   --->   Operation 163 'store' 'store_ln112' <Predicate = (i_13 == 7) | (i_13 == 6) | (i_13 == 5)> <Delay = 0.00>
ST_8 : Operation 164 [1/1] (0.00ns)   --->   "%store_ln112 = store i32 %A_44, i32 %A_33" [ekf_core.cpp:112->ekf_core.cpp:169]   --->   Operation 164 'store' 'store_ln112' <Predicate = (i_13 == 7) | (i_13 == 6) | (i_13 == 5)> <Delay = 0.00>
ST_8 : Operation 165 [1/1] (0.00ns)   --->   "%store_ln112 = store i32 %A_43, i32 %A_32" [ekf_core.cpp:112->ekf_core.cpp:169]   --->   Operation 165 'store' 'store_ln112' <Predicate = (i_13 == 7) | (i_13 == 6) | (i_13 == 5)> <Delay = 0.00>
ST_8 : Operation 166 [1/1] (0.00ns)   --->   "%store_ln112 = store i32 %A_42, i32 %A_31" [ekf_core.cpp:112->ekf_core.cpp:169]   --->   Operation 166 'store' 'store_ln112' <Predicate = (i_13 == 7) | (i_13 == 6) | (i_13 == 5)> <Delay = 0.00>
ST_8 : Operation 167 [1/1] (0.00ns)   --->   "%store_ln112 = store i32 %A_41, i32 %A_30" [ekf_core.cpp:112->ekf_core.cpp:169]   --->   Operation 167 'store' 'store_ln112' <Predicate = (i_13 == 7) | (i_13 == 6) | (i_13 == 5)> <Delay = 0.00>
ST_8 : Operation 168 [1/1] (0.00ns)   --->   "%br_ln112 = br void %arrayidx737.i.5.exit" [ekf_core.cpp:112->ekf_core.cpp:169]   --->   Operation 168 'br' 'br_ln112' <Predicate = (i_13 == 7) | (i_13 == 6) | (i_13 == 5)> <Delay = 0.00>


============================================================
+ Verbose Summary: Timing violations
============================================================
Target clock period: 10.000ns, clock uncertainty: 2.700ns.

 <State 1>: 1.100ns
The critical path consists of the following:
	'alloca' operation ('i') [49]  (0.000 ns)
	'load' operation ('i', ekf_core.cpp:109->ekf_core.cpp:169) on local variable 'i' [101]  (0.000 ns)
	'add' operation ('add_ln109', ekf_core.cpp:109->ekf_core.cpp:169) [104]  (0.673 ns)
	'store' operation ('store_ln109', ekf_core.cpp:109->ekf_core.cpp:169) of variable 'add_ln109', ekf_core.cpp:109->ekf_core.cpp:169 on local variable 'i' [184]  (0.427 ns)

 <State 2>: 7.016ns
The critical path consists of the following:
	multiplexor before operation 'fmul' with delay (0.968 ns)
'fmul' operation ('mul69_i', ekf_core.cpp:112->ekf_core.cpp:169) [112]  (6.048 ns)

 <State 3>: 7.016ns
The critical path consists of the following:
	'fmul' operation ('mul69_i', ekf_core.cpp:112->ekf_core.cpp:169) [112]  (7.016 ns)

 <State 4>: 7.016ns
The critical path consists of the following:
	'fmul' operation ('mul69_i', ekf_core.cpp:112->ekf_core.cpp:169) [112]  (7.016 ns)

 <State 5>: 6.886ns
The critical path consists of the following:
	'select' operation ('select_ln112', ekf_core.cpp:112->ekf_core.cpp:169) [110]  (0.449 ns)
	multiplexor before operation 'fsub' with delay (0.623 ns)
'fsub' operation ('A', ekf_core.cpp:112->ekf_core.cpp:169) [113]  (5.814 ns)

 <State 6>: 6.437ns
The critical path consists of the following:
	'fsub' operation ('A', ekf_core.cpp:112->ekf_core.cpp:169) [113]  (6.437 ns)

 <State 7>: 6.437ns
The critical path consists of the following:
	'fsub' operation ('A', ekf_core.cpp:112->ekf_core.cpp:169) [113]  (6.437 ns)

 <State 8>: 6.437ns
The critical path consists of the following:
	'fsub' operation ('A', ekf_core.cpp:112->ekf_core.cpp:169) [133]  (6.437 ns)
	'store' operation ('store_ln112', ekf_core.cpp:112->ekf_core.cpp:169) of variable 'A', ekf_core.cpp:112->ekf_core.cpp:169 on local variable 'A' [160]  (0.000 ns)


============================================================
+ Verbose Summary: Binding
============================================================
N/A
* FSMD analyzer results:
  - Output states:
 - Input state : 
  - Chain level:
	State 1
	State 2
	State 3
	State 4
	State 5
	State 6
	State 7
	State 8


============================================================
+ Verbose Summary: Datapath Resource usage 
============================================================
N/A
