D:\MSDF_2_ZCU\EKF\solution1\.autopilot\db\ekf_core.pp.0.cpp:175:2: warning: Added loop label VITIS_LOOP_17_1:   [xilinx-label-all-loops]
 for (int i = 0; i < 6; i++)
 ^~~
 VITIS_LOOP_17_1: 
D:\MSDF_2_ZCU\EKF\solution1\.autopilot\db\ekf_core.pp.0.cpp:175:2: note: FIX-IT applied suggested code changes
D:\MSDF_2_ZCU\EKF\solution1\.autopilot\db\ekf_core.pp.0.cpp:176:9: warning: Added loop label VITIS_LOOP_18_2:   [xilinx-label-all-loops]
        for (int j = 0; j < 6; j++) {
        ^~~
        VITIS_LOOP_18_2: 
D:\MSDF_2_ZCU\EKF\solution1\.autopilot\db\ekf_core.pp.0.cpp:176:9: note: FIX-IT applied suggested code changes
D:\MSDF_2_ZCU\EKF\solution1\.autopilot\db\ekf_core.pp.0.cpp:179:13: warning: Added loop label VITIS_LOOP_21_3:   [xilinx-label-all-loops]
            for (int k = 0; k < 6; k++) {
            ^~~
            VITIS_LOOP_21_3: 
D:\MSDF_2_ZCU\EKF\solution1\.autopilot\db\ekf_core.pp.0.cpp:179:13: note: FIX-IT applied suggested code changes
D:\MSDF_2_ZCU\EKF\solution1\.autopilot\db\ekf_core.pp.0.cpp:188:2: warning: Added loop label VITIS_LOOP_30_1:   [xilinx-label-all-loops]
 for (int i = 0; i < 6; i++)
 ^~~
 VITIS_LOOP_30_1: 
D:\MSDF_2_ZCU\EKF\solution1\.autopilot\db\ekf_core.pp.0.cpp:188:2: note: FIX-IT applied suggested code changes
D:\MSDF_2_ZCU\EKF\solution1\.autopilot\db\ekf_core.pp.0.cpp:189:9: warning: Added loop label VITIS_LOOP_31_2:   [xilinx-label-all-loops]
        for (int j = 0; j < 6; j++) {
        ^~~
        VITIS_LOOP_31_2: 
D:\MSDF_2_ZCU\EKF\solution1\.autopilot\db\ekf_core.pp.0.cpp:189:9: note: FIX-IT applied suggested code changes
D:\MSDF_2_ZCU\EKF\solution1\.autopilot\db\ekf_core.pp.0.cpp:199:5: warning: Added loop label VITIS_LOOP_41_1:   [xilinx-label-all-loops]
    for (int i = 0; i < 6; i++)
    ^~~
    VITIS_LOOP_41_1: 
D:\MSDF_2_ZCU\EKF\solution1\.autopilot\db\ekf_core.pp.0.cpp:199:5: note: FIX-IT applied suggested code changes
D:\MSDF_2_ZCU\EKF\solution1\.autopilot\db\ekf_core.pp.0.cpp:200:9: warning: Added loop label VITIS_LOOP_42_2:   [xilinx-label-all-loops]
        for (int j = 0; j < 6; j++) { F[i][j]=(i==j)?(data_t)1:(data_t)0; Q[i][j]=0; }
        ^~~
        VITIS_LOOP_42_2: 
D:\MSDF_2_ZCU\EKF\solution1\.autopilot\db\ekf_core.pp.0.cpp:200:9: note: FIX-IT applied suggested code changes
D:\MSDF_2_ZCU\EKF\solution1\.autopilot\db\ekf_core.pp.0.cpp:203:5: warning: Added loop label VITIS_LOOP_45_3:   [xilinx-label-all-loops]
    for (int i = 0; i < 3; i++) { Q[i][i]=q3; Q[i][i+3]=q2; Q[i+3][i]=q2; Q[i+3][i+3]=q1; }
    ^~~
    VITIS_LOOP_45_3: 
D:\MSDF_2_ZCU\EKF\solution1\.autopilot\db\ekf_core.pp.0.cpp:203:5: note: FIX-IT applied suggested code changes
D:\MSDF_2_ZCU\EKF\solution1\.autopilot\db\ekf_core.pp.0.cpp:216:2: warning: Added loop label VITIS_LOOP_58_1:   [xilinx-label-all-loops]
 for (int i = 0; i < 6; i++) {
 ^~~
 VITIS_LOOP_58_1: 
D:\MSDF_2_ZCU\EKF\solution1\.autopilot\db\ekf_core.pp.0.cpp:216:2: note: FIX-IT applied suggested code changes
D:\MSDF_2_ZCU\EKF\solution1\.autopilot\db\ekf_core.pp.0.cpp:219:9: warning: Added loop label VITIS_LOOP_61_2:   [xilinx-label-all-loops]
        for (int k = 0; k < 6; k++) { acc += F[i][k]*x[k]; }
        ^~~
        VITIS_LOOP_61_2: 
D:\MSDF_2_ZCU\EKF\solution1\.autopilot\db\ekf_core.pp.0.cpp:219:9: note: FIX-IT applied suggested code changes
D:\MSDF_2_ZCU\EKF\solution1\.autopilot\db\ekf_core.pp.0.cpp:222:5: warning: Added loop label VITIS_LOOP_64_3:   [xilinx-label-all-loops]
    for (int i = 0; i < 6; i++) x[i] = xp[i];
    ^~~
    VITIS_LOOP_64_3: 
D:\MSDF_2_ZCU\EKF\solution1\.autopilot\db\ekf_core.pp.0.cpp:222:5: note: FIX-IT applied suggested code changes
D:\MSDF_2_ZCU\EKF\solution1\.autopilot\db\ekf_core.pp.0.cpp:231:5: warning: Added loop label VITIS_LOOP_73_4:   [xilinx-label-all-loops]
    for (int i = 0; i < 6; i++)
    ^~~
    VITIS_LOOP_73_4: 
D:\MSDF_2_ZCU\EKF\solution1\.autopilot\db\ekf_core.pp.0.cpp:231:5: note: FIX-IT applied suggested code changes
D:\MSDF_2_ZCU\EKF\solution1\.autopilot\db\ekf_core.pp.0.cpp:232:9: warning: Added loop label VITIS_LOOP_74_5:   [xilinx-label-all-loops]
        for (int j = 0; j < 6; j++) P[i][j] = FPFt[i][j] + Q[i][j];
        ^~~
        VITIS_LOOP_74_5: 
D:\MSDF_2_ZCU\EKF\solution1\.autopilot\db\ekf_core.pp.0.cpp:232:9: note: FIX-IT applied suggested code changes
D:\MSDF_2_ZCU\EKF\solution1\.autopilot\db\ekf_core.pp.0.cpp:233:5: warning: Added loop label VITIS_LOOP_75_6:   [xilinx-label-all-loops]
    for (int i = 0; i < 6; i++)
    ^~~
    VITIS_LOOP_75_6: 
D:\MSDF_2_ZCU\EKF\solution1\.autopilot\db\ekf_core.pp.0.cpp:233:5: note: FIX-IT applied suggested code changes
D:\MSDF_2_ZCU\EKF\solution1\.autopilot\db\ekf_core.pp.0.cpp:234:9: warning: Added loop label VITIS_LOOP_76_7:   [xilinx-label-all-loops]
        for (int j = i+1; j < 6; j++) {
        ^~~
        VITIS_LOOP_76_7: 
D:\MSDF_2_ZCU\EKF\solution1\.autopilot\db\ekf_core.pp.0.cpp:234:9: note: FIX-IT applied suggested code changes
D:\MSDF_2_ZCU\EKF\solution1\.autopilot\db\ekf_core.pp.0.cpp:247:2: warning: Added loop label VITIS_LOOP_89_1:   [xilinx-label-all-loops]
 for (int i = 0; i < 6; i++) {
 ^~~
 VITIS_LOOP_89_1: 
D:\MSDF_2_ZCU\EKF\solution1\.autopilot\db\ekf_core.pp.0.cpp:247:2: note: FIX-IT applied suggested code changes
D:\MSDF_2_ZCU\EKF\solution1\.autopilot\db\ekf_core.pp.0.cpp:250:9: warning: Added loop label VITIS_LOOP_92_2:   [xilinx-label-all-loops]
        for (int k = 0; k < 6; k++) { acc += P[i][k]*H[k]; }
        ^~~
        VITIS_LOOP_92_2: 
D:\MSDF_2_ZCU\EKF\solution1\.autopilot\db\ekf_core.pp.0.cpp:250:9: note: FIX-IT applied suggested code changes
D:\MSDF_2_ZCU\EKF\solution1\.autopilot\db\ekf_core.pp.0.cpp:254:5: warning: Added loop label VITIS_LOOP_96_3:   [xilinx-label-all-loops]
    for (int i = 0; i < 6; i++) s += H[i]*Ph[i];
    ^~~
    VITIS_LOOP_96_3: 
D:\MSDF_2_ZCU\EKF\solution1\.autopilot\db\ekf_core.pp.0.cpp:254:5: note: FIX-IT applied suggested code changes
D:\MSDF_2_ZCU\EKF\solution1\.autopilot\db\ekf_core.pp.0.cpp:259:5: warning: Added loop label VITIS_LOOP_101_4:   [xilinx-label-all-loops]
    for (int i = 0; i < 6; i++) K[i] = Ph[i]*inv_s;
    ^~~
    VITIS_LOOP_101_4: 
D:\MSDF_2_ZCU\EKF\solution1\.autopilot\db\ekf_core.pp.0.cpp:259:5: note: FIX-IT applied suggested code changes
D:\MSDF_2_ZCU\EKF\solution1\.autopilot\db\ekf_core.pp.0.cpp:260:5: warning: Added loop label VITIS_LOOP_102_5:   [xilinx-label-all-loops]
    for (int i = 0; i < 6; i++) x[i] += K[i]*y;
    ^~~
    VITIS_LOOP_102_5: 
D:\MSDF_2_ZCU\EKF\solution1\.autopilot\db\ekf_core.pp.0.cpp:260:5: note: FIX-IT applied suggested code changes
D:\MSDF_2_ZCU\EKF\solution1\.autopilot\db\ekf_core.pp.0.cpp:267:2: warning: Added loop label VITIS_LOOP_109_6:   [xilinx-label-all-loops]
 for (int i = 0; i < 6; i++)
 ^~~
 VITIS_LOOP_109_6: 
D:\MSDF_2_ZCU\EKF\solution1\.autopilot\db\ekf_core.pp.0.cpp:267:2: note: FIX-IT applied suggested code changes
D:\MSDF_2_ZCU\EKF\solution1\.autopilot\db\ekf_core.pp.0.cpp:268:9: warning: Added loop label VITIS_LOOP_110_7:   [xilinx-label-all-loops]
        for (int j = 0; j < 6; j++) {
        ^~~
        VITIS_LOOP_110_7: 
D:\MSDF_2_ZCU\EKF\solution1\.autopilot\db\ekf_core.pp.0.cpp:268:9: note: FIX-IT applied suggested code changes
D:\MSDF_2_ZCU\EKF\solution1\.autopilot\db\ekf_core.pp.0.cpp:275:5: warning: Added loop label VITIS_LOOP_117_8:   [xilinx-label-all-loops]
    for (int i = 0; i < 6; i++)
    ^~~
    VITIS_LOOP_117_8: 
D:\MSDF_2_ZCU\EKF\solution1\.autopilot\db\ekf_core.pp.0.cpp:275:5: note: FIX-IT applied suggested code changes
D:\MSDF_2_ZCU\EKF\solution1\.autopilot\db\ekf_core.pp.0.cpp:276:9: warning: Added loop label VITIS_LOOP_118_9:   [xilinx-label-all-loops]
        for (int j = 0; j < 6; j++) P[i][j] = APAt[i][j] + r*K[i]*K[j];
        ^~~
        VITIS_LOOP_118_9: 
D:\MSDF_2_ZCU\EKF\solution1\.autopilot\db\ekf_core.pp.0.cpp:276:9: note: FIX-IT applied suggested code changes
D:\MSDF_2_ZCU\EKF\solution1\.autopilot\db\ekf_core.pp.0.cpp:277:5: warning: Added loop label VITIS_LOOP_119_10:   [xilinx-label-all-loops]
    for (int i = 0; i < 6; i++)
    ^~~
    VITIS_LOOP_119_10: 
D:\MSDF_2_ZCU\EKF\solution1\.autopilot\db\ekf_core.pp.0.cpp:277:5: note: FIX-IT applied suggested code changes
D:\MSDF_2_ZCU\EKF\solution1\.autopilot\db\ekf_core.pp.0.cpp:278:9: warning: Added loop label VITIS_LOOP_120_11:   [xilinx-label-all-loops]
        for (int j = i+1; j < 6; j++) {
        ^~~
        VITIS_LOOP_120_11: 
D:\MSDF_2_ZCU\EKF\solution1\.autopilot\db\ekf_core.pp.0.cpp:278:9: note: FIX-IT applied suggested code changes
D:\MSDF_2_ZCU\EKF\solution1\.autopilot\db\ekf_core.pp.0.cpp:300:2: warning: Added loop label VITIS_LOOP_138_1:   [xilinx-label-all-loops]
 for (int t0 = 0; t0 < num_tracks; t0 += 1) {
 ^~~
 VITIS_LOOP_138_1: 
D:\MSDF_2_ZCU\EKF\solution1\.autopilot\db\ekf_core.pp.0.cpp:300:2: note: FIX-IT applied suggested code changes
D:\MSDF_2_ZCU\EKF\solution1\.autopilot\db\ekf_core.pp.0.cpp:301:9: warning: Added loop label VITIS_LOOP_139_2:   [xilinx-label-all-loops]
        for (int l = 0; l < 1; l++) {
        ^~~
        VITIS_LOOP_139_2: 
D:\MSDF_2_ZCU\EKF\solution1\.autopilot\db\ekf_core.pp.0.cpp:301:9: note: FIX-IT applied suggested code changes
D:\MSDF_2_ZCU\EKF\solution1\.autopilot\db\ekf_core.pp.0.cpp:310:2: warning: Added loop label VITIS_LOOP_148_3:   [xilinx-label-all-loops]
 for (int i = 0; i < (6 + 6*6 + 7*(6 + 2)); i++) {
 ^~~
 VITIS_LOOP_148_3: 
D:\MSDF_2_ZCU\EKF\solution1\.autopilot\db\ekf_core.pp.0.cpp:310:2: note: FIX-IT applied suggested code changes
D:\MSDF_2_ZCU\EKF\solution1\.autopilot\db\ekf_core.pp.0.cpp:319:2: warning: Added loop label VITIS_LOOP_157_4:   [xilinx-label-all-loops]
 for (int i = 0; i < 6; i++) x[i] = local[0 + i];
 ^~~
 VITIS_LOOP_157_4: 
D:\MSDF_2_ZCU\EKF\solution1\.autopilot\db\ekf_core.pp.0.cpp:319:2: note: FIX-IT applied suggested code changes
D:\MSDF_2_ZCU\EKF\solution1\.autopilot\db\ekf_core.pp.0.cpp:320:13: warning: Added loop label VITIS_LOOP_158_5:   [xilinx-label-all-loops]
            for (int i = 0; i < 6; i++)
            ^~~
            VITIS_LOOP_158_5: 
D:\MSDF_2_ZCU\EKF\solution1\.autopilot\db\ekf_core.pp.0.cpp:320:13: note: FIX-IT applied suggested code changes
D:\MSDF_2_ZCU\EKF\solution1\.autopilot\db\ekf_core.pp.0.cpp:321:17: warning: Added loop label VITIS_LOOP_159_6:   [xilinx-label-all-loops]
                for (int j = 0; j < 6; j++) P[i][j] = local[(6) + i*6 + j];
                ^~~
                VITIS_LOOP_159_6: 
D:\MSDF_2_ZCU\EKF\solution1\.autopilot\db\ekf_core.pp.0.cpp:321:17: note: FIX-IT applied suggested code changes
D:\MSDF_2_ZCU\EKF\solution1\.autopilot\db\ekf_core.pp.0.cpp:326:13: warning: Added loop label VITIS_LOOP_164_7:   [xilinx-label-all-loops]
            for (int k = 0; k < m; k++) {
            ^~~
            VITIS_LOOP_164_7: 
D:\MSDF_2_ZCU\EKF\solution1\.autopilot\db\ekf_core.pp.0.cpp:326:13: note: FIX-IT applied suggested code changes
D:\MSDF_2_ZCU\EKF\solution1\.autopilot\db\ekf_core.pp.0.cpp:330:2: warning: Added loop label VITIS_LOOP_168_8:   [xilinx-label-all-loops]
 for (int i = 0; i < 6; i++) H[i] = local[mb + i];
 ^~~
 VITIS_LOOP_168_8: 
D:\MSDF_2_ZCU\EKF\solution1\.autopilot\db\ekf_core.pp.0.cpp:330:2: note: FIX-IT applied suggested code changes
D:\MSDF_2_ZCU\EKF\solution1\.autopilot\db\ekf_core.pp.0.cpp:335:13: warning: Added loop label VITIS_LOOP_173_9:   [xilinx-label-all-loops]
            for (int i = 0; i < 6; i++) local[0 + i] = x[i];
            ^~~
            VITIS_LOOP_173_9: 
D:\MSDF_2_ZCU\EKF\solution1\.autopilot\db\ekf_core.pp.0.cpp:335:13: note: FIX-IT applied suggested code changes
D:\MSDF_2_ZCU\EKF\solution1\.autopilot\db\ekf_core.pp.0.cpp:336:13: warning: Added loop label VITIS_LOOP_174_10:   [xilinx-label-all-loops]
            for (int i = 0; i < 6; i++)
            ^~~
            VITIS_LOOP_174_10: 
D:\MSDF_2_ZCU\EKF\solution1\.autopilot\db\ekf_core.pp.0.cpp:336:13: note: FIX-IT applied suggested code changes
D:\MSDF_2_ZCU\EKF\solution1\.autopilot\db\ekf_core.pp.0.cpp:337:17: warning: Added loop label VITIS_LOOP_175_11:   [xilinx-label-all-loops]
                for (int j = 0; j < 6; j++) local[(6) + i*6 + j] = P[i][j];
                ^~~
                VITIS_LOOP_175_11: 
D:\MSDF_2_ZCU\EKF\solution1\.autopilot\db\ekf_core.pp.0.cpp:337:17: note: FIX-IT applied suggested code changes
D:\MSDF_2_ZCU\EKF\solution1\.autopilot\db\ekf_core.pp.0.cpp:338:13: warning: Added loop label VITIS_LOOP_176_12:   [xilinx-label-all-loops]
            for (int i = 0; i < (6 + 6*6 + 7*(6 + 2)); i++) {
            ^~~
            VITIS_LOOP_176_12: 
D:\MSDF_2_ZCU\EKF\solution1\.autopilot\db\ekf_core.pp.0.cpp:338:13: note: FIX-IT applied suggested code changes
