

================================================================
== Vitis HLS Report for 'ekf_batch_Pipeline_VITIS_LOOP_101_4'
================================================================
* Date:           Thu Sep  3 12:11:23 2026

* Version:        2023.1 (Build 3854077 on May  4 2023)
* Project:        EKF
* Solution:       solution1 (Vivado IP Flow Target)
* Product family: zynquplus
* Target device:  xczu9eg-ffvb1156-2-e


================================================================
== Performance Estimates
================================================================
+ Timing: 
    * Summary: 
    +--------+----------+----------+------------+
    |  Clock |  Target  | Estimated| Uncertainty|
    +--------+----------+----------+------------+
    |ap_clk  |  10.00 ns|  7.016 ns|     2.70 ns|
    +--------+----------+----------+------------+

+ Latency: 
    * Summary: 
    +---------+---------+----------+----------+-----+-----+---------+
    |  Latency (cycles) |  Latency (absolute) |  Interval | Pipeline|
    |   min   |   max   |    min   |    max   | min | max |   Type  |
    +---------+---------+----------+----------+-----+-----+---------+
    |       10|       10|  0.100 us|  0.100 us|   10|   10|       no|
    +---------+---------+----------+----------+-----+-----+---------+

    + Detail: 
        * Instance: 
        N/A

        * Loop: 
        +--------------------+---------+---------+----------+-----------+-----------+------+----------+
        |                    |  Latency (cycles) | Iteration|  Initiation Interval  | Trip |          |
        |      Loop Name     |   min   |   max   |  Latency |  achieved |   target  | Count| Pipelined|
        +--------------------+---------+---------+----------+-----------+-----------+------+----------+
        |- VITIS_LOOP_101_4  |        8|        8|         4|          1|          1|     6|       yes|
        +--------------------+---------+---------+----------+-----------+-----------+------+----------+

============================================================
+ Verbose Summary: Synthesis Manager
============================================================
InlineROM: 1
ExposeGlobal: 0
============================================================
+ Verbose Summary: CDFG Model
============================================================
IsTopModel: 0
ResetActiveHigh: 1
IsCombinational: 0
IsDatapathOnly: 0
HasWiredReturn: 1
HasMFsm: 2
HasVarLatency: 1
IsPipeline: 0
IsRtlPipelined: 0
IsInstanceOverlapped: 0
IsDontTouch: 0
HasImplIP: 0
IsGatedGlobalClock: 0

+ Individual pipeline summary: 
  * Pipeline-0: initiation interval (II) = 1, depth = 4


============================================================
+ Verbose Summary: Schedule
============================================================
* Number of FSM states : 4
* Pipeline : 1
  Pipeline-0 : II = 1, D = 4, States = { 1 2 3 4 }
* Dataflow Pipeline: 0

* FSM state transitions: 
1 --> 2 
2 --> 3 
3 --> 4 
4 --> 

* FSM state operations: 

State 1 <SV = 0> <Delay = 1.09>
ST_1 : Operation 7 [1/1] (0.00ns)   --->   "%i = alloca i32 1"   --->   Operation 7 'alloca' 'i' <Predicate = true> <Delay = 0.00>
ST_1 : Operation 8 [1/1] (0.00ns)   --->   "%K = alloca i32 1"   --->   Operation 8 'alloca' 'K' <Predicate = true> <Delay = 0.00>
ST_1 : Operation 9 [1/1] (0.00ns)   --->   "%K_1 = alloca i32 1"   --->   Operation 9 'alloca' 'K_1' <Predicate = true> <Delay = 0.00>
ST_1 : Operation 10 [1/1] (0.00ns)   --->   "%K_2 = alloca i32 1"   --->   Operation 10 'alloca' 'K_2' <Predicate = true> <Delay = 0.00>
ST_1 : Operation 11 [1/1] (0.00ns)   --->   "%K_3 = alloca i32 1"   --->   Operation 11 'alloca' 'K_3' <Predicate = true> <Delay = 0.00>
ST_1 : Operation 12 [1/1] (0.00ns)   --->   "%K_4 = alloca i32 1"   --->   Operation 12 'alloca' 'K_4' <Predicate = true> <Delay = 0.00>
ST_1 : Operation 13 [1/1] (0.00ns)   --->   "%K_5 = alloca i32 1"   --->   Operation 13 'alloca' 'K_5' <Predicate = true> <Delay = 0.00>
ST_1 : Operation 14 [1/1] (0.00ns)   --->   "%inv_s_read = read i32 @_ssdm_op_Read.ap_auto.float, i32 %inv_s"   --->   Operation 14 'read' 'inv_s_read' <Predicate = true> <Delay = 0.00>
ST_1 : Operation 15 [1/1] (0.00ns)   --->   "%Ph_5_reload_read = read i32 @_ssdm_op_Read.ap_auto.float, i32 %Ph_5_reload"   --->   Operation 15 'read' 'Ph_5_reload_read' <Predicate = true> <Delay = 0.00>
ST_1 : Operation 16 [1/1] (0.00ns)   --->   "%Ph_4_reload_read = read i32 @_ssdm_op_Read.ap_auto.float, i32 %Ph_4_reload"   --->   Operation 16 'read' 'Ph_4_reload_read' <Predicate = true> <Delay = 0.00>
ST_1 : Operation 17 [1/1] (0.00ns)   --->   "%Ph_3_reload_read = read i32 @_ssdm_op_Read.ap_auto.float, i32 %Ph_3_reload"   --->   Operation 17 'read' 'Ph_3_reload_read' <Predicate = true> <Delay = 0.00>
ST_1 : Operation 18 [1/1] (0.00ns)   --->   "%Ph_2_reload_read = read i32 @_ssdm_op_Read.ap_auto.float, i32 %Ph_2_reload"   --->   Operation 18 'read' 'Ph_2_reload_read' <Predicate = true> <Delay = 0.00>
ST_1 : Operation 19 [1/1] (0.00ns)   --->   "%Ph_1_reload_read = read i32 @_ssdm_op_Read.ap_auto.float, i32 %Ph_1_reload"   --->   Operation 19 'read' 'Ph_1_reload_read' <Predicate = true> <Delay = 0.00>
ST_1 : Operation 20 [1/1] (0.00ns)   --->   "%Ph_reload_read = read i32 @_ssdm_op_Read.ap_auto.float, i32 %Ph_reload"   --->   Operation 20 'read' 'Ph_reload_read' <Predicate = true> <Delay = 0.00>
ST_1 : Operation 21 [1/1] (0.42ns)   --->   "%store_ln0 = store i3 0, i3 %i"   --->   Operation 21 'store' 'store_ln0' <Predicate = true> <Delay = 0.42>
ST_1 : Operation 22 [1/1] (0.00ns)   --->   "%br_ln0 = br void %for.body32.i"   --->   Operation 22 'br' 'br_ln0' <Predicate = true> <Delay = 0.00>
ST_1 : Operation 23 [1/1] (0.00ns)   --->   "%i_15 = load i3 %i" [ekf_core.cpp:101->ekf_core.cpp:169]   --->   Operation 23 'load' 'i_15' <Predicate = true> <Delay = 0.00>
ST_1 : Operation 24 [1/1] (0.00ns)   --->   "%specpipeline_ln0 = specpipeline void @_ssdm_op_SpecPipeline, i32 4294967295, i32 0, i32 1, i32 0, void @p_str"   --->   Operation 24 'specpipeline' 'specpipeline_ln0' <Predicate = true> <Delay = 0.00>
ST_1 : Operation 25 [1/1] (0.67ns)   --->   "%icmp_ln101 = icmp_eq  i3 %i_15, i3 6" [ekf_core.cpp:101->ekf_core.cpp:169]   --->   Operation 25 'icmp' 'icmp_ln101' <Predicate = true> <Delay = 0.67> <CoreInst = "Cmp">   --->   Core 9 'Cmp' <Latency = 0> <II = 1> <Delay = 0.67> <FuncUnit> <Opcode : 'icmp'> <InPorts = 2> <OutPorts = 1>
ST_1 : Operation 26 [1/1] (0.67ns)   --->   "%add_ln101 = add i3 %i_15, i3 1" [ekf_core.cpp:101->ekf_core.cpp:169]   --->   Operation 26 'add' 'add_ln101' <Predicate = true> <Delay = 0.67> <CoreInst = "Adder">   --->   Core 1 'Adder' <Latency = 0> <II = 1> <Delay = 0.67> <FuncUnit> <Opcode : 'add' 'sub'> <InPorts = 2> <OutPorts = 1>
ST_1 : Operation 27 [1/1] (0.00ns)   --->   "%br_ln101 = br i1 %icmp_ln101, void %for.body32.i.split, void %for.body45.i.preheader.exitStub" [ekf_core.cpp:101->ekf_core.cpp:169]   --->   Operation 27 'br' 'br_ln101' <Predicate = true> <Delay = 0.00>
ST_1 : Operation 28 [1/1] (0.62ns)   --->   "%tmp_s = mux i32 @_ssdm_op_Mux.ap_auto.6f32.i3, i32 %Ph_reload_read, i32 %Ph_1_reload_read, i32 %Ph_2_reload_read, i32 %Ph_3_reload_read, i32 %Ph_4_reload_read, i32 %Ph_5_reload_read, i3 %i_15" [ekf_core.cpp:101->ekf_core.cpp:169]   --->   Operation 28 'mux' 'tmp_s' <Predicate = (!icmp_ln101)> <Delay = 0.62> <CoreInst = "Multiplexer">   --->   Core 76 'Multiplexer' <Latency = 0> <II = 1> <Delay = 0.62> <FuncUnit> <Opcode : 'mux'> <InPorts = 2> <OutPorts = 1>
ST_1 : Operation 29 [1/1] (0.73ns)   --->   "%switch_ln101 = switch i3 %i_15, void %arrayidx37.i.case.5, i3 0, void %for.body32.i.split.arrayidx37.i.exit_crit_edge8, i3 1, void %arrayidx37.i.case.1, i3 2, void %arrayidx37.i.case.2, i3 3, void %arrayidx37.i.case.3, i3 4, void %for.body32.i.split.arrayidx37.i.exit_crit_edge" [ekf_core.cpp:101->ekf_core.cpp:169]   --->   Operation 29 'switch' 'switch_ln101' <Predicate = (!icmp_ln101)> <Delay = 0.73>
ST_1 : Operation 30 [1/1] (0.42ns)   --->   "%store_ln101 = store i3 %add_ln101, i3 %i" [ekf_core.cpp:101->ekf_core.cpp:169]   --->   Operation 30 'store' 'store_ln101' <Predicate = (!icmp_ln101)> <Delay = 0.42>
ST_1 : Operation 31 [1/1] (0.00ns)   --->   "%br_ln101 = br void %for.body32.i" [ekf_core.cpp:101->ekf_core.cpp:169]   --->   Operation 31 'br' 'br_ln101' <Predicate = (!icmp_ln101)> <Delay = 0.00>

State 2 <SV = 1> <Delay = 7.01>
ST_2 : [1/1] (0.96ns)   --->   Input mux for Operation 32 '%K_6 = fmul i32 %tmp_s, i32 %inv_s_read'
ST_2 : Operation 32 [3/3] (6.04ns)   --->   "%K_6 = fmul i32 %tmp_s, i32 %inv_s_read" [ekf_core.cpp:101->ekf_core.cpp:169]   --->   Operation 32 'fmul' 'K_6' <Predicate = true> <Delay = 6.04> <CoreInst = "FMul_maxdsp">   --->   Core 30 'FMul_maxdsp' <Latency = 2> <II = 1> <Delay = 7.01> <FuncUnit> <Opcode : 'fmul'> <InPorts = 2> <OutPorts = 1>

State 3 <SV = 2> <Delay = 7.01>
ST_3 : Operation 33 [2/3] (7.01ns)   --->   "%K_6 = fmul i32 %tmp_s, i32 %inv_s_read" [ekf_core.cpp:101->ekf_core.cpp:169]   --->   Operation 33 'fmul' 'K_6' <Predicate = true> <Delay = 7.01> <CoreInst = "FMul_maxdsp">   --->   Core 30 'FMul_maxdsp' <Latency = 2> <II = 1> <Delay = 7.01> <FuncUnit> <Opcode : 'fmul'> <InPorts = 2> <OutPorts = 1>
ST_3 : Operation 49 [1/1] (0.00ns)   --->   "%K_load = load i32 %K"   --->   Operation 49 'load' 'K_load' <Predicate = (icmp_ln101)> <Delay = 0.00>
ST_3 : Operation 50 [1/1] (0.00ns)   --->   "%K_1_load = load i32 %K_1"   --->   Operation 50 'load' 'K_1_load' <Predicate = (icmp_ln101)> <Delay = 0.00>
ST_3 : Operation 51 [1/1] (0.00ns)   --->   "%K_2_load = load i32 %K_2"   --->   Operation 51 'load' 'K_2_load' <Predicate = (icmp_ln101)> <Delay = 0.00>
ST_3 : Operation 52 [1/1] (0.00ns)   --->   "%K_3_load = load i32 %K_3"   --->   Operation 52 'load' 'K_3_load' <Predicate = (icmp_ln101)> <Delay = 0.00>
ST_3 : Operation 53 [1/1] (0.00ns)   --->   "%K_4_load = load i32 %K_4"   --->   Operation 53 'load' 'K_4_load' <Predicate = (icmp_ln101)> <Delay = 0.00>
ST_3 : Operation 54 [1/1] (0.00ns)   --->   "%K_5_load = load i32 %K_5"   --->   Operation 54 'load' 'K_5_load' <Predicate = (icmp_ln101)> <Delay = 0.00>
ST_3 : Operation 55 [1/1] (0.00ns)   --->   "%write_ln0 = write void @_ssdm_op_Write.ap_auto.floatP0A, i32 %K_5_out, i32 %K_5_load"   --->   Operation 55 'write' 'write_ln0' <Predicate = (icmp_ln101)> <Delay = 0.00>
ST_3 : Operation 56 [1/1] (0.00ns)   --->   "%write_ln0 = write void @_ssdm_op_Write.ap_auto.floatP0A, i32 %K_4_out, i32 %K_4_load"   --->   Operation 56 'write' 'write_ln0' <Predicate = (icmp_ln101)> <Delay = 0.00>
ST_3 : Operation 57 [1/1] (0.00ns)   --->   "%write_ln0 = write void @_ssdm_op_Write.ap_auto.floatP0A, i32 %K_3_out, i32 %K_3_load"   --->   Operation 57 'write' 'write_ln0' <Predicate = (icmp_ln101)> <Delay = 0.00>
ST_3 : Operation 58 [1/1] (0.00ns)   --->   "%write_ln0 = write void @_ssdm_op_Write.ap_auto.floatP0A, i32 %K_2_out, i32 %K_2_load"   --->   Operation 58 'write' 'write_ln0' <Predicate = (icmp_ln101)> <Delay = 0.00>
ST_3 : Operation 59 [1/1] (0.00ns)   --->   "%write_ln0 = write void @_ssdm_op_Write.ap_auto.floatP0A, i32 %K_1_out, i32 %K_1_load"   --->   Operation 59 'write' 'write_ln0' <Predicate = (icmp_ln101)> <Delay = 0.00>
ST_3 : Operation 60 [1/1] (0.00ns)   --->   "%write_ln0 = write void @_ssdm_op_Write.ap_auto.floatP0A, i32 %K_out, i32 %K_load"   --->   Operation 60 'write' 'write_ln0' <Predicate = (icmp_ln101)> <Delay = 0.00>
ST_3 : Operation 61 [1/1] (0.00ns)   --->   "%ret_ln0 = ret"   --->   Operation 61 'ret' 'ret_ln0' <Predicate = (icmp_ln101)> <Delay = 0.00>

State 4 <SV = 3> <Delay = 7.01>
ST_4 : Operation 34 [1/1] (0.00ns)   --->   "%speclooptripcount_ln98 = speclooptripcount void @_ssdm_op_SpecLoopTripCount, i64 6, i64 6, i64 6" [ekf_core.cpp:98->ekf_core.cpp:169]   --->   Operation 34 'speclooptripcount' 'speclooptripcount_ln98' <Predicate = true> <Delay = 0.00>
ST_4 : Operation 35 [1/1] (0.00ns)   --->   "%specloopname_ln101 = specloopname void @_ssdm_op_SpecLoopName, void @empty_18" [ekf_core.cpp:101->ekf_core.cpp:169]   --->   Operation 35 'specloopname' 'specloopname_ln101' <Predicate = true> <Delay = 0.00>
ST_4 : Operation 36 [1/3] (7.01ns)   --->   "%K_6 = fmul i32 %tmp_s, i32 %inv_s_read" [ekf_core.cpp:101->ekf_core.cpp:169]   --->   Operation 36 'fmul' 'K_6' <Predicate = true> <Delay = 7.01> <CoreInst = "FMul_maxdsp">   --->   Core 30 'FMul_maxdsp' <Latency = 2> <II = 1> <Delay = 7.01> <FuncUnit> <Opcode : 'fmul'> <InPorts = 2> <OutPorts = 1>
ST_4 : Operation 37 [1/1] (0.00ns)   --->   "%store_ln101 = store i32 %K_6, i32 %K_4" [ekf_core.cpp:101->ekf_core.cpp:169]   --->   Operation 37 'store' 'store_ln101' <Predicate = (i_15 == 4)> <Delay = 0.00>
ST_4 : Operation 38 [1/1] (0.00ns)   --->   "%br_ln101 = br void %arrayidx37.i.exit" [ekf_core.cpp:101->ekf_core.cpp:169]   --->   Operation 38 'br' 'br_ln101' <Predicate = (i_15 == 4)> <Delay = 0.00>
ST_4 : Operation 39 [1/1] (0.00ns)   --->   "%store_ln101 = store i32 %K_6, i32 %K_3" [ekf_core.cpp:101->ekf_core.cpp:169]   --->   Operation 39 'store' 'store_ln101' <Predicate = (i_15 == 3)> <Delay = 0.00>
ST_4 : Operation 40 [1/1] (0.00ns)   --->   "%br_ln101 = br void %arrayidx37.i.exit" [ekf_core.cpp:101->ekf_core.cpp:169]   --->   Operation 40 'br' 'br_ln101' <Predicate = (i_15 == 3)> <Delay = 0.00>
ST_4 : Operation 41 [1/1] (0.00ns)   --->   "%store_ln101 = store i32 %K_6, i32 %K_2" [ekf_core.cpp:101->ekf_core.cpp:169]   --->   Operation 41 'store' 'store_ln101' <Predicate = (i_15 == 2)> <Delay = 0.00>
ST_4 : Operation 42 [1/1] (0.00ns)   --->   "%br_ln101 = br void %arrayidx37.i.exit" [ekf_core.cpp:101->ekf_core.cpp:169]   --->   Operation 42 'br' 'br_ln101' <Predicate = (i_15 == 2)> <Delay = 0.00>
ST_4 : Operation 43 [1/1] (0.00ns)   --->   "%store_ln101 = store i32 %K_6, i32 %K_1" [ekf_core.cpp:101->ekf_core.cpp:169]   --->   Operation 43 'store' 'store_ln101' <Predicate = (i_15 == 1)> <Delay = 0.00>
ST_4 : Operation 44 [1/1] (0.00ns)   --->   "%br_ln101 = br void %arrayidx37.i.exit" [ekf_core.cpp:101->ekf_core.cpp:169]   --->   Operation 44 'br' 'br_ln101' <Predicate = (i_15 == 1)> <Delay = 0.00>
ST_4 : Operation 45 [1/1] (0.00ns)   --->   "%store_ln101 = store i32 %K_6, i32 %K" [ekf_core.cpp:101->ekf_core.cpp:169]   --->   Operation 45 'store' 'store_ln101' <Predicate = (i_15 == 0)> <Delay = 0.00>
ST_4 : Operation 46 [1/1] (0.00ns)   --->   "%br_ln101 = br void %arrayidx37.i.exit" [ekf_core.cpp:101->ekf_core.cpp:169]   --->   Operation 46 'br' 'br_ln101' <Predicate = (i_15 == 0)> <Delay = 0.00>
ST_4 : Operation 47 [1/1] (0.00ns)   --->   "%store_ln101 = store i32 %K_6, i32 %K_5" [ekf_core.cpp:101->ekf_core.cpp:169]   --->   Operation 47 'store' 'store_ln101' <Predicate = (i_15 == 7) | (i_15 == 6) | (i_15 == 5)> <Delay = 0.00>
ST_4 : Operation 48 [1/1] (0.00ns)   --->   "%br_ln101 = br void %arrayidx37.i.exit" [ekf_core.cpp:101->ekf_core.cpp:169]   --->   Operation 48 'br' 'br_ln101' <Predicate = (i_15 == 7) | (i_15 == 6) | (i_15 == 5)> <Delay = 0.00>


============================================================
+ Verbose Summary: Timing violations
============================================================
Target clock period: 10.000ns, clock uncertainty: 2.700ns.

 <State 1>: 1.100ns
The critical path consists of the following:
	'alloca' operation ('i') [14]  (0.000 ns)
	'load' operation ('i', ekf_core.cpp:101->ekf_core.cpp:169) on local variable 'i' [31]  (0.000 ns)
	'add' operation ('add_ln101', ekf_core.cpp:101->ekf_core.cpp:169) [34]  (0.673 ns)
	'store' operation ('store_ln101', ekf_core.cpp:101->ekf_core.cpp:169) of variable 'add_ln101', ekf_core.cpp:101->ekf_core.cpp:169 on local variable 'i' [61]  (0.427 ns)

 <State 2>: 7.016ns
The critical path consists of the following:
	multiplexor before operation 'fmul' with delay (0.968 ns)
'fmul' operation ('K', ekf_core.cpp:101->ekf_core.cpp:169) [40]  (6.048 ns)

 <State 3>: 7.016ns
The critical path consists of the following:
	'fmul' operation ('K', ekf_core.cpp:101->ekf_core.cpp:169) [40]  (7.016 ns)

 <State 4>: 7.016ns
The critical path consists of the following:
	'fmul' operation ('K', ekf_core.cpp:101->ekf_core.cpp:169) [40]  (7.016 ns)
	'store' operation ('store_ln101', ekf_core.cpp:101->ekf_core.cpp:169) of variable 'K', ekf_core.cpp:101->ekf_core.cpp:169 on local variable 'K' [49]  (0.000 ns)


============================================================
+ Verbose Summary: Binding
============================================================
N/A
* FSMD analyzer results:
  - Output states:
 - Input state : 
  - Chain level:
	State 1
	State 2
	State 3
	State 4


============================================================
+ Verbose Summary: Datapath Resource usage 
============================================================
N/A
