

================================================================
== Vitis HLS Report for 'ekf_batch_Pipeline_VITIS_LOOP_58_1'
================================================================
* Date:           Thu Sep  3 12:11:17 2026

* Version:        2023.1 (Build 3854077 on May  4 2023)
* Project:        EKF
* Solution:       solution1 (Vivado IP Flow Target)
* Product family: zynquplus
* Target device:  xczu9eg-ffvb1156-2-e


================================================================
== Performance Estimates
================================================================
+ Timing: 
    * Summary: 
    +--------+----------+----------+------------+
    |  Clock |  Target  | Estimated| Uncertainty|
    +--------+----------+----------+------------+
    |ap_clk  |  10.00 ns|  7.016 ns|     2.70 ns|
    +--------+----------+----------+------------+

+ Latency: 
    * Summary: 
    +---------+---------+----------+----------+-----+-----+---------+
    |  Latency (cycles) |  Latency (absolute) |  Interval | Pipeline|
    |   min   |   max   |    min   |    max   | min | max |   Type  |
    +---------+---------+----------+----------+-----+-----+---------+
    |       34|       34|  0.340 us|  0.340 us|   34|   34|       no|
    +---------+---------+----------+----------+-----+-----+---------+

    + Detail: 
        * Instance: 
        N/A

        * Loop: 
        +-------------------+---------+---------+----------+-----------+-----------+------+----------+
        |                   |  Latency (cycles) | Iteration|  Initiation Interval  | Trip |          |
        |     Loop Name     |   min   |   max   |  Latency |  achieved |   target  | Count| Pipelined|
        +-------------------+---------+---------+----------+-----------+-----------+------+----------+
        |- VITIS_LOOP_58_1  |       32|       32|        28|          1|          1|     6|       yes|
        +-------------------+---------+---------+----------+-----------+-----------+------+----------+

============================================================
+ Verbose Summary: Synthesis Manager
============================================================
InlineROM: 1
ExposeGlobal: 0
============================================================
+ Verbose Summary: CDFG Model
============================================================
IsTopModel: 0
ResetActiveHigh: 1
IsCombinational: 0
IsDatapathOnly: 0
HasWiredReturn: 1
HasMFsm: 2
HasVarLatency: 1
IsPipeline: 0
IsRtlPipelined: 0
IsInstanceOverlapped: 0
IsDontTouch: 0
HasImplIP: 0
IsGatedGlobalClock: 0

+ Individual pipeline summary: 
  * Pipeline-0: initiation interval (II) = 1, depth = 28


============================================================
+ Verbose Summary: Schedule
============================================================
* Number of FSM states : 28
* Pipeline : 1
  Pipeline-0 : II = 1, D = 28, States = { 1 2 3 4 5 6 7 8 9 10 11 12 13 14 15 16 17 18 19 20 21 22 23 24 25 26 27 28 }
* Dataflow Pipeline: 0

* FSM state transitions: 
1 --> 2 
2 --> 3 
3 --> 4 
4 --> 5 
5 --> 6 
6 --> 7 
7 --> 8 
8 --> 9 
9 --> 10 
10 --> 11 
11 --> 12 
12 --> 13 
13 --> 14 
14 --> 15 
15 --> 16 
16 --> 17 
17 --> 18 
18 --> 19 
19 --> 20 
20 --> 21 
21 --> 22 
22 --> 23 
23 --> 24 
24 --> 25 
25 --> 26 
26 --> 27 
27 --> 28 
28 --> 

* FSM state operations: 

State 1 <SV = 0> <Delay = 1.09>
ST_1 : Operation 31 [1/1] (0.00ns)   --->   "%i = alloca i32 1"   --->   Operation 31 'alloca' 'i' <Predicate = true> <Delay = 0.00>
ST_1 : Operation 32 [1/1] (0.00ns)   --->   "%xp = alloca i32 1"   --->   Operation 32 'alloca' 'xp' <Predicate = true> <Delay = 0.00>
ST_1 : Operation 33 [1/1] (0.00ns)   --->   "%xp_1 = alloca i32 1"   --->   Operation 33 'alloca' 'xp_1' <Predicate = true> <Delay = 0.00>
ST_1 : Operation 34 [1/1] (0.00ns)   --->   "%xp_2 = alloca i32 1"   --->   Operation 34 'alloca' 'xp_2' <Predicate = true> <Delay = 0.00>
ST_1 : Operation 35 [1/1] (0.00ns)   --->   "%xp_3 = alloca i32 1"   --->   Operation 35 'alloca' 'xp_3' <Predicate = true> <Delay = 0.00>
ST_1 : Operation 36 [1/1] (0.00ns)   --->   "%xp_4 = alloca i32 1"   --->   Operation 36 'alloca' 'xp_4' <Predicate = true> <Delay = 0.00>
ST_1 : Operation 37 [1/1] (0.00ns)   --->   "%xp_5 = alloca i32 1"   --->   Operation 37 'alloca' 'xp_5' <Predicate = true> <Delay = 0.00>
ST_1 : Operation 38 [1/1] (0.00ns)   --->   "%x_5_reload_read = read i32 @_ssdm_op_Read.ap_auto.float, i32 %x_5_reload"   --->   Operation 38 'read' 'x_5_reload_read' <Predicate = true> <Delay = 0.00>
ST_1 : Operation 39 [1/1] (0.00ns)   --->   "%F_32_reload_read = read i32 @_ssdm_op_Read.ap_auto.float, i32 %F_32_reload"   --->   Operation 39 'read' 'F_32_reload_read' <Predicate = true> <Delay = 0.00>
ST_1 : Operation 40 [1/1] (0.00ns)   --->   "%F_26_reload_read = read i32 @_ssdm_op_Read.ap_auto.float, i32 %F_26_reload"   --->   Operation 40 'read' 'F_26_reload_read' <Predicate = true> <Delay = 0.00>
ST_1 : Operation 41 [1/1] (0.00ns)   --->   "%F_20_reload_read = read i32 @_ssdm_op_Read.ap_auto.float, i32 %F_20_reload"   --->   Operation 41 'read' 'F_20_reload_read' <Predicate = true> <Delay = 0.00>
ST_1 : Operation 42 [1/1] (0.00ns)   --->   "%F_9_reload_read = read i32 @_ssdm_op_Read.ap_auto.float, i32 %F_9_reload"   --->   Operation 42 'read' 'F_9_reload_read' <Predicate = true> <Delay = 0.00>
ST_1 : Operation 43 [1/1] (0.00ns)   --->   "%F_4_reload_read = read i32 @_ssdm_op_Read.ap_auto.float, i32 %F_4_reload"   --->   Operation 43 'read' 'F_4_reload_read' <Predicate = true> <Delay = 0.00>
ST_1 : Operation 44 [1/1] (0.00ns)   --->   "%x_4_reload_read = read i32 @_ssdm_op_Read.ap_auto.float, i32 %x_4_reload"   --->   Operation 44 'read' 'x_4_reload_read' <Predicate = true> <Delay = 0.00>
ST_1 : Operation 45 [1/1] (0.00ns)   --->   "%F_31_reload_read = read i32 @_ssdm_op_Read.ap_auto.float, i32 %F_31_reload"   --->   Operation 45 'read' 'F_31_reload_read' <Predicate = true> <Delay = 0.00>
ST_1 : Operation 46 [1/1] (0.00ns)   --->   "%F_25_reload_read = read i32 @_ssdm_op_Read.ap_auto.float, i32 %F_25_reload"   --->   Operation 46 'read' 'F_25_reload_read' <Predicate = true> <Delay = 0.00>
ST_1 : Operation 47 [1/1] (0.00ns)   --->   "%F_19_reload_read = read i32 @_ssdm_op_Read.ap_auto.float, i32 %F_19_reload"   --->   Operation 47 'read' 'F_19_reload_read' <Predicate = true> <Delay = 0.00>
ST_1 : Operation 48 [1/1] (0.00ns)   --->   "%F_14_reload_read = read i32 @_ssdm_op_Read.ap_auto.float, i32 %F_14_reload"   --->   Operation 48 'read' 'F_14_reload_read' <Predicate = true> <Delay = 0.00>
ST_1 : Operation 49 [1/1] (0.00ns)   --->   "%F_3_reload_read = read i32 @_ssdm_op_Read.ap_auto.float, i32 %F_3_reload"   --->   Operation 49 'read' 'F_3_reload_read' <Predicate = true> <Delay = 0.00>
ST_1 : Operation 50 [1/1] (0.00ns)   --->   "%x_3_reload_read = read i32 @_ssdm_op_Read.ap_auto.float, i32 %x_3_reload"   --->   Operation 50 'read' 'x_3_reload_read' <Predicate = true> <Delay = 0.00>
ST_1 : Operation 51 [1/1] (0.00ns)   --->   "%F_30_reload_read = read i32 @_ssdm_op_Read.ap_auto.float, i32 %F_30_reload"   --->   Operation 51 'read' 'F_30_reload_read' <Predicate = true> <Delay = 0.00>
ST_1 : Operation 52 [1/1] (0.00ns)   --->   "%F_24_reload_read = read i32 @_ssdm_op_Read.ap_auto.float, i32 %F_24_reload"   --->   Operation 52 'read' 'F_24_reload_read' <Predicate = true> <Delay = 0.00>
ST_1 : Operation 53 [1/1] (0.00ns)   --->   "%F_18_reload_read = read i32 @_ssdm_op_Read.ap_auto.float, i32 %F_18_reload"   --->   Operation 53 'read' 'F_18_reload_read' <Predicate = true> <Delay = 0.00>
ST_1 : Operation 54 [1/1] (0.00ns)   --->   "%F_13_reload_read = read i32 @_ssdm_op_Read.ap_auto.float, i32 %F_13_reload"   --->   Operation 54 'read' 'F_13_reload_read' <Predicate = true> <Delay = 0.00>
ST_1 : Operation 55 [1/1] (0.00ns)   --->   "%F_8_reload_read = read i32 @_ssdm_op_Read.ap_auto.float, i32 %F_8_reload"   --->   Operation 55 'read' 'F_8_reload_read' <Predicate = true> <Delay = 0.00>
ST_1 : Operation 56 [1/1] (0.00ns)   --->   "%x_2_reload_read = read i32 @_ssdm_op_Read.ap_auto.float, i32 %x_2_reload"   --->   Operation 56 'read' 'x_2_reload_read' <Predicate = true> <Delay = 0.00>
ST_1 : Operation 57 [1/1] (0.00ns)   --->   "%F_29_reload_read = read i32 @_ssdm_op_Read.ap_auto.float, i32 %F_29_reload"   --->   Operation 57 'read' 'F_29_reload_read' <Predicate = true> <Delay = 0.00>
ST_1 : Operation 58 [1/1] (0.00ns)   --->   "%F_23_reload_read = read i32 @_ssdm_op_Read.ap_auto.float, i32 %F_23_reload"   --->   Operation 58 'read' 'F_23_reload_read' <Predicate = true> <Delay = 0.00>
ST_1 : Operation 59 [1/1] (0.00ns)   --->   "%F_17_reload_read = read i32 @_ssdm_op_Read.ap_auto.float, i32 %F_17_reload"   --->   Operation 59 'read' 'F_17_reload_read' <Predicate = true> <Delay = 0.00>
ST_1 : Operation 60 [1/1] (0.00ns)   --->   "%F_12_reload_read = read i32 @_ssdm_op_Read.ap_auto.float, i32 %F_12_reload"   --->   Operation 60 'read' 'F_12_reload_read' <Predicate = true> <Delay = 0.00>
ST_1 : Operation 61 [1/1] (0.00ns)   --->   "%F_7_reload_read = read i32 @_ssdm_op_Read.ap_auto.float, i32 %F_7_reload"   --->   Operation 61 'read' 'F_7_reload_read' <Predicate = true> <Delay = 0.00>
ST_1 : Operation 62 [1/1] (0.00ns)   --->   "%F_2_reload_read = read i32 @_ssdm_op_Read.ap_auto.float, i32 %F_2_reload"   --->   Operation 62 'read' 'F_2_reload_read' <Predicate = true> <Delay = 0.00>
ST_1 : Operation 63 [1/1] (0.00ns)   --->   "%x_1_reload_read = read i32 @_ssdm_op_Read.ap_auto.float, i32 %x_1_reload"   --->   Operation 63 'read' 'x_1_reload_read' <Predicate = true> <Delay = 0.00>
ST_1 : Operation 64 [1/1] (0.00ns)   --->   "%F_28_reload_read = read i32 @_ssdm_op_Read.ap_auto.float, i32 %F_28_reload"   --->   Operation 64 'read' 'F_28_reload_read' <Predicate = true> <Delay = 0.00>
ST_1 : Operation 65 [1/1] (0.00ns)   --->   "%F_22_reload_read = read i32 @_ssdm_op_Read.ap_auto.float, i32 %F_22_reload"   --->   Operation 65 'read' 'F_22_reload_read' <Predicate = true> <Delay = 0.00>
ST_1 : Operation 66 [1/1] (0.00ns)   --->   "%F_16_reload_read = read i32 @_ssdm_op_Read.ap_auto.float, i32 %F_16_reload"   --->   Operation 66 'read' 'F_16_reload_read' <Predicate = true> <Delay = 0.00>
ST_1 : Operation 67 [1/1] (0.00ns)   --->   "%F_11_reload_read = read i32 @_ssdm_op_Read.ap_auto.float, i32 %F_11_reload"   --->   Operation 67 'read' 'F_11_reload_read' <Predicate = true> <Delay = 0.00>
ST_1 : Operation 68 [1/1] (0.00ns)   --->   "%F_6_reload_read = read i32 @_ssdm_op_Read.ap_auto.float, i32 %F_6_reload"   --->   Operation 68 'read' 'F_6_reload_read' <Predicate = true> <Delay = 0.00>
ST_1 : Operation 69 [1/1] (0.00ns)   --->   "%F_1_reload_read = read i32 @_ssdm_op_Read.ap_auto.float, i32 %F_1_reload"   --->   Operation 69 'read' 'F_1_reload_read' <Predicate = true> <Delay = 0.00>
ST_1 : Operation 70 [1/1] (0.00ns)   --->   "%x_reload_read = read i32 @_ssdm_op_Read.ap_auto.float, i32 %x_reload"   --->   Operation 70 'read' 'x_reload_read' <Predicate = true> <Delay = 0.00>
ST_1 : Operation 71 [1/1] (0.00ns)   --->   "%F_27_reload_read = read i32 @_ssdm_op_Read.ap_auto.float, i32 %F_27_reload"   --->   Operation 71 'read' 'F_27_reload_read' <Predicate = true> <Delay = 0.00>
ST_1 : Operation 72 [1/1] (0.00ns)   --->   "%F_21_reload_read = read i32 @_ssdm_op_Read.ap_auto.float, i32 %F_21_reload"   --->   Operation 72 'read' 'F_21_reload_read' <Predicate = true> <Delay = 0.00>
ST_1 : Operation 73 [1/1] (0.00ns)   --->   "%F_15_reload_read = read i32 @_ssdm_op_Read.ap_auto.float, i32 %F_15_reload"   --->   Operation 73 'read' 'F_15_reload_read' <Predicate = true> <Delay = 0.00>
ST_1 : Operation 74 [1/1] (0.00ns)   --->   "%F_10_reload_read = read i32 @_ssdm_op_Read.ap_auto.float, i32 %F_10_reload"   --->   Operation 74 'read' 'F_10_reload_read' <Predicate = true> <Delay = 0.00>
ST_1 : Operation 75 [1/1] (0.00ns)   --->   "%F_5_reload_read = read i32 @_ssdm_op_Read.ap_auto.float, i32 %F_5_reload"   --->   Operation 75 'read' 'F_5_reload_read' <Predicate = true> <Delay = 0.00>
ST_1 : Operation 76 [1/1] (0.00ns)   --->   "%F_reload_read = read i32 @_ssdm_op_Read.ap_auto.float, i32 %F_reload"   --->   Operation 76 'read' 'F_reload_read' <Predicate = true> <Delay = 0.00>
ST_1 : Operation 77 [1/1] (0.42ns)   --->   "%store_ln0 = store i3 0, i3 %i"   --->   Operation 77 'store' 'store_ln0' <Predicate = true> <Delay = 0.42>
ST_1 : Operation 78 [1/1] (0.00ns)   --->   "%br_ln0 = br void %for.body5.i"   --->   Operation 78 'br' 'br_ln0' <Predicate = true> <Delay = 0.00>
ST_1 : Operation 79 [1/1] (0.00ns)   --->   "%i_4 = load i3 %i" [ekf_core.cpp:58->ekf_core.cpp:162]   --->   Operation 79 'load' 'i_4' <Predicate = true> <Delay = 0.00>
ST_1 : Operation 80 [1/1] (0.67ns)   --->   "%icmp_ln58 = icmp_eq  i3 %i_4, i3 6" [ekf_core.cpp:58->ekf_core.cpp:162]   --->   Operation 80 'icmp' 'icmp_ln58' <Predicate = true> <Delay = 0.67> <CoreInst = "Cmp">   --->   Core 9 'Cmp' <Latency = 0> <II = 1> <Delay = 0.67> <FuncUnit> <Opcode : 'icmp'> <InPorts = 2> <OutPorts = 1>
ST_1 : Operation 81 [1/1] (0.67ns)   --->   "%add_ln58 = add i3 %i_4, i3 1" [ekf_core.cpp:58->ekf_core.cpp:162]   --->   Operation 81 'add' 'add_ln58' <Predicate = true> <Delay = 0.67> <CoreInst = "Adder">   --->   Core 1 'Adder' <Latency = 0> <II = 1> <Delay = 0.67> <FuncUnit> <Opcode : 'add' 'sub'> <InPorts = 2> <OutPorts = 1>
ST_1 : Operation 82 [1/1] (0.00ns)   --->   "%br_ln58 = br i1 %icmp_ln58, void %for.body5.i.split, void %for.body19.i.preheader.exitStub" [ekf_core.cpp:58->ekf_core.cpp:162]   --->   Operation 82 'br' 'br_ln58' <Predicate = true> <Delay = 0.00>
ST_1 : Operation 83 [1/1] (0.62ns)   --->   "%tmp = mux i32 @_ssdm_op_Mux.ap_auto.6f32.i3, i32 %F_reload_read, i32 %F_5_reload_read, i32 %F_10_reload_read, i32 %F_15_reload_read, i32 %F_21_reload_read, i32 %F_27_reload_read, i3 %i_4" [ekf_core.cpp:61->ekf_core.cpp:162]   --->   Operation 83 'mux' 'tmp' <Predicate = (!icmp_ln58)> <Delay = 0.62> <CoreInst = "Multiplexer">   --->   Core 76 'Multiplexer' <Latency = 0> <II = 1> <Delay = 0.62> <FuncUnit> <Opcode : 'mux'> <InPorts = 2> <OutPorts = 1>
ST_1 : Operation 84 [1/1] (0.73ns)   --->   "%switch_ln62 = switch i3 %i_4, void %arrayidx11.i.case.5, i3 0, void %for.body5.i.split.arrayidx11.i.exit_crit_edge40, i3 1, void %arrayidx11.i.case.1, i3 2, void %arrayidx11.i.case.2, i3 3, void %arrayidx11.i.case.3, i3 4, void %for.body5.i.split.arrayidx11.i.exit_crit_edge" [ekf_core.cpp:62->ekf_core.cpp:162]   --->   Operation 84 'switch' 'switch_ln62' <Predicate = (!icmp_ln58)> <Delay = 0.73>
ST_1 : Operation 85 [1/1] (0.42ns)   --->   "%store_ln58 = store i3 %add_ln58, i3 %i" [ekf_core.cpp:58->ekf_core.cpp:162]   --->   Operation 85 'store' 'store_ln58' <Predicate = (!icmp_ln58)> <Delay = 0.42>
ST_1 : Operation 86 [1/1] (0.00ns)   --->   "%br_ln58 = br void %for.body5.i" [ekf_core.cpp:58->ekf_core.cpp:162]   --->   Operation 86 'br' 'br_ln58' <Predicate = (!icmp_ln58)> <Delay = 0.00>

State 2 <SV = 1> <Delay = 7.01>
ST_2 : [1/1] (0.96ns)   --->   Input mux for Operation 87 '%mul_i = fmul i32 %tmp, i32 %x_reload_read'
ST_2 : Operation 87 [3/3] (6.04ns)   --->   "%mul_i = fmul i32 %tmp, i32 %x_reload_read" [ekf_core.cpp:61->ekf_core.cpp:162]   --->   Operation 87 'fmul' 'mul_i' <Predicate = true> <Delay = 6.04> <CoreInst = "FMul_maxdsp">   --->   Core 30 'FMul_maxdsp' <Latency = 2> <II = 1> <Delay = 7.01> <FuncUnit> <Opcode : 'fmul'> <InPorts = 2> <OutPorts = 1>

State 3 <SV = 2> <Delay = 7.01>
ST_3 : Operation 88 [2/3] (7.01ns)   --->   "%mul_i = fmul i32 %tmp, i32 %x_reload_read" [ekf_core.cpp:61->ekf_core.cpp:162]   --->   Operation 88 'fmul' 'mul_i' <Predicate = true> <Delay = 7.01> <CoreInst = "FMul_maxdsp">   --->   Core 30 'FMul_maxdsp' <Latency = 2> <II = 1> <Delay = 7.01> <FuncUnit> <Opcode : 'fmul'> <InPorts = 2> <OutPorts = 1>

State 4 <SV = 3> <Delay = 7.01>
ST_4 : Operation 89 [1/3] (7.01ns)   --->   "%mul_i = fmul i32 %tmp, i32 %x_reload_read" [ekf_core.cpp:61->ekf_core.cpp:162]   --->   Operation 89 'fmul' 'mul_i' <Predicate = true> <Delay = 7.01> <CoreInst = "FMul_maxdsp">   --->   Core 30 'FMul_maxdsp' <Latency = 2> <II = 1> <Delay = 7.01> <FuncUnit> <Opcode : 'fmul'> <InPorts = 2> <OutPorts = 1>

State 5 <SV = 4> <Delay = 6.43>
ST_5 : [1/1] (1.04ns)   --->   Input mux for Operation 90 '%acc = fadd i32 %mul_i, i32 0'
ST_5 : Operation 90 [4/4] (5.38ns)   --->   "%acc = fadd i32 %mul_i, i32 0" [ekf_core.cpp:61->ekf_core.cpp:162]   --->   Operation 90 'fadd' 'acc' <Predicate = true> <Delay = 5.38> <CoreInst = "FAddSub_fulldsp">   --->   Core 18 'FAddSub_fulldsp' <Latency = 3> <II = 1> <Delay = 6.43> <FuncUnit> <Opcode : 'fadd' 'fsub'> <InPorts = 2> <OutPorts = 1>
ST_5 : Operation 91 [1/1] (0.62ns)   --->   "%tmp_1 = mux i32 @_ssdm_op_Mux.ap_auto.6f32.i3, i32 %F_1_reload_read, i32 %F_6_reload_read, i32 %F_11_reload_read, i32 %F_16_reload_read, i32 %F_22_reload_read, i32 %F_28_reload_read, i3 %i_4" [ekf_core.cpp:61->ekf_core.cpp:162]   --->   Operation 91 'mux' 'tmp_1' <Predicate = true> <Delay = 0.62> <CoreInst = "Multiplexer">   --->   Core 76 'Multiplexer' <Latency = 0> <II = 1> <Delay = 0.62> <FuncUnit> <Opcode : 'mux'> <InPorts = 2> <OutPorts = 1>

State 6 <SV = 5> <Delay = 7.01>
ST_6 : Operation 92 [3/4] (6.43ns)   --->   "%acc = fadd i32 %mul_i, i32 0" [ekf_core.cpp:61->ekf_core.cpp:162]   --->   Operation 92 'fadd' 'acc' <Predicate = true> <Delay = 6.43> <CoreInst = "FAddSub_fulldsp">   --->   Core 18 'FAddSub_fulldsp' <Latency = 3> <II = 1> <Delay = 6.43> <FuncUnit> <Opcode : 'fadd' 'fsub'> <InPorts = 2> <OutPorts = 1>
ST_6 : [1/1] (0.96ns)   --->   Input mux for Operation 93 '%mul_i_1 = fmul i32 %tmp_1, i32 %x_1_reload_read'
ST_6 : Operation 93 [3/3] (6.04ns)   --->   "%mul_i_1 = fmul i32 %tmp_1, i32 %x_1_reload_read" [ekf_core.cpp:61->ekf_core.cpp:162]   --->   Operation 93 'fmul' 'mul_i_1' <Predicate = true> <Delay = 6.04> <CoreInst = "FMul_maxdsp">   --->   Core 30 'FMul_maxdsp' <Latency = 2> <II = 1> <Delay = 7.01> <FuncUnit> <Opcode : 'fmul'> <InPorts = 2> <OutPorts = 1>

State 7 <SV = 6> <Delay = 7.01>
ST_7 : Operation 94 [2/4] (6.43ns)   --->   "%acc = fadd i32 %mul_i, i32 0" [ekf_core.cpp:61->ekf_core.cpp:162]   --->   Operation 94 'fadd' 'acc' <Predicate = true> <Delay = 6.43> <CoreInst = "FAddSub_fulldsp">   --->   Core 18 'FAddSub_fulldsp' <Latency = 3> <II = 1> <Delay = 6.43> <FuncUnit> <Opcode : 'fadd' 'fsub'> <InPorts = 2> <OutPorts = 1>
ST_7 : Operation 95 [2/3] (7.01ns)   --->   "%mul_i_1 = fmul i32 %tmp_1, i32 %x_1_reload_read" [ekf_core.cpp:61->ekf_core.cpp:162]   --->   Operation 95 'fmul' 'mul_i_1' <Predicate = true> <Delay = 7.01> <CoreInst = "FMul_maxdsp">   --->   Core 30 'FMul_maxdsp' <Latency = 2> <II = 1> <Delay = 7.01> <FuncUnit> <Opcode : 'fmul'> <InPorts = 2> <OutPorts = 1>

State 8 <SV = 7> <Delay = 7.01>
ST_8 : Operation 96 [1/4] (6.43ns)   --->   "%acc = fadd i32 %mul_i, i32 0" [ekf_core.cpp:61->ekf_core.cpp:162]   --->   Operation 96 'fadd' 'acc' <Predicate = true> <Delay = 6.43> <CoreInst = "FAddSub_fulldsp">   --->   Core 18 'FAddSub_fulldsp' <Latency = 3> <II = 1> <Delay = 6.43> <FuncUnit> <Opcode : 'fadd' 'fsub'> <InPorts = 2> <OutPorts = 1>
ST_8 : Operation 97 [1/3] (7.01ns)   --->   "%mul_i_1 = fmul i32 %tmp_1, i32 %x_1_reload_read" [ekf_core.cpp:61->ekf_core.cpp:162]   --->   Operation 97 'fmul' 'mul_i_1' <Predicate = true> <Delay = 7.01> <CoreInst = "FMul_maxdsp">   --->   Core 30 'FMul_maxdsp' <Latency = 2> <II = 1> <Delay = 7.01> <FuncUnit> <Opcode : 'fmul'> <InPorts = 2> <OutPorts = 1>

State 9 <SV = 8> <Delay = 6.43>
ST_9 : [1/1] (1.04ns)   --->   Input mux for Operation 98 '%acc_1 = fadd i32 %acc, i32 %mul_i_1'
ST_9 : Operation 98 [4/4] (5.38ns)   --->   "%acc_1 = fadd i32 %acc, i32 %mul_i_1" [ekf_core.cpp:61->ekf_core.cpp:162]   --->   Operation 98 'fadd' 'acc_1' <Predicate = true> <Delay = 5.38> <CoreInst = "FAddSub_fulldsp">   --->   Core 18 'FAddSub_fulldsp' <Latency = 3> <II = 1> <Delay = 6.43> <FuncUnit> <Opcode : 'fadd' 'fsub'> <InPorts = 2> <OutPorts = 1>
ST_9 : Operation 99 [1/1] (0.62ns)   --->   "%tmp_2 = mux i32 @_ssdm_op_Mux.ap_auto.6f32.i3, i32 %F_2_reload_read, i32 %F_7_reload_read, i32 %F_12_reload_read, i32 %F_17_reload_read, i32 %F_23_reload_read, i32 %F_29_reload_read, i3 %i_4" [ekf_core.cpp:61->ekf_core.cpp:162]   --->   Operation 99 'mux' 'tmp_2' <Predicate = true> <Delay = 0.62> <CoreInst = "Multiplexer">   --->   Core 76 'Multiplexer' <Latency = 0> <II = 1> <Delay = 0.62> <FuncUnit> <Opcode : 'mux'> <InPorts = 2> <OutPorts = 1>

State 10 <SV = 9> <Delay = 7.01>
ST_10 : Operation 100 [3/4] (6.43ns)   --->   "%acc_1 = fadd i32 %acc, i32 %mul_i_1" [ekf_core.cpp:61->ekf_core.cpp:162]   --->   Operation 100 'fadd' 'acc_1' <Predicate = true> <Delay = 6.43> <CoreInst = "FAddSub_fulldsp">   --->   Core 18 'FAddSub_fulldsp' <Latency = 3> <II = 1> <Delay = 6.43> <FuncUnit> <Opcode : 'fadd' 'fsub'> <InPorts = 2> <OutPorts = 1>
ST_10 : [1/1] (0.96ns)   --->   Input mux for Operation 101 '%mul_i_2 = fmul i32 %tmp_2, i32 %x_2_reload_read'
ST_10 : Operation 101 [3/3] (6.04ns)   --->   "%mul_i_2 = fmul i32 %tmp_2, i32 %x_2_reload_read" [ekf_core.cpp:61->ekf_core.cpp:162]   --->   Operation 101 'fmul' 'mul_i_2' <Predicate = true> <Delay = 6.04> <CoreInst = "FMul_maxdsp">   --->   Core 30 'FMul_maxdsp' <Latency = 2> <II = 1> <Delay = 7.01> <FuncUnit> <Opcode : 'fmul'> <InPorts = 2> <OutPorts = 1>

State 11 <SV = 10> <Delay = 7.01>
ST_11 : Operation 102 [2/4] (6.43ns)   --->   "%acc_1 = fadd i32 %acc, i32 %mul_i_1" [ekf_core.cpp:61->ekf_core.cpp:162]   --->   Operation 102 'fadd' 'acc_1' <Predicate = true> <Delay = 6.43> <CoreInst = "FAddSub_fulldsp">   --->   Core 18 'FAddSub_fulldsp' <Latency = 3> <II = 1> <Delay = 6.43> <FuncUnit> <Opcode : 'fadd' 'fsub'> <InPorts = 2> <OutPorts = 1>
ST_11 : Operation 103 [2/3] (7.01ns)   --->   "%mul_i_2 = fmul i32 %tmp_2, i32 %x_2_reload_read" [ekf_core.cpp:61->ekf_core.cpp:162]   --->   Operation 103 'fmul' 'mul_i_2' <Predicate = true> <Delay = 7.01> <CoreInst = "FMul_maxdsp">   --->   Core 30 'FMul_maxdsp' <Latency = 2> <II = 1> <Delay = 7.01> <FuncUnit> <Opcode : 'fmul'> <InPorts = 2> <OutPorts = 1>

State 12 <SV = 11> <Delay = 7.01>
ST_12 : Operation 104 [1/4] (6.43ns)   --->   "%acc_1 = fadd i32 %acc, i32 %mul_i_1" [ekf_core.cpp:61->ekf_core.cpp:162]   --->   Operation 104 'fadd' 'acc_1' <Predicate = true> <Delay = 6.43> <CoreInst = "FAddSub_fulldsp">   --->   Core 18 'FAddSub_fulldsp' <Latency = 3> <II = 1> <Delay = 6.43> <FuncUnit> <Opcode : 'fadd' 'fsub'> <InPorts = 2> <OutPorts = 1>
ST_12 : Operation 105 [1/3] (7.01ns)   --->   "%mul_i_2 = fmul i32 %tmp_2, i32 %x_2_reload_read" [ekf_core.cpp:61->ekf_core.cpp:162]   --->   Operation 105 'fmul' 'mul_i_2' <Predicate = true> <Delay = 7.01> <CoreInst = "FMul_maxdsp">   --->   Core 30 'FMul_maxdsp' <Latency = 2> <II = 1> <Delay = 7.01> <FuncUnit> <Opcode : 'fmul'> <InPorts = 2> <OutPorts = 1>

State 13 <SV = 12> <Delay = 6.43>
ST_13 : [1/1] (1.04ns)   --->   Input mux for Operation 106 '%acc_2 = fadd i32 %acc_1, i32 %mul_i_2'
ST_13 : Operation 106 [4/4] (5.38ns)   --->   "%acc_2 = fadd i32 %acc_1, i32 %mul_i_2" [ekf_core.cpp:61->ekf_core.cpp:162]   --->   Operation 106 'fadd' 'acc_2' <Predicate = true> <Delay = 5.38> <CoreInst = "FAddSub_fulldsp">   --->   Core 18 'FAddSub_fulldsp' <Latency = 3> <II = 1> <Delay = 6.43> <FuncUnit> <Opcode : 'fadd' 'fsub'> <InPorts = 2> <OutPorts = 1>
ST_13 : Operation 107 [1/1] (0.62ns)   --->   "%tmp_3 = mux i32 @_ssdm_op_Mux.ap_auto.6f32.i3, i32 0.1, i32 %F_8_reload_read, i32 %F_13_reload_read, i32 %F_18_reload_read, i32 %F_24_reload_read, i32 %F_30_reload_read, i3 %i_4" [ekf_core.cpp:61->ekf_core.cpp:162]   --->   Operation 107 'mux' 'tmp_3' <Predicate = true> <Delay = 0.62> <CoreInst = "Multiplexer">   --->   Core 76 'Multiplexer' <Latency = 0> <II = 1> <Delay = 0.62> <FuncUnit> <Opcode : 'mux'> <InPorts = 2> <OutPorts = 1>

State 14 <SV = 13> <Delay = 7.01>
ST_14 : Operation 108 [3/4] (6.43ns)   --->   "%acc_2 = fadd i32 %acc_1, i32 %mul_i_2" [ekf_core.cpp:61->ekf_core.cpp:162]   --->   Operation 108 'fadd' 'acc_2' <Predicate = true> <Delay = 6.43> <CoreInst = "FAddSub_fulldsp">   --->   Core 18 'FAddSub_fulldsp' <Latency = 3> <II = 1> <Delay = 6.43> <FuncUnit> <Opcode : 'fadd' 'fsub'> <InPorts = 2> <OutPorts = 1>
ST_14 : [1/1] (0.96ns)   --->   Input mux for Operation 109 '%mul_i_3 = fmul i32 %tmp_3, i32 %x_3_reload_read'
ST_14 : Operation 109 [3/3] (6.04ns)   --->   "%mul_i_3 = fmul i32 %tmp_3, i32 %x_3_reload_read" [ekf_core.cpp:61->ekf_core.cpp:162]   --->   Operation 109 'fmul' 'mul_i_3' <Predicate = true> <Delay = 6.04> <CoreInst = "FMul_maxdsp">   --->   Core 30 'FMul_maxdsp' <Latency = 2> <II = 1> <Delay = 7.01> <FuncUnit> <Opcode : 'fmul'> <InPorts = 2> <OutPorts = 1>

State 15 <SV = 14> <Delay = 7.01>
ST_15 : Operation 110 [2/4] (6.43ns)   --->   "%acc_2 = fadd i32 %acc_1, i32 %mul_i_2" [ekf_core.cpp:61->ekf_core.cpp:162]   --->   Operation 110 'fadd' 'acc_2' <Predicate = true> <Delay = 6.43> <CoreInst = "FAddSub_fulldsp">   --->   Core 18 'FAddSub_fulldsp' <Latency = 3> <II = 1> <Delay = 6.43> <FuncUnit> <Opcode : 'fadd' 'fsub'> <InPorts = 2> <OutPorts = 1>
ST_15 : Operation 111 [2/3] (7.01ns)   --->   "%mul_i_3 = fmul i32 %tmp_3, i32 %x_3_reload_read" [ekf_core.cpp:61->ekf_core.cpp:162]   --->   Operation 111 'fmul' 'mul_i_3' <Predicate = true> <Delay = 7.01> <CoreInst = "FMul_maxdsp">   --->   Core 30 'FMul_maxdsp' <Latency = 2> <II = 1> <Delay = 7.01> <FuncUnit> <Opcode : 'fmul'> <InPorts = 2> <OutPorts = 1>

State 16 <SV = 15> <Delay = 7.01>
ST_16 : Operation 112 [1/4] (6.43ns)   --->   "%acc_2 = fadd i32 %acc_1, i32 %mul_i_2" [ekf_core.cpp:61->ekf_core.cpp:162]   --->   Operation 112 'fadd' 'acc_2' <Predicate = true> <Delay = 6.43> <CoreInst = "FAddSub_fulldsp">   --->   Core 18 'FAddSub_fulldsp' <Latency = 3> <II = 1> <Delay = 6.43> <FuncUnit> <Opcode : 'fadd' 'fsub'> <InPorts = 2> <OutPorts = 1>
ST_16 : Operation 113 [1/3] (7.01ns)   --->   "%mul_i_3 = fmul i32 %tmp_3, i32 %x_3_reload_read" [ekf_core.cpp:61->ekf_core.cpp:162]   --->   Operation 113 'fmul' 'mul_i_3' <Predicate = true> <Delay = 7.01> <CoreInst = "FMul_maxdsp">   --->   Core 30 'FMul_maxdsp' <Latency = 2> <II = 1> <Delay = 7.01> <FuncUnit> <Opcode : 'fmul'> <InPorts = 2> <OutPorts = 1>

State 17 <SV = 16> <Delay = 6.43>
ST_17 : [1/1] (1.04ns)   --->   Input mux for Operation 114 '%acc_3 = fadd i32 %acc_2, i32 %mul_i_3'
ST_17 : Operation 114 [4/4] (5.38ns)   --->   "%acc_3 = fadd i32 %acc_2, i32 %mul_i_3" [ekf_core.cpp:61->ekf_core.cpp:162]   --->   Operation 114 'fadd' 'acc_3' <Predicate = true> <Delay = 5.38> <CoreInst = "FAddSub_fulldsp">   --->   Core 18 'FAddSub_fulldsp' <Latency = 3> <II = 1> <Delay = 6.43> <FuncUnit> <Opcode : 'fadd' 'fsub'> <InPorts = 2> <OutPorts = 1>
ST_17 : Operation 115 [1/1] (0.62ns)   --->   "%tmp_4 = mux i32 @_ssdm_op_Mux.ap_auto.6f32.i3, i32 %F_3_reload_read, i32 0.1, i32 %F_14_reload_read, i32 %F_19_reload_read, i32 %F_25_reload_read, i32 %F_31_reload_read, i3 %i_4" [ekf_core.cpp:61->ekf_core.cpp:162]   --->   Operation 115 'mux' 'tmp_4' <Predicate = true> <Delay = 0.62> <CoreInst = "Multiplexer">   --->   Core 76 'Multiplexer' <Latency = 0> <II = 1> <Delay = 0.62> <FuncUnit> <Opcode : 'mux'> <InPorts = 2> <OutPorts = 1>

State 18 <SV = 17> <Delay = 7.01>
ST_18 : Operation 116 [3/4] (6.43ns)   --->   "%acc_3 = fadd i32 %acc_2, i32 %mul_i_3" [ekf_core.cpp:61->ekf_core.cpp:162]   --->   Operation 116 'fadd' 'acc_3' <Predicate = true> <Delay = 6.43> <CoreInst = "FAddSub_fulldsp">   --->   Core 18 'FAddSub_fulldsp' <Latency = 3> <II = 1> <Delay = 6.43> <FuncUnit> <Opcode : 'fadd' 'fsub'> <InPorts = 2> <OutPorts = 1>
ST_18 : [1/1] (0.96ns)   --->   Input mux for Operation 117 '%mul_i_4 = fmul i32 %tmp_4, i32 %x_4_reload_read'
ST_18 : Operation 117 [3/3] (6.04ns)   --->   "%mul_i_4 = fmul i32 %tmp_4, i32 %x_4_reload_read" [ekf_core.cpp:61->ekf_core.cpp:162]   --->   Operation 117 'fmul' 'mul_i_4' <Predicate = true> <Delay = 6.04> <CoreInst = "FMul_maxdsp">   --->   Core 30 'FMul_maxdsp' <Latency = 2> <II = 1> <Delay = 7.01> <FuncUnit> <Opcode : 'fmul'> <InPorts = 2> <OutPorts = 1>

State 19 <SV = 18> <Delay = 7.01>
ST_19 : Operation 118 [2/4] (6.43ns)   --->   "%acc_3 = fadd i32 %acc_2, i32 %mul_i_3" [ekf_core.cpp:61->ekf_core.cpp:162]   --->   Operation 118 'fadd' 'acc_3' <Predicate = true> <Delay = 6.43> <CoreInst = "FAddSub_fulldsp">   --->   Core 18 'FAddSub_fulldsp' <Latency = 3> <II = 1> <Delay = 6.43> <FuncUnit> <Opcode : 'fadd' 'fsub'> <InPorts = 2> <OutPorts = 1>
ST_19 : Operation 119 [2/3] (7.01ns)   --->   "%mul_i_4 = fmul i32 %tmp_4, i32 %x_4_reload_read" [ekf_core.cpp:61->ekf_core.cpp:162]   --->   Operation 119 'fmul' 'mul_i_4' <Predicate = true> <Delay = 7.01> <CoreInst = "FMul_maxdsp">   --->   Core 30 'FMul_maxdsp' <Latency = 2> <II = 1> <Delay = 7.01> <FuncUnit> <Opcode : 'fmul'> <InPorts = 2> <OutPorts = 1>

State 20 <SV = 19> <Delay = 7.01>
ST_20 : Operation 120 [1/4] (6.43ns)   --->   "%acc_3 = fadd i32 %acc_2, i32 %mul_i_3" [ekf_core.cpp:61->ekf_core.cpp:162]   --->   Operation 120 'fadd' 'acc_3' <Predicate = true> <Delay = 6.43> <CoreInst = "FAddSub_fulldsp">   --->   Core 18 'FAddSub_fulldsp' <Latency = 3> <II = 1> <Delay = 6.43> <FuncUnit> <Opcode : 'fadd' 'fsub'> <InPorts = 2> <OutPorts = 1>
ST_20 : Operation 121 [1/3] (7.01ns)   --->   "%mul_i_4 = fmul i32 %tmp_4, i32 %x_4_reload_read" [ekf_core.cpp:61->ekf_core.cpp:162]   --->   Operation 121 'fmul' 'mul_i_4' <Predicate = true> <Delay = 7.01> <CoreInst = "FMul_maxdsp">   --->   Core 30 'FMul_maxdsp' <Latency = 2> <II = 1> <Delay = 7.01> <FuncUnit> <Opcode : 'fmul'> <InPorts = 2> <OutPorts = 1>

State 21 <SV = 20> <Delay = 6.43>
ST_21 : [1/1] (1.04ns)   --->   Input mux for Operation 122 '%acc_4 = fadd i32 %acc_3, i32 %mul_i_4'
ST_21 : Operation 122 [4/4] (5.38ns)   --->   "%acc_4 = fadd i32 %acc_3, i32 %mul_i_4" [ekf_core.cpp:61->ekf_core.cpp:162]   --->   Operation 122 'fadd' 'acc_4' <Predicate = true> <Delay = 5.38> <CoreInst = "FAddSub_fulldsp">   --->   Core 18 'FAddSub_fulldsp' <Latency = 3> <II = 1> <Delay = 6.43> <FuncUnit> <Opcode : 'fadd' 'fsub'> <InPorts = 2> <OutPorts = 1>
ST_21 : Operation 123 [1/1] (0.62ns)   --->   "%tmp_5 = mux i32 @_ssdm_op_Mux.ap_auto.6f32.i3, i32 %F_4_reload_read, i32 %F_9_reload_read, i32 0.1, i32 %F_20_reload_read, i32 %F_26_reload_read, i32 %F_32_reload_read, i3 %i_4" [ekf_core.cpp:61->ekf_core.cpp:162]   --->   Operation 123 'mux' 'tmp_5' <Predicate = true> <Delay = 0.62> <CoreInst = "Multiplexer">   --->   Core 76 'Multiplexer' <Latency = 0> <II = 1> <Delay = 0.62> <FuncUnit> <Opcode : 'mux'> <InPorts = 2> <OutPorts = 1>

State 22 <SV = 21> <Delay = 7.01>
ST_22 : Operation 124 [3/4] (6.43ns)   --->   "%acc_4 = fadd i32 %acc_3, i32 %mul_i_4" [ekf_core.cpp:61->ekf_core.cpp:162]   --->   Operation 124 'fadd' 'acc_4' <Predicate = true> <Delay = 6.43> <CoreInst = "FAddSub_fulldsp">   --->   Core 18 'FAddSub_fulldsp' <Latency = 3> <II = 1> <Delay = 6.43> <FuncUnit> <Opcode : 'fadd' 'fsub'> <InPorts = 2> <OutPorts = 1>
ST_22 : [1/1] (0.96ns)   --->   Input mux for Operation 125 '%mul_i_5 = fmul i32 %tmp_5, i32 %x_5_reload_read'
ST_22 : Operation 125 [3/3] (6.04ns)   --->   "%mul_i_5 = fmul i32 %tmp_5, i32 %x_5_reload_read" [ekf_core.cpp:61->ekf_core.cpp:162]   --->   Operation 125 'fmul' 'mul_i_5' <Predicate = true> <Delay = 6.04> <CoreInst = "FMul_maxdsp">   --->   Core 30 'FMul_maxdsp' <Latency = 2> <II = 1> <Delay = 7.01> <FuncUnit> <Opcode : 'fmul'> <InPorts = 2> <OutPorts = 1>

State 23 <SV = 22> <Delay = 7.01>
ST_23 : Operation 126 [2/4] (6.43ns)   --->   "%acc_4 = fadd i32 %acc_3, i32 %mul_i_4" [ekf_core.cpp:61->ekf_core.cpp:162]   --->   Operation 126 'fadd' 'acc_4' <Predicate = true> <Delay = 6.43> <CoreInst = "FAddSub_fulldsp">   --->   Core 18 'FAddSub_fulldsp' <Latency = 3> <II = 1> <Delay = 6.43> <FuncUnit> <Opcode : 'fadd' 'fsub'> <InPorts = 2> <OutPorts = 1>
ST_23 : Operation 127 [2/3] (7.01ns)   --->   "%mul_i_5 = fmul i32 %tmp_5, i32 %x_5_reload_read" [ekf_core.cpp:61->ekf_core.cpp:162]   --->   Operation 127 'fmul' 'mul_i_5' <Predicate = true> <Delay = 7.01> <CoreInst = "FMul_maxdsp">   --->   Core 30 'FMul_maxdsp' <Latency = 2> <II = 1> <Delay = 7.01> <FuncUnit> <Opcode : 'fmul'> <InPorts = 2> <OutPorts = 1>

State 24 <SV = 23> <Delay = 7.01>
ST_24 : Operation 128 [1/4] (6.43ns)   --->   "%acc_4 = fadd i32 %acc_3, i32 %mul_i_4" [ekf_core.cpp:61->ekf_core.cpp:162]   --->   Operation 128 'fadd' 'acc_4' <Predicate = true> <Delay = 6.43> <CoreInst = "FAddSub_fulldsp">   --->   Core 18 'FAddSub_fulldsp' <Latency = 3> <II = 1> <Delay = 6.43> <FuncUnit> <Opcode : 'fadd' 'fsub'> <InPorts = 2> <OutPorts = 1>
ST_24 : Operation 129 [1/3] (7.01ns)   --->   "%mul_i_5 = fmul i32 %tmp_5, i32 %x_5_reload_read" [ekf_core.cpp:61->ekf_core.cpp:162]   --->   Operation 129 'fmul' 'mul_i_5' <Predicate = true> <Delay = 7.01> <CoreInst = "FMul_maxdsp">   --->   Core 30 'FMul_maxdsp' <Latency = 2> <II = 1> <Delay = 7.01> <FuncUnit> <Opcode : 'fmul'> <InPorts = 2> <OutPorts = 1>

State 25 <SV = 24> <Delay = 6.43>
ST_25 : [1/1] (1.04ns)   --->   Input mux for Operation 130 '%xp_7 = fadd i32 %acc_4, i32 %mul_i_5'
ST_25 : Operation 130 [4/4] (5.38ns)   --->   "%xp_7 = fadd i32 %acc_4, i32 %mul_i_5" [ekf_core.cpp:61->ekf_core.cpp:162]   --->   Operation 130 'fadd' 'xp_7' <Predicate = true> <Delay = 5.38> <CoreInst = "FAddSub_fulldsp">   --->   Core 18 'FAddSub_fulldsp' <Latency = 3> <II = 1> <Delay = 6.43> <FuncUnit> <Opcode : 'fadd' 'fsub'> <InPorts = 2> <OutPorts = 1>

State 26 <SV = 25> <Delay = 6.43>
ST_26 : Operation 131 [3/4] (6.43ns)   --->   "%xp_7 = fadd i32 %acc_4, i32 %mul_i_5" [ekf_core.cpp:61->ekf_core.cpp:162]   --->   Operation 131 'fadd' 'xp_7' <Predicate = true> <Delay = 6.43> <CoreInst = "FAddSub_fulldsp">   --->   Core 18 'FAddSub_fulldsp' <Latency = 3> <II = 1> <Delay = 6.43> <FuncUnit> <Opcode : 'fadd' 'fsub'> <InPorts = 2> <OutPorts = 1>

State 27 <SV = 26> <Delay = 6.43>
ST_27 : Operation 132 [2/4] (6.43ns)   --->   "%xp_7 = fadd i32 %acc_4, i32 %mul_i_5" [ekf_core.cpp:61->ekf_core.cpp:162]   --->   Operation 132 'fadd' 'xp_7' <Predicate = true> <Delay = 6.43> <CoreInst = "FAddSub_fulldsp">   --->   Core 18 'FAddSub_fulldsp' <Latency = 3> <II = 1> <Delay = 6.43> <FuncUnit> <Opcode : 'fadd' 'fsub'> <InPorts = 2> <OutPorts = 1>
ST_27 : Operation 149 [1/1] (0.00ns)   --->   "%xp_load = load i32 %xp"   --->   Operation 149 'load' 'xp_load' <Predicate = (icmp_ln58)> <Delay = 0.00>
ST_27 : Operation 150 [1/1] (0.00ns)   --->   "%xp_1_load = load i32 %xp_1"   --->   Operation 150 'load' 'xp_1_load' <Predicate = (icmp_ln58)> <Delay = 0.00>
ST_27 : Operation 151 [1/1] (0.00ns)   --->   "%xp_2_load = load i32 %xp_2"   --->   Operation 151 'load' 'xp_2_load' <Predicate = (icmp_ln58)> <Delay = 0.00>
ST_27 : Operation 152 [1/1] (0.00ns)   --->   "%xp_3_load = load i32 %xp_3"   --->   Operation 152 'load' 'xp_3_load' <Predicate = (icmp_ln58)> <Delay = 0.00>
ST_27 : Operation 153 [1/1] (0.00ns)   --->   "%xp_4_load = load i32 %xp_4"   --->   Operation 153 'load' 'xp_4_load' <Predicate = (icmp_ln58)> <Delay = 0.00>
ST_27 : Operation 154 [1/1] (0.00ns)   --->   "%xp_5_load = load i32 %xp_5"   --->   Operation 154 'load' 'xp_5_load' <Predicate = (icmp_ln58)> <Delay = 0.00>
ST_27 : Operation 155 [1/1] (0.00ns)   --->   "%write_ln0 = write void @_ssdm_op_Write.ap_auto.floatP0A, i32 %xp_5_out, i32 %xp_5_load"   --->   Operation 155 'write' 'write_ln0' <Predicate = (icmp_ln58)> <Delay = 0.00>
ST_27 : Operation 156 [1/1] (0.00ns)   --->   "%write_ln0 = write void @_ssdm_op_Write.ap_auto.floatP0A, i32 %xp_4_out, i32 %xp_4_load"   --->   Operation 156 'write' 'write_ln0' <Predicate = (icmp_ln58)> <Delay = 0.00>
ST_27 : Operation 157 [1/1] (0.00ns)   --->   "%write_ln0 = write void @_ssdm_op_Write.ap_auto.floatP0A, i32 %xp_3_out, i32 %xp_3_load"   --->   Operation 157 'write' 'write_ln0' <Predicate = (icmp_ln58)> <Delay = 0.00>
ST_27 : Operation 158 [1/1] (0.00ns)   --->   "%write_ln0 = write void @_ssdm_op_Write.ap_auto.floatP0A, i32 %xp_2_out, i32 %xp_2_load"   --->   Operation 158 'write' 'write_ln0' <Predicate = (icmp_ln58)> <Delay = 0.00>
ST_27 : Operation 159 [1/1] (0.00ns)   --->   "%write_ln0 = write void @_ssdm_op_Write.ap_auto.floatP0A, i32 %xp_1_out, i32 %xp_1_load"   --->   Operation 159 'write' 'write_ln0' <Predicate = (icmp_ln58)> <Delay = 0.00>
ST_27 : Operation 160 [1/1] (0.00ns)   --->   "%write_ln0 = write void @_ssdm_op_Write.ap_auto.floatP0A, i32 %xp_out, i32 %xp_load"   --->   Operation 160 'write' 'write_ln0' <Predicate = (icmp_ln58)> <Delay = 0.00>
ST_27 : Operation 161 [1/1] (0.00ns)   --->   "%ret_ln0 = ret"   --->   Operation 161 'ret' 'ret_ln0' <Predicate = (icmp_ln58)> <Delay = 0.00>

State 28 <SV = 27> <Delay = 6.43>
ST_28 : Operation 133 [1/1] (0.00ns)   --->   "%specpipeline_ln59 = specpipeline void @_ssdm_op_SpecPipeline, i32 1, i32 0, i32 0, i32 0, void @empty_30" [ekf_core.cpp:59->ekf_core.cpp:162]   --->   Operation 133 'specpipeline' 'specpipeline_ln59' <Predicate = true> <Delay = 0.00>
ST_28 : Operation 134 [1/1] (0.00ns)   --->   "%speclooptripcount_ln56 = speclooptripcount void @_ssdm_op_SpecLoopTripCount, i64 6, i64 6, i64 6" [ekf_core.cpp:56->ekf_core.cpp:162]   --->   Operation 134 'speclooptripcount' 'speclooptripcount_ln56' <Predicate = true> <Delay = 0.00>
ST_28 : Operation 135 [1/1] (0.00ns)   --->   "%specloopname_ln58 = specloopname void @_ssdm_op_SpecLoopName, void @empty_8" [ekf_core.cpp:58->ekf_core.cpp:162]   --->   Operation 135 'specloopname' 'specloopname_ln58' <Predicate = true> <Delay = 0.00>
ST_28 : Operation 136 [1/4] (6.43ns)   --->   "%xp_7 = fadd i32 %acc_4, i32 %mul_i_5" [ekf_core.cpp:61->ekf_core.cpp:162]   --->   Operation 136 'fadd' 'xp_7' <Predicate = true> <Delay = 6.43> <CoreInst = "FAddSub_fulldsp">   --->   Core 18 'FAddSub_fulldsp' <Latency = 3> <II = 1> <Delay = 6.43> <FuncUnit> <Opcode : 'fadd' 'fsub'> <InPorts = 2> <OutPorts = 1>
ST_28 : Operation 137 [1/1] (0.00ns)   --->   "%store_ln62 = store i32 %xp_7, i32 %xp_4" [ekf_core.cpp:62->ekf_core.cpp:162]   --->   Operation 137 'store' 'store_ln62' <Predicate = (i_4 == 4)> <Delay = 0.00>
ST_28 : Operation 138 [1/1] (0.00ns)   --->   "%br_ln62 = br void %arrayidx11.i.exit" [ekf_core.cpp:62->ekf_core.cpp:162]   --->   Operation 138 'br' 'br_ln62' <Predicate = (i_4 == 4)> <Delay = 0.00>
ST_28 : Operation 139 [1/1] (0.00ns)   --->   "%store_ln62 = store i32 %xp_7, i32 %xp_3" [ekf_core.cpp:62->ekf_core.cpp:162]   --->   Operation 139 'store' 'store_ln62' <Predicate = (i_4 == 3)> <Delay = 0.00>
ST_28 : Operation 140 [1/1] (0.00ns)   --->   "%br_ln62 = br void %arrayidx11.i.exit" [ekf_core.cpp:62->ekf_core.cpp:162]   --->   Operation 140 'br' 'br_ln62' <Predicate = (i_4 == 3)> <Delay = 0.00>
ST_28 : Operation 141 [1/1] (0.00ns)   --->   "%store_ln62 = store i32 %xp_7, i32 %xp_2" [ekf_core.cpp:62->ekf_core.cpp:162]   --->   Operation 141 'store' 'store_ln62' <Predicate = (i_4 == 2)> <Delay = 0.00>
ST_28 : Operation 142 [1/1] (0.00ns)   --->   "%br_ln62 = br void %arrayidx11.i.exit" [ekf_core.cpp:62->ekf_core.cpp:162]   --->   Operation 142 'br' 'br_ln62' <Predicate = (i_4 == 2)> <Delay = 0.00>
ST_28 : Operation 143 [1/1] (0.00ns)   --->   "%store_ln62 = store i32 %xp_7, i32 %xp_1" [ekf_core.cpp:62->ekf_core.cpp:162]   --->   Operation 143 'store' 'store_ln62' <Predicate = (i_4 == 1)> <Delay = 0.00>
ST_28 : Operation 144 [1/1] (0.00ns)   --->   "%br_ln62 = br void %arrayidx11.i.exit" [ekf_core.cpp:62->ekf_core.cpp:162]   --->   Operation 144 'br' 'br_ln62' <Predicate = (i_4 == 1)> <Delay = 0.00>
ST_28 : Operation 145 [1/1] (0.00ns)   --->   "%store_ln62 = store i32 %xp_7, i32 %xp" [ekf_core.cpp:62->ekf_core.cpp:162]   --->   Operation 145 'store' 'store_ln62' <Predicate = (i_4 == 0)> <Delay = 0.00>
ST_28 : Operation 146 [1/1] (0.00ns)   --->   "%br_ln62 = br void %arrayidx11.i.exit" [ekf_core.cpp:62->ekf_core.cpp:162]   --->   Operation 146 'br' 'br_ln62' <Predicate = (i_4 == 0)> <Delay = 0.00>
ST_28 : Operation 147 [1/1] (0.00ns)   --->   "%store_ln62 = store i32 %xp_7, i32 %xp_5" [ekf_core.cpp:62->ekf_core.cpp:162]   --->   Operation 147 'store' 'store_ln62' <Predicate = (i_4 == 7) | (i_4 == 6) | (i_4 == 5)> <Delay = 0.00>
ST_28 : Operation 148 [1/1] (0.00ns)   --->   "%br_ln62 = br void %arrayidx11.i.exit" [ekf_core.cpp:62->ekf_core.cpp:162]   --->   Operation 148 'br' 'br_ln62' <Predicate = (i_4 == 7) | (i_4 == 6) | (i_4 == 5)> <Delay = 0.00>


============================================================
+ Verbose Summary: Timing violations
============================================================
Target clock period: 10.000ns, clock uncertainty: 2.700ns.

 <State 1>: 1.100ns
The critical path consists of the following:
	'alloca' operation ('i') [46]  (0.000 ns)
	'load' operation ('i', ekf_core.cpp:58->ekf_core.cpp:162) on local variable 'i' [95]  (0.000 ns)
	'add' operation ('add_ln58', ekf_core.cpp:58->ekf_core.cpp:162) [97]  (0.673 ns)
	'store' operation ('store_ln58', ekf_core.cpp:58->ekf_core.cpp:162) of variable 'add_ln58', ekf_core.cpp:58->ekf_core.cpp:162 on local variable 'i' [141]  (0.427 ns)

 <State 2>: 7.016ns
The critical path consists of the following:
	multiplexor before operation 'fmul' with delay (0.968 ns)
'fmul' operation ('mul_i', ekf_core.cpp:61->ekf_core.cpp:162) [104]  (6.048 ns)

 <State 3>: 7.016ns
The critical path consists of the following:
	'fmul' operation ('mul_i', ekf_core.cpp:61->ekf_core.cpp:162) [104]  (7.016 ns)

 <State 4>: 7.016ns
The critical path consists of the following:
	'fmul' operation ('mul_i', ekf_core.cpp:61->ekf_core.cpp:162) [104]  (7.016 ns)

 <State 5>: 6.437ns
The critical path consists of the following:
	multiplexor before operation 'fadd' with delay (1.047 ns)
'fadd' operation ('acc', ekf_core.cpp:61->ekf_core.cpp:162) [105]  (5.390 ns)

 <State 6>: 7.016ns
The critical path consists of the following:
	multiplexor before operation 'fmul' with delay (0.968 ns)
'fmul' operation ('mul_i_1', ekf_core.cpp:61->ekf_core.cpp:162) [107]  (6.048 ns)

 <State 7>: 7.016ns
The critical path consists of the following:
	'fmul' operation ('mul_i_1', ekf_core.cpp:61->ekf_core.cpp:162) [107]  (7.016 ns)

 <State 8>: 7.016ns
The critical path consists of the following:
	'fmul' operation ('mul_i_1', ekf_core.cpp:61->ekf_core.cpp:162) [107]  (7.016 ns)

 <State 9>: 6.437ns
The critical path consists of the following:
	multiplexor before operation 'fadd' with delay (1.047 ns)
'fadd' operation ('acc', ekf_core.cpp:61->ekf_core.cpp:162) [108]  (5.390 ns)

 <State 10>: 7.016ns
The critical path consists of the following:
	multiplexor before operation 'fmul' with delay (0.968 ns)
'fmul' operation ('mul_i_2', ekf_core.cpp:61->ekf_core.cpp:162) [110]  (6.048 ns)

 <State 11>: 7.016ns
The critical path consists of the following:
	'fmul' operation ('mul_i_2', ekf_core.cpp:61->ekf_core.cpp:162) [110]  (7.016 ns)

 <State 12>: 7.016ns
The critical path consists of the following:
	'fmul' operation ('mul_i_2', ekf_core.cpp:61->ekf_core.cpp:162) [110]  (7.016 ns)

 <State 13>: 6.437ns
The critical path consists of the following:
	multiplexor before operation 'fadd' with delay (1.047 ns)
'fadd' operation ('acc', ekf_core.cpp:61->ekf_core.cpp:162) [111]  (5.390 ns)

 <State 14>: 7.016ns
The critical path consists of the following:
	multiplexor before operation 'fmul' with delay (0.968 ns)
'fmul' operation ('mul_i_3', ekf_core.cpp:61->ekf_core.cpp:162) [113]  (6.048 ns)

 <State 15>: 7.016ns
The critical path consists of the following:
	'fmul' operation ('mul_i_3', ekf_core.cpp:61->ekf_core.cpp:162) [113]  (7.016 ns)

 <State 16>: 7.016ns
The critical path consists of the following:
	'fmul' operation ('mul_i_3', ekf_core.cpp:61->ekf_core.cpp:162) [113]  (7.016 ns)

 <State 17>: 6.437ns
The critical path consists of the following:
	multiplexor before operation 'fadd' with delay (1.047 ns)
'fadd' operation ('acc', ekf_core.cpp:61->ekf_core.cpp:162) [114]  (5.390 ns)

 <State 18>: 7.016ns
The critical path consists of the following:
	multiplexor before operation 'fmul' with delay (0.968 ns)
'fmul' operation ('mul_i_4', ekf_core.cpp:61->ekf_core.cpp:162) [116]  (6.048 ns)

 <State 19>: 7.016ns
The critical path consists of the following:
	'fmul' operation ('mul_i_4', ekf_core.cpp:61->ekf_core.cpp:162) [116]  (7.016 ns)

 <State 20>: 7.016ns
The critical path consists of the following:
	'fmul' operation ('mul_i_4', ekf_core.cpp:61->ekf_core.cpp:162) [116]  (7.016 ns)

 <State 21>: 6.437ns
The critical path consists of the following:
	multiplexor before operation 'fadd' with delay (1.047 ns)
'fadd' operation ('acc', ekf_core.cpp:61->ekf_core.cpp:162) [117]  (5.390 ns)

 <State 22>: 7.016ns
The critical path consists of the following:
	multiplexor before operation 'fmul' with delay (0.968 ns)
'fmul' operation ('mul_i_5', ekf_core.cpp:61->ekf_core.cpp:162) [119]  (6.048 ns)

 <State 23>: 7.016ns
The critical path consists of the following:
	'fmul' operation ('mul_i_5', ekf_core.cpp:61->ekf_core.cpp:162) [119]  (7.016 ns)

 <State 24>: 7.016ns
The critical path consists of the following:
	'fmul' operation ('mul_i_5', ekf_core.cpp:61->ekf_core.cpp:162) [119]  (7.016 ns)

 <State 25>: 6.437ns
The critical path consists of the following:
	multiplexor before operation 'fadd' with delay (1.047 ns)
'fadd' operation ('xp', ekf_core.cpp:61->ekf_core.cpp:162) [120]  (5.390 ns)

 <State 26>: 6.437ns
The critical path consists of the following:
	'fadd' operation ('xp', ekf_core.cpp:61->ekf_core.cpp:162) [120]  (6.437 ns)

 <State 27>: 6.437ns
The critical path consists of the following:
	'fadd' operation ('xp', ekf_core.cpp:61->ekf_core.cpp:162) [120]  (6.437 ns)

 <State 28>: 6.437ns
The critical path consists of the following:
	'fadd' operation ('xp', ekf_core.cpp:61->ekf_core.cpp:162) [120]  (6.437 ns)
	'store' operation ('store_ln62', ekf_core.cpp:62->ekf_core.cpp:162) of variable 'xp', ekf_core.cpp:61->ekf_core.cpp:162 on local variable 'xp' [135]  (0.000 ns)


============================================================
+ Verbose Summary: Binding
============================================================
N/A
* FSMD analyzer results:
  - Output states:
 - Input state : 
  - Chain level:
	State 1
	State 2
	State 3
	State 4
	State 5
	State 6
	State 7
	State 8
	State 9
	State 10
	State 11
	State 12
	State 13
	State 14
	State 15
	State 16
	State 17
	State 18
	State 19
	State 20
	State 21
	State 22
	State 23
	State 24
	State 25
	State 26
	State 27
	State 28


============================================================
+ Verbose Summary: Datapath Resource usage 
============================================================
N/A
