

================================================================
== Vitis HLS Report for 'ekf_batch_Pipeline_VITIS_LOOP_89_1'
================================================================
* Date:           Thu Sep  3 12:11:21 2026

* Version:        2023.1 (Build 3854077 on May  4 2023)
* Project:        EKF
* Solution:       solution1 (Vivado IP Flow Target)
* Product family: zynquplus
* Target device:  xczu9eg-ffvb1156-2-e


================================================================
== Performance Estimates
================================================================
+ Timing: 
    * Summary: 
    +--------+----------+----------+------------+
    |  Clock |  Target  | Estimated| Uncertainty|
    +--------+----------+----------+------------+
    |ap_clk  |  10.00 ns|  7.016 ns|     2.70 ns|
    +--------+----------+----------+------------+

+ Latency: 
    * Summary: 
    +---------+---------+----------+----------+-----+-----+---------+
    |  Latency (cycles) |  Latency (absolute) |  Interval | Pipeline|
    |   min   |   max   |    min   |    max   | min | max |   Type  |
    +---------+---------+----------+----------+-----+-----+---------+
    |       34|       34|  0.340 us|  0.340 us|   34|   34|       no|
    +---------+---------+----------+----------+-----+-----+---------+

    + Detail: 
        * Instance: 
        N/A

        * Loop: 
        +-------------------+---------+---------+----------+-----------+-----------+------+----------+
        |                   |  Latency (cycles) | Iteration|  Initiation Interval  | Trip |          |
        |     Loop Name     |   min   |   max   |  Latency |  achieved |   target  | Count| Pipelined|
        +-------------------+---------+---------+----------+-----------+-----------+------+----------+
        |- VITIS_LOOP_89_1  |       32|       32|        28|          1|          1|     6|       yes|
        +-------------------+---------+---------+----------+-----------+-----------+------+----------+

============================================================
+ Verbose Summary: Synthesis Manager
============================================================
InlineROM: 1
ExposeGlobal: 0
============================================================
+ Verbose Summary: CDFG Model
============================================================
IsTopModel: 0
ResetActiveHigh: 1
IsCombinational: 0
IsDatapathOnly: 0
HasWiredReturn: 1
HasMFsm: 2
HasVarLatency: 1
IsPipeline: 0
IsRtlPipelined: 0
IsInstanceOverlapped: 0
IsDontTouch: 0
HasImplIP: 0
IsGatedGlobalClock: 0

+ Individual pipeline summary: 
  * Pipeline-0: initiation interval (II) = 1, depth = 28


============================================================
+ Verbose Summary: Schedule
============================================================
* Number of FSM states : 28
* Pipeline : 1
  Pipeline-0 : II = 1, D = 28, States = { 1 2 3 4 5 6 7 8 9 10 11 12 13 14 15 16 17 18 19 20 21 22 23 24 25 26 27 28 }
* Dataflow Pipeline: 0

* FSM state transitions: 
1 --> 2 
2 --> 3 
3 --> 4 
4 --> 5 
5 --> 6 
6 --> 7 
7 --> 8 
8 --> 9 
9 --> 10 
10 --> 11 
11 --> 12 
12 --> 13 
13 --> 14 
14 --> 15 
15 --> 16 
16 --> 17 
17 --> 18 
18 --> 19 
19 --> 20 
20 --> 21 
21 --> 22 
22 --> 23 
23 --> 24 
24 --> 25 
25 --> 26 
26 --> 27 
27 --> 28 
28 --> 

* FSM state operations: 

State 1 <SV = 0> <Delay = 1.09>
ST_1 : Operation 31 [1/1] (0.00ns)   --->   "%i = alloca i32 1"   --->   Operation 31 'alloca' 'i' <Predicate = true> <Delay = 0.00>
ST_1 : Operation 32 [1/1] (0.00ns)   --->   "%Ph = alloca i32 1"   --->   Operation 32 'alloca' 'Ph' <Predicate = true> <Delay = 0.00>
ST_1 : Operation 33 [1/1] (0.00ns)   --->   "%Ph_1 = alloca i32 1"   --->   Operation 33 'alloca' 'Ph_1' <Predicate = true> <Delay = 0.00>
ST_1 : Operation 34 [1/1] (0.00ns)   --->   "%Ph_2 = alloca i32 1"   --->   Operation 34 'alloca' 'Ph_2' <Predicate = true> <Delay = 0.00>
ST_1 : Operation 35 [1/1] (0.00ns)   --->   "%Ph_3 = alloca i32 1"   --->   Operation 35 'alloca' 'Ph_3' <Predicate = true> <Delay = 0.00>
ST_1 : Operation 36 [1/1] (0.00ns)   --->   "%Ph_4 = alloca i32 1"   --->   Operation 36 'alloca' 'Ph_4' <Predicate = true> <Delay = 0.00>
ST_1 : Operation 37 [1/1] (0.00ns)   --->   "%Ph_5 = alloca i32 1"   --->   Operation 37 'alloca' 'Ph_5' <Predicate = true> <Delay = 0.00>
ST_1 : Operation 38 [1/1] (0.00ns)   --->   "%H_reload_read = read i32 @_ssdm_op_Read.ap_auto.float, i32 %H_reload"   --->   Operation 38 'read' 'H_reload_read' <Predicate = true> <Delay = 0.00>
ST_1 : Operation 39 [1/1] (0.00ns)   --->   "%P_216_read = read i32 @_ssdm_op_Read.ap_auto.float, i32 %P_216"   --->   Operation 39 'read' 'P_216_read' <Predicate = true> <Delay = 0.00>
ST_1 : Operation 40 [1/1] (0.00ns)   --->   "%P_210_read = read i32 @_ssdm_op_Read.ap_auto.float, i32 %P_210"   --->   Operation 40 'read' 'P_210_read' <Predicate = true> <Delay = 0.00>
ST_1 : Operation 41 [1/1] (0.00ns)   --->   "%P_204_read = read i32 @_ssdm_op_Read.ap_auto.float, i32 %P_204"   --->   Operation 41 'read' 'P_204_read' <Predicate = true> <Delay = 0.00>
ST_1 : Operation 42 [1/1] (0.00ns)   --->   "%P_181_read = read i32 @_ssdm_op_Read.ap_auto.float, i32 %P_181"   --->   Operation 42 'read' 'P_181_read' <Predicate = true> <Delay = 0.00>
ST_1 : Operation 43 [1/1] (0.00ns)   --->   "%P_187_read = read i32 @_ssdm_op_Read.ap_auto.float, i32 %P_187"   --->   Operation 43 'read' 'P_187_read' <Predicate = true> <Delay = 0.00>
ST_1 : Operation 44 [1/1] (0.00ns)   --->   "%P_193_read = read i32 @_ssdm_op_Read.ap_auto.float, i32 %P_193"   --->   Operation 44 'read' 'P_193_read' <Predicate = true> <Delay = 0.00>
ST_1 : Operation 45 [1/1] (0.00ns)   --->   "%H_1_reload_read = read i32 @_ssdm_op_Read.ap_auto.float, i32 %H_1_reload"   --->   Operation 45 'read' 'H_1_reload_read' <Predicate = true> <Delay = 0.00>
ST_1 : Operation 46 [1/1] (0.00ns)   --->   "%P_215_read = read i32 @_ssdm_op_Read.ap_auto.float, i32 %P_215"   --->   Operation 46 'read' 'P_215_read' <Predicate = true> <Delay = 0.00>
ST_1 : Operation 47 [1/1] (0.00ns)   --->   "%P_209_read = read i32 @_ssdm_op_Read.ap_auto.float, i32 %P_209"   --->   Operation 47 'read' 'P_209_read' <Predicate = true> <Delay = 0.00>
ST_1 : Operation 48 [1/1] (0.00ns)   --->   "%P_203_read = read i32 @_ssdm_op_Read.ap_auto.float, i32 %P_203"   --->   Operation 48 'read' 'P_203_read' <Predicate = true> <Delay = 0.00>
ST_1 : Operation 49 [1/1] (0.00ns)   --->   "%P_182_read = read i32 @_ssdm_op_Read.ap_auto.float, i32 %P_182"   --->   Operation 49 'read' 'P_182_read' <Predicate = true> <Delay = 0.00>
ST_1 : Operation 50 [1/1] (0.00ns)   --->   "%P_188_read = read i32 @_ssdm_op_Read.ap_auto.float, i32 %P_188"   --->   Operation 50 'read' 'P_188_read' <Predicate = true> <Delay = 0.00>
ST_1 : Operation 51 [1/1] (0.00ns)   --->   "%P_194_read = read i32 @_ssdm_op_Read.ap_auto.float, i32 %P_194"   --->   Operation 51 'read' 'P_194_read' <Predicate = true> <Delay = 0.00>
ST_1 : Operation 52 [1/1] (0.00ns)   --->   "%H_2_reload_read = read i32 @_ssdm_op_Read.ap_auto.float, i32 %H_2_reload"   --->   Operation 52 'read' 'H_2_reload_read' <Predicate = true> <Delay = 0.00>
ST_1 : Operation 53 [1/1] (0.00ns)   --->   "%P_214_read = read i32 @_ssdm_op_Read.ap_auto.float, i32 %P_214"   --->   Operation 53 'read' 'P_214_read' <Predicate = true> <Delay = 0.00>
ST_1 : Operation 54 [1/1] (0.00ns)   --->   "%P_208_read = read i32 @_ssdm_op_Read.ap_auto.float, i32 %P_208"   --->   Operation 54 'read' 'P_208_read' <Predicate = true> <Delay = 0.00>
ST_1 : Operation 55 [1/1] (0.00ns)   --->   "%P_202_read = read i32 @_ssdm_op_Read.ap_auto.float, i32 %P_202"   --->   Operation 55 'read' 'P_202_read' <Predicate = true> <Delay = 0.00>
ST_1 : Operation 56 [1/1] (0.00ns)   --->   "%P_183_read = read i32 @_ssdm_op_Read.ap_auto.float, i32 %P_183"   --->   Operation 56 'read' 'P_183_read' <Predicate = true> <Delay = 0.00>
ST_1 : Operation 57 [1/1] (0.00ns)   --->   "%P_189_read = read i32 @_ssdm_op_Read.ap_auto.float, i32 %P_189"   --->   Operation 57 'read' 'P_189_read' <Predicate = true> <Delay = 0.00>
ST_1 : Operation 58 [1/1] (0.00ns)   --->   "%P_195_read = read i32 @_ssdm_op_Read.ap_auto.float, i32 %P_195"   --->   Operation 58 'read' 'P_195_read' <Predicate = true> <Delay = 0.00>
ST_1 : Operation 59 [1/1] (0.00ns)   --->   "%H_3_reload_read = read i32 @_ssdm_op_Read.ap_auto.float, i32 %H_3_reload"   --->   Operation 59 'read' 'H_3_reload_read' <Predicate = true> <Delay = 0.00>
ST_1 : Operation 60 [1/1] (0.00ns)   --->   "%P_213_read = read i32 @_ssdm_op_Read.ap_auto.float, i32 %P_213"   --->   Operation 60 'read' 'P_213_read' <Predicate = true> <Delay = 0.00>
ST_1 : Operation 61 [1/1] (0.00ns)   --->   "%P_207_read = read i32 @_ssdm_op_Read.ap_auto.float, i32 %P_207"   --->   Operation 61 'read' 'P_207_read' <Predicate = true> <Delay = 0.00>
ST_1 : Operation 62 [1/1] (0.00ns)   --->   "%P_201_read = read i32 @_ssdm_op_Read.ap_auto.float, i32 %P_201"   --->   Operation 62 'read' 'P_201_read' <Predicate = true> <Delay = 0.00>
ST_1 : Operation 63 [1/1] (0.00ns)   --->   "%P_184_read = read i32 @_ssdm_op_Read.ap_auto.float, i32 %P_184"   --->   Operation 63 'read' 'P_184_read' <Predicate = true> <Delay = 0.00>
ST_1 : Operation 64 [1/1] (0.00ns)   --->   "%P_190_read = read i32 @_ssdm_op_Read.ap_auto.float, i32 %P_190"   --->   Operation 64 'read' 'P_190_read' <Predicate = true> <Delay = 0.00>
ST_1 : Operation 65 [1/1] (0.00ns)   --->   "%P_196_read = read i32 @_ssdm_op_Read.ap_auto.float, i32 %P_196"   --->   Operation 65 'read' 'P_196_read' <Predicate = true> <Delay = 0.00>
ST_1 : Operation 66 [1/1] (0.00ns)   --->   "%H_4_reload_read = read i32 @_ssdm_op_Read.ap_auto.float, i32 %H_4_reload"   --->   Operation 66 'read' 'H_4_reload_read' <Predicate = true> <Delay = 0.00>
ST_1 : Operation 67 [1/1] (0.00ns)   --->   "%P_212_read = read i32 @_ssdm_op_Read.ap_auto.float, i32 %P_212"   --->   Operation 67 'read' 'P_212_read' <Predicate = true> <Delay = 0.00>
ST_1 : Operation 68 [1/1] (0.00ns)   --->   "%P_206_read = read i32 @_ssdm_op_Read.ap_auto.float, i32 %P_206"   --->   Operation 68 'read' 'P_206_read' <Predicate = true> <Delay = 0.00>
ST_1 : Operation 69 [1/1] (0.00ns)   --->   "%P_200_read = read i32 @_ssdm_op_Read.ap_auto.float, i32 %P_200"   --->   Operation 69 'read' 'P_200_read' <Predicate = true> <Delay = 0.00>
ST_1 : Operation 70 [1/1] (0.00ns)   --->   "%P_185_read = read i32 @_ssdm_op_Read.ap_auto.float, i32 %P_185"   --->   Operation 70 'read' 'P_185_read' <Predicate = true> <Delay = 0.00>
ST_1 : Operation 71 [1/1] (0.00ns)   --->   "%P_191_read = read i32 @_ssdm_op_Read.ap_auto.float, i32 %P_191"   --->   Operation 71 'read' 'P_191_read' <Predicate = true> <Delay = 0.00>
ST_1 : Operation 72 [1/1] (0.00ns)   --->   "%P_197_read = read i32 @_ssdm_op_Read.ap_auto.float, i32 %P_197"   --->   Operation 72 'read' 'P_197_read' <Predicate = true> <Delay = 0.00>
ST_1 : Operation 73 [1/1] (0.00ns)   --->   "%H_5_reload_read = read i32 @_ssdm_op_Read.ap_auto.float, i32 %H_5_reload"   --->   Operation 73 'read' 'H_5_reload_read' <Predicate = true> <Delay = 0.00>
ST_1 : Operation 74 [1/1] (0.00ns)   --->   "%P_211_read = read i32 @_ssdm_op_Read.ap_auto.float, i32 %P_211"   --->   Operation 74 'read' 'P_211_read' <Predicate = true> <Delay = 0.00>
ST_1 : Operation 75 [1/1] (0.00ns)   --->   "%P_205_read = read i32 @_ssdm_op_Read.ap_auto.float, i32 %P_205"   --->   Operation 75 'read' 'P_205_read' <Predicate = true> <Delay = 0.00>
ST_1 : Operation 76 [1/1] (0.00ns)   --->   "%P_199_read = read i32 @_ssdm_op_Read.ap_auto.float, i32 %P_199"   --->   Operation 76 'read' 'P_199_read' <Predicate = true> <Delay = 0.00>
ST_1 : Operation 77 [1/1] (0.00ns)   --->   "%P_186_read = read i32 @_ssdm_op_Read.ap_auto.float, i32 %P_186"   --->   Operation 77 'read' 'P_186_read' <Predicate = true> <Delay = 0.00>
ST_1 : Operation 78 [1/1] (0.00ns)   --->   "%P_192_read = read i32 @_ssdm_op_Read.ap_auto.float, i32 %P_192"   --->   Operation 78 'read' 'P_192_read' <Predicate = true> <Delay = 0.00>
ST_1 : Operation 79 [1/1] (0.00ns)   --->   "%P_198_read = read i32 @_ssdm_op_Read.ap_auto.float, i32 %P_198"   --->   Operation 79 'read' 'P_198_read' <Predicate = true> <Delay = 0.00>
ST_1 : Operation 80 [1/1] (0.42ns)   --->   "%store_ln0 = store i3 0, i3 %i"   --->   Operation 80 'store' 'store_ln0' <Predicate = true> <Delay = 0.42>
ST_1 : Operation 81 [1/1] (0.00ns)   --->   "%br_ln0 = br void %for.body4.i"   --->   Operation 81 'br' 'br_ln0' <Predicate = true> <Delay = 0.00>
ST_1 : Operation 82 [1/1] (0.00ns)   --->   "%i_2 = load i3 %i" [ekf_core.cpp:89->ekf_core.cpp:169]   --->   Operation 82 'load' 'i_2' <Predicate = true> <Delay = 0.00>
ST_1 : Operation 83 [1/1] (0.67ns)   --->   "%icmp_ln89 = icmp_eq  i3 %i_2, i3 6" [ekf_core.cpp:89->ekf_core.cpp:169]   --->   Operation 83 'icmp' 'icmp_ln89' <Predicate = true> <Delay = 0.67> <CoreInst = "Cmp">   --->   Core 9 'Cmp' <Latency = 0> <II = 1> <Delay = 0.67> <FuncUnit> <Opcode : 'icmp'> <InPorts = 2> <OutPorts = 1>
ST_1 : Operation 84 [1/1] (0.67ns)   --->   "%add_ln89 = add i3 %i_2, i3 1" [ekf_core.cpp:89->ekf_core.cpp:169]   --->   Operation 84 'add' 'add_ln89' <Predicate = true> <Delay = 0.67> <CoreInst = "Adder">   --->   Core 1 'Adder' <Latency = 0> <II = 1> <Delay = 0.67> <FuncUnit> <Opcode : 'add' 'sub'> <InPorts = 2> <OutPorts = 1>
ST_1 : Operation 85 [1/1] (0.00ns)   --->   "%br_ln89 = br i1 %icmp_ln89, void %for.body4.i.split, void %for.body18.i.preheader.exitStub" [ekf_core.cpp:89->ekf_core.cpp:169]   --->   Operation 85 'br' 'br_ln89' <Predicate = true> <Delay = 0.00>
ST_1 : Operation 86 [1/1] (0.62ns)   --->   "%tmp_s = mux i32 @_ssdm_op_Mux.ap_auto.6f32.i3, i32 %P_198_read, i32 %P_192_read, i32 %P_186_read, i32 %P_199_read, i32 %P_205_read, i32 %P_211_read, i3 %i_2" [ekf_core.cpp:92->ekf_core.cpp:169]   --->   Operation 86 'mux' 'tmp_s' <Predicate = (!icmp_ln89)> <Delay = 0.62> <CoreInst = "Multiplexer">   --->   Core 76 'Multiplexer' <Latency = 0> <II = 1> <Delay = 0.62> <FuncUnit> <Opcode : 'mux'> <InPorts = 2> <OutPorts = 1>
ST_1 : Operation 87 [1/1] (0.73ns)   --->   "%switch_ln93 = switch i3 %i_2, void %arrayidx10.i.case.5, i3 0, void %for.body4.i.split.arrayidx10.i.exit_crit_edge43, i3 1, void %arrayidx10.i.case.1, i3 2, void %arrayidx10.i.case.2, i3 3, void %arrayidx10.i.case.3, i3 4, void %for.body4.i.split.arrayidx10.i.exit_crit_edge" [ekf_core.cpp:93->ekf_core.cpp:169]   --->   Operation 87 'switch' 'switch_ln93' <Predicate = (!icmp_ln89)> <Delay = 0.73>
ST_1 : Operation 88 [1/1] (0.42ns)   --->   "%store_ln89 = store i3 %add_ln89, i3 %i" [ekf_core.cpp:89->ekf_core.cpp:169]   --->   Operation 88 'store' 'store_ln89' <Predicate = (!icmp_ln89)> <Delay = 0.42>
ST_1 : Operation 89 [1/1] (0.00ns)   --->   "%br_ln89 = br void %for.body4.i" [ekf_core.cpp:89->ekf_core.cpp:169]   --->   Operation 89 'br' 'br_ln89' <Predicate = (!icmp_ln89)> <Delay = 0.00>

State 2 <SV = 1> <Delay = 7.01>
ST_2 : [1/1] (0.96ns)   --->   Input mux for Operation 90 '%mul_i1 = fmul i32 %tmp_s, i32 %H_5_reload_read'
ST_2 : Operation 90 [3/3] (6.04ns)   --->   "%mul_i1 = fmul i32 %tmp_s, i32 %H_5_reload_read" [ekf_core.cpp:92->ekf_core.cpp:169]   --->   Operation 90 'fmul' 'mul_i1' <Predicate = true> <Delay = 6.04> <CoreInst = "FMul_maxdsp">   --->   Core 30 'FMul_maxdsp' <Latency = 2> <II = 1> <Delay = 7.01> <FuncUnit> <Opcode : 'fmul'> <InPorts = 2> <OutPorts = 1>

State 3 <SV = 2> <Delay = 7.01>
ST_3 : Operation 91 [2/3] (7.01ns)   --->   "%mul_i1 = fmul i32 %tmp_s, i32 %H_5_reload_read" [ekf_core.cpp:92->ekf_core.cpp:169]   --->   Operation 91 'fmul' 'mul_i1' <Predicate = true> <Delay = 7.01> <CoreInst = "FMul_maxdsp">   --->   Core 30 'FMul_maxdsp' <Latency = 2> <II = 1> <Delay = 7.01> <FuncUnit> <Opcode : 'fmul'> <InPorts = 2> <OutPorts = 1>

State 4 <SV = 3> <Delay = 7.01>
ST_4 : Operation 92 [1/3] (7.01ns)   --->   "%mul_i1 = fmul i32 %tmp_s, i32 %H_5_reload_read" [ekf_core.cpp:92->ekf_core.cpp:169]   --->   Operation 92 'fmul' 'mul_i1' <Predicate = true> <Delay = 7.01> <CoreInst = "FMul_maxdsp">   --->   Core 30 'FMul_maxdsp' <Latency = 2> <II = 1> <Delay = 7.01> <FuncUnit> <Opcode : 'fmul'> <InPorts = 2> <OutPorts = 1>

State 5 <SV = 4> <Delay = 6.43>
ST_5 : [1/1] (1.04ns)   --->   Input mux for Operation 93 '%acc = fadd i32 %mul_i1, i32 0'
ST_5 : Operation 93 [4/4] (5.38ns)   --->   "%acc = fadd i32 %mul_i1, i32 0" [ekf_core.cpp:92->ekf_core.cpp:169]   --->   Operation 93 'fadd' 'acc' <Predicate = true> <Delay = 5.38> <CoreInst = "FAddSub_fulldsp">   --->   Core 18 'FAddSub_fulldsp' <Latency = 3> <II = 1> <Delay = 6.43> <FuncUnit> <Opcode : 'fadd' 'fsub'> <InPorts = 2> <OutPorts = 1>
ST_5 : Operation 94 [1/1] (0.62ns)   --->   "%tmp_2 = mux i32 @_ssdm_op_Mux.ap_auto.6f32.i3, i32 %P_197_read, i32 %P_191_read, i32 %P_185_read, i32 %P_200_read, i32 %P_206_read, i32 %P_212_read, i3 %i_2" [ekf_core.cpp:92->ekf_core.cpp:169]   --->   Operation 94 'mux' 'tmp_2' <Predicate = true> <Delay = 0.62> <CoreInst = "Multiplexer">   --->   Core 76 'Multiplexer' <Latency = 0> <II = 1> <Delay = 0.62> <FuncUnit> <Opcode : 'mux'> <InPorts = 2> <OutPorts = 1>

State 6 <SV = 5> <Delay = 7.01>
ST_6 : Operation 95 [3/4] (6.43ns)   --->   "%acc = fadd i32 %mul_i1, i32 0" [ekf_core.cpp:92->ekf_core.cpp:169]   --->   Operation 95 'fadd' 'acc' <Predicate = true> <Delay = 6.43> <CoreInst = "FAddSub_fulldsp">   --->   Core 18 'FAddSub_fulldsp' <Latency = 3> <II = 1> <Delay = 6.43> <FuncUnit> <Opcode : 'fadd' 'fsub'> <InPorts = 2> <OutPorts = 1>
ST_6 : [1/1] (0.96ns)   --->   Input mux for Operation 96 '%mul_i11_1 = fmul i32 %tmp_2, i32 %H_4_reload_read'
ST_6 : Operation 96 [3/3] (6.04ns)   --->   "%mul_i11_1 = fmul i32 %tmp_2, i32 %H_4_reload_read" [ekf_core.cpp:92->ekf_core.cpp:169]   --->   Operation 96 'fmul' 'mul_i11_1' <Predicate = true> <Delay = 6.04> <CoreInst = "FMul_maxdsp">   --->   Core 30 'FMul_maxdsp' <Latency = 2> <II = 1> <Delay = 7.01> <FuncUnit> <Opcode : 'fmul'> <InPorts = 2> <OutPorts = 1>

State 7 <SV = 6> <Delay = 7.01>
ST_7 : Operation 97 [2/4] (6.43ns)   --->   "%acc = fadd i32 %mul_i1, i32 0" [ekf_core.cpp:92->ekf_core.cpp:169]   --->   Operation 97 'fadd' 'acc' <Predicate = true> <Delay = 6.43> <CoreInst = "FAddSub_fulldsp">   --->   Core 18 'FAddSub_fulldsp' <Latency = 3> <II = 1> <Delay = 6.43> <FuncUnit> <Opcode : 'fadd' 'fsub'> <InPorts = 2> <OutPorts = 1>
ST_7 : Operation 98 [2/3] (7.01ns)   --->   "%mul_i11_1 = fmul i32 %tmp_2, i32 %H_4_reload_read" [ekf_core.cpp:92->ekf_core.cpp:169]   --->   Operation 98 'fmul' 'mul_i11_1' <Predicate = true> <Delay = 7.01> <CoreInst = "FMul_maxdsp">   --->   Core 30 'FMul_maxdsp' <Latency = 2> <II = 1> <Delay = 7.01> <FuncUnit> <Opcode : 'fmul'> <InPorts = 2> <OutPorts = 1>

State 8 <SV = 7> <Delay = 7.01>
ST_8 : Operation 99 [1/4] (6.43ns)   --->   "%acc = fadd i32 %mul_i1, i32 0" [ekf_core.cpp:92->ekf_core.cpp:169]   --->   Operation 99 'fadd' 'acc' <Predicate = true> <Delay = 6.43> <CoreInst = "FAddSub_fulldsp">   --->   Core 18 'FAddSub_fulldsp' <Latency = 3> <II = 1> <Delay = 6.43> <FuncUnit> <Opcode : 'fadd' 'fsub'> <InPorts = 2> <OutPorts = 1>
ST_8 : Operation 100 [1/3] (7.01ns)   --->   "%mul_i11_1 = fmul i32 %tmp_2, i32 %H_4_reload_read" [ekf_core.cpp:92->ekf_core.cpp:169]   --->   Operation 100 'fmul' 'mul_i11_1' <Predicate = true> <Delay = 7.01> <CoreInst = "FMul_maxdsp">   --->   Core 30 'FMul_maxdsp' <Latency = 2> <II = 1> <Delay = 7.01> <FuncUnit> <Opcode : 'fmul'> <InPorts = 2> <OutPorts = 1>

State 9 <SV = 8> <Delay = 6.43>
ST_9 : [1/1] (1.04ns)   --->   Input mux for Operation 101 '%acc_1 = fadd i32 %acc, i32 %mul_i11_1'
ST_9 : Operation 101 [4/4] (5.38ns)   --->   "%acc_1 = fadd i32 %acc, i32 %mul_i11_1" [ekf_core.cpp:92->ekf_core.cpp:169]   --->   Operation 101 'fadd' 'acc_1' <Predicate = true> <Delay = 5.38> <CoreInst = "FAddSub_fulldsp">   --->   Core 18 'FAddSub_fulldsp' <Latency = 3> <II = 1> <Delay = 6.43> <FuncUnit> <Opcode : 'fadd' 'fsub'> <InPorts = 2> <OutPorts = 1>
ST_9 : Operation 102 [1/1] (0.62ns)   --->   "%tmp_3 = mux i32 @_ssdm_op_Mux.ap_auto.6f32.i3, i32 %P_196_read, i32 %P_190_read, i32 %P_184_read, i32 %P_201_read, i32 %P_207_read, i32 %P_213_read, i3 %i_2" [ekf_core.cpp:92->ekf_core.cpp:169]   --->   Operation 102 'mux' 'tmp_3' <Predicate = true> <Delay = 0.62> <CoreInst = "Multiplexer">   --->   Core 76 'Multiplexer' <Latency = 0> <II = 1> <Delay = 0.62> <FuncUnit> <Opcode : 'mux'> <InPorts = 2> <OutPorts = 1>

State 10 <SV = 9> <Delay = 7.01>
ST_10 : Operation 103 [3/4] (6.43ns)   --->   "%acc_1 = fadd i32 %acc, i32 %mul_i11_1" [ekf_core.cpp:92->ekf_core.cpp:169]   --->   Operation 103 'fadd' 'acc_1' <Predicate = true> <Delay = 6.43> <CoreInst = "FAddSub_fulldsp">   --->   Core 18 'FAddSub_fulldsp' <Latency = 3> <II = 1> <Delay = 6.43> <FuncUnit> <Opcode : 'fadd' 'fsub'> <InPorts = 2> <OutPorts = 1>
ST_10 : [1/1] (0.96ns)   --->   Input mux for Operation 104 '%mul_i11_2 = fmul i32 %tmp_3, i32 %H_3_reload_read'
ST_10 : Operation 104 [3/3] (6.04ns)   --->   "%mul_i11_2 = fmul i32 %tmp_3, i32 %H_3_reload_read" [ekf_core.cpp:92->ekf_core.cpp:169]   --->   Operation 104 'fmul' 'mul_i11_2' <Predicate = true> <Delay = 6.04> <CoreInst = "FMul_maxdsp">   --->   Core 30 'FMul_maxdsp' <Latency = 2> <II = 1> <Delay = 7.01> <FuncUnit> <Opcode : 'fmul'> <InPorts = 2> <OutPorts = 1>

State 11 <SV = 10> <Delay = 7.01>
ST_11 : Operation 105 [2/4] (6.43ns)   --->   "%acc_1 = fadd i32 %acc, i32 %mul_i11_1" [ekf_core.cpp:92->ekf_core.cpp:169]   --->   Operation 105 'fadd' 'acc_1' <Predicate = true> <Delay = 6.43> <CoreInst = "FAddSub_fulldsp">   --->   Core 18 'FAddSub_fulldsp' <Latency = 3> <II = 1> <Delay = 6.43> <FuncUnit> <Opcode : 'fadd' 'fsub'> <InPorts = 2> <OutPorts = 1>
ST_11 : Operation 106 [2/3] (7.01ns)   --->   "%mul_i11_2 = fmul i32 %tmp_3, i32 %H_3_reload_read" [ekf_core.cpp:92->ekf_core.cpp:169]   --->   Operation 106 'fmul' 'mul_i11_2' <Predicate = true> <Delay = 7.01> <CoreInst = "FMul_maxdsp">   --->   Core 30 'FMul_maxdsp' <Latency = 2> <II = 1> <Delay = 7.01> <FuncUnit> <Opcode : 'fmul'> <InPorts = 2> <OutPorts = 1>

State 12 <SV = 11> <Delay = 7.01>
ST_12 : Operation 107 [1/4] (6.43ns)   --->   "%acc_1 = fadd i32 %acc, i32 %mul_i11_1" [ekf_core.cpp:92->ekf_core.cpp:169]   --->   Operation 107 'fadd' 'acc_1' <Predicate = true> <Delay = 6.43> <CoreInst = "FAddSub_fulldsp">   --->   Core 18 'FAddSub_fulldsp' <Latency = 3> <II = 1> <Delay = 6.43> <FuncUnit> <Opcode : 'fadd' 'fsub'> <InPorts = 2> <OutPorts = 1>
ST_12 : Operation 108 [1/3] (7.01ns)   --->   "%mul_i11_2 = fmul i32 %tmp_3, i32 %H_3_reload_read" [ekf_core.cpp:92->ekf_core.cpp:169]   --->   Operation 108 'fmul' 'mul_i11_2' <Predicate = true> <Delay = 7.01> <CoreInst = "FMul_maxdsp">   --->   Core 30 'FMul_maxdsp' <Latency = 2> <II = 1> <Delay = 7.01> <FuncUnit> <Opcode : 'fmul'> <InPorts = 2> <OutPorts = 1>

State 13 <SV = 12> <Delay = 6.43>
ST_13 : [1/1] (1.04ns)   --->   Input mux for Operation 109 '%acc_2 = fadd i32 %acc_1, i32 %mul_i11_2'
ST_13 : Operation 109 [4/4] (5.38ns)   --->   "%acc_2 = fadd i32 %acc_1, i32 %mul_i11_2" [ekf_core.cpp:92->ekf_core.cpp:169]   --->   Operation 109 'fadd' 'acc_2' <Predicate = true> <Delay = 5.38> <CoreInst = "FAddSub_fulldsp">   --->   Core 18 'FAddSub_fulldsp' <Latency = 3> <II = 1> <Delay = 6.43> <FuncUnit> <Opcode : 'fadd' 'fsub'> <InPorts = 2> <OutPorts = 1>
ST_13 : Operation 110 [1/1] (0.62ns)   --->   "%tmp_4 = mux i32 @_ssdm_op_Mux.ap_auto.6f32.i3, i32 %P_195_read, i32 %P_189_read, i32 %P_183_read, i32 %P_202_read, i32 %P_208_read, i32 %P_214_read, i3 %i_2" [ekf_core.cpp:92->ekf_core.cpp:169]   --->   Operation 110 'mux' 'tmp_4' <Predicate = true> <Delay = 0.62> <CoreInst = "Multiplexer">   --->   Core 76 'Multiplexer' <Latency = 0> <II = 1> <Delay = 0.62> <FuncUnit> <Opcode : 'mux'> <InPorts = 2> <OutPorts = 1>

State 14 <SV = 13> <Delay = 7.01>
ST_14 : Operation 111 [3/4] (6.43ns)   --->   "%acc_2 = fadd i32 %acc_1, i32 %mul_i11_2" [ekf_core.cpp:92->ekf_core.cpp:169]   --->   Operation 111 'fadd' 'acc_2' <Predicate = true> <Delay = 6.43> <CoreInst = "FAddSub_fulldsp">   --->   Core 18 'FAddSub_fulldsp' <Latency = 3> <II = 1> <Delay = 6.43> <FuncUnit> <Opcode : 'fadd' 'fsub'> <InPorts = 2> <OutPorts = 1>
ST_14 : [1/1] (0.96ns)   --->   Input mux for Operation 112 '%mul_i11_3 = fmul i32 %tmp_4, i32 %H_2_reload_read'
ST_14 : Operation 112 [3/3] (6.04ns)   --->   "%mul_i11_3 = fmul i32 %tmp_4, i32 %H_2_reload_read" [ekf_core.cpp:92->ekf_core.cpp:169]   --->   Operation 112 'fmul' 'mul_i11_3' <Predicate = true> <Delay = 6.04> <CoreInst = "FMul_maxdsp">   --->   Core 30 'FMul_maxdsp' <Latency = 2> <II = 1> <Delay = 7.01> <FuncUnit> <Opcode : 'fmul'> <InPorts = 2> <OutPorts = 1>

State 15 <SV = 14> <Delay = 7.01>
ST_15 : Operation 113 [2/4] (6.43ns)   --->   "%acc_2 = fadd i32 %acc_1, i32 %mul_i11_2" [ekf_core.cpp:92->ekf_core.cpp:169]   --->   Operation 113 'fadd' 'acc_2' <Predicate = true> <Delay = 6.43> <CoreInst = "FAddSub_fulldsp">   --->   Core 18 'FAddSub_fulldsp' <Latency = 3> <II = 1> <Delay = 6.43> <FuncUnit> <Opcode : 'fadd' 'fsub'> <InPorts = 2> <OutPorts = 1>
ST_15 : Operation 114 [2/3] (7.01ns)   --->   "%mul_i11_3 = fmul i32 %tmp_4, i32 %H_2_reload_read" [ekf_core.cpp:92->ekf_core.cpp:169]   --->   Operation 114 'fmul' 'mul_i11_3' <Predicate = true> <Delay = 7.01> <CoreInst = "FMul_maxdsp">   --->   Core 30 'FMul_maxdsp' <Latency = 2> <II = 1> <Delay = 7.01> <FuncUnit> <Opcode : 'fmul'> <InPorts = 2> <OutPorts = 1>

State 16 <SV = 15> <Delay = 7.01>
ST_16 : Operation 115 [1/4] (6.43ns)   --->   "%acc_2 = fadd i32 %acc_1, i32 %mul_i11_2" [ekf_core.cpp:92->ekf_core.cpp:169]   --->   Operation 115 'fadd' 'acc_2' <Predicate = true> <Delay = 6.43> <CoreInst = "FAddSub_fulldsp">   --->   Core 18 'FAddSub_fulldsp' <Latency = 3> <II = 1> <Delay = 6.43> <FuncUnit> <Opcode : 'fadd' 'fsub'> <InPorts = 2> <OutPorts = 1>
ST_16 : Operation 116 [1/3] (7.01ns)   --->   "%mul_i11_3 = fmul i32 %tmp_4, i32 %H_2_reload_read" [ekf_core.cpp:92->ekf_core.cpp:169]   --->   Operation 116 'fmul' 'mul_i11_3' <Predicate = true> <Delay = 7.01> <CoreInst = "FMul_maxdsp">   --->   Core 30 'FMul_maxdsp' <Latency = 2> <II = 1> <Delay = 7.01> <FuncUnit> <Opcode : 'fmul'> <InPorts = 2> <OutPorts = 1>

State 17 <SV = 16> <Delay = 6.43>
ST_17 : [1/1] (1.04ns)   --->   Input mux for Operation 117 '%acc_3 = fadd i32 %acc_2, i32 %mul_i11_3'
ST_17 : Operation 117 [4/4] (5.38ns)   --->   "%acc_3 = fadd i32 %acc_2, i32 %mul_i11_3" [ekf_core.cpp:92->ekf_core.cpp:169]   --->   Operation 117 'fadd' 'acc_3' <Predicate = true> <Delay = 5.38> <CoreInst = "FAddSub_fulldsp">   --->   Core 18 'FAddSub_fulldsp' <Latency = 3> <II = 1> <Delay = 6.43> <FuncUnit> <Opcode : 'fadd' 'fsub'> <InPorts = 2> <OutPorts = 1>
ST_17 : Operation 118 [1/1] (0.62ns)   --->   "%tmp_5 = mux i32 @_ssdm_op_Mux.ap_auto.6f32.i3, i32 %P_194_read, i32 %P_188_read, i32 %P_182_read, i32 %P_203_read, i32 %P_209_read, i32 %P_215_read, i3 %i_2" [ekf_core.cpp:92->ekf_core.cpp:169]   --->   Operation 118 'mux' 'tmp_5' <Predicate = true> <Delay = 0.62> <CoreInst = "Multiplexer">   --->   Core 76 'Multiplexer' <Latency = 0> <II = 1> <Delay = 0.62> <FuncUnit> <Opcode : 'mux'> <InPorts = 2> <OutPorts = 1>

State 18 <SV = 17> <Delay = 7.01>
ST_18 : Operation 119 [3/4] (6.43ns)   --->   "%acc_3 = fadd i32 %acc_2, i32 %mul_i11_3" [ekf_core.cpp:92->ekf_core.cpp:169]   --->   Operation 119 'fadd' 'acc_3' <Predicate = true> <Delay = 6.43> <CoreInst = "FAddSub_fulldsp">   --->   Core 18 'FAddSub_fulldsp' <Latency = 3> <II = 1> <Delay = 6.43> <FuncUnit> <Opcode : 'fadd' 'fsub'> <InPorts = 2> <OutPorts = 1>
ST_18 : [1/1] (0.96ns)   --->   Input mux for Operation 120 '%mul_i11_4 = fmul i32 %tmp_5, i32 %H_1_reload_read'
ST_18 : Operation 120 [3/3] (6.04ns)   --->   "%mul_i11_4 = fmul i32 %tmp_5, i32 %H_1_reload_read" [ekf_core.cpp:92->ekf_core.cpp:169]   --->   Operation 120 'fmul' 'mul_i11_4' <Predicate = true> <Delay = 6.04> <CoreInst = "FMul_maxdsp">   --->   Core 30 'FMul_maxdsp' <Latency = 2> <II = 1> <Delay = 7.01> <FuncUnit> <Opcode : 'fmul'> <InPorts = 2> <OutPorts = 1>

State 19 <SV = 18> <Delay = 7.01>
ST_19 : Operation 121 [2/4] (6.43ns)   --->   "%acc_3 = fadd i32 %acc_2, i32 %mul_i11_3" [ekf_core.cpp:92->ekf_core.cpp:169]   --->   Operation 121 'fadd' 'acc_3' <Predicate = true> <Delay = 6.43> <CoreInst = "FAddSub_fulldsp">   --->   Core 18 'FAddSub_fulldsp' <Latency = 3> <II = 1> <Delay = 6.43> <FuncUnit> <Opcode : 'fadd' 'fsub'> <InPorts = 2> <OutPorts = 1>
ST_19 : Operation 122 [2/3] (7.01ns)   --->   "%mul_i11_4 = fmul i32 %tmp_5, i32 %H_1_reload_read" [ekf_core.cpp:92->ekf_core.cpp:169]   --->   Operation 122 'fmul' 'mul_i11_4' <Predicate = true> <Delay = 7.01> <CoreInst = "FMul_maxdsp">   --->   Core 30 'FMul_maxdsp' <Latency = 2> <II = 1> <Delay = 7.01> <FuncUnit> <Opcode : 'fmul'> <InPorts = 2> <OutPorts = 1>

State 20 <SV = 19> <Delay = 7.01>
ST_20 : Operation 123 [1/4] (6.43ns)   --->   "%acc_3 = fadd i32 %acc_2, i32 %mul_i11_3" [ekf_core.cpp:92->ekf_core.cpp:169]   --->   Operation 123 'fadd' 'acc_3' <Predicate = true> <Delay = 6.43> <CoreInst = "FAddSub_fulldsp">   --->   Core 18 'FAddSub_fulldsp' <Latency = 3> <II = 1> <Delay = 6.43> <FuncUnit> <Opcode : 'fadd' 'fsub'> <InPorts = 2> <OutPorts = 1>
ST_20 : Operation 124 [1/3] (7.01ns)   --->   "%mul_i11_4 = fmul i32 %tmp_5, i32 %H_1_reload_read" [ekf_core.cpp:92->ekf_core.cpp:169]   --->   Operation 124 'fmul' 'mul_i11_4' <Predicate = true> <Delay = 7.01> <CoreInst = "FMul_maxdsp">   --->   Core 30 'FMul_maxdsp' <Latency = 2> <II = 1> <Delay = 7.01> <FuncUnit> <Opcode : 'fmul'> <InPorts = 2> <OutPorts = 1>

State 21 <SV = 20> <Delay = 6.43>
ST_21 : [1/1] (1.04ns)   --->   Input mux for Operation 125 '%acc_4 = fadd i32 %acc_3, i32 %mul_i11_4'
ST_21 : Operation 125 [4/4] (5.38ns)   --->   "%acc_4 = fadd i32 %acc_3, i32 %mul_i11_4" [ekf_core.cpp:92->ekf_core.cpp:169]   --->   Operation 125 'fadd' 'acc_4' <Predicate = true> <Delay = 5.38> <CoreInst = "FAddSub_fulldsp">   --->   Core 18 'FAddSub_fulldsp' <Latency = 3> <II = 1> <Delay = 6.43> <FuncUnit> <Opcode : 'fadd' 'fsub'> <InPorts = 2> <OutPorts = 1>
ST_21 : Operation 126 [1/1] (0.62ns)   --->   "%tmp_6 = mux i32 @_ssdm_op_Mux.ap_auto.6f32.i3, i32 %P_193_read, i32 %P_187_read, i32 %P_181_read, i32 %P_204_read, i32 %P_210_read, i32 %P_216_read, i3 %i_2" [ekf_core.cpp:92->ekf_core.cpp:169]   --->   Operation 126 'mux' 'tmp_6' <Predicate = true> <Delay = 0.62> <CoreInst = "Multiplexer">   --->   Core 76 'Multiplexer' <Latency = 0> <II = 1> <Delay = 0.62> <FuncUnit> <Opcode : 'mux'> <InPorts = 2> <OutPorts = 1>

State 22 <SV = 21> <Delay = 7.01>
ST_22 : Operation 127 [3/4] (6.43ns)   --->   "%acc_4 = fadd i32 %acc_3, i32 %mul_i11_4" [ekf_core.cpp:92->ekf_core.cpp:169]   --->   Operation 127 'fadd' 'acc_4' <Predicate = true> <Delay = 6.43> <CoreInst = "FAddSub_fulldsp">   --->   Core 18 'FAddSub_fulldsp' <Latency = 3> <II = 1> <Delay = 6.43> <FuncUnit> <Opcode : 'fadd' 'fsub'> <InPorts = 2> <OutPorts = 1>
ST_22 : [1/1] (0.96ns)   --->   Input mux for Operation 128 '%mul_i11_5 = fmul i32 %tmp_6, i32 %H_reload_read'
ST_22 : Operation 128 [3/3] (6.04ns)   --->   "%mul_i11_5 = fmul i32 %tmp_6, i32 %H_reload_read" [ekf_core.cpp:92->ekf_core.cpp:169]   --->   Operation 128 'fmul' 'mul_i11_5' <Predicate = true> <Delay = 6.04> <CoreInst = "FMul_maxdsp">   --->   Core 30 'FMul_maxdsp' <Latency = 2> <II = 1> <Delay = 7.01> <FuncUnit> <Opcode : 'fmul'> <InPorts = 2> <OutPorts = 1>

State 23 <SV = 22> <Delay = 7.01>
ST_23 : Operation 129 [2/4] (6.43ns)   --->   "%acc_4 = fadd i32 %acc_3, i32 %mul_i11_4" [ekf_core.cpp:92->ekf_core.cpp:169]   --->   Operation 129 'fadd' 'acc_4' <Predicate = true> <Delay = 6.43> <CoreInst = "FAddSub_fulldsp">   --->   Core 18 'FAddSub_fulldsp' <Latency = 3> <II = 1> <Delay = 6.43> <FuncUnit> <Opcode : 'fadd' 'fsub'> <InPorts = 2> <OutPorts = 1>
ST_23 : Operation 130 [2/3] (7.01ns)   --->   "%mul_i11_5 = fmul i32 %tmp_6, i32 %H_reload_read" [ekf_core.cpp:92->ekf_core.cpp:169]   --->   Operation 130 'fmul' 'mul_i11_5' <Predicate = true> <Delay = 7.01> <CoreInst = "FMul_maxdsp">   --->   Core 30 'FMul_maxdsp' <Latency = 2> <II = 1> <Delay = 7.01> <FuncUnit> <Opcode : 'fmul'> <InPorts = 2> <OutPorts = 1>

State 24 <SV = 23> <Delay = 7.01>
ST_24 : Operation 131 [1/4] (6.43ns)   --->   "%acc_4 = fadd i32 %acc_3, i32 %mul_i11_4" [ekf_core.cpp:92->ekf_core.cpp:169]   --->   Operation 131 'fadd' 'acc_4' <Predicate = true> <Delay = 6.43> <CoreInst = "FAddSub_fulldsp">   --->   Core 18 'FAddSub_fulldsp' <Latency = 3> <II = 1> <Delay = 6.43> <FuncUnit> <Opcode : 'fadd' 'fsub'> <InPorts = 2> <OutPorts = 1>
ST_24 : Operation 132 [1/3] (7.01ns)   --->   "%mul_i11_5 = fmul i32 %tmp_6, i32 %H_reload_read" [ekf_core.cpp:92->ekf_core.cpp:169]   --->   Operation 132 'fmul' 'mul_i11_5' <Predicate = true> <Delay = 7.01> <CoreInst = "FMul_maxdsp">   --->   Core 30 'FMul_maxdsp' <Latency = 2> <II = 1> <Delay = 7.01> <FuncUnit> <Opcode : 'fmul'> <InPorts = 2> <OutPorts = 1>

State 25 <SV = 24> <Delay = 6.43>
ST_25 : [1/1] (1.04ns)   --->   Input mux for Operation 133 '%Ph_7 = fadd i32 %acc_4, i32 %mul_i11_5'
ST_25 : Operation 133 [4/4] (5.38ns)   --->   "%Ph_7 = fadd i32 %acc_4, i32 %mul_i11_5" [ekf_core.cpp:92->ekf_core.cpp:169]   --->   Operation 133 'fadd' 'Ph_7' <Predicate = true> <Delay = 5.38> <CoreInst = "FAddSub_fulldsp">   --->   Core 18 'FAddSub_fulldsp' <Latency = 3> <II = 1> <Delay = 6.43> <FuncUnit> <Opcode : 'fadd' 'fsub'> <InPorts = 2> <OutPorts = 1>

State 26 <SV = 25> <Delay = 6.43>
ST_26 : Operation 134 [3/4] (6.43ns)   --->   "%Ph_7 = fadd i32 %acc_4, i32 %mul_i11_5" [ekf_core.cpp:92->ekf_core.cpp:169]   --->   Operation 134 'fadd' 'Ph_7' <Predicate = true> <Delay = 6.43> <CoreInst = "FAddSub_fulldsp">   --->   Core 18 'FAddSub_fulldsp' <Latency = 3> <II = 1> <Delay = 6.43> <FuncUnit> <Opcode : 'fadd' 'fsub'> <InPorts = 2> <OutPorts = 1>

State 27 <SV = 26> <Delay = 6.43>
ST_27 : Operation 135 [2/4] (6.43ns)   --->   "%Ph_7 = fadd i32 %acc_4, i32 %mul_i11_5" [ekf_core.cpp:92->ekf_core.cpp:169]   --->   Operation 135 'fadd' 'Ph_7' <Predicate = true> <Delay = 6.43> <CoreInst = "FAddSub_fulldsp">   --->   Core 18 'FAddSub_fulldsp' <Latency = 3> <II = 1> <Delay = 6.43> <FuncUnit> <Opcode : 'fadd' 'fsub'> <InPorts = 2> <OutPorts = 1>
ST_27 : Operation 152 [1/1] (0.00ns)   --->   "%Ph_load = load i32 %Ph"   --->   Operation 152 'load' 'Ph_load' <Predicate = (icmp_ln89)> <Delay = 0.00>
ST_27 : Operation 153 [1/1] (0.00ns)   --->   "%Ph_1_load = load i32 %Ph_1"   --->   Operation 153 'load' 'Ph_1_load' <Predicate = (icmp_ln89)> <Delay = 0.00>
ST_27 : Operation 154 [1/1] (0.00ns)   --->   "%Ph_2_load = load i32 %Ph_2"   --->   Operation 154 'load' 'Ph_2_load' <Predicate = (icmp_ln89)> <Delay = 0.00>
ST_27 : Operation 155 [1/1] (0.00ns)   --->   "%Ph_3_load = load i32 %Ph_3"   --->   Operation 155 'load' 'Ph_3_load' <Predicate = (icmp_ln89)> <Delay = 0.00>
ST_27 : Operation 156 [1/1] (0.00ns)   --->   "%Ph_4_load = load i32 %Ph_4"   --->   Operation 156 'load' 'Ph_4_load' <Predicate = (icmp_ln89)> <Delay = 0.00>
ST_27 : Operation 157 [1/1] (0.00ns)   --->   "%Ph_5_load = load i32 %Ph_5"   --->   Operation 157 'load' 'Ph_5_load' <Predicate = (icmp_ln89)> <Delay = 0.00>
ST_27 : Operation 158 [1/1] (0.00ns)   --->   "%write_ln0 = write void @_ssdm_op_Write.ap_auto.floatP0A, i32 %Ph_5_out, i32 %Ph_5_load"   --->   Operation 158 'write' 'write_ln0' <Predicate = (icmp_ln89)> <Delay = 0.00>
ST_27 : Operation 159 [1/1] (0.00ns)   --->   "%write_ln0 = write void @_ssdm_op_Write.ap_auto.floatP0A, i32 %Ph_4_out, i32 %Ph_4_load"   --->   Operation 159 'write' 'write_ln0' <Predicate = (icmp_ln89)> <Delay = 0.00>
ST_27 : Operation 160 [1/1] (0.00ns)   --->   "%write_ln0 = write void @_ssdm_op_Write.ap_auto.floatP0A, i32 %Ph_3_out, i32 %Ph_3_load"   --->   Operation 160 'write' 'write_ln0' <Predicate = (icmp_ln89)> <Delay = 0.00>
ST_27 : Operation 161 [1/1] (0.00ns)   --->   "%write_ln0 = write void @_ssdm_op_Write.ap_auto.floatP0A, i32 %Ph_2_out, i32 %Ph_2_load"   --->   Operation 161 'write' 'write_ln0' <Predicate = (icmp_ln89)> <Delay = 0.00>
ST_27 : Operation 162 [1/1] (0.00ns)   --->   "%write_ln0 = write void @_ssdm_op_Write.ap_auto.floatP0A, i32 %Ph_1_out, i32 %Ph_1_load"   --->   Operation 162 'write' 'write_ln0' <Predicate = (icmp_ln89)> <Delay = 0.00>
ST_27 : Operation 163 [1/1] (0.00ns)   --->   "%write_ln0 = write void @_ssdm_op_Write.ap_auto.floatP0A, i32 %Ph_out, i32 %Ph_load"   --->   Operation 163 'write' 'write_ln0' <Predicate = (icmp_ln89)> <Delay = 0.00>
ST_27 : Operation 164 [1/1] (0.00ns)   --->   "%ret_ln0 = ret"   --->   Operation 164 'ret' 'ret_ln0' <Predicate = (icmp_ln89)> <Delay = 0.00>

State 28 <SV = 27> <Delay = 6.43>
ST_28 : Operation 136 [1/1] (0.00ns)   --->   "%specpipeline_ln90 = specpipeline void @_ssdm_op_SpecPipeline, i32 1, i32 0, i32 0, i32 0, void @empty_30" [ekf_core.cpp:90->ekf_core.cpp:169]   --->   Operation 136 'specpipeline' 'specpipeline_ln90' <Predicate = true> <Delay = 0.00>
ST_28 : Operation 137 [1/1] (0.00ns)   --->   "%speclooptripcount_ln87 = speclooptripcount void @_ssdm_op_SpecLoopTripCount, i64 6, i64 6, i64 6" [ekf_core.cpp:87->ekf_core.cpp:169]   --->   Operation 137 'speclooptripcount' 'speclooptripcount_ln87' <Predicate = true> <Delay = 0.00>
ST_28 : Operation 138 [1/1] (0.00ns)   --->   "%specloopname_ln89 = specloopname void @_ssdm_op_SpecLoopName, void @empty_16" [ekf_core.cpp:89->ekf_core.cpp:169]   --->   Operation 138 'specloopname' 'specloopname_ln89' <Predicate = true> <Delay = 0.00>
ST_28 : Operation 139 [1/4] (6.43ns)   --->   "%Ph_7 = fadd i32 %acc_4, i32 %mul_i11_5" [ekf_core.cpp:92->ekf_core.cpp:169]   --->   Operation 139 'fadd' 'Ph_7' <Predicate = true> <Delay = 6.43> <CoreInst = "FAddSub_fulldsp">   --->   Core 18 'FAddSub_fulldsp' <Latency = 3> <II = 1> <Delay = 6.43> <FuncUnit> <Opcode : 'fadd' 'fsub'> <InPorts = 2> <OutPorts = 1>
ST_28 : Operation 140 [1/1] (0.00ns)   --->   "%store_ln93 = store i32 %Ph_7, i32 %Ph_4" [ekf_core.cpp:93->ekf_core.cpp:169]   --->   Operation 140 'store' 'store_ln93' <Predicate = (i_2 == 4)> <Delay = 0.00>
ST_28 : Operation 141 [1/1] (0.00ns)   --->   "%br_ln93 = br void %arrayidx10.i.exit" [ekf_core.cpp:93->ekf_core.cpp:169]   --->   Operation 141 'br' 'br_ln93' <Predicate = (i_2 == 4)> <Delay = 0.00>
ST_28 : Operation 142 [1/1] (0.00ns)   --->   "%store_ln93 = store i32 %Ph_7, i32 %Ph_3" [ekf_core.cpp:93->ekf_core.cpp:169]   --->   Operation 142 'store' 'store_ln93' <Predicate = (i_2 == 3)> <Delay = 0.00>
ST_28 : Operation 143 [1/1] (0.00ns)   --->   "%br_ln93 = br void %arrayidx10.i.exit" [ekf_core.cpp:93->ekf_core.cpp:169]   --->   Operation 143 'br' 'br_ln93' <Predicate = (i_2 == 3)> <Delay = 0.00>
ST_28 : Operation 144 [1/1] (0.00ns)   --->   "%store_ln93 = store i32 %Ph_7, i32 %Ph_2" [ekf_core.cpp:93->ekf_core.cpp:169]   --->   Operation 144 'store' 'store_ln93' <Predicate = (i_2 == 2)> <Delay = 0.00>
ST_28 : Operation 145 [1/1] (0.00ns)   --->   "%br_ln93 = br void %arrayidx10.i.exit" [ekf_core.cpp:93->ekf_core.cpp:169]   --->   Operation 145 'br' 'br_ln93' <Predicate = (i_2 == 2)> <Delay = 0.00>
ST_28 : Operation 146 [1/1] (0.00ns)   --->   "%store_ln93 = store i32 %Ph_7, i32 %Ph_1" [ekf_core.cpp:93->ekf_core.cpp:169]   --->   Operation 146 'store' 'store_ln93' <Predicate = (i_2 == 1)> <Delay = 0.00>
ST_28 : Operation 147 [1/1] (0.00ns)   --->   "%br_ln93 = br void %arrayidx10.i.exit" [ekf_core.cpp:93->ekf_core.cpp:169]   --->   Operation 147 'br' 'br_ln93' <Predicate = (i_2 == 1)> <Delay = 0.00>
ST_28 : Operation 148 [1/1] (0.00ns)   --->   "%store_ln93 = store i32 %Ph_7, i32 %Ph" [ekf_core.cpp:93->ekf_core.cpp:169]   --->   Operation 148 'store' 'store_ln93' <Predicate = (i_2 == 0)> <Delay = 0.00>
ST_28 : Operation 149 [1/1] (0.00ns)   --->   "%br_ln93 = br void %arrayidx10.i.exit" [ekf_core.cpp:93->ekf_core.cpp:169]   --->   Operation 149 'br' 'br_ln93' <Predicate = (i_2 == 0)> <Delay = 0.00>
ST_28 : Operation 150 [1/1] (0.00ns)   --->   "%store_ln93 = store i32 %Ph_7, i32 %Ph_5" [ekf_core.cpp:93->ekf_core.cpp:169]   --->   Operation 150 'store' 'store_ln93' <Predicate = (i_2 == 7) | (i_2 == 6) | (i_2 == 5)> <Delay = 0.00>
ST_28 : Operation 151 [1/1] (0.00ns)   --->   "%br_ln93 = br void %arrayidx10.i.exit" [ekf_core.cpp:93->ekf_core.cpp:169]   --->   Operation 151 'br' 'br_ln93' <Predicate = (i_2 == 7) | (i_2 == 6) | (i_2 == 5)> <Delay = 0.00>


============================================================
+ Verbose Summary: Timing violations
============================================================
Target clock period: 10.000ns, clock uncertainty: 2.700ns.

 <State 1>: 1.100ns
The critical path consists of the following:
	'alloca' operation ('i') [49]  (0.000 ns)
	'load' operation ('i', ekf_core.cpp:89->ekf_core.cpp:169) on local variable 'i' [101]  (0.000 ns)
	'add' operation ('add_ln89', ekf_core.cpp:89->ekf_core.cpp:169) [103]  (0.673 ns)
	'store' operation ('store_ln89', ekf_core.cpp:89->ekf_core.cpp:169) of variable 'add_ln89', ekf_core.cpp:89->ekf_core.cpp:169 on local variable 'i' [147]  (0.427 ns)

 <State 2>: 7.016ns
The critical path consists of the following:
	multiplexor before operation 'fmul' with delay (0.968 ns)
'fmul' operation ('mul_i1', ekf_core.cpp:92->ekf_core.cpp:169) [110]  (6.048 ns)

 <State 3>: 7.016ns
The critical path consists of the following:
	'fmul' operation ('mul_i1', ekf_core.cpp:92->ekf_core.cpp:169) [110]  (7.016 ns)

 <State 4>: 7.016ns
The critical path consists of the following:
	'fmul' operation ('mul_i1', ekf_core.cpp:92->ekf_core.cpp:169) [110]  (7.016 ns)

 <State 5>: 6.437ns
The critical path consists of the following:
	multiplexor before operation 'fadd' with delay (1.047 ns)
'fadd' operation ('acc', ekf_core.cpp:92->ekf_core.cpp:169) [111]  (5.390 ns)

 <State 6>: 7.016ns
The critical path consists of the following:
	multiplexor before operation 'fmul' with delay (0.968 ns)
'fmul' operation ('mul_i11_1', ekf_core.cpp:92->ekf_core.cpp:169) [113]  (6.048 ns)

 <State 7>: 7.016ns
The critical path consists of the following:
	'fmul' operation ('mul_i11_1', ekf_core.cpp:92->ekf_core.cpp:169) [113]  (7.016 ns)

 <State 8>: 7.016ns
The critical path consists of the following:
	'fmul' operation ('mul_i11_1', ekf_core.cpp:92->ekf_core.cpp:169) [113]  (7.016 ns)

 <State 9>: 6.437ns
The critical path consists of the following:
	multiplexor before operation 'fadd' with delay (1.047 ns)
'fadd' operation ('acc', ekf_core.cpp:92->ekf_core.cpp:169) [114]  (5.390 ns)

 <State 10>: 7.016ns
The critical path consists of the following:
	multiplexor before operation 'fmul' with delay (0.968 ns)
'fmul' operation ('mul_i11_2', ekf_core.cpp:92->ekf_core.cpp:169) [116]  (6.048 ns)

 <State 11>: 7.016ns
The critical path consists of the following:
	'fmul' operation ('mul_i11_2', ekf_core.cpp:92->ekf_core.cpp:169) [116]  (7.016 ns)

 <State 12>: 7.016ns
The critical path consists of the following:
	'fmul' operation ('mul_i11_2', ekf_core.cpp:92->ekf_core.cpp:169) [116]  (7.016 ns)

 <State 13>: 6.437ns
The critical path consists of the following:
	multiplexor before operation 'fadd' with delay (1.047 ns)
'fadd' operation ('acc', ekf_core.cpp:92->ekf_core.cpp:169) [117]  (5.390 ns)

 <State 14>: 7.016ns
The critical path consists of the following:
	multiplexor before operation 'fmul' with delay (0.968 ns)
'fmul' operation ('mul_i11_3', ekf_core.cpp:92->ekf_core.cpp:169) [119]  (6.048 ns)

 <State 15>: 7.016ns
The critical path consists of the following:
	'fmul' operation ('mul_i11_3', ekf_core.cpp:92->ekf_core.cpp:169) [119]  (7.016 ns)

 <State 16>: 7.016ns
The critical path consists of the following:
	'fmul' operation ('mul_i11_3', ekf_core.cpp:92->ekf_core.cpp:169) [119]  (7.016 ns)

 <State 17>: 6.437ns
The critical path consists of the following:
	multiplexor before operation 'fadd' with delay (1.047 ns)
'fadd' operation ('acc', ekf_core.cpp:92->ekf_core.cpp:169) [120]  (5.390 ns)

 <State 18>: 7.016ns
The critical path consists of the following:
	multiplexor before operation 'fmul' with delay (0.968 ns)
'fmul' operation ('mul_i11_4', ekf_core.cpp:92->ekf_core.cpp:169) [122]  (6.048 ns)

 <State 19>: 7.016ns
The critical path consists of the following:
	'fmul' operation ('mul_i11_4', ekf_core.cpp:92->ekf_core.cpp:169) [122]  (7.016 ns)

 <State 20>: 7.016ns
The critical path consists of the following:
	'fmul' operation ('mul_i11_4', ekf_core.cpp:92->ekf_core.cpp:169) [122]  (7.016 ns)

 <State 21>: 6.437ns
The critical path consists of the following:
	multiplexor before operation 'fadd' with delay (1.047 ns)
'fadd' operation ('acc', ekf_core.cpp:92->ekf_core.cpp:169) [123]  (5.390 ns)

 <State 22>: 7.016ns
The critical path consists of the following:
	multiplexor before operation 'fmul' with delay (0.968 ns)
'fmul' operation ('mul_i11_5', ekf_core.cpp:92->ekf_core.cpp:169) [125]  (6.048 ns)

 <State 23>: 7.016ns
The critical path consists of the following:
	'fmul' operation ('mul_i11_5', ekf_core.cpp:92->ekf_core.cpp:169) [125]  (7.016 ns)

 <State 24>: 7.016ns
The critical path consists of the following:
	'fmul' operation ('mul_i11_5', ekf_core.cpp:92->ekf_core.cpp:169) [125]  (7.016 ns)

 <State 25>: 6.437ns
The critical path consists of the following:
	multiplexor before operation 'fadd' with delay (1.047 ns)
'fadd' operation ('Ph', ekf_core.cpp:92->ekf_core.cpp:169) [126]  (5.390 ns)

 <State 26>: 6.437ns
The critical path consists of the following:
	'fadd' operation ('Ph', ekf_core.cpp:92->ekf_core.cpp:169) [126]  (6.437 ns)

 <State 27>: 6.437ns
The critical path consists of the following:
	'fadd' operation ('Ph', ekf_core.cpp:92->ekf_core.cpp:169) [126]  (6.437 ns)

 <State 28>: 6.437ns
The critical path consists of the following:
	'fadd' operation ('Ph', ekf_core.cpp:92->ekf_core.cpp:169) [126]  (6.437 ns)
	'store' operation ('store_ln93', ekf_core.cpp:93->ekf_core.cpp:169) of variable 'Ph', ekf_core.cpp:92->ekf_core.cpp:169 on local variable 'Ph' [132]  (0.000 ns)


============================================================
+ Verbose Summary: Binding
============================================================
N/A
* FSMD analyzer results:
  - Output states:
 - Input state : 
  - Chain level:
	State 1
	State 2
	State 3
	State 4
	State 5
	State 6
	State 7
	State 8
	State 9
	State 10
	State 11
	State 12
	State 13
	State 14
	State 15
	State 16
	State 17
	State 18
	State 19
	State 20
	State 21
	State 22
	State 23
	State 24
	State 25
	State 26
	State 27
	State 28


============================================================
+ Verbose Summary: Datapath Resource usage 
============================================================
N/A
