

================================================================
== Vitis HLS Report for 'ekf_batch_Pipeline_VITIS_LOOP_73_4_VITIS_LOOP_74_5'
================================================================
* Date:           Thu Sep  3 12:11:20 2026

* Version:        2023.1 (Build 3854077 on May  4 2023)
* Project:        EKF
* Solution:       solution1 (Vivado IP Flow Target)
* Product family: zynquplus
* Target device:  xczu9eg-ffvb1156-2-e


================================================================
== Performance Estimates
================================================================
+ Timing: 
    * Summary: 
    +--------+----------+----------+------------+
    |  Clock |  Target  | Estimated| Uncertainty|
    +--------+----------+----------+------------+
    |ap_clk  |  10.00 ns|  6.864 ns|     2.70 ns|
    +--------+----------+----------+------------+

+ Latency: 
    * Summary: 
    +---------+---------+----------+----------+-----+-----+---------+
    |  Latency (cycles) |  Latency (absolute) |  Interval | Pipeline|
    |   min   |   max   |    min   |    max   | min | max |   Type  |
    +---------+---------+----------+----------+-----+-----+---------+
    |       41|       41|  0.410 us|  0.410 us|   41|   41|       no|
    +---------+---------+----------+----------+-----+-----+---------+

    + Detail: 
        * Instance: 
        N/A

        * Loop: 
        +-----------------------------------+---------+---------+----------+-----------+-----------+------+----------+
        |                                   |  Latency (cycles) | Iteration|  Initiation Interval  | Trip |          |
        |             Loop Name             |   min   |   max   |  Latency |  achieved |   target  | Count| Pipelined|
        +-----------------------------------+---------+---------+----------+-----------+-----------+------+----------+
        |- VITIS_LOOP_73_4_VITIS_LOOP_74_5  |       39|       39|         5|          1|          1|    36|       yes|
        +-----------------------------------+---------+---------+----------+-----------+-----------+------+----------+

============================================================
+ Verbose Summary: Synthesis Manager
============================================================
InlineROM: 1
ExposeGlobal: 0
============================================================
+ Verbose Summary: CDFG Model
============================================================
IsTopModel: 0
ResetActiveHigh: 1
IsCombinational: 0
IsDatapathOnly: 0
HasWiredReturn: 1
HasMFsm: 2
HasVarLatency: 1
IsPipeline: 0
IsRtlPipelined: 0
IsInstanceOverlapped: 0
IsDontTouch: 0
HasImplIP: 0
IsGatedGlobalClock: 0

+ Individual pipeline summary: 
  * Pipeline-0: initiation interval (II) = 1, depth = 5


============================================================
+ Verbose Summary: Schedule
============================================================
* Number of FSM states : 5
* Pipeline : 1
  Pipeline-0 : II = 1, D = 5, States = { 1 2 3 4 5 }
* Dataflow Pipeline: 0

* FSM state transitions: 
1 --> 2 
2 --> 3 
3 --> 4 
4 --> 5 
5 --> 

* FSM state operations: 

State 1 <SV = 0> <Delay = 2.12>
ST_1 : Operation 8 [1/1] (0.00ns)   --->   "%j = alloca i32 1"   --->   Operation 8 'alloca' 'j' <Predicate = true> <Delay = 0.00>
ST_1 : Operation 9 [1/1] (0.00ns)   --->   "%i = alloca i32 1"   --->   Operation 9 'alloca' 'i' <Predicate = true> <Delay = 0.00>
ST_1 : Operation 10 [1/1] (0.00ns)   --->   "%indvar_flatten27 = alloca i32 1"   --->   Operation 10 'alloca' 'indvar_flatten27' <Predicate = true> <Delay = 0.00>
ST_1 : Operation 11 [1/1] (0.00ns)   --->   "%P = alloca i32 1"   --->   Operation 11 'alloca' 'P' <Predicate = true> <Delay = 0.00>
ST_1 : Operation 12 [1/1] (0.00ns)   --->   "%P_1 = alloca i32 1"   --->   Operation 12 'alloca' 'P_1' <Predicate = true> <Delay = 0.00>
ST_1 : Operation 13 [1/1] (0.00ns)   --->   "%P_2 = alloca i32 1"   --->   Operation 13 'alloca' 'P_2' <Predicate = true> <Delay = 0.00>
ST_1 : Operation 14 [1/1] (0.00ns)   --->   "%P_3 = alloca i32 1"   --->   Operation 14 'alloca' 'P_3' <Predicate = true> <Delay = 0.00>
ST_1 : Operation 15 [1/1] (0.00ns)   --->   "%P_4 = alloca i32 1"   --->   Operation 15 'alloca' 'P_4' <Predicate = true> <Delay = 0.00>
ST_1 : Operation 16 [1/1] (0.00ns)   --->   "%P_5 = alloca i32 1"   --->   Operation 16 'alloca' 'P_5' <Predicate = true> <Delay = 0.00>
ST_1 : Operation 17 [1/1] (0.00ns)   --->   "%P_6 = alloca i32 1"   --->   Operation 17 'alloca' 'P_6' <Predicate = true> <Delay = 0.00>
ST_1 : Operation 18 [1/1] (0.00ns)   --->   "%P_7 = alloca i32 1"   --->   Operation 18 'alloca' 'P_7' <Predicate = true> <Delay = 0.00>
ST_1 : Operation 19 [1/1] (0.00ns)   --->   "%P_8 = alloca i32 1"   --->   Operation 19 'alloca' 'P_8' <Predicate = true> <Delay = 0.00>
ST_1 : Operation 20 [1/1] (0.00ns)   --->   "%P_9 = alloca i32 1"   --->   Operation 20 'alloca' 'P_9' <Predicate = true> <Delay = 0.00>
ST_1 : Operation 21 [1/1] (0.00ns)   --->   "%P_10 = alloca i32 1"   --->   Operation 21 'alloca' 'P_10' <Predicate = true> <Delay = 0.00>
ST_1 : Operation 22 [1/1] (0.00ns)   --->   "%P_11 = alloca i32 1"   --->   Operation 22 'alloca' 'P_11' <Predicate = true> <Delay = 0.00>
ST_1 : Operation 23 [1/1] (0.00ns)   --->   "%P_12 = alloca i32 1"   --->   Operation 23 'alloca' 'P_12' <Predicate = true> <Delay = 0.00>
ST_1 : Operation 24 [1/1] (0.00ns)   --->   "%P_13 = alloca i32 1"   --->   Operation 24 'alloca' 'P_13' <Predicate = true> <Delay = 0.00>
ST_1 : Operation 25 [1/1] (0.00ns)   --->   "%P_14 = alloca i32 1"   --->   Operation 25 'alloca' 'P_14' <Predicate = true> <Delay = 0.00>
ST_1 : Operation 26 [1/1] (0.00ns)   --->   "%P_15 = alloca i32 1"   --->   Operation 26 'alloca' 'P_15' <Predicate = true> <Delay = 0.00>
ST_1 : Operation 27 [1/1] (0.00ns)   --->   "%P_16 = alloca i32 1"   --->   Operation 27 'alloca' 'P_16' <Predicate = true> <Delay = 0.00>
ST_1 : Operation 28 [1/1] (0.00ns)   --->   "%P_17 = alloca i32 1"   --->   Operation 28 'alloca' 'P_17' <Predicate = true> <Delay = 0.00>
ST_1 : Operation 29 [1/1] (0.00ns)   --->   "%P_18 = alloca i32 1"   --->   Operation 29 'alloca' 'P_18' <Predicate = true> <Delay = 0.00>
ST_1 : Operation 30 [1/1] (0.00ns)   --->   "%P_19 = alloca i32 1"   --->   Operation 30 'alloca' 'P_19' <Predicate = true> <Delay = 0.00>
ST_1 : Operation 31 [1/1] (0.00ns)   --->   "%P_20 = alloca i32 1"   --->   Operation 31 'alloca' 'P_20' <Predicate = true> <Delay = 0.00>
ST_1 : Operation 32 [1/1] (0.00ns)   --->   "%P_21 = alloca i32 1"   --->   Operation 32 'alloca' 'P_21' <Predicate = true> <Delay = 0.00>
ST_1 : Operation 33 [1/1] (0.00ns)   --->   "%P_22 = alloca i32 1"   --->   Operation 33 'alloca' 'P_22' <Predicate = true> <Delay = 0.00>
ST_1 : Operation 34 [1/1] (0.00ns)   --->   "%P_23 = alloca i32 1"   --->   Operation 34 'alloca' 'P_23' <Predicate = true> <Delay = 0.00>
ST_1 : Operation 35 [1/1] (0.00ns)   --->   "%P_24 = alloca i32 1"   --->   Operation 35 'alloca' 'P_24' <Predicate = true> <Delay = 0.00>
ST_1 : Operation 36 [1/1] (0.00ns)   --->   "%P_25 = alloca i32 1"   --->   Operation 36 'alloca' 'P_25' <Predicate = true> <Delay = 0.00>
ST_1 : Operation 37 [1/1] (0.00ns)   --->   "%P_26 = alloca i32 1"   --->   Operation 37 'alloca' 'P_26' <Predicate = true> <Delay = 0.00>
ST_1 : Operation 38 [1/1] (0.00ns)   --->   "%P_27 = alloca i32 1"   --->   Operation 38 'alloca' 'P_27' <Predicate = true> <Delay = 0.00>
ST_1 : Operation 39 [1/1] (0.00ns)   --->   "%P_28 = alloca i32 1"   --->   Operation 39 'alloca' 'P_28' <Predicate = true> <Delay = 0.00>
ST_1 : Operation 40 [1/1] (0.00ns)   --->   "%P_29 = alloca i32 1"   --->   Operation 40 'alloca' 'P_29' <Predicate = true> <Delay = 0.00>
ST_1 : Operation 41 [1/1] (0.00ns)   --->   "%P_30 = alloca i32 1"   --->   Operation 41 'alloca' 'P_30' <Predicate = true> <Delay = 0.00>
ST_1 : Operation 42 [1/1] (0.00ns)   --->   "%P_31 = alloca i32 1"   --->   Operation 42 'alloca' 'P_31' <Predicate = true> <Delay = 0.00>
ST_1 : Operation 43 [1/1] (0.00ns)   --->   "%P_32 = alloca i32 1"   --->   Operation 43 'alloca' 'P_32' <Predicate = true> <Delay = 0.00>
ST_1 : Operation 44 [1/1] (0.00ns)   --->   "%P_33 = alloca i32 1"   --->   Operation 44 'alloca' 'P_33' <Predicate = true> <Delay = 0.00>
ST_1 : Operation 45 [1/1] (0.00ns)   --->   "%P_34 = alloca i32 1"   --->   Operation 45 'alloca' 'P_34' <Predicate = true> <Delay = 0.00>
ST_1 : Operation 46 [1/1] (0.00ns)   --->   "%P_35 = alloca i32 1"   --->   Operation 46 'alloca' 'P_35' <Predicate = true> <Delay = 0.00>
ST_1 : Operation 47 [1/1] (0.00ns)   --->   "%Q_11_reload_read = read i32 @_ssdm_op_Read.ap_auto.float, i32 %Q_11_reload"   --->   Operation 47 'read' 'Q_11_reload_read' <Predicate = true> <Delay = 0.00>
ST_1 : Operation 48 [1/1] (0.00ns)   --->   "%Q_10_reload_read = read i32 @_ssdm_op_Read.ap_auto.float, i32 %Q_10_reload"   --->   Operation 48 'read' 'Q_10_reload_read' <Predicate = true> <Delay = 0.00>
ST_1 : Operation 49 [1/1] (0.00ns)   --->   "%Q_9_reload_read = read i32 @_ssdm_op_Read.ap_auto.float, i32 %Q_9_reload"   --->   Operation 49 'read' 'Q_9_reload_read' <Predicate = true> <Delay = 0.00>
ST_1 : Operation 50 [1/1] (0.00ns)   --->   "%Q_8_reload_read = read i32 @_ssdm_op_Read.ap_auto.float, i32 %Q_8_reload"   --->   Operation 50 'read' 'Q_8_reload_read' <Predicate = true> <Delay = 0.00>
ST_1 : Operation 51 [1/1] (0.00ns)   --->   "%Q_7_reload_read = read i32 @_ssdm_op_Read.ap_auto.float, i32 %Q_7_reload"   --->   Operation 51 'read' 'Q_7_reload_read' <Predicate = true> <Delay = 0.00>
ST_1 : Operation 52 [1/1] (0.00ns)   --->   "%Q_6_reload_read = read i32 @_ssdm_op_Read.ap_auto.float, i32 %Q_6_reload"   --->   Operation 52 'read' 'Q_6_reload_read' <Predicate = true> <Delay = 0.00>
ST_1 : Operation 53 [1/1] (0.00ns)   --->   "%Q_5_reload_read = read i32 @_ssdm_op_Read.ap_auto.float, i32 %Q_5_reload"   --->   Operation 53 'read' 'Q_5_reload_read' <Predicate = true> <Delay = 0.00>
ST_1 : Operation 54 [1/1] (0.00ns)   --->   "%Q_4_reload_read = read i32 @_ssdm_op_Read.ap_auto.float, i32 %Q_4_reload"   --->   Operation 54 'read' 'Q_4_reload_read' <Predicate = true> <Delay = 0.00>
ST_1 : Operation 55 [1/1] (0.00ns)   --->   "%Q_3_reload_read = read i32 @_ssdm_op_Read.ap_auto.float, i32 %Q_3_reload"   --->   Operation 55 'read' 'Q_3_reload_read' <Predicate = true> <Delay = 0.00>
ST_1 : Operation 56 [1/1] (0.00ns)   --->   "%Q_2_reload_read = read i32 @_ssdm_op_Read.ap_auto.float, i32 %Q_2_reload"   --->   Operation 56 'read' 'Q_2_reload_read' <Predicate = true> <Delay = 0.00>
ST_1 : Operation 57 [1/1] (0.00ns)   --->   "%Q_1_reload_read = read i32 @_ssdm_op_Read.ap_auto.float, i32 %Q_1_reload"   --->   Operation 57 'read' 'Q_1_reload_read' <Predicate = true> <Delay = 0.00>
ST_1 : Operation 58 [1/1] (0.00ns)   --->   "%Q_reload_read = read i32 @_ssdm_op_Read.ap_auto.float, i32 %Q_reload"   --->   Operation 58 'read' 'Q_reload_read' <Predicate = true> <Delay = 0.00>
ST_1 : Operation 59 [1/1] (0.00ns)   --->   "%mux_case_511742997_reload_read = read i32 @_ssdm_op_Read.ap_auto.float, i32 %mux_case_511742997_reload"   --->   Operation 59 'read' 'mux_case_511742997_reload_read' <Predicate = true> <Delay = 0.00>
ST_1 : Operation 60 [1/1] (0.00ns)   --->   "%mux_case_411722991_reload_read = read i32 @_ssdm_op_Read.ap_auto.float, i32 %mux_case_411722991_reload"   --->   Operation 60 'read' 'mux_case_411722991_reload_read' <Predicate = true> <Delay = 0.00>
ST_1 : Operation 61 [1/1] (0.00ns)   --->   "%mux_case_311702985_reload_read = read i32 @_ssdm_op_Read.ap_auto.float, i32 %mux_case_311702985_reload"   --->   Operation 61 'read' 'mux_case_311702985_reload_read' <Predicate = true> <Delay = 0.00>
ST_1 : Operation 62 [1/1] (0.00ns)   --->   "%mux_case_211682979_reload_read = read i32 @_ssdm_op_Read.ap_auto.float, i32 %mux_case_211682979_reload"   --->   Operation 62 'read' 'mux_case_211682979_reload_read' <Predicate = true> <Delay = 0.00>
ST_1 : Operation 63 [1/1] (0.00ns)   --->   "%mux_case_111662973_reload_read = read i32 @_ssdm_op_Read.ap_auto.float, i32 %mux_case_111662973_reload"   --->   Operation 63 'read' 'mux_case_111662973_reload_read' <Predicate = true> <Delay = 0.00>
ST_1 : Operation 64 [1/1] (0.00ns)   --->   "%mux_case_011642967_reload_read = read i32 @_ssdm_op_Read.ap_auto.float, i32 %mux_case_011642967_reload"   --->   Operation 64 'read' 'mux_case_011642967_reload_read' <Predicate = true> <Delay = 0.00>
ST_1 : Operation 65 [1/1] (0.00ns)   --->   "%mux_case_511612961_reload_read = read i32 @_ssdm_op_Read.ap_auto.float, i32 %mux_case_511612961_reload"   --->   Operation 65 'read' 'mux_case_511612961_reload_read' <Predicate = true> <Delay = 0.00>
ST_1 : Operation 66 [1/1] (0.00ns)   --->   "%mux_case_411592955_reload_read = read i32 @_ssdm_op_Read.ap_auto.float, i32 %mux_case_411592955_reload"   --->   Operation 66 'read' 'mux_case_411592955_reload_read' <Predicate = true> <Delay = 0.00>
ST_1 : Operation 67 [1/1] (0.00ns)   --->   "%mux_case_311572949_reload_read = read i32 @_ssdm_op_Read.ap_auto.float, i32 %mux_case_311572949_reload"   --->   Operation 67 'read' 'mux_case_311572949_reload_read' <Predicate = true> <Delay = 0.00>
ST_1 : Operation 68 [1/1] (0.00ns)   --->   "%mux_case_211552943_reload_read = read i32 @_ssdm_op_Read.ap_auto.float, i32 %mux_case_211552943_reload"   --->   Operation 68 'read' 'mux_case_211552943_reload_read' <Predicate = true> <Delay = 0.00>
ST_1 : Operation 69 [1/1] (0.00ns)   --->   "%mux_case_111532937_reload_read = read i32 @_ssdm_op_Read.ap_auto.float, i32 %mux_case_111532937_reload"   --->   Operation 69 'read' 'mux_case_111532937_reload_read' <Predicate = true> <Delay = 0.00>
ST_1 : Operation 70 [1/1] (0.00ns)   --->   "%mux_case_011512931_reload_read = read i32 @_ssdm_op_Read.ap_auto.float, i32 %mux_case_011512931_reload"   --->   Operation 70 'read' 'mux_case_011512931_reload_read' <Predicate = true> <Delay = 0.00>
ST_1 : Operation 71 [1/1] (0.00ns)   --->   "%mux_case_511482925_reload_read = read i32 @_ssdm_op_Read.ap_auto.float, i32 %mux_case_511482925_reload"   --->   Operation 71 'read' 'mux_case_511482925_reload_read' <Predicate = true> <Delay = 0.00>
ST_1 : Operation 72 [1/1] (0.00ns)   --->   "%mux_case_411462919_reload_read = read i32 @_ssdm_op_Read.ap_auto.float, i32 %mux_case_411462919_reload"   --->   Operation 72 'read' 'mux_case_411462919_reload_read' <Predicate = true> <Delay = 0.00>
ST_1 : Operation 73 [1/1] (0.00ns)   --->   "%mux_case_311442913_reload_read = read i32 @_ssdm_op_Read.ap_auto.float, i32 %mux_case_311442913_reload"   --->   Operation 73 'read' 'mux_case_311442913_reload_read' <Predicate = true> <Delay = 0.00>
ST_1 : Operation 74 [1/1] (0.00ns)   --->   "%mux_case_211422907_reload_read = read i32 @_ssdm_op_Read.ap_auto.float, i32 %mux_case_211422907_reload"   --->   Operation 74 'read' 'mux_case_211422907_reload_read' <Predicate = true> <Delay = 0.00>
ST_1 : Operation 75 [1/1] (0.00ns)   --->   "%mux_case_111402901_reload_read = read i32 @_ssdm_op_Read.ap_auto.float, i32 %mux_case_111402901_reload"   --->   Operation 75 'read' 'mux_case_111402901_reload_read' <Predicate = true> <Delay = 0.00>
ST_1 : Operation 76 [1/1] (0.00ns)   --->   "%mux_case_011382895_reload_read = read i32 @_ssdm_op_Read.ap_auto.float, i32 %mux_case_011382895_reload"   --->   Operation 76 'read' 'mux_case_011382895_reload_read' <Predicate = true> <Delay = 0.00>
ST_1 : Operation 77 [1/1] (0.00ns)   --->   "%mux_case_511352889_reload_read = read i32 @_ssdm_op_Read.ap_auto.float, i32 %mux_case_511352889_reload"   --->   Operation 77 'read' 'mux_case_511352889_reload_read' <Predicate = true> <Delay = 0.00>
ST_1 : Operation 78 [1/1] (0.00ns)   --->   "%mux_case_411332883_reload_read = read i32 @_ssdm_op_Read.ap_auto.float, i32 %mux_case_411332883_reload"   --->   Operation 78 'read' 'mux_case_411332883_reload_read' <Predicate = true> <Delay = 0.00>
ST_1 : Operation 79 [1/1] (0.00ns)   --->   "%mux_case_311312877_reload_read = read i32 @_ssdm_op_Read.ap_auto.float, i32 %mux_case_311312877_reload"   --->   Operation 79 'read' 'mux_case_311312877_reload_read' <Predicate = true> <Delay = 0.00>
ST_1 : Operation 80 [1/1] (0.00ns)   --->   "%mux_case_211292871_reload_read = read i32 @_ssdm_op_Read.ap_auto.float, i32 %mux_case_211292871_reload"   --->   Operation 80 'read' 'mux_case_211292871_reload_read' <Predicate = true> <Delay = 0.00>
ST_1 : Operation 81 [1/1] (0.00ns)   --->   "%mux_case_111272865_reload_read = read i32 @_ssdm_op_Read.ap_auto.float, i32 %mux_case_111272865_reload"   --->   Operation 81 'read' 'mux_case_111272865_reload_read' <Predicate = true> <Delay = 0.00>
ST_1 : Operation 82 [1/1] (0.00ns)   --->   "%mux_case_011252859_reload_read = read i32 @_ssdm_op_Read.ap_auto.float, i32 %mux_case_011252859_reload"   --->   Operation 82 'read' 'mux_case_011252859_reload_read' <Predicate = true> <Delay = 0.00>
ST_1 : Operation 83 [1/1] (0.00ns)   --->   "%mux_case_511222853_reload_read = read i32 @_ssdm_op_Read.ap_auto.float, i32 %mux_case_511222853_reload"   --->   Operation 83 'read' 'mux_case_511222853_reload_read' <Predicate = true> <Delay = 0.00>
ST_1 : Operation 84 [1/1] (0.00ns)   --->   "%mux_case_411202847_reload_read = read i32 @_ssdm_op_Read.ap_auto.float, i32 %mux_case_411202847_reload"   --->   Operation 84 'read' 'mux_case_411202847_reload_read' <Predicate = true> <Delay = 0.00>
ST_1 : Operation 85 [1/1] (0.00ns)   --->   "%mux_case_311182841_reload_read = read i32 @_ssdm_op_Read.ap_auto.float, i32 %mux_case_311182841_reload"   --->   Operation 85 'read' 'mux_case_311182841_reload_read' <Predicate = true> <Delay = 0.00>
ST_1 : Operation 86 [1/1] (0.00ns)   --->   "%mux_case_211162835_reload_read = read i32 @_ssdm_op_Read.ap_auto.float, i32 %mux_case_211162835_reload"   --->   Operation 86 'read' 'mux_case_211162835_reload_read' <Predicate = true> <Delay = 0.00>
ST_1 : Operation 87 [1/1] (0.00ns)   --->   "%mux_case_111142829_reload_read = read i32 @_ssdm_op_Read.ap_auto.float, i32 %mux_case_111142829_reload"   --->   Operation 87 'read' 'mux_case_111142829_reload_read' <Predicate = true> <Delay = 0.00>
ST_1 : Operation 88 [1/1] (0.00ns)   --->   "%mux_case_011122823_reload_read = read i32 @_ssdm_op_Read.ap_auto.float, i32 %mux_case_011122823_reload"   --->   Operation 88 'read' 'mux_case_011122823_reload_read' <Predicate = true> <Delay = 0.00>
ST_1 : Operation 89 [1/1] (0.00ns)   --->   "%mux_case_511092816_reload_read = read i32 @_ssdm_op_Read.ap_auto.float, i32 %mux_case_511092816_reload"   --->   Operation 89 'read' 'mux_case_511092816_reload_read' <Predicate = true> <Delay = 0.00>
ST_1 : Operation 90 [1/1] (0.00ns)   --->   "%mux_case_411072810_reload_read = read i32 @_ssdm_op_Read.ap_auto.float, i32 %mux_case_411072810_reload"   --->   Operation 90 'read' 'mux_case_411072810_reload_read' <Predicate = true> <Delay = 0.00>
ST_1 : Operation 91 [1/1] (0.00ns)   --->   "%mux_case_311052804_reload_read = read i32 @_ssdm_op_Read.ap_auto.float, i32 %mux_case_311052804_reload"   --->   Operation 91 'read' 'mux_case_311052804_reload_read' <Predicate = true> <Delay = 0.00>
ST_1 : Operation 92 [1/1] (0.00ns)   --->   "%mux_case_211032798_reload_read = read i32 @_ssdm_op_Read.ap_auto.float, i32 %mux_case_211032798_reload"   --->   Operation 92 'read' 'mux_case_211032798_reload_read' <Predicate = true> <Delay = 0.00>
ST_1 : Operation 93 [1/1] (0.00ns)   --->   "%mux_case_111012792_reload_read = read i32 @_ssdm_op_Read.ap_auto.float, i32 %mux_case_111012792_reload"   --->   Operation 93 'read' 'mux_case_111012792_reload_read' <Predicate = true> <Delay = 0.00>
ST_1 : Operation 94 [1/1] (0.00ns)   --->   "%mux_case_010992786_reload_read = read i32 @_ssdm_op_Read.ap_auto.float, i32 %mux_case_010992786_reload"   --->   Operation 94 'read' 'mux_case_010992786_reload_read' <Predicate = true> <Delay = 0.00>
ST_1 : Operation 95 [1/1] (0.00ns)   --->   "%P_reload_read = read i32 @_ssdm_op_Read.ap_auto.float, i32 %P_reload"   --->   Operation 95 'read' 'P_reload_read' <Predicate = true> <Delay = 0.00>
ST_1 : Operation 96 [1/1] (0.00ns)   --->   "%P_1_reload_read = read i32 @_ssdm_op_Read.ap_auto.float, i32 %P_1_reload"   --->   Operation 96 'read' 'P_1_reload_read' <Predicate = true> <Delay = 0.00>
ST_1 : Operation 97 [1/1] (0.00ns)   --->   "%P_2_reload_read = read i32 @_ssdm_op_Read.ap_auto.float, i32 %P_2_reload"   --->   Operation 97 'read' 'P_2_reload_read' <Predicate = true> <Delay = 0.00>
ST_1 : Operation 98 [1/1] (0.00ns)   --->   "%P_3_reload_read = read i32 @_ssdm_op_Read.ap_auto.float, i32 %P_3_reload"   --->   Operation 98 'read' 'P_3_reload_read' <Predicate = true> <Delay = 0.00>
ST_1 : Operation 99 [1/1] (0.00ns)   --->   "%P_4_reload_read = read i32 @_ssdm_op_Read.ap_auto.float, i32 %P_4_reload"   --->   Operation 99 'read' 'P_4_reload_read' <Predicate = true> <Delay = 0.00>
ST_1 : Operation 100 [1/1] (0.00ns)   --->   "%P_5_reload_read = read i32 @_ssdm_op_Read.ap_auto.float, i32 %P_5_reload"   --->   Operation 100 'read' 'P_5_reload_read' <Predicate = true> <Delay = 0.00>
ST_1 : Operation 101 [1/1] (0.00ns)   --->   "%P_6_reload_read = read i32 @_ssdm_op_Read.ap_auto.float, i32 %P_6_reload"   --->   Operation 101 'read' 'P_6_reload_read' <Predicate = true> <Delay = 0.00>
ST_1 : Operation 102 [1/1] (0.00ns)   --->   "%P_7_reload_read = read i32 @_ssdm_op_Read.ap_auto.float, i32 %P_7_reload"   --->   Operation 102 'read' 'P_7_reload_read' <Predicate = true> <Delay = 0.00>
ST_1 : Operation 103 [1/1] (0.00ns)   --->   "%P_8_reload_read = read i32 @_ssdm_op_Read.ap_auto.float, i32 %P_8_reload"   --->   Operation 103 'read' 'P_8_reload_read' <Predicate = true> <Delay = 0.00>
ST_1 : Operation 104 [1/1] (0.00ns)   --->   "%P_9_reload_read = read i32 @_ssdm_op_Read.ap_auto.float, i32 %P_9_reload"   --->   Operation 104 'read' 'P_9_reload_read' <Predicate = true> <Delay = 0.00>
ST_1 : Operation 105 [1/1] (0.00ns)   --->   "%P_10_reload_read = read i32 @_ssdm_op_Read.ap_auto.float, i32 %P_10_reload"   --->   Operation 105 'read' 'P_10_reload_read' <Predicate = true> <Delay = 0.00>
ST_1 : Operation 106 [1/1] (0.00ns)   --->   "%P_11_reload_read = read i32 @_ssdm_op_Read.ap_auto.float, i32 %P_11_reload"   --->   Operation 106 'read' 'P_11_reload_read' <Predicate = true> <Delay = 0.00>
ST_1 : Operation 107 [1/1] (0.00ns)   --->   "%P_12_reload_read = read i32 @_ssdm_op_Read.ap_auto.float, i32 %P_12_reload"   --->   Operation 107 'read' 'P_12_reload_read' <Predicate = true> <Delay = 0.00>
ST_1 : Operation 108 [1/1] (0.00ns)   --->   "%P_13_reload_read = read i32 @_ssdm_op_Read.ap_auto.float, i32 %P_13_reload"   --->   Operation 108 'read' 'P_13_reload_read' <Predicate = true> <Delay = 0.00>
ST_1 : Operation 109 [1/1] (0.00ns)   --->   "%P_14_reload_read = read i32 @_ssdm_op_Read.ap_auto.float, i32 %P_14_reload"   --->   Operation 109 'read' 'P_14_reload_read' <Predicate = true> <Delay = 0.00>
ST_1 : Operation 110 [1/1] (0.00ns)   --->   "%P_15_reload_read = read i32 @_ssdm_op_Read.ap_auto.float, i32 %P_15_reload"   --->   Operation 110 'read' 'P_15_reload_read' <Predicate = true> <Delay = 0.00>
ST_1 : Operation 111 [1/1] (0.00ns)   --->   "%P_16_reload_read = read i32 @_ssdm_op_Read.ap_auto.float, i32 %P_16_reload"   --->   Operation 111 'read' 'P_16_reload_read' <Predicate = true> <Delay = 0.00>
ST_1 : Operation 112 [1/1] (0.00ns)   --->   "%P_17_reload_read = read i32 @_ssdm_op_Read.ap_auto.float, i32 %P_17_reload"   --->   Operation 112 'read' 'P_17_reload_read' <Predicate = true> <Delay = 0.00>
ST_1 : Operation 113 [1/1] (0.00ns)   --->   "%P_18_reload_read = read i32 @_ssdm_op_Read.ap_auto.float, i32 %P_18_reload"   --->   Operation 113 'read' 'P_18_reload_read' <Predicate = true> <Delay = 0.00>
ST_1 : Operation 114 [1/1] (0.00ns)   --->   "%P_19_reload_read = read i32 @_ssdm_op_Read.ap_auto.float, i32 %P_19_reload"   --->   Operation 114 'read' 'P_19_reload_read' <Predicate = true> <Delay = 0.00>
ST_1 : Operation 115 [1/1] (0.00ns)   --->   "%P_20_reload_read = read i32 @_ssdm_op_Read.ap_auto.float, i32 %P_20_reload"   --->   Operation 115 'read' 'P_20_reload_read' <Predicate = true> <Delay = 0.00>
ST_1 : Operation 116 [1/1] (0.00ns)   --->   "%P_21_reload_read = read i32 @_ssdm_op_Read.ap_auto.float, i32 %P_21_reload"   --->   Operation 116 'read' 'P_21_reload_read' <Predicate = true> <Delay = 0.00>
ST_1 : Operation 117 [1/1] (0.00ns)   --->   "%P_22_reload_read = read i32 @_ssdm_op_Read.ap_auto.float, i32 %P_22_reload"   --->   Operation 117 'read' 'P_22_reload_read' <Predicate = true> <Delay = 0.00>
ST_1 : Operation 118 [1/1] (0.00ns)   --->   "%P_23_reload_read = read i32 @_ssdm_op_Read.ap_auto.float, i32 %P_23_reload"   --->   Operation 118 'read' 'P_23_reload_read' <Predicate = true> <Delay = 0.00>
ST_1 : Operation 119 [1/1] (0.00ns)   --->   "%P_24_reload_read = read i32 @_ssdm_op_Read.ap_auto.float, i32 %P_24_reload"   --->   Operation 119 'read' 'P_24_reload_read' <Predicate = true> <Delay = 0.00>
ST_1 : Operation 120 [1/1] (0.00ns)   --->   "%P_25_reload_read = read i32 @_ssdm_op_Read.ap_auto.float, i32 %P_25_reload"   --->   Operation 120 'read' 'P_25_reload_read' <Predicate = true> <Delay = 0.00>
ST_1 : Operation 121 [1/1] (0.00ns)   --->   "%P_26_reload_read = read i32 @_ssdm_op_Read.ap_auto.float, i32 %P_26_reload"   --->   Operation 121 'read' 'P_26_reload_read' <Predicate = true> <Delay = 0.00>
ST_1 : Operation 122 [1/1] (0.00ns)   --->   "%P_27_reload_read = read i32 @_ssdm_op_Read.ap_auto.float, i32 %P_27_reload"   --->   Operation 122 'read' 'P_27_reload_read' <Predicate = true> <Delay = 0.00>
ST_1 : Operation 123 [1/1] (0.00ns)   --->   "%P_28_reload_read = read i32 @_ssdm_op_Read.ap_auto.float, i32 %P_28_reload"   --->   Operation 123 'read' 'P_28_reload_read' <Predicate = true> <Delay = 0.00>
ST_1 : Operation 124 [1/1] (0.00ns)   --->   "%P_29_reload_read = read i32 @_ssdm_op_Read.ap_auto.float, i32 %P_29_reload"   --->   Operation 124 'read' 'P_29_reload_read' <Predicate = true> <Delay = 0.00>
ST_1 : Operation 125 [1/1] (0.00ns)   --->   "%P_30_reload_read = read i32 @_ssdm_op_Read.ap_auto.float, i32 %P_30_reload"   --->   Operation 125 'read' 'P_30_reload_read' <Predicate = true> <Delay = 0.00>
ST_1 : Operation 126 [1/1] (0.00ns)   --->   "%P_31_reload_read = read i32 @_ssdm_op_Read.ap_auto.float, i32 %P_31_reload"   --->   Operation 126 'read' 'P_31_reload_read' <Predicate = true> <Delay = 0.00>
ST_1 : Operation 127 [1/1] (0.00ns)   --->   "%P_32_reload_read = read i32 @_ssdm_op_Read.ap_auto.float, i32 %P_32_reload"   --->   Operation 127 'read' 'P_32_reload_read' <Predicate = true> <Delay = 0.00>
ST_1 : Operation 128 [1/1] (0.00ns)   --->   "%P_33_reload_read = read i32 @_ssdm_op_Read.ap_auto.float, i32 %P_33_reload"   --->   Operation 128 'read' 'P_33_reload_read' <Predicate = true> <Delay = 0.00>
ST_1 : Operation 129 [1/1] (0.00ns)   --->   "%P_34_reload_read = read i32 @_ssdm_op_Read.ap_auto.float, i32 %P_34_reload"   --->   Operation 129 'read' 'P_34_reload_read' <Predicate = true> <Delay = 0.00>
ST_1 : Operation 130 [1/1] (0.00ns)   --->   "%P_35_reload_read = read i32 @_ssdm_op_Read.ap_auto.float, i32 %P_35_reload"   --->   Operation 130 'read' 'P_35_reload_read' <Predicate = true> <Delay = 0.00>
ST_1 : Operation 131 [1/1] (0.42ns)   --->   "%store_ln0 = store i32 %P_35_reload_read, i32 %P_35"   --->   Operation 131 'store' 'store_ln0' <Predicate = true> <Delay = 0.42>
ST_1 : Operation 132 [1/1] (0.42ns)   --->   "%store_ln0 = store i32 %P_34_reload_read, i32 %P_34"   --->   Operation 132 'store' 'store_ln0' <Predicate = true> <Delay = 0.42>
ST_1 : Operation 133 [1/1] (0.42ns)   --->   "%store_ln0 = store i32 %P_33_reload_read, i32 %P_33"   --->   Operation 133 'store' 'store_ln0' <Predicate = true> <Delay = 0.42>
ST_1 : Operation 134 [1/1] (0.42ns)   --->   "%store_ln0 = store i32 %P_32_reload_read, i32 %P_32"   --->   Operation 134 'store' 'store_ln0' <Predicate = true> <Delay = 0.42>
ST_1 : Operation 135 [1/1] (0.42ns)   --->   "%store_ln0 = store i32 %P_31_reload_read, i32 %P_31"   --->   Operation 135 'store' 'store_ln0' <Predicate = true> <Delay = 0.42>
ST_1 : Operation 136 [1/1] (0.42ns)   --->   "%store_ln0 = store i32 %P_30_reload_read, i32 %P_30"   --->   Operation 136 'store' 'store_ln0' <Predicate = true> <Delay = 0.42>
ST_1 : Operation 137 [1/1] (0.42ns)   --->   "%store_ln0 = store i32 %P_29_reload_read, i32 %P_29"   --->   Operation 137 'store' 'store_ln0' <Predicate = true> <Delay = 0.42>
ST_1 : Operation 138 [1/1] (0.42ns)   --->   "%store_ln0 = store i32 %P_28_reload_read, i32 %P_28"   --->   Operation 138 'store' 'store_ln0' <Predicate = true> <Delay = 0.42>
ST_1 : Operation 139 [1/1] (0.42ns)   --->   "%store_ln0 = store i32 %P_27_reload_read, i32 %P_27"   --->   Operation 139 'store' 'store_ln0' <Predicate = true> <Delay = 0.42>
ST_1 : Operation 140 [1/1] (0.42ns)   --->   "%store_ln0 = store i32 %P_26_reload_read, i32 %P_26"   --->   Operation 140 'store' 'store_ln0' <Predicate = true> <Delay = 0.42>
ST_1 : Operation 141 [1/1] (0.42ns)   --->   "%store_ln0 = store i32 %P_25_reload_read, i32 %P_25"   --->   Operation 141 'store' 'store_ln0' <Predicate = true> <Delay = 0.42>
ST_1 : Operation 142 [1/1] (0.42ns)   --->   "%store_ln0 = store i32 %P_24_reload_read, i32 %P_24"   --->   Operation 142 'store' 'store_ln0' <Predicate = true> <Delay = 0.42>
ST_1 : Operation 143 [1/1] (0.42ns)   --->   "%store_ln0 = store i32 %P_23_reload_read, i32 %P_23"   --->   Operation 143 'store' 'store_ln0' <Predicate = true> <Delay = 0.42>
ST_1 : Operation 144 [1/1] (0.42ns)   --->   "%store_ln0 = store i32 %P_22_reload_read, i32 %P_22"   --->   Operation 144 'store' 'store_ln0' <Predicate = true> <Delay = 0.42>
ST_1 : Operation 145 [1/1] (0.42ns)   --->   "%store_ln0 = store i32 %P_21_reload_read, i32 %P_21"   --->   Operation 145 'store' 'store_ln0' <Predicate = true> <Delay = 0.42>
ST_1 : Operation 146 [1/1] (0.42ns)   --->   "%store_ln0 = store i32 %P_20_reload_read, i32 %P_20"   --->   Operation 146 'store' 'store_ln0' <Predicate = true> <Delay = 0.42>
ST_1 : Operation 147 [1/1] (0.42ns)   --->   "%store_ln0 = store i32 %P_19_reload_read, i32 %P_19"   --->   Operation 147 'store' 'store_ln0' <Predicate = true> <Delay = 0.42>
ST_1 : Operation 148 [1/1] (0.42ns)   --->   "%store_ln0 = store i32 %P_18_reload_read, i32 %P_18"   --->   Operation 148 'store' 'store_ln0' <Predicate = true> <Delay = 0.42>
ST_1 : Operation 149 [1/1] (0.42ns)   --->   "%store_ln0 = store i32 %P_17_reload_read, i32 %P_17"   --->   Operation 149 'store' 'store_ln0' <Predicate = true> <Delay = 0.42>
ST_1 : Operation 150 [1/1] (0.42ns)   --->   "%store_ln0 = store i32 %P_16_reload_read, i32 %P_16"   --->   Operation 150 'store' 'store_ln0' <Predicate = true> <Delay = 0.42>
ST_1 : Operation 151 [1/1] (0.42ns)   --->   "%store_ln0 = store i32 %P_15_reload_read, i32 %P_15"   --->   Operation 151 'store' 'store_ln0' <Predicate = true> <Delay = 0.42>
ST_1 : Operation 152 [1/1] (0.42ns)   --->   "%store_ln0 = store i32 %P_14_reload_read, i32 %P_14"   --->   Operation 152 'store' 'store_ln0' <Predicate = true> <Delay = 0.42>
ST_1 : Operation 153 [1/1] (0.42ns)   --->   "%store_ln0 = store i32 %P_13_reload_read, i32 %P_13"   --->   Operation 153 'store' 'store_ln0' <Predicate = true> <Delay = 0.42>
ST_1 : Operation 154 [1/1] (0.42ns)   --->   "%store_ln0 = store i32 %P_12_reload_read, i32 %P_12"   --->   Operation 154 'store' 'store_ln0' <Predicate = true> <Delay = 0.42>
ST_1 : Operation 155 [1/1] (0.42ns)   --->   "%store_ln0 = store i32 %P_11_reload_read, i32 %P_11"   --->   Operation 155 'store' 'store_ln0' <Predicate = true> <Delay = 0.42>
ST_1 : Operation 156 [1/1] (0.42ns)   --->   "%store_ln0 = store i32 %P_10_reload_read, i32 %P_10"   --->   Operation 156 'store' 'store_ln0' <Predicate = true> <Delay = 0.42>
ST_1 : Operation 157 [1/1] (0.42ns)   --->   "%store_ln0 = store i32 %P_9_reload_read, i32 %P_9"   --->   Operation 157 'store' 'store_ln0' <Predicate = true> <Delay = 0.42>
ST_1 : Operation 158 [1/1] (0.42ns)   --->   "%store_ln0 = store i32 %P_8_reload_read, i32 %P_8"   --->   Operation 158 'store' 'store_ln0' <Predicate = true> <Delay = 0.42>
ST_1 : Operation 159 [1/1] (0.42ns)   --->   "%store_ln0 = store i32 %P_7_reload_read, i32 %P_7"   --->   Operation 159 'store' 'store_ln0' <Predicate = true> <Delay = 0.42>
ST_1 : Operation 160 [1/1] (0.42ns)   --->   "%store_ln0 = store i32 %P_6_reload_read, i32 %P_6"   --->   Operation 160 'store' 'store_ln0' <Predicate = true> <Delay = 0.42>
ST_1 : Operation 161 [1/1] (0.42ns)   --->   "%store_ln0 = store i32 %P_5_reload_read, i32 %P_5"   --->   Operation 161 'store' 'store_ln0' <Predicate = true> <Delay = 0.42>
ST_1 : Operation 162 [1/1] (0.42ns)   --->   "%store_ln0 = store i32 %P_4_reload_read, i32 %P_4"   --->   Operation 162 'store' 'store_ln0' <Predicate = true> <Delay = 0.42>
ST_1 : Operation 163 [1/1] (0.42ns)   --->   "%store_ln0 = store i32 %P_3_reload_read, i32 %P_3"   --->   Operation 163 'store' 'store_ln0' <Predicate = true> <Delay = 0.42>
ST_1 : Operation 164 [1/1] (0.42ns)   --->   "%store_ln0 = store i32 %P_2_reload_read, i32 %P_2"   --->   Operation 164 'store' 'store_ln0' <Predicate = true> <Delay = 0.42>
ST_1 : Operation 165 [1/1] (0.42ns)   --->   "%store_ln0 = store i32 %P_1_reload_read, i32 %P_1"   --->   Operation 165 'store' 'store_ln0' <Predicate = true> <Delay = 0.42>
ST_1 : Operation 166 [1/1] (0.42ns)   --->   "%store_ln0 = store i32 %P_reload_read, i32 %P"   --->   Operation 166 'store' 'store_ln0' <Predicate = true> <Delay = 0.42>
ST_1 : Operation 167 [1/1] (0.42ns)   --->   "%store_ln0 = store i6 0, i6 %indvar_flatten27"   --->   Operation 167 'store' 'store_ln0' <Predicate = true> <Delay = 0.42>
ST_1 : Operation 168 [1/1] (0.42ns)   --->   "%store_ln0 = store i3 0, i3 %i"   --->   Operation 168 'store' 'store_ln0' <Predicate = true> <Delay = 0.42>
ST_1 : Operation 169 [1/1] (0.42ns)   --->   "%store_ln0 = store i3 0, i3 %j"   --->   Operation 169 'store' 'store_ln0' <Predicate = true> <Delay = 0.42>
ST_1 : Operation 170 [1/1] (0.00ns)   --->   "%br_ln0 = br void %for.body42.i"   --->   Operation 170 'br' 'br_ln0' <Predicate = true> <Delay = 0.00>
ST_1 : Operation 171 [1/1] (0.00ns)   --->   "%indvar_flatten27_load = load i6 %indvar_flatten27" [ekf_core.cpp:73->ekf_core.cpp:162]   --->   Operation 171 'load' 'indvar_flatten27_load' <Predicate = true> <Delay = 0.00>
ST_1 : Operation 172 [1/1] (0.00ns)   --->   "%specpipeline_ln0 = specpipeline void @_ssdm_op_SpecPipeline, i32 4294967295, i32 0, i32 1, i32 0, void @p_str"   --->   Operation 172 'specpipeline' 'specpipeline_ln0' <Predicate = true> <Delay = 0.00>
ST_1 : Operation 173 [1/1] (0.78ns)   --->   "%icmp_ln73 = icmp_eq  i6 %indvar_flatten27_load, i6 36" [ekf_core.cpp:73->ekf_core.cpp:162]   --->   Operation 173 'icmp' 'icmp_ln73' <Predicate = true> <Delay = 0.78> <CoreInst = "Cmp">   --->   Core 9 'Cmp' <Latency = 0> <II = 1> <Delay = 0.78> <FuncUnit> <Opcode : 'icmp'> <InPorts = 2> <OutPorts = 1>
ST_1 : Operation 174 [1/1] (0.78ns)   --->   "%add_ln73 = add i6 %indvar_flatten27_load, i6 1" [ekf_core.cpp:73->ekf_core.cpp:162]   --->   Operation 174 'add' 'add_ln73' <Predicate = true> <Delay = 0.78> <CoreInst = "Adder">   --->   Core 1 'Adder' <Latency = 0> <II = 1> <Delay = 0.78> <FuncUnit> <Opcode : 'add' 'sub'> <InPorts = 2> <OutPorts = 1>
ST_1 : Operation 175 [1/1] (0.00ns)   --->   "%br_ln73 = br i1 %icmp_ln73, void %for.cond.cleanup41.i, void %for.body72.i.lr.ph.preheader.exitStub" [ekf_core.cpp:73->ekf_core.cpp:162]   --->   Operation 175 'br' 'br_ln73' <Predicate = true> <Delay = 0.00>
ST_1 : Operation 176 [1/1] (0.00ns)   --->   "%j_load = load i3 %j" [ekf_core.cpp:74->ekf_core.cpp:162]   --->   Operation 176 'load' 'j_load' <Predicate = (!icmp_ln73)> <Delay = 0.00>
ST_1 : Operation 177 [1/1] (0.00ns)   --->   "%i_load = load i3 %i" [ekf_core.cpp:73->ekf_core.cpp:162]   --->   Operation 177 'load' 'i_load' <Predicate = (!icmp_ln73)> <Delay = 0.00>
ST_1 : Operation 178 [1/1] (0.67ns)   --->   "%icmp_ln74 = icmp_eq  i3 %j_load, i3 6" [ekf_core.cpp:74->ekf_core.cpp:162]   --->   Operation 178 'icmp' 'icmp_ln74' <Predicate = (!icmp_ln73)> <Delay = 0.67> <CoreInst = "Cmp">   --->   Core 9 'Cmp' <Latency = 0> <II = 1> <Delay = 0.67> <FuncUnit> <Opcode : 'icmp'> <InPorts = 2> <OutPorts = 1>
ST_1 : Operation 179 [1/1] (0.20ns)   --->   "%select_ln154 = select i1 %icmp_ln74, i3 0, i3 %j_load" [ekf_core.cpp:154]   --->   Operation 179 'select' 'select_ln154' <Predicate = (!icmp_ln73)> <Delay = 0.20> <CoreInst = "Sel">   --->   Core 73 'Sel' <Latency = 0> <II = 1> <Delay = 0.20> <FuncUnit> <Opcode : 'select'> <InPorts = 3> <OutPorts = 1>
ST_1 : Operation 180 [1/1] (0.67ns)   --->   "%add_ln73_1 = add i3 %i_load, i3 1" [ekf_core.cpp:73->ekf_core.cpp:162]   --->   Operation 180 'add' 'add_ln73_1' <Predicate = (!icmp_ln73)> <Delay = 0.67> <CoreInst = "Adder">   --->   Core 1 'Adder' <Latency = 0> <II = 1> <Delay = 0.67> <FuncUnit> <Opcode : 'add' 'sub'> <InPorts = 2> <OutPorts = 1>
ST_1 : Operation 181 [1/1] (0.20ns)   --->   "%select_ln73 = select i1 %icmp_ln74, i3 %add_ln73_1, i3 %i_load" [ekf_core.cpp:73->ekf_core.cpp:162]   --->   Operation 181 'select' 'select_ln73' <Predicate = (!icmp_ln73)> <Delay = 0.20> <CoreInst = "Sel">   --->   Core 73 'Sel' <Latency = 0> <II = 1> <Delay = 0.20> <FuncUnit> <Opcode : 'select'> <InPorts = 3> <OutPorts = 1>
ST_1 : Operation 182 [1/1] (0.62ns)   --->   "%tmp_s = mux i32 @_ssdm_op_Mux.ap_auto.6f32.i3, i32 %mux_case_010992786_reload_read, i32 %mux_case_111012792_reload_read, i32 %mux_case_211032798_reload_read, i32 %mux_case_311052804_reload_read, i32 %mux_case_411072810_reload_read, i32 %mux_case_511092816_reload_read, i3 %select_ln154" [ekf_core.cpp:74->ekf_core.cpp:162]   --->   Operation 182 'mux' 'tmp_s' <Predicate = (!icmp_ln73)> <Delay = 0.62> <CoreInst = "Multiplexer">   --->   Core 76 'Multiplexer' <Latency = 0> <II = 1> <Delay = 0.62> <FuncUnit> <Opcode : 'mux'> <InPorts = 2> <OutPorts = 1>
ST_1 : Operation 183 [1/1] (0.62ns)   --->   "%tmp_7 = mux i32 @_ssdm_op_Mux.ap_auto.6f32.i3, i32 %mux_case_011122823_reload_read, i32 %mux_case_111142829_reload_read, i32 %mux_case_211162835_reload_read, i32 %mux_case_311182841_reload_read, i32 %mux_case_411202847_reload_read, i32 %mux_case_511222853_reload_read, i3 %select_ln154" [ekf_core.cpp:74->ekf_core.cpp:162]   --->   Operation 183 'mux' 'tmp_7' <Predicate = (!icmp_ln73)> <Delay = 0.62> <CoreInst = "Multiplexer">   --->   Core 76 'Multiplexer' <Latency = 0> <II = 1> <Delay = 0.62> <FuncUnit> <Opcode : 'mux'> <InPorts = 2> <OutPorts = 1>
ST_1 : Operation 184 [1/1] (0.62ns)   --->   "%tmp_8 = mux i32 @_ssdm_op_Mux.ap_auto.6f32.i3, i32 %mux_case_011252859_reload_read, i32 %mux_case_111272865_reload_read, i32 %mux_case_211292871_reload_read, i32 %mux_case_311312877_reload_read, i32 %mux_case_411332883_reload_read, i32 %mux_case_511352889_reload_read, i3 %select_ln154" [ekf_core.cpp:74->ekf_core.cpp:162]   --->   Operation 184 'mux' 'tmp_8' <Predicate = (!icmp_ln73)> <Delay = 0.62> <CoreInst = "Multiplexer">   --->   Core 76 'Multiplexer' <Latency = 0> <II = 1> <Delay = 0.62> <FuncUnit> <Opcode : 'mux'> <InPorts = 2> <OutPorts = 1>
ST_1 : Operation 185 [1/1] (0.62ns)   --->   "%tmp_9 = mux i32 @_ssdm_op_Mux.ap_auto.6f32.i3, i32 %mux_case_011382895_reload_read, i32 %mux_case_111402901_reload_read, i32 %mux_case_211422907_reload_read, i32 %mux_case_311442913_reload_read, i32 %mux_case_411462919_reload_read, i32 %mux_case_511482925_reload_read, i3 %select_ln154" [ekf_core.cpp:74->ekf_core.cpp:162]   --->   Operation 185 'mux' 'tmp_9' <Predicate = (!icmp_ln73)> <Delay = 0.62> <CoreInst = "Multiplexer">   --->   Core 76 'Multiplexer' <Latency = 0> <II = 1> <Delay = 0.62> <FuncUnit> <Opcode : 'mux'> <InPorts = 2> <OutPorts = 1>
ST_1 : Operation 186 [1/1] (0.62ns)   --->   "%tmp_10 = mux i32 @_ssdm_op_Mux.ap_auto.6f32.i3, i32 %mux_case_011512931_reload_read, i32 %mux_case_111532937_reload_read, i32 %mux_case_211552943_reload_read, i32 %mux_case_311572949_reload_read, i32 %mux_case_411592955_reload_read, i32 %mux_case_511612961_reload_read, i3 %select_ln154" [ekf_core.cpp:74->ekf_core.cpp:162]   --->   Operation 186 'mux' 'tmp_10' <Predicate = (!icmp_ln73)> <Delay = 0.62> <CoreInst = "Multiplexer">   --->   Core 76 'Multiplexer' <Latency = 0> <II = 1> <Delay = 0.62> <FuncUnit> <Opcode : 'mux'> <InPorts = 2> <OutPorts = 1>
ST_1 : Operation 187 [1/1] (0.62ns)   --->   "%tmp_11 = mux i32 @_ssdm_op_Mux.ap_auto.6f32.i3, i32 %mux_case_011642967_reload_read, i32 %mux_case_111662973_reload_read, i32 %mux_case_211682979_reload_read, i32 %mux_case_311702985_reload_read, i32 %mux_case_411722991_reload_read, i32 %mux_case_511742997_reload_read, i3 %select_ln154" [ekf_core.cpp:74->ekf_core.cpp:162]   --->   Operation 187 'mux' 'tmp_11' <Predicate = (!icmp_ln73)> <Delay = 0.62> <CoreInst = "Multiplexer">   --->   Core 76 'Multiplexer' <Latency = 0> <II = 1> <Delay = 0.62> <FuncUnit> <Opcode : 'mux'> <InPorts = 2> <OutPorts = 1>
ST_1 : Operation 188 [1/1] (0.62ns)   --->   "%tmp_12 = mux i32 @_ssdm_op_Mux.ap_auto.6f32.i3, i32 %tmp_s, i32 %tmp_7, i32 %tmp_8, i32 %tmp_9, i32 %tmp_10, i32 %tmp_11, i3 %select_ln73" [ekf_core.cpp:74->ekf_core.cpp:162]   --->   Operation 188 'mux' 'tmp_12' <Predicate = (!icmp_ln73)> <Delay = 0.62> <CoreInst = "Multiplexer">   --->   Core 76 'Multiplexer' <Latency = 0> <II = 1> <Delay = 0.62> <FuncUnit> <Opcode : 'mux'> <InPorts = 2> <OutPorts = 1>
ST_1 : Operation 189 [1/1] (0.62ns)   --->   "%tmp_13 = mux i32 @_ssdm_op_Mux.ap_auto.6f32.i3, i32 %Q_reload_read, i32 0, i32 0, i32 %Q_1_reload_read, i32 0, i32 0, i3 %select_ln154" [ekf_core.cpp:74->ekf_core.cpp:162]   --->   Operation 189 'mux' 'tmp_13' <Predicate = (!icmp_ln73)> <Delay = 0.62> <CoreInst = "Multiplexer">   --->   Core 76 'Multiplexer' <Latency = 0> <II = 1> <Delay = 0.62> <FuncUnit> <Opcode : 'mux'> <InPorts = 2> <OutPorts = 1>
ST_1 : Operation 190 [1/1] (0.62ns)   --->   "%tmp_14 = mux i32 @_ssdm_op_Mux.ap_auto.6f32.i3, i32 0, i32 %Q_2_reload_read, i32 0, i32 0, i32 %Q_3_reload_read, i32 0, i3 %select_ln154" [ekf_core.cpp:74->ekf_core.cpp:162]   --->   Operation 190 'mux' 'tmp_14' <Predicate = (!icmp_ln73)> <Delay = 0.62> <CoreInst = "Multiplexer">   --->   Core 76 'Multiplexer' <Latency = 0> <II = 1> <Delay = 0.62> <FuncUnit> <Opcode : 'mux'> <InPorts = 2> <OutPorts = 1>
ST_1 : Operation 191 [1/1] (0.62ns)   --->   "%tmp_15 = mux i32 @_ssdm_op_Mux.ap_auto.6f32.i3, i32 0, i32 0, i32 %Q_4_reload_read, i32 0, i32 0, i32 %Q_5_reload_read, i3 %select_ln154" [ekf_core.cpp:74->ekf_core.cpp:162]   --->   Operation 191 'mux' 'tmp_15' <Predicate = (!icmp_ln73)> <Delay = 0.62> <CoreInst = "Multiplexer">   --->   Core 76 'Multiplexer' <Latency = 0> <II = 1> <Delay = 0.62> <FuncUnit> <Opcode : 'mux'> <InPorts = 2> <OutPorts = 1>
ST_1 : Operation 192 [1/1] (0.62ns)   --->   "%tmp_16 = mux i32 @_ssdm_op_Mux.ap_auto.6f32.i3, i32 %Q_6_reload_read, i32 0, i32 0, i32 %Q_7_reload_read, i32 0, i32 0, i3 %select_ln154" [ekf_core.cpp:74->ekf_core.cpp:162]   --->   Operation 192 'mux' 'tmp_16' <Predicate = (!icmp_ln73)> <Delay = 0.62> <CoreInst = "Multiplexer">   --->   Core 76 'Multiplexer' <Latency = 0> <II = 1> <Delay = 0.62> <FuncUnit> <Opcode : 'mux'> <InPorts = 2> <OutPorts = 1>
ST_1 : Operation 193 [1/1] (0.62ns)   --->   "%tmp_17 = mux i32 @_ssdm_op_Mux.ap_auto.6f32.i3, i32 0, i32 %Q_8_reload_read, i32 0, i32 0, i32 %Q_9_reload_read, i32 0, i3 %select_ln154" [ekf_core.cpp:74->ekf_core.cpp:162]   --->   Operation 193 'mux' 'tmp_17' <Predicate = (!icmp_ln73)> <Delay = 0.62> <CoreInst = "Multiplexer">   --->   Core 76 'Multiplexer' <Latency = 0> <II = 1> <Delay = 0.62> <FuncUnit> <Opcode : 'mux'> <InPorts = 2> <OutPorts = 1>
ST_1 : Operation 194 [1/1] (0.62ns)   --->   "%tmp_18 = mux i32 @_ssdm_op_Mux.ap_auto.6f32.i3, i32 0, i32 0, i32 %Q_10_reload_read, i32 0, i32 0, i32 %Q_11_reload_read, i3 %select_ln154" [ekf_core.cpp:74->ekf_core.cpp:162]   --->   Operation 194 'mux' 'tmp_18' <Predicate = (!icmp_ln73)> <Delay = 0.62> <CoreInst = "Multiplexer">   --->   Core 76 'Multiplexer' <Latency = 0> <II = 1> <Delay = 0.62> <FuncUnit> <Opcode : 'mux'> <InPorts = 2> <OutPorts = 1>
ST_1 : Operation 195 [1/1] (0.62ns)   --->   "%tmp_19 = mux i32 @_ssdm_op_Mux.ap_auto.6f32.i3, i32 %tmp_13, i32 %tmp_14, i32 %tmp_15, i32 %tmp_16, i32 %tmp_17, i32 %tmp_18, i3 %select_ln73" [ekf_core.cpp:74->ekf_core.cpp:162]   --->   Operation 195 'mux' 'tmp_19' <Predicate = (!icmp_ln73)> <Delay = 0.62> <CoreInst = "Multiplexer">   --->   Core 76 'Multiplexer' <Latency = 0> <II = 1> <Delay = 0.62> <FuncUnit> <Opcode : 'mux'> <InPorts = 2> <OutPorts = 1>
ST_1 : Operation 196 [1/1] (0.73ns)   --->   "%switch_ln74 = switch i3 %select_ln73, void %arrayidx557.i85.case.5, i3 0, void %arrayidx557.i85.case.0, i3 1, void %arrayidx557.i85.case.1, i3 2, void %arrayidx557.i85.case.2, i3 3, void %arrayidx557.i85.case.3, i3 4, void %arrayidx557.i85.case.4" [ekf_core.cpp:74->ekf_core.cpp:162]   --->   Operation 196 'switch' 'switch_ln74' <Predicate = (!icmp_ln73)> <Delay = 0.73>
ST_1 : Operation 197 [1/1] (0.73ns)   --->   "%switch_ln74 = switch i3 %select_ln154, void %arrayidx557.i85.case.51293, i3 0, void %arrayidx557.i85.case.4.arrayidx557.i85.exit_crit_edge89, i3 1, void %arrayidx557.i85.case.11289, i3 2, void %arrayidx557.i85.case.21290, i3 3, void %arrayidx557.i85.case.31291, i3 4, void %arrayidx557.i85.case.4.arrayidx557.i85.exit_crit_edge" [ekf_core.cpp:74->ekf_core.cpp:162]   --->   Operation 197 'switch' 'switch_ln74' <Predicate = (!icmp_ln73 & select_ln73 == 4)> <Delay = 0.73>
ST_1 : Operation 198 [1/1] (0.73ns)   --->   "%switch_ln74 = switch i3 %select_ln154, void %arrayidx557.i85.case.51285, i3 0, void %arrayidx557.i85.case.3.arrayidx557.i85.exit_crit_edge88, i3 1, void %arrayidx557.i85.case.11281, i3 2, void %arrayidx557.i85.case.21282, i3 3, void %arrayidx557.i85.case.31283, i3 4, void %arrayidx557.i85.case.3.arrayidx557.i85.exit_crit_edge" [ekf_core.cpp:74->ekf_core.cpp:162]   --->   Operation 198 'switch' 'switch_ln74' <Predicate = (!icmp_ln73 & select_ln73 == 3)> <Delay = 0.73>
ST_1 : Operation 199 [1/1] (0.73ns)   --->   "%switch_ln74 = switch i3 %select_ln154, void %arrayidx557.i85.case.51277, i3 0, void %arrayidx557.i85.case.2.arrayidx557.i85.exit_crit_edge85, i3 1, void %arrayidx557.i85.case.11273, i3 2, void %arrayidx557.i85.case.21274, i3 3, void %arrayidx557.i85.case.31275, i3 4, void %arrayidx557.i85.case.2.arrayidx557.i85.exit_crit_edge" [ekf_core.cpp:74->ekf_core.cpp:162]   --->   Operation 199 'switch' 'switch_ln74' <Predicate = (!icmp_ln73 & select_ln73 == 2)> <Delay = 0.73>
ST_1 : Operation 200 [1/1] (0.73ns)   --->   "%switch_ln74 = switch i3 %select_ln154, void %arrayidx557.i85.case.51269, i3 0, void %arrayidx557.i85.case.1.arrayidx557.i85.exit_crit_edge86, i3 1, void %arrayidx557.i85.case.11265, i3 2, void %arrayidx557.i85.case.21266, i3 3, void %arrayidx557.i85.case.31267, i3 4, void %arrayidx557.i85.case.1.arrayidx557.i85.exit_crit_edge" [ekf_core.cpp:74->ekf_core.cpp:162]   --->   Operation 200 'switch' 'switch_ln74' <Predicate = (!icmp_ln73 & select_ln73 == 1)> <Delay = 0.73>
ST_1 : Operation 201 [1/1] (0.73ns)   --->   "%switch_ln74 = switch i3 %select_ln154, void %arrayidx557.i85.case.51261, i3 0, void %arrayidx557.i85.case.0.arrayidx557.i85.exit_crit_edge87, i3 1, void %arrayidx557.i85.case.11257, i3 2, void %arrayidx557.i85.case.21258, i3 3, void %arrayidx557.i85.case.31259, i3 4, void %arrayidx557.i85.case.0.arrayidx557.i85.exit_crit_edge" [ekf_core.cpp:74->ekf_core.cpp:162]   --->   Operation 201 'switch' 'switch_ln74' <Predicate = (!icmp_ln73 & select_ln73 == 0)> <Delay = 0.73>
ST_1 : Operation 202 [1/1] (0.73ns)   --->   "%switch_ln74 = switch i3 %select_ln154, void %arrayidx557.i85.case.51301, i3 0, void %arrayidx557.i85.case.5.arrayidx557.i85.exit_crit_edge90, i3 1, void %arrayidx557.i85.case.11297, i3 2, void %arrayidx557.i85.case.21298, i3 3, void %arrayidx557.i85.case.31299, i3 4, void %arrayidx557.i85.case.5.arrayidx557.i85.exit_crit_edge" [ekf_core.cpp:74->ekf_core.cpp:162]   --->   Operation 202 'switch' 'switch_ln74' <Predicate = (!icmp_ln73 & select_ln73 != 0 & select_ln73 != 1 & select_ln73 != 2 & select_ln73 != 3 & select_ln73 != 4)> <Delay = 0.73>
ST_1 : Operation 203 [1/1] (0.67ns)   --->   "%add_ln74 = add i3 %select_ln154, i3 1" [ekf_core.cpp:74->ekf_core.cpp:162]   --->   Operation 203 'add' 'add_ln74' <Predicate = (!icmp_ln73)> <Delay = 0.67> <CoreInst = "Adder">   --->   Core 1 'Adder' <Latency = 0> <II = 1> <Delay = 0.67> <FuncUnit> <Opcode : 'add' 'sub'> <InPorts = 2> <OutPorts = 1>
ST_1 : Operation 204 [1/1] (0.42ns)   --->   "%store_ln74 = store i6 %add_ln73, i6 %indvar_flatten27" [ekf_core.cpp:74->ekf_core.cpp:162]   --->   Operation 204 'store' 'store_ln74' <Predicate = (!icmp_ln73)> <Delay = 0.42>
ST_1 : Operation 205 [1/1] (0.42ns)   --->   "%store_ln74 = store i3 %select_ln73, i3 %i" [ekf_core.cpp:74->ekf_core.cpp:162]   --->   Operation 205 'store' 'store_ln74' <Predicate = (!icmp_ln73)> <Delay = 0.42>
ST_1 : Operation 206 [1/1] (0.42ns)   --->   "%store_ln74 = store i3 %add_ln74, i3 %j" [ekf_core.cpp:74->ekf_core.cpp:162]   --->   Operation 206 'store' 'store_ln74' <Predicate = (!icmp_ln73)> <Delay = 0.42>
ST_1 : Operation 207 [1/1] (0.00ns)   --->   "%br_ln74 = br void %for.body42.i" [ekf_core.cpp:74->ekf_core.cpp:162]   --->   Operation 207 'br' 'br_ln74' <Predicate = (!icmp_ln73)> <Delay = 0.00>

State 2 <SV = 1> <Delay = 6.43>
ST_2 : [1/1] (1.04ns)   --->   Input mux for Operation 208 '%P_36 = fadd i32 %tmp_12, i32 %tmp_19'
ST_2 : Operation 208 [4/4] (5.38ns)   --->   "%P_36 = fadd i32 %tmp_12, i32 %tmp_19" [ekf_core.cpp:74->ekf_core.cpp:162]   --->   Operation 208 'fadd' 'P_36' <Predicate = true> <Delay = 5.38> <CoreInst = "FAddSub_fulldsp">   --->   Core 18 'FAddSub_fulldsp' <Latency = 3> <II = 1> <Delay = 6.43> <FuncUnit> <Opcode : 'fadd' 'fsub'> <InPorts = 2> <OutPorts = 1>

State 3 <SV = 2> <Delay = 6.43>
ST_3 : Operation 209 [3/4] (6.43ns)   --->   "%P_36 = fadd i32 %tmp_12, i32 %tmp_19" [ekf_core.cpp:74->ekf_core.cpp:162]   --->   Operation 209 'fadd' 'P_36' <Predicate = true> <Delay = 6.43> <CoreInst = "FAddSub_fulldsp">   --->   Core 18 'FAddSub_fulldsp' <Latency = 3> <II = 1> <Delay = 6.43> <FuncUnit> <Opcode : 'fadd' 'fsub'> <InPorts = 2> <OutPorts = 1>

State 4 <SV = 3> <Delay = 6.43>
ST_4 : Operation 210 [2/4] (6.43ns)   --->   "%P_36 = fadd i32 %tmp_12, i32 %tmp_19" [ekf_core.cpp:74->ekf_core.cpp:162]   --->   Operation 210 'fadd' 'P_36' <Predicate = true> <Delay = 6.43> <CoreInst = "FAddSub_fulldsp">   --->   Core 18 'FAddSub_fulldsp' <Latency = 3> <II = 1> <Delay = 6.43> <FuncUnit> <Opcode : 'fadd' 'fsub'> <InPorts = 2> <OutPorts = 1>
ST_4 : Operation 288 [1/1] (0.00ns)   --->   "%P_load = load i32 %P"   --->   Operation 288 'load' 'P_load' <Predicate = (icmp_ln73)> <Delay = 0.00>
ST_4 : Operation 289 [1/1] (0.00ns)   --->   "%P_1_load = load i32 %P_1"   --->   Operation 289 'load' 'P_1_load' <Predicate = (icmp_ln73)> <Delay = 0.00>
ST_4 : Operation 290 [1/1] (0.00ns)   --->   "%P_2_load = load i32 %P_2"   --->   Operation 290 'load' 'P_2_load' <Predicate = (icmp_ln73)> <Delay = 0.00>
ST_4 : Operation 291 [1/1] (0.00ns)   --->   "%P_3_load = load i32 %P_3"   --->   Operation 291 'load' 'P_3_load' <Predicate = (icmp_ln73)> <Delay = 0.00>
ST_4 : Operation 292 [1/1] (0.00ns)   --->   "%P_4_load = load i32 %P_4"   --->   Operation 292 'load' 'P_4_load' <Predicate = (icmp_ln73)> <Delay = 0.00>
ST_4 : Operation 293 [1/1] (0.00ns)   --->   "%P_5_load = load i32 %P_5"   --->   Operation 293 'load' 'P_5_load' <Predicate = (icmp_ln73)> <Delay = 0.00>
ST_4 : Operation 294 [1/1] (0.00ns)   --->   "%P_6_load = load i32 %P_6"   --->   Operation 294 'load' 'P_6_load' <Predicate = (icmp_ln73)> <Delay = 0.00>
ST_4 : Operation 295 [1/1] (0.00ns)   --->   "%P_7_load = load i32 %P_7"   --->   Operation 295 'load' 'P_7_load' <Predicate = (icmp_ln73)> <Delay = 0.00>
ST_4 : Operation 296 [1/1] (0.00ns)   --->   "%P_8_load = load i32 %P_8"   --->   Operation 296 'load' 'P_8_load' <Predicate = (icmp_ln73)> <Delay = 0.00>
ST_4 : Operation 297 [1/1] (0.00ns)   --->   "%P_9_load = load i32 %P_9"   --->   Operation 297 'load' 'P_9_load' <Predicate = (icmp_ln73)> <Delay = 0.00>
ST_4 : Operation 298 [1/1] (0.00ns)   --->   "%P_10_load = load i32 %P_10"   --->   Operation 298 'load' 'P_10_load' <Predicate = (icmp_ln73)> <Delay = 0.00>
ST_4 : Operation 299 [1/1] (0.00ns)   --->   "%P_11_load = load i32 %P_11"   --->   Operation 299 'load' 'P_11_load' <Predicate = (icmp_ln73)> <Delay = 0.00>
ST_4 : Operation 300 [1/1] (0.00ns)   --->   "%P_12_load = load i32 %P_12"   --->   Operation 300 'load' 'P_12_load' <Predicate = (icmp_ln73)> <Delay = 0.00>
ST_4 : Operation 301 [1/1] (0.00ns)   --->   "%P_13_load = load i32 %P_13"   --->   Operation 301 'load' 'P_13_load' <Predicate = (icmp_ln73)> <Delay = 0.00>
ST_4 : Operation 302 [1/1] (0.00ns)   --->   "%P_14_load = load i32 %P_14"   --->   Operation 302 'load' 'P_14_load' <Predicate = (icmp_ln73)> <Delay = 0.00>
ST_4 : Operation 303 [1/1] (0.00ns)   --->   "%P_15_load = load i32 %P_15"   --->   Operation 303 'load' 'P_15_load' <Predicate = (icmp_ln73)> <Delay = 0.00>
ST_4 : Operation 304 [1/1] (0.00ns)   --->   "%P_16_load = load i32 %P_16"   --->   Operation 304 'load' 'P_16_load' <Predicate = (icmp_ln73)> <Delay = 0.00>
ST_4 : Operation 305 [1/1] (0.00ns)   --->   "%P_17_load = load i32 %P_17"   --->   Operation 305 'load' 'P_17_load' <Predicate = (icmp_ln73)> <Delay = 0.00>
ST_4 : Operation 306 [1/1] (0.00ns)   --->   "%P_18_load = load i32 %P_18"   --->   Operation 306 'load' 'P_18_load' <Predicate = (icmp_ln73)> <Delay = 0.00>
ST_4 : Operation 307 [1/1] (0.00ns)   --->   "%P_19_load = load i32 %P_19"   --->   Operation 307 'load' 'P_19_load' <Predicate = (icmp_ln73)> <Delay = 0.00>
ST_4 : Operation 308 [1/1] (0.00ns)   --->   "%P_20_load = load i32 %P_20"   --->   Operation 308 'load' 'P_20_load' <Predicate = (icmp_ln73)> <Delay = 0.00>
ST_4 : Operation 309 [1/1] (0.00ns)   --->   "%P_21_load = load i32 %P_21"   --->   Operation 309 'load' 'P_21_load' <Predicate = (icmp_ln73)> <Delay = 0.00>
ST_4 : Operation 310 [1/1] (0.00ns)   --->   "%P_22_load = load i32 %P_22"   --->   Operation 310 'load' 'P_22_load' <Predicate = (icmp_ln73)> <Delay = 0.00>
ST_4 : Operation 311 [1/1] (0.00ns)   --->   "%P_23_load = load i32 %P_23"   --->   Operation 311 'load' 'P_23_load' <Predicate = (icmp_ln73)> <Delay = 0.00>
ST_4 : Operation 312 [1/1] (0.00ns)   --->   "%P_24_load = load i32 %P_24"   --->   Operation 312 'load' 'P_24_load' <Predicate = (icmp_ln73)> <Delay = 0.00>
ST_4 : Operation 313 [1/1] (0.00ns)   --->   "%P_25_load = load i32 %P_25"   --->   Operation 313 'load' 'P_25_load' <Predicate = (icmp_ln73)> <Delay = 0.00>
ST_4 : Operation 314 [1/1] (0.00ns)   --->   "%P_26_load = load i32 %P_26"   --->   Operation 314 'load' 'P_26_load' <Predicate = (icmp_ln73)> <Delay = 0.00>
ST_4 : Operation 315 [1/1] (0.00ns)   --->   "%P_27_load = load i32 %P_27"   --->   Operation 315 'load' 'P_27_load' <Predicate = (icmp_ln73)> <Delay = 0.00>
ST_4 : Operation 316 [1/1] (0.00ns)   --->   "%P_28_load = load i32 %P_28"   --->   Operation 316 'load' 'P_28_load' <Predicate = (icmp_ln73)> <Delay = 0.00>
ST_4 : Operation 317 [1/1] (0.00ns)   --->   "%P_29_load = load i32 %P_29"   --->   Operation 317 'load' 'P_29_load' <Predicate = (icmp_ln73)> <Delay = 0.00>
ST_4 : Operation 318 [1/1] (0.00ns)   --->   "%P_30_load = load i32 %P_30"   --->   Operation 318 'load' 'P_30_load' <Predicate = (icmp_ln73)> <Delay = 0.00>
ST_4 : Operation 319 [1/1] (0.00ns)   --->   "%P_31_load = load i32 %P_31"   --->   Operation 319 'load' 'P_31_load' <Predicate = (icmp_ln73)> <Delay = 0.00>
ST_4 : Operation 320 [1/1] (0.00ns)   --->   "%P_32_load = load i32 %P_32"   --->   Operation 320 'load' 'P_32_load' <Predicate = (icmp_ln73)> <Delay = 0.00>
ST_4 : Operation 321 [1/1] (0.00ns)   --->   "%P_33_load = load i32 %P_33"   --->   Operation 321 'load' 'P_33_load' <Predicate = (icmp_ln73)> <Delay = 0.00>
ST_4 : Operation 322 [1/1] (0.00ns)   --->   "%P_34_load = load i32 %P_34"   --->   Operation 322 'load' 'P_34_load' <Predicate = (icmp_ln73)> <Delay = 0.00>
ST_4 : Operation 323 [1/1] (0.00ns)   --->   "%P_35_load = load i32 %P_35"   --->   Operation 323 'load' 'P_35_load' <Predicate = (icmp_ln73)> <Delay = 0.00>
ST_4 : Operation 324 [1/1] (0.00ns)   --->   "%write_ln0 = write void @_ssdm_op_Write.ap_auto.floatP0A, i32 %P_108_out, i32 %P_35_load"   --->   Operation 324 'write' 'write_ln0' <Predicate = (icmp_ln73)> <Delay = 0.00>
ST_4 : Operation 325 [1/1] (0.00ns)   --->   "%write_ln0 = write void @_ssdm_op_Write.ap_auto.floatP0A, i32 %P_107_out, i32 %P_34_load"   --->   Operation 325 'write' 'write_ln0' <Predicate = (icmp_ln73)> <Delay = 0.00>
ST_4 : Operation 326 [1/1] (0.00ns)   --->   "%write_ln0 = write void @_ssdm_op_Write.ap_auto.floatP0A, i32 %P_106_out, i32 %P_33_load"   --->   Operation 326 'write' 'write_ln0' <Predicate = (icmp_ln73)> <Delay = 0.00>
ST_4 : Operation 327 [1/1] (0.00ns)   --->   "%write_ln0 = write void @_ssdm_op_Write.ap_auto.floatP0A, i32 %P_105_out, i32 %P_32_load"   --->   Operation 327 'write' 'write_ln0' <Predicate = (icmp_ln73)> <Delay = 0.00>
ST_4 : Operation 328 [1/1] (0.00ns)   --->   "%write_ln0 = write void @_ssdm_op_Write.ap_auto.floatP0A, i32 %P_104_out, i32 %P_31_load"   --->   Operation 328 'write' 'write_ln0' <Predicate = (icmp_ln73)> <Delay = 0.00>
ST_4 : Operation 329 [1/1] (0.00ns)   --->   "%write_ln0 = write void @_ssdm_op_Write.ap_auto.floatP0A, i32 %P_103_out, i32 %P_30_load"   --->   Operation 329 'write' 'write_ln0' <Predicate = (icmp_ln73)> <Delay = 0.00>
ST_4 : Operation 330 [1/1] (0.00ns)   --->   "%write_ln0 = write void @_ssdm_op_Write.ap_auto.floatP0A, i32 %P_102_out, i32 %P_29_load"   --->   Operation 330 'write' 'write_ln0' <Predicate = (icmp_ln73)> <Delay = 0.00>
ST_4 : Operation 331 [1/1] (0.00ns)   --->   "%write_ln0 = write void @_ssdm_op_Write.ap_auto.floatP0A, i32 %P_101_out, i32 %P_28_load"   --->   Operation 331 'write' 'write_ln0' <Predicate = (icmp_ln73)> <Delay = 0.00>
ST_4 : Operation 332 [1/1] (0.00ns)   --->   "%write_ln0 = write void @_ssdm_op_Write.ap_auto.floatP0A, i32 %P_100_out, i32 %P_27_load"   --->   Operation 332 'write' 'write_ln0' <Predicate = (icmp_ln73)> <Delay = 0.00>
ST_4 : Operation 333 [1/1] (0.00ns)   --->   "%write_ln0 = write void @_ssdm_op_Write.ap_auto.floatP0A, i32 %P_99_out, i32 %P_26_load"   --->   Operation 333 'write' 'write_ln0' <Predicate = (icmp_ln73)> <Delay = 0.00>
ST_4 : Operation 334 [1/1] (0.00ns)   --->   "%write_ln0 = write void @_ssdm_op_Write.ap_auto.floatP0A, i32 %P_98_out, i32 %P_25_load"   --->   Operation 334 'write' 'write_ln0' <Predicate = (icmp_ln73)> <Delay = 0.00>
ST_4 : Operation 335 [1/1] (0.00ns)   --->   "%write_ln0 = write void @_ssdm_op_Write.ap_auto.floatP0A, i32 %P_97_out, i32 %P_24_load"   --->   Operation 335 'write' 'write_ln0' <Predicate = (icmp_ln73)> <Delay = 0.00>
ST_4 : Operation 336 [1/1] (0.00ns)   --->   "%write_ln0 = write void @_ssdm_op_Write.ap_auto.floatP0A, i32 %P_96_out, i32 %P_23_load"   --->   Operation 336 'write' 'write_ln0' <Predicate = (icmp_ln73)> <Delay = 0.00>
ST_4 : Operation 337 [1/1] (0.00ns)   --->   "%write_ln0 = write void @_ssdm_op_Write.ap_auto.floatP0A, i32 %P_95_out, i32 %P_22_load"   --->   Operation 337 'write' 'write_ln0' <Predicate = (icmp_ln73)> <Delay = 0.00>
ST_4 : Operation 338 [1/1] (0.00ns)   --->   "%write_ln0 = write void @_ssdm_op_Write.ap_auto.floatP0A, i32 %P_94_out, i32 %P_21_load"   --->   Operation 338 'write' 'write_ln0' <Predicate = (icmp_ln73)> <Delay = 0.00>
ST_4 : Operation 339 [1/1] (0.00ns)   --->   "%write_ln0 = write void @_ssdm_op_Write.ap_auto.floatP0A, i32 %P_93_out, i32 %P_20_load"   --->   Operation 339 'write' 'write_ln0' <Predicate = (icmp_ln73)> <Delay = 0.00>
ST_4 : Operation 340 [1/1] (0.00ns)   --->   "%write_ln0 = write void @_ssdm_op_Write.ap_auto.floatP0A, i32 %P_92_out, i32 %P_19_load"   --->   Operation 340 'write' 'write_ln0' <Predicate = (icmp_ln73)> <Delay = 0.00>
ST_4 : Operation 341 [1/1] (0.00ns)   --->   "%write_ln0 = write void @_ssdm_op_Write.ap_auto.floatP0A, i32 %P_91_out, i32 %P_18_load"   --->   Operation 341 'write' 'write_ln0' <Predicate = (icmp_ln73)> <Delay = 0.00>
ST_4 : Operation 342 [1/1] (0.00ns)   --->   "%write_ln0 = write void @_ssdm_op_Write.ap_auto.floatP0A, i32 %P_90_out, i32 %P_17_load"   --->   Operation 342 'write' 'write_ln0' <Predicate = (icmp_ln73)> <Delay = 0.00>
ST_4 : Operation 343 [1/1] (0.00ns)   --->   "%write_ln0 = write void @_ssdm_op_Write.ap_auto.floatP0A, i32 %P_89_out, i32 %P_16_load"   --->   Operation 343 'write' 'write_ln0' <Predicate = (icmp_ln73)> <Delay = 0.00>
ST_4 : Operation 344 [1/1] (0.00ns)   --->   "%write_ln0 = write void @_ssdm_op_Write.ap_auto.floatP0A, i32 %P_88_out, i32 %P_15_load"   --->   Operation 344 'write' 'write_ln0' <Predicate = (icmp_ln73)> <Delay = 0.00>
ST_4 : Operation 345 [1/1] (0.00ns)   --->   "%write_ln0 = write void @_ssdm_op_Write.ap_auto.floatP0A, i32 %P_87_out, i32 %P_14_load"   --->   Operation 345 'write' 'write_ln0' <Predicate = (icmp_ln73)> <Delay = 0.00>
ST_4 : Operation 346 [1/1] (0.00ns)   --->   "%write_ln0 = write void @_ssdm_op_Write.ap_auto.floatP0A, i32 %P_86_out, i32 %P_13_load"   --->   Operation 346 'write' 'write_ln0' <Predicate = (icmp_ln73)> <Delay = 0.00>
ST_4 : Operation 347 [1/1] (0.00ns)   --->   "%write_ln0 = write void @_ssdm_op_Write.ap_auto.floatP0A, i32 %P_85_out, i32 %P_12_load"   --->   Operation 347 'write' 'write_ln0' <Predicate = (icmp_ln73)> <Delay = 0.00>
ST_4 : Operation 348 [1/1] (0.00ns)   --->   "%write_ln0 = write void @_ssdm_op_Write.ap_auto.floatP0A, i32 %P_84_out, i32 %P_11_load"   --->   Operation 348 'write' 'write_ln0' <Predicate = (icmp_ln73)> <Delay = 0.00>
ST_4 : Operation 349 [1/1] (0.00ns)   --->   "%write_ln0 = write void @_ssdm_op_Write.ap_auto.floatP0A, i32 %P_83_out, i32 %P_10_load"   --->   Operation 349 'write' 'write_ln0' <Predicate = (icmp_ln73)> <Delay = 0.00>
ST_4 : Operation 350 [1/1] (0.00ns)   --->   "%write_ln0 = write void @_ssdm_op_Write.ap_auto.floatP0A, i32 %P_82_out, i32 %P_9_load"   --->   Operation 350 'write' 'write_ln0' <Predicate = (icmp_ln73)> <Delay = 0.00>
ST_4 : Operation 351 [1/1] (0.00ns)   --->   "%write_ln0 = write void @_ssdm_op_Write.ap_auto.floatP0A, i32 %P_81_out, i32 %P_8_load"   --->   Operation 351 'write' 'write_ln0' <Predicate = (icmp_ln73)> <Delay = 0.00>
ST_4 : Operation 352 [1/1] (0.00ns)   --->   "%write_ln0 = write void @_ssdm_op_Write.ap_auto.floatP0A, i32 %P_80_out, i32 %P_7_load"   --->   Operation 352 'write' 'write_ln0' <Predicate = (icmp_ln73)> <Delay = 0.00>
ST_4 : Operation 353 [1/1] (0.00ns)   --->   "%write_ln0 = write void @_ssdm_op_Write.ap_auto.floatP0A, i32 %P_79_out, i32 %P_6_load"   --->   Operation 353 'write' 'write_ln0' <Predicate = (icmp_ln73)> <Delay = 0.00>
ST_4 : Operation 354 [1/1] (0.00ns)   --->   "%write_ln0 = write void @_ssdm_op_Write.ap_auto.floatP0A, i32 %P_78_out, i32 %P_5_load"   --->   Operation 354 'write' 'write_ln0' <Predicate = (icmp_ln73)> <Delay = 0.00>
ST_4 : Operation 355 [1/1] (0.00ns)   --->   "%write_ln0 = write void @_ssdm_op_Write.ap_auto.floatP0A, i32 %P_77_out, i32 %P_4_load"   --->   Operation 355 'write' 'write_ln0' <Predicate = (icmp_ln73)> <Delay = 0.00>
ST_4 : Operation 356 [1/1] (0.00ns)   --->   "%write_ln0 = write void @_ssdm_op_Write.ap_auto.floatP0A, i32 %P_76_out, i32 %P_3_load"   --->   Operation 356 'write' 'write_ln0' <Predicate = (icmp_ln73)> <Delay = 0.00>
ST_4 : Operation 357 [1/1] (0.00ns)   --->   "%write_ln0 = write void @_ssdm_op_Write.ap_auto.floatP0A, i32 %P_75_out, i32 %P_2_load"   --->   Operation 357 'write' 'write_ln0' <Predicate = (icmp_ln73)> <Delay = 0.00>
ST_4 : Operation 358 [1/1] (0.00ns)   --->   "%write_ln0 = write void @_ssdm_op_Write.ap_auto.floatP0A, i32 %P_74_out, i32 %P_1_load"   --->   Operation 358 'write' 'write_ln0' <Predicate = (icmp_ln73)> <Delay = 0.00>
ST_4 : Operation 359 [1/1] (0.00ns)   --->   "%write_ln0 = write void @_ssdm_op_Write.ap_auto.floatP0A, i32 %P_73_out, i32 %P_load"   --->   Operation 359 'write' 'write_ln0' <Predicate = (icmp_ln73)> <Delay = 0.00>
ST_4 : Operation 360 [1/1] (0.00ns)   --->   "%ret_ln0 = ret"   --->   Operation 360 'ret' 'ret_ln0' <Predicate = (icmp_ln73)> <Delay = 0.00>

State 5 <SV = 4> <Delay = 6.86>
ST_5 : Operation 211 [1/1] (0.00ns)   --->   "%specloopname_ln0 = specloopname void @_ssdm_op_SpecLoopName, void @VITIS_LOOP_73_4_VITIS_LOOP_74_5_str"   --->   Operation 211 'specloopname' 'specloopname_ln0' <Predicate = true> <Delay = 0.00>
ST_5 : Operation 212 [1/1] (0.00ns)   --->   "%speclooptripcount_ln0 = speclooptripcount void @_ssdm_op_SpecLoopTripCount, i64 36, i64 36, i64 36"   --->   Operation 212 'speclooptripcount' 'speclooptripcount_ln0' <Predicate = true> <Delay = 0.00>
ST_5 : Operation 213 [1/1] (0.00ns)   --->   "%specpipeline_ln0 = specpipeline void @_ssdm_op_SpecPipeline, i32 4294967295, i32 0, i32 1, i32 0, void @p_str"   --->   Operation 213 'specpipeline' 'specpipeline_ln0' <Predicate = true> <Delay = 0.00>
ST_5 : Operation 214 [1/1] (0.00ns)   --->   "%specloopname_ln74 = specloopname void @_ssdm_op_SpecLoopName, void @empty_12" [ekf_core.cpp:74->ekf_core.cpp:162]   --->   Operation 214 'specloopname' 'specloopname_ln74' <Predicate = true> <Delay = 0.00>
ST_5 : Operation 215 [1/4] (6.43ns)   --->   "%P_36 = fadd i32 %tmp_12, i32 %tmp_19" [ekf_core.cpp:74->ekf_core.cpp:162]   --->   Operation 215 'fadd' 'P_36' <Predicate = true> <Delay = 6.43> <CoreInst = "FAddSub_fulldsp">   --->   Core 18 'FAddSub_fulldsp' <Latency = 3> <II = 1> <Delay = 6.43> <FuncUnit> <Opcode : 'fadd' 'fsub'> <InPorts = 2> <OutPorts = 1>
ST_5 : Operation 216 [1/1] (0.42ns)   --->   "%store_ln74 = store i32 %P_36, i32 %P_7" [ekf_core.cpp:74->ekf_core.cpp:162]   --->   Operation 216 'store' 'store_ln74' <Predicate = (select_ln73 == 4 & select_ln154 == 4)> <Delay = 0.42>
ST_5 : Operation 217 [1/1] (0.00ns)   --->   "%br_ln74 = br void %arrayidx557.i85.exit" [ekf_core.cpp:74->ekf_core.cpp:162]   --->   Operation 217 'br' 'br_ln74' <Predicate = (select_ln73 == 4 & select_ln154 == 4)> <Delay = 0.00>
ST_5 : Operation 218 [1/1] (0.42ns)   --->   "%store_ln74 = store i32 %P_36, i32 %P_8" [ekf_core.cpp:74->ekf_core.cpp:162]   --->   Operation 218 'store' 'store_ln74' <Predicate = (select_ln73 == 4 & select_ln154 == 3)> <Delay = 0.42>
ST_5 : Operation 219 [1/1] (0.00ns)   --->   "%br_ln74 = br void %arrayidx557.i85.exit" [ekf_core.cpp:74->ekf_core.cpp:162]   --->   Operation 219 'br' 'br_ln74' <Predicate = (select_ln73 == 4 & select_ln154 == 3)> <Delay = 0.00>
ST_5 : Operation 220 [1/1] (0.42ns)   --->   "%store_ln74 = store i32 %P_36, i32 %P_9" [ekf_core.cpp:74->ekf_core.cpp:162]   --->   Operation 220 'store' 'store_ln74' <Predicate = (select_ln73 == 4 & select_ln154 == 2)> <Delay = 0.42>
ST_5 : Operation 221 [1/1] (0.00ns)   --->   "%br_ln74 = br void %arrayidx557.i85.exit" [ekf_core.cpp:74->ekf_core.cpp:162]   --->   Operation 221 'br' 'br_ln74' <Predicate = (select_ln73 == 4 & select_ln154 == 2)> <Delay = 0.00>
ST_5 : Operation 222 [1/1] (0.42ns)   --->   "%store_ln74 = store i32 %P_36, i32 %P_10" [ekf_core.cpp:74->ekf_core.cpp:162]   --->   Operation 222 'store' 'store_ln74' <Predicate = (select_ln73 == 4 & select_ln154 == 1)> <Delay = 0.42>
ST_5 : Operation 223 [1/1] (0.00ns)   --->   "%br_ln74 = br void %arrayidx557.i85.exit" [ekf_core.cpp:74->ekf_core.cpp:162]   --->   Operation 223 'br' 'br_ln74' <Predicate = (select_ln73 == 4 & select_ln154 == 1)> <Delay = 0.00>
ST_5 : Operation 224 [1/1] (0.42ns)   --->   "%store_ln74 = store i32 %P_36, i32 %P_11" [ekf_core.cpp:74->ekf_core.cpp:162]   --->   Operation 224 'store' 'store_ln74' <Predicate = (select_ln73 == 4 & select_ln154 == 0)> <Delay = 0.42>
ST_5 : Operation 225 [1/1] (0.00ns)   --->   "%br_ln74 = br void %arrayidx557.i85.exit" [ekf_core.cpp:74->ekf_core.cpp:162]   --->   Operation 225 'br' 'br_ln74' <Predicate = (select_ln73 == 4 & select_ln154 == 0)> <Delay = 0.00>
ST_5 : Operation 226 [1/1] (0.42ns)   --->   "%store_ln74 = store i32 %P_36, i32 %P_6" [ekf_core.cpp:74->ekf_core.cpp:162]   --->   Operation 226 'store' 'store_ln74' <Predicate = (select_ln73 == 4 & select_ln154 != 0 & select_ln154 != 1 & select_ln154 != 2 & select_ln154 != 3 & select_ln154 != 4)> <Delay = 0.42>
ST_5 : Operation 227 [1/1] (0.00ns)   --->   "%br_ln74 = br void %arrayidx557.i85.exit" [ekf_core.cpp:74->ekf_core.cpp:162]   --->   Operation 227 'br' 'br_ln74' <Predicate = (select_ln73 == 4 & select_ln154 != 0 & select_ln154 != 1 & select_ln154 != 2 & select_ln154 != 3 & select_ln154 != 4)> <Delay = 0.00>
ST_5 : Operation 228 [1/1] (0.42ns)   --->   "%store_ln74 = store i32 %P_36, i32 %P_13" [ekf_core.cpp:74->ekf_core.cpp:162]   --->   Operation 228 'store' 'store_ln74' <Predicate = (select_ln73 == 3 & select_ln154 == 4)> <Delay = 0.42>
ST_5 : Operation 229 [1/1] (0.00ns)   --->   "%br_ln74 = br void %arrayidx557.i85.exit" [ekf_core.cpp:74->ekf_core.cpp:162]   --->   Operation 229 'br' 'br_ln74' <Predicate = (select_ln73 == 3 & select_ln154 == 4)> <Delay = 0.00>
ST_5 : Operation 230 [1/1] (0.42ns)   --->   "%store_ln74 = store i32 %P_36, i32 %P_14" [ekf_core.cpp:74->ekf_core.cpp:162]   --->   Operation 230 'store' 'store_ln74' <Predicate = (select_ln73 == 3 & select_ln154 == 3)> <Delay = 0.42>
ST_5 : Operation 231 [1/1] (0.00ns)   --->   "%br_ln74 = br void %arrayidx557.i85.exit" [ekf_core.cpp:74->ekf_core.cpp:162]   --->   Operation 231 'br' 'br_ln74' <Predicate = (select_ln73 == 3 & select_ln154 == 3)> <Delay = 0.00>
ST_5 : Operation 232 [1/1] (0.42ns)   --->   "%store_ln74 = store i32 %P_36, i32 %P_15" [ekf_core.cpp:74->ekf_core.cpp:162]   --->   Operation 232 'store' 'store_ln74' <Predicate = (select_ln73 == 3 & select_ln154 == 2)> <Delay = 0.42>
ST_5 : Operation 233 [1/1] (0.00ns)   --->   "%br_ln74 = br void %arrayidx557.i85.exit" [ekf_core.cpp:74->ekf_core.cpp:162]   --->   Operation 233 'br' 'br_ln74' <Predicate = (select_ln73 == 3 & select_ln154 == 2)> <Delay = 0.00>
ST_5 : Operation 234 [1/1] (0.42ns)   --->   "%store_ln74 = store i32 %P_36, i32 %P_16" [ekf_core.cpp:74->ekf_core.cpp:162]   --->   Operation 234 'store' 'store_ln74' <Predicate = (select_ln73 == 3 & select_ln154 == 1)> <Delay = 0.42>
ST_5 : Operation 235 [1/1] (0.00ns)   --->   "%br_ln74 = br void %arrayidx557.i85.exit" [ekf_core.cpp:74->ekf_core.cpp:162]   --->   Operation 235 'br' 'br_ln74' <Predicate = (select_ln73 == 3 & select_ln154 == 1)> <Delay = 0.00>
ST_5 : Operation 236 [1/1] (0.42ns)   --->   "%store_ln74 = store i32 %P_36, i32 %P_17" [ekf_core.cpp:74->ekf_core.cpp:162]   --->   Operation 236 'store' 'store_ln74' <Predicate = (select_ln73 == 3 & select_ln154 == 0)> <Delay = 0.42>
ST_5 : Operation 237 [1/1] (0.00ns)   --->   "%br_ln74 = br void %arrayidx557.i85.exit" [ekf_core.cpp:74->ekf_core.cpp:162]   --->   Operation 237 'br' 'br_ln74' <Predicate = (select_ln73 == 3 & select_ln154 == 0)> <Delay = 0.00>
ST_5 : Operation 238 [1/1] (0.42ns)   --->   "%store_ln74 = store i32 %P_36, i32 %P_12" [ekf_core.cpp:74->ekf_core.cpp:162]   --->   Operation 238 'store' 'store_ln74' <Predicate = (select_ln73 == 3 & select_ln154 != 0 & select_ln154 != 1 & select_ln154 != 2 & select_ln154 != 3 & select_ln154 != 4)> <Delay = 0.42>
ST_5 : Operation 239 [1/1] (0.00ns)   --->   "%br_ln74 = br void %arrayidx557.i85.exit" [ekf_core.cpp:74->ekf_core.cpp:162]   --->   Operation 239 'br' 'br_ln74' <Predicate = (select_ln73 == 3 & select_ln154 != 0 & select_ln154 != 1 & select_ln154 != 2 & select_ln154 != 3 & select_ln154 != 4)> <Delay = 0.00>
ST_5 : Operation 240 [1/1] (0.42ns)   --->   "%store_ln74 = store i32 %P_36, i32 %P_34" [ekf_core.cpp:74->ekf_core.cpp:162]   --->   Operation 240 'store' 'store_ln74' <Predicate = (select_ln73 == 2 & select_ln154 == 4)> <Delay = 0.42>
ST_5 : Operation 241 [1/1] (0.00ns)   --->   "%br_ln74 = br void %arrayidx557.i85.exit" [ekf_core.cpp:74->ekf_core.cpp:162]   --->   Operation 241 'br' 'br_ln74' <Predicate = (select_ln73 == 2 & select_ln154 == 4)> <Delay = 0.00>
ST_5 : Operation 242 [1/1] (0.42ns)   --->   "%store_ln74 = store i32 %P_36, i32 %P_33" [ekf_core.cpp:74->ekf_core.cpp:162]   --->   Operation 242 'store' 'store_ln74' <Predicate = (select_ln73 == 2 & select_ln154 == 3)> <Delay = 0.42>
ST_5 : Operation 243 [1/1] (0.00ns)   --->   "%br_ln74 = br void %arrayidx557.i85.exit" [ekf_core.cpp:74->ekf_core.cpp:162]   --->   Operation 243 'br' 'br_ln74' <Predicate = (select_ln73 == 2 & select_ln154 == 3)> <Delay = 0.00>
ST_5 : Operation 244 [1/1] (0.42ns)   --->   "%store_ln74 = store i32 %P_36, i32 %P_32" [ekf_core.cpp:74->ekf_core.cpp:162]   --->   Operation 244 'store' 'store_ln74' <Predicate = (select_ln73 == 2 & select_ln154 == 2)> <Delay = 0.42>
ST_5 : Operation 245 [1/1] (0.00ns)   --->   "%br_ln74 = br void %arrayidx557.i85.exit" [ekf_core.cpp:74->ekf_core.cpp:162]   --->   Operation 245 'br' 'br_ln74' <Predicate = (select_ln73 == 2 & select_ln154 == 2)> <Delay = 0.00>
ST_5 : Operation 246 [1/1] (0.42ns)   --->   "%store_ln74 = store i32 %P_36, i32 %P_31" [ekf_core.cpp:74->ekf_core.cpp:162]   --->   Operation 246 'store' 'store_ln74' <Predicate = (select_ln73 == 2 & select_ln154 == 1)> <Delay = 0.42>
ST_5 : Operation 247 [1/1] (0.00ns)   --->   "%br_ln74 = br void %arrayidx557.i85.exit" [ekf_core.cpp:74->ekf_core.cpp:162]   --->   Operation 247 'br' 'br_ln74' <Predicate = (select_ln73 == 2 & select_ln154 == 1)> <Delay = 0.00>
ST_5 : Operation 248 [1/1] (0.42ns)   --->   "%store_ln74 = store i32 %P_36, i32 %P_30" [ekf_core.cpp:74->ekf_core.cpp:162]   --->   Operation 248 'store' 'store_ln74' <Predicate = (select_ln73 == 2 & select_ln154 == 0)> <Delay = 0.42>
ST_5 : Operation 249 [1/1] (0.00ns)   --->   "%br_ln74 = br void %arrayidx557.i85.exit" [ekf_core.cpp:74->ekf_core.cpp:162]   --->   Operation 249 'br' 'br_ln74' <Predicate = (select_ln73 == 2 & select_ln154 == 0)> <Delay = 0.00>
ST_5 : Operation 250 [1/1] (0.42ns)   --->   "%store_ln74 = store i32 %P_36, i32 %P_35" [ekf_core.cpp:74->ekf_core.cpp:162]   --->   Operation 250 'store' 'store_ln74' <Predicate = (select_ln73 == 2 & select_ln154 != 0 & select_ln154 != 1 & select_ln154 != 2 & select_ln154 != 3 & select_ln154 != 4)> <Delay = 0.42>
ST_5 : Operation 251 [1/1] (0.00ns)   --->   "%br_ln74 = br void %arrayidx557.i85.exit" [ekf_core.cpp:74->ekf_core.cpp:162]   --->   Operation 251 'br' 'br_ln74' <Predicate = (select_ln73 == 2 & select_ln154 != 0 & select_ln154 != 1 & select_ln154 != 2 & select_ln154 != 3 & select_ln154 != 4)> <Delay = 0.00>
ST_5 : Operation 252 [1/1] (0.42ns)   --->   "%store_ln74 = store i32 %P_36, i32 %P_28" [ekf_core.cpp:74->ekf_core.cpp:162]   --->   Operation 252 'store' 'store_ln74' <Predicate = (select_ln73 == 1 & select_ln154 == 4)> <Delay = 0.42>
ST_5 : Operation 253 [1/1] (0.00ns)   --->   "%br_ln74 = br void %arrayidx557.i85.exit" [ekf_core.cpp:74->ekf_core.cpp:162]   --->   Operation 253 'br' 'br_ln74' <Predicate = (select_ln73 == 1 & select_ln154 == 4)> <Delay = 0.00>
ST_5 : Operation 254 [1/1] (0.42ns)   --->   "%store_ln74 = store i32 %P_36, i32 %P_27" [ekf_core.cpp:74->ekf_core.cpp:162]   --->   Operation 254 'store' 'store_ln74' <Predicate = (select_ln73 == 1 & select_ln154 == 3)> <Delay = 0.42>
ST_5 : Operation 255 [1/1] (0.00ns)   --->   "%br_ln74 = br void %arrayidx557.i85.exit" [ekf_core.cpp:74->ekf_core.cpp:162]   --->   Operation 255 'br' 'br_ln74' <Predicate = (select_ln73 == 1 & select_ln154 == 3)> <Delay = 0.00>
ST_5 : Operation 256 [1/1] (0.42ns)   --->   "%store_ln74 = store i32 %P_36, i32 %P_26" [ekf_core.cpp:74->ekf_core.cpp:162]   --->   Operation 256 'store' 'store_ln74' <Predicate = (select_ln73 == 1 & select_ln154 == 2)> <Delay = 0.42>
ST_5 : Operation 257 [1/1] (0.00ns)   --->   "%br_ln74 = br void %arrayidx557.i85.exit" [ekf_core.cpp:74->ekf_core.cpp:162]   --->   Operation 257 'br' 'br_ln74' <Predicate = (select_ln73 == 1 & select_ln154 == 2)> <Delay = 0.00>
ST_5 : Operation 258 [1/1] (0.42ns)   --->   "%store_ln74 = store i32 %P_36, i32 %P_25" [ekf_core.cpp:74->ekf_core.cpp:162]   --->   Operation 258 'store' 'store_ln74' <Predicate = (select_ln73 == 1 & select_ln154 == 1)> <Delay = 0.42>
ST_5 : Operation 259 [1/1] (0.00ns)   --->   "%br_ln74 = br void %arrayidx557.i85.exit" [ekf_core.cpp:74->ekf_core.cpp:162]   --->   Operation 259 'br' 'br_ln74' <Predicate = (select_ln73 == 1 & select_ln154 == 1)> <Delay = 0.00>
ST_5 : Operation 260 [1/1] (0.42ns)   --->   "%store_ln74 = store i32 %P_36, i32 %P_24" [ekf_core.cpp:74->ekf_core.cpp:162]   --->   Operation 260 'store' 'store_ln74' <Predicate = (select_ln73 == 1 & select_ln154 == 0)> <Delay = 0.42>
ST_5 : Operation 261 [1/1] (0.00ns)   --->   "%br_ln74 = br void %arrayidx557.i85.exit" [ekf_core.cpp:74->ekf_core.cpp:162]   --->   Operation 261 'br' 'br_ln74' <Predicate = (select_ln73 == 1 & select_ln154 == 0)> <Delay = 0.00>
ST_5 : Operation 262 [1/1] (0.42ns)   --->   "%store_ln74 = store i32 %P_36, i32 %P_29" [ekf_core.cpp:74->ekf_core.cpp:162]   --->   Operation 262 'store' 'store_ln74' <Predicate = (select_ln73 == 1 & select_ln154 != 0 & select_ln154 != 1 & select_ln154 != 2 & select_ln154 != 3 & select_ln154 != 4)> <Delay = 0.42>
ST_5 : Operation 263 [1/1] (0.00ns)   --->   "%br_ln74 = br void %arrayidx557.i85.exit" [ekf_core.cpp:74->ekf_core.cpp:162]   --->   Operation 263 'br' 'br_ln74' <Predicate = (select_ln73 == 1 & select_ln154 != 0 & select_ln154 != 1 & select_ln154 != 2 & select_ln154 != 3 & select_ln154 != 4)> <Delay = 0.00>
ST_5 : Operation 264 [1/1] (0.42ns)   --->   "%store_ln74 = store i32 %P_36, i32 %P_22" [ekf_core.cpp:74->ekf_core.cpp:162]   --->   Operation 264 'store' 'store_ln74' <Predicate = (select_ln73 == 0 & select_ln154 == 4)> <Delay = 0.42>
ST_5 : Operation 265 [1/1] (0.00ns)   --->   "%br_ln74 = br void %arrayidx557.i85.exit" [ekf_core.cpp:74->ekf_core.cpp:162]   --->   Operation 265 'br' 'br_ln74' <Predicate = (select_ln73 == 0 & select_ln154 == 4)> <Delay = 0.00>
ST_5 : Operation 266 [1/1] (0.42ns)   --->   "%store_ln74 = store i32 %P_36, i32 %P_21" [ekf_core.cpp:74->ekf_core.cpp:162]   --->   Operation 266 'store' 'store_ln74' <Predicate = (select_ln73 == 0 & select_ln154 == 3)> <Delay = 0.42>
ST_5 : Operation 267 [1/1] (0.00ns)   --->   "%br_ln74 = br void %arrayidx557.i85.exit" [ekf_core.cpp:74->ekf_core.cpp:162]   --->   Operation 267 'br' 'br_ln74' <Predicate = (select_ln73 == 0 & select_ln154 == 3)> <Delay = 0.00>
ST_5 : Operation 268 [1/1] (0.42ns)   --->   "%store_ln74 = store i32 %P_36, i32 %P_20" [ekf_core.cpp:74->ekf_core.cpp:162]   --->   Operation 268 'store' 'store_ln74' <Predicate = (select_ln73 == 0 & select_ln154 == 2)> <Delay = 0.42>
ST_5 : Operation 269 [1/1] (0.00ns)   --->   "%br_ln74 = br void %arrayidx557.i85.exit" [ekf_core.cpp:74->ekf_core.cpp:162]   --->   Operation 269 'br' 'br_ln74' <Predicate = (select_ln73 == 0 & select_ln154 == 2)> <Delay = 0.00>
ST_5 : Operation 270 [1/1] (0.42ns)   --->   "%store_ln74 = store i32 %P_36, i32 %P_19" [ekf_core.cpp:74->ekf_core.cpp:162]   --->   Operation 270 'store' 'store_ln74' <Predicate = (select_ln73 == 0 & select_ln154 == 1)> <Delay = 0.42>
ST_5 : Operation 271 [1/1] (0.00ns)   --->   "%br_ln74 = br void %arrayidx557.i85.exit" [ekf_core.cpp:74->ekf_core.cpp:162]   --->   Operation 271 'br' 'br_ln74' <Predicate = (select_ln73 == 0 & select_ln154 == 1)> <Delay = 0.00>
ST_5 : Operation 272 [1/1] (0.42ns)   --->   "%store_ln74 = store i32 %P_36, i32 %P_18" [ekf_core.cpp:74->ekf_core.cpp:162]   --->   Operation 272 'store' 'store_ln74' <Predicate = (select_ln73 == 0 & select_ln154 == 0)> <Delay = 0.42>
ST_5 : Operation 273 [1/1] (0.00ns)   --->   "%br_ln74 = br void %arrayidx557.i85.exit" [ekf_core.cpp:74->ekf_core.cpp:162]   --->   Operation 273 'br' 'br_ln74' <Predicate = (select_ln73 == 0 & select_ln154 == 0)> <Delay = 0.00>
ST_5 : Operation 274 [1/1] (0.42ns)   --->   "%store_ln74 = store i32 %P_36, i32 %P_23" [ekf_core.cpp:74->ekf_core.cpp:162]   --->   Operation 274 'store' 'store_ln74' <Predicate = (select_ln73 == 0 & select_ln154 != 0 & select_ln154 != 1 & select_ln154 != 2 & select_ln154 != 3 & select_ln154 != 4)> <Delay = 0.42>
ST_5 : Operation 275 [1/1] (0.00ns)   --->   "%br_ln74 = br void %arrayidx557.i85.exit" [ekf_core.cpp:74->ekf_core.cpp:162]   --->   Operation 275 'br' 'br_ln74' <Predicate = (select_ln73 == 0 & select_ln154 != 0 & select_ln154 != 1 & select_ln154 != 2 & select_ln154 != 3 & select_ln154 != 4)> <Delay = 0.00>
ST_5 : Operation 276 [1/1] (0.42ns)   --->   "%store_ln74 = store i32 %P_36, i32 %P_1" [ekf_core.cpp:74->ekf_core.cpp:162]   --->   Operation 276 'store' 'store_ln74' <Predicate = (select_ln73 != 0 & select_ln73 != 1 & select_ln73 != 2 & select_ln73 != 3 & select_ln73 != 4 & select_ln154 == 4)> <Delay = 0.42>
ST_5 : Operation 277 [1/1] (0.00ns)   --->   "%br_ln74 = br void %arrayidx557.i85.exit" [ekf_core.cpp:74->ekf_core.cpp:162]   --->   Operation 277 'br' 'br_ln74' <Predicate = (select_ln73 != 0 & select_ln73 != 1 & select_ln73 != 2 & select_ln73 != 3 & select_ln73 != 4 & select_ln154 == 4)> <Delay = 0.00>
ST_5 : Operation 278 [1/1] (0.42ns)   --->   "%store_ln74 = store i32 %P_36, i32 %P_2" [ekf_core.cpp:74->ekf_core.cpp:162]   --->   Operation 278 'store' 'store_ln74' <Predicate = (select_ln73 != 0 & select_ln73 != 1 & select_ln73 != 2 & select_ln73 != 3 & select_ln73 != 4 & select_ln154 == 3)> <Delay = 0.42>
ST_5 : Operation 279 [1/1] (0.00ns)   --->   "%br_ln74 = br void %arrayidx557.i85.exit" [ekf_core.cpp:74->ekf_core.cpp:162]   --->   Operation 279 'br' 'br_ln74' <Predicate = (select_ln73 != 0 & select_ln73 != 1 & select_ln73 != 2 & select_ln73 != 3 & select_ln73 != 4 & select_ln154 == 3)> <Delay = 0.00>
ST_5 : Operation 280 [1/1] (0.42ns)   --->   "%store_ln74 = store i32 %P_36, i32 %P_3" [ekf_core.cpp:74->ekf_core.cpp:162]   --->   Operation 280 'store' 'store_ln74' <Predicate = (select_ln73 != 0 & select_ln73 != 1 & select_ln73 != 2 & select_ln73 != 3 & select_ln73 != 4 & select_ln154 == 2)> <Delay = 0.42>
ST_5 : Operation 281 [1/1] (0.00ns)   --->   "%br_ln74 = br void %arrayidx557.i85.exit" [ekf_core.cpp:74->ekf_core.cpp:162]   --->   Operation 281 'br' 'br_ln74' <Predicate = (select_ln73 != 0 & select_ln73 != 1 & select_ln73 != 2 & select_ln73 != 3 & select_ln73 != 4 & select_ln154 == 2)> <Delay = 0.00>
ST_5 : Operation 282 [1/1] (0.42ns)   --->   "%store_ln74 = store i32 %P_36, i32 %P_4" [ekf_core.cpp:74->ekf_core.cpp:162]   --->   Operation 282 'store' 'store_ln74' <Predicate = (select_ln73 != 0 & select_ln73 != 1 & select_ln73 != 2 & select_ln73 != 3 & select_ln73 != 4 & select_ln154 == 1)> <Delay = 0.42>
ST_5 : Operation 283 [1/1] (0.00ns)   --->   "%br_ln74 = br void %arrayidx557.i85.exit" [ekf_core.cpp:74->ekf_core.cpp:162]   --->   Operation 283 'br' 'br_ln74' <Predicate = (select_ln73 != 0 & select_ln73 != 1 & select_ln73 != 2 & select_ln73 != 3 & select_ln73 != 4 & select_ln154 == 1)> <Delay = 0.00>
ST_5 : Operation 284 [1/1] (0.42ns)   --->   "%store_ln74 = store i32 %P_36, i32 %P_5" [ekf_core.cpp:74->ekf_core.cpp:162]   --->   Operation 284 'store' 'store_ln74' <Predicate = (select_ln73 != 0 & select_ln73 != 1 & select_ln73 != 2 & select_ln73 != 3 & select_ln73 != 4 & select_ln154 == 0)> <Delay = 0.42>
ST_5 : Operation 285 [1/1] (0.00ns)   --->   "%br_ln74 = br void %arrayidx557.i85.exit" [ekf_core.cpp:74->ekf_core.cpp:162]   --->   Operation 285 'br' 'br_ln74' <Predicate = (select_ln73 != 0 & select_ln73 != 1 & select_ln73 != 2 & select_ln73 != 3 & select_ln73 != 4 & select_ln154 == 0)> <Delay = 0.00>
ST_5 : Operation 286 [1/1] (0.42ns)   --->   "%store_ln74 = store i32 %P_36, i32 %P" [ekf_core.cpp:74->ekf_core.cpp:162]   --->   Operation 286 'store' 'store_ln74' <Predicate = (select_ln73 != 0 & select_ln73 != 1 & select_ln73 != 2 & select_ln73 != 3 & select_ln73 != 4 & select_ln154 != 0 & select_ln154 != 1 & select_ln154 != 2 & select_ln154 != 3 & select_ln154 != 4)> <Delay = 0.42>
ST_5 : Operation 287 [1/1] (0.00ns)   --->   "%br_ln74 = br void %arrayidx557.i85.exit" [ekf_core.cpp:74->ekf_core.cpp:162]   --->   Operation 287 'br' 'br_ln74' <Predicate = (select_ln73 != 0 & select_ln73 != 1 & select_ln73 != 2 & select_ln73 != 3 & select_ln73 != 4 & select_ln154 != 0 & select_ln154 != 1 & select_ln154 != 2 & select_ln154 != 3 & select_ln154 != 4)> <Delay = 0.00>


============================================================
+ Verbose Summary: Timing violations
============================================================
Target clock period: 10.000ns, clock uncertainty: 2.700ns.

 <State 1>: 2.127ns
The critical path consists of the following:
	'alloca' operation ('j') [121]  (0.000 ns)
	'load' operation ('j_load', ekf_core.cpp:74->ekf_core.cpp:162) on local variable 'j' [291]  (0.000 ns)
	'icmp' operation ('icmp_ln74', ekf_core.cpp:74->ekf_core.cpp:162) [295]  (0.673 ns)
	'select' operation ('select_ln154', ekf_core.cpp:154) [296]  (0.208 ns)
	'mux' operation ('tmp_s', ekf_core.cpp:74->ekf_core.cpp:162) [301]  (0.623 ns)
	'mux' operation ('tmp_12', ekf_core.cpp:74->ekf_core.cpp:162) [307]  (0.623 ns)

 <State 2>: 6.437ns
The critical path consists of the following:
	multiplexor before operation 'fadd' with delay (1.047 ns)
'fadd' operation ('P', ekf_core.cpp:74->ekf_core.cpp:162) [315]  (5.390 ns)

 <State 3>: 6.437ns
The critical path consists of the following:
	'fadd' operation ('P', ekf_core.cpp:74->ekf_core.cpp:162) [315]  (6.437 ns)

 <State 4>: 6.437ns
The critical path consists of the following:
	'fadd' operation ('P', ekf_core.cpp:74->ekf_core.cpp:162) [315]  (6.437 ns)

 <State 5>: 6.864ns
The critical path consists of the following:
	'fadd' operation ('P', ekf_core.cpp:74->ekf_core.cpp:162) [315]  (6.437 ns)
	'store' operation ('store_ln74', ekf_core.cpp:74->ekf_core.cpp:162) of variable 'P', ekf_core.cpp:74->ekf_core.cpp:162 on local variable 'P' [372]  (0.427 ns)


============================================================
+ Verbose Summary: Binding
============================================================
N/A
* FSMD analyzer results:
  - Output states:
 - Input state : 
  - Chain level:
	State 1
	State 2
	State 3
	State 4
	State 5


============================================================
+ Verbose Summary: Datapath Resource usage 
============================================================
N/A
