

================================================================
== Vitis HLS Report for 'ekf_batch_Pipeline_VITIS_LOOP_173_9'
================================================================
* Date:           Thu Sep  3 12:11:29 2026

* Version:        2023.1 (Build 3854077 on May  4 2023)
* Project:        EKF
* Solution:       solution1 (Vivado IP Flow Target)
* Product family: zynquplus
* Target device:  xczu9eg-ffvb1156-2-e


================================================================
== Performance Estimates
================================================================
+ Timing: 
    * Summary: 
    +--------+----------+----------+------------+
    |  Clock |  Target  | Estimated| Uncertainty|
    +--------+----------+----------+------------+
    |ap_clk  |  10.00 ns|  1.100 ns|     2.70 ns|
    +--------+----------+----------+------------+

+ Latency: 
    * Summary: 
    +---------+---------+-----------+-----------+-----+-----+---------+
    |  Latency (cycles) |   Latency (absolute)  |  Interval | Pipeline|
    |   min   |   max   |    min    |    max    | min | max |   Type  |
    +---------+---------+-----------+-----------+-----+-----+---------+
    |        8|        8|  80.000 ns|  80.000 ns|    8|    8|       no|
    +---------+---------+-----------+-----------+-----+-----+---------+

    + Detail: 
        * Instance: 
        N/A

        * Loop: 
        +--------------------+---------+---------+----------+-----------+-----------+------+----------+
        |                    |  Latency (cycles) | Iteration|  Initiation Interval  | Trip |          |
        |      Loop Name     |   min   |   max   |  Latency |  achieved |   target  | Count| Pipelined|
        +--------------------+---------+---------+----------+-----------+-----------+------+----------+
        |- VITIS_LOOP_173_9  |        6|        6|         1|          1|          1|     6|       yes|
        +--------------------+---------+---------+----------+-----------+-----------+------+----------+

============================================================
+ Verbose Summary: Synthesis Manager
============================================================
InlineROM: 1
ExposeGlobal: 0
============================================================
+ Verbose Summary: CDFG Model
============================================================
IsTopModel: 0
ResetActiveHigh: 1
IsCombinational: 0
IsDatapathOnly: 0
HasWiredReturn: 1
HasMFsm: 2
HasVarLatency: 1
IsPipeline: 0
IsRtlPipelined: 0
IsInstanceOverlapped: 0
IsDontTouch: 0
HasImplIP: 0
IsGatedGlobalClock: 0

+ Individual pipeline summary: 
  * Pipeline-0: initiation interval (II) = 1, depth = 1


============================================================
+ Verbose Summary: Schedule
============================================================
* Number of FSM states : 1
* Pipeline : 1
  Pipeline-0 : II = 1, D = 1, States = { 1 }
* Dataflow Pipeline: 0

* FSM state transitions: 
1 --> 

* FSM state operations: 

State 1 <SV = 0> <Delay = 1.09>
ST_1 : Operation 4 [1/1] (0.00ns)   --->   "%i = alloca i32 1"   --->   Operation 4 'alloca' 'i' <Predicate = true> <Delay = 0.00>
ST_1 : Operation 5 [1/1] (0.00ns)   --->   "%empty = alloca i32 1"   --->   Operation 5 'alloca' 'empty' <Predicate = true> <Delay = 0.00>
ST_1 : Operation 6 [1/1] (0.00ns)   --->   "%empty_47 = alloca i32 1"   --->   Operation 6 'alloca' 'empty_47' <Predicate = true> <Delay = 0.00>
ST_1 : Operation 7 [1/1] (0.00ns)   --->   "%empty_48 = alloca i32 1"   --->   Operation 7 'alloca' 'empty_48' <Predicate = true> <Delay = 0.00>
ST_1 : Operation 8 [1/1] (0.00ns)   --->   "%empty_49 = alloca i32 1"   --->   Operation 8 'alloca' 'empty_49' <Predicate = true> <Delay = 0.00>
ST_1 : Operation 9 [1/1] (0.00ns)   --->   "%empty_50 = alloca i32 1"   --->   Operation 9 'alloca' 'empty_50' <Predicate = true> <Delay = 0.00>
ST_1 : Operation 10 [1/1] (0.00ns)   --->   "%empty_51 = alloca i32 1"   --->   Operation 10 'alloca' 'empty_51' <Predicate = true> <Delay = 0.00>
ST_1 : Operation 11 [1/1] (0.00ns)   --->   "%x_26_read = read i32 @_ssdm_op_Read.ap_auto.float, i32 %x_26"   --->   Operation 11 'read' 'x_26_read' <Predicate = true> <Delay = 0.00>
ST_1 : Operation 12 [1/1] (0.00ns)   --->   "%x_27_read = read i32 @_ssdm_op_Read.ap_auto.float, i32 %x_27"   --->   Operation 12 'read' 'x_27_read' <Predicate = true> <Delay = 0.00>
ST_1 : Operation 13 [1/1] (0.00ns)   --->   "%x_28_read = read i32 @_ssdm_op_Read.ap_auto.float, i32 %x_28"   --->   Operation 13 'read' 'x_28_read' <Predicate = true> <Delay = 0.00>
ST_1 : Operation 14 [1/1] (0.00ns)   --->   "%x_29_read = read i32 @_ssdm_op_Read.ap_auto.float, i32 %x_29"   --->   Operation 14 'read' 'x_29_read' <Predicate = true> <Delay = 0.00>
ST_1 : Operation 15 [1/1] (0.00ns)   --->   "%x_30_read = read i32 @_ssdm_op_Read.ap_auto.float, i32 %x_30"   --->   Operation 15 'read' 'x_30_read' <Predicate = true> <Delay = 0.00>
ST_1 : Operation 16 [1/1] (0.00ns)   --->   "%x_31_read = read i32 @_ssdm_op_Read.ap_auto.float, i32 %x_31"   --->   Operation 16 'read' 'x_31_read' <Predicate = true> <Delay = 0.00>
ST_1 : Operation 17 [1/1] (0.00ns)   --->   "%local_4_load_3_read = read i32 @_ssdm_op_Read.ap_auto.float, i32 %local_4_load_3"   --->   Operation 17 'read' 'local_4_load_3_read' <Predicate = true> <Delay = 0.00>
ST_1 : Operation 18 [1/1] (0.00ns)   --->   "%local_3_load_3_read = read i32 @_ssdm_op_Read.ap_auto.float, i32 %local_3_load_3"   --->   Operation 18 'read' 'local_3_load_3_read' <Predicate = true> <Delay = 0.00>
ST_1 : Operation 19 [1/1] (0.00ns)   --->   "%local_2_load_3_read = read i32 @_ssdm_op_Read.ap_auto.float, i32 %local_2_load_3"   --->   Operation 19 'read' 'local_2_load_3_read' <Predicate = true> <Delay = 0.00>
ST_1 : Operation 20 [1/1] (0.00ns)   --->   "%local_1_load_1_read = read i32 @_ssdm_op_Read.ap_auto.float, i32 %local_1_load_1"   --->   Operation 20 'read' 'local_1_load_1_read' <Predicate = true> <Delay = 0.00>
ST_1 : Operation 21 [1/1] (0.00ns)   --->   "%local_load_1_read = read i32 @_ssdm_op_Read.ap_auto.float, i32 %local_load_1"   --->   Operation 21 'read' 'local_load_1_read' <Predicate = true> <Delay = 0.00>
ST_1 : Operation 22 [1/1] (0.00ns)   --->   "%local_5_load_3_read = read i32 @_ssdm_op_Read.ap_auto.float, i32 %local_5_load_3"   --->   Operation 22 'read' 'local_5_load_3_read' <Predicate = true> <Delay = 0.00>
ST_1 : Operation 23 [1/1] (0.42ns)   --->   "%store_ln0 = store i32 %local_5_load_3_read, i32 %empty_51"   --->   Operation 23 'store' 'store_ln0' <Predicate = true> <Delay = 0.42>
ST_1 : Operation 24 [1/1] (0.42ns)   --->   "%store_ln0 = store i32 %local_load_1_read, i32 %empty_50"   --->   Operation 24 'store' 'store_ln0' <Predicate = true> <Delay = 0.42>
ST_1 : Operation 25 [1/1] (0.42ns)   --->   "%store_ln0 = store i32 %local_1_load_1_read, i32 %empty_49"   --->   Operation 25 'store' 'store_ln0' <Predicate = true> <Delay = 0.42>
ST_1 : Operation 26 [1/1] (0.42ns)   --->   "%store_ln0 = store i32 %local_2_load_3_read, i32 %empty_48"   --->   Operation 26 'store' 'store_ln0' <Predicate = true> <Delay = 0.42>
ST_1 : Operation 27 [1/1] (0.42ns)   --->   "%store_ln0 = store i32 %local_3_load_3_read, i32 %empty_47"   --->   Operation 27 'store' 'store_ln0' <Predicate = true> <Delay = 0.42>
ST_1 : Operation 28 [1/1] (0.42ns)   --->   "%store_ln0 = store i32 %local_4_load_3_read, i32 %empty"   --->   Operation 28 'store' 'store_ln0' <Predicate = true> <Delay = 0.42>
ST_1 : Operation 29 [1/1] (0.42ns)   --->   "%store_ln0 = store i3 0, i3 %i"   --->   Operation 29 'store' 'store_ln0' <Predicate = true> <Delay = 0.42>
ST_1 : Operation 30 [1/1] (0.00ns)   --->   "%br_ln0 = br void %for.inc98"   --->   Operation 30 'br' 'br_ln0' <Predicate = true> <Delay = 0.00>
ST_1 : Operation 31 [1/1] (0.00ns)   --->   "%i_9 = load i3 %i" [ekf_core.cpp:173]   --->   Operation 31 'load' 'i_9' <Predicate = true> <Delay = 0.00>
ST_1 : Operation 32 [1/1] (0.00ns)   --->   "%specpipeline_ln0 = specpipeline void @_ssdm_op_SpecPipeline, i32 4294967295, i32 0, i32 1, i32 0, void @p_str"   --->   Operation 32 'specpipeline' 'specpipeline_ln0' <Predicate = true> <Delay = 0.00>
ST_1 : Operation 33 [1/1] (0.67ns)   --->   "%icmp_ln173 = icmp_eq  i3 %i_9, i3 6" [ekf_core.cpp:173]   --->   Operation 33 'icmp' 'icmp_ln173' <Predicate = true> <Delay = 0.67> <CoreInst = "Cmp">   --->   Core 9 'Cmp' <Latency = 0> <II = 1> <Delay = 0.67> <FuncUnit> <Opcode : 'icmp'> <InPorts = 2> <OutPorts = 1>
ST_1 : Operation 34 [1/1] (0.67ns)   --->   "%add_ln173 = add i3 %i_9, i3 1" [ekf_core.cpp:173]   --->   Operation 34 'add' 'add_ln173' <Predicate = true> <Delay = 0.67> <CoreInst = "Adder">   --->   Core 1 'Adder' <Latency = 0> <II = 1> <Delay = 0.67> <FuncUnit> <Opcode : 'add' 'sub'> <InPorts = 2> <OutPorts = 1>
ST_1 : Operation 35 [1/1] (0.00ns)   --->   "%br_ln173 = br i1 %icmp_ln173, void %for.inc98.split, void %VITIS_LOOP_174_10.exitStub" [ekf_core.cpp:173]   --->   Operation 35 'br' 'br_ln173' <Predicate = true> <Delay = 0.00>
ST_1 : Operation 36 [1/1] (0.00ns)   --->   "%speclooptripcount_ln173 = speclooptripcount void @_ssdm_op_SpecLoopTripCount, i64 6, i64 6, i64 6" [ekf_core.cpp:173]   --->   Operation 36 'speclooptripcount' 'speclooptripcount_ln173' <Predicate = (!icmp_ln173)> <Delay = 0.00>
ST_1 : Operation 37 [1/1] (0.00ns)   --->   "%specloopname_ln173 = specloopname void @_ssdm_op_SpecLoopName, void @empty_1" [ekf_core.cpp:173]   --->   Operation 37 'specloopname' 'specloopname_ln173' <Predicate = (!icmp_ln173)> <Delay = 0.00>
ST_1 : Operation 38 [1/1] (0.62ns)   --->   "%tmp_56 = mux i32 @_ssdm_op_Mux.ap_auto.6f32.i3, i32 %x_31_read, i32 %x_30_read, i32 %x_29_read, i32 %x_28_read, i32 %x_27_read, i32 %x_26_read, i3 %i_9" [ekf_core.cpp:173]   --->   Operation 38 'mux' 'tmp_56' <Predicate = (!icmp_ln173)> <Delay = 0.62> <CoreInst = "Multiplexer">   --->   Core 76 'Multiplexer' <Latency = 0> <II = 1> <Delay = 0.62> <FuncUnit> <Opcode : 'mux'> <InPorts = 2> <OutPorts = 1>
ST_1 : Operation 39 [1/1] (0.73ns)   --->   "%switch_ln173 = switch i3 %i_9, void %arrayidx97.case.5, i3 0, void %for.inc98.split.arrayidx97.exit_crit_edge18, i3 1, void %arrayidx97.case.1, i3 2, void %arrayidx97.case.2, i3 3, void %arrayidx97.case.3, i3 4, void %for.inc98.split.arrayidx97.exit_crit_edge" [ekf_core.cpp:173]   --->   Operation 39 'switch' 'switch_ln173' <Predicate = (!icmp_ln173)> <Delay = 0.73>
ST_1 : Operation 40 [1/1] (0.42ns)   --->   "%store_ln173 = store i32 %tmp_56, i32 %empty" [ekf_core.cpp:173]   --->   Operation 40 'store' 'store_ln173' <Predicate = (!icmp_ln173 & i_9 == 4)> <Delay = 0.42>
ST_1 : Operation 41 [1/1] (0.00ns)   --->   "%br_ln173 = br void %arrayidx97.exit" [ekf_core.cpp:173]   --->   Operation 41 'br' 'br_ln173' <Predicate = (!icmp_ln173 & i_9 == 4)> <Delay = 0.00>
ST_1 : Operation 42 [1/1] (0.42ns)   --->   "%store_ln173 = store i32 %tmp_56, i32 %empty_47" [ekf_core.cpp:173]   --->   Operation 42 'store' 'store_ln173' <Predicate = (!icmp_ln173 & i_9 == 3)> <Delay = 0.42>
ST_1 : Operation 43 [1/1] (0.00ns)   --->   "%br_ln173 = br void %arrayidx97.exit" [ekf_core.cpp:173]   --->   Operation 43 'br' 'br_ln173' <Predicate = (!icmp_ln173 & i_9 == 3)> <Delay = 0.00>
ST_1 : Operation 44 [1/1] (0.42ns)   --->   "%store_ln173 = store i32 %tmp_56, i32 %empty_48" [ekf_core.cpp:173]   --->   Operation 44 'store' 'store_ln173' <Predicate = (!icmp_ln173 & i_9 == 2)> <Delay = 0.42>
ST_1 : Operation 45 [1/1] (0.00ns)   --->   "%br_ln173 = br void %arrayidx97.exit" [ekf_core.cpp:173]   --->   Operation 45 'br' 'br_ln173' <Predicate = (!icmp_ln173 & i_9 == 2)> <Delay = 0.00>
ST_1 : Operation 46 [1/1] (0.42ns)   --->   "%store_ln173 = store i32 %tmp_56, i32 %empty_49" [ekf_core.cpp:173]   --->   Operation 46 'store' 'store_ln173' <Predicate = (!icmp_ln173 & i_9 == 1)> <Delay = 0.42>
ST_1 : Operation 47 [1/1] (0.00ns)   --->   "%br_ln173 = br void %arrayidx97.exit" [ekf_core.cpp:173]   --->   Operation 47 'br' 'br_ln173' <Predicate = (!icmp_ln173 & i_9 == 1)> <Delay = 0.00>
ST_1 : Operation 48 [1/1] (0.42ns)   --->   "%store_ln173 = store i32 %tmp_56, i32 %empty_50" [ekf_core.cpp:173]   --->   Operation 48 'store' 'store_ln173' <Predicate = (!icmp_ln173 & i_9 == 0)> <Delay = 0.42>
ST_1 : Operation 49 [1/1] (0.00ns)   --->   "%br_ln173 = br void %arrayidx97.exit" [ekf_core.cpp:173]   --->   Operation 49 'br' 'br_ln173' <Predicate = (!icmp_ln173 & i_9 == 0)> <Delay = 0.00>
ST_1 : Operation 50 [1/1] (0.42ns)   --->   "%store_ln173 = store i32 %tmp_56, i32 %empty_51" [ekf_core.cpp:173]   --->   Operation 50 'store' 'store_ln173' <Predicate = (!icmp_ln173 & i_9 != 0 & i_9 != 1 & i_9 != 2 & i_9 != 3 & i_9 != 4)> <Delay = 0.42>
ST_1 : Operation 51 [1/1] (0.00ns)   --->   "%br_ln173 = br void %arrayidx97.exit" [ekf_core.cpp:173]   --->   Operation 51 'br' 'br_ln173' <Predicate = (!icmp_ln173 & i_9 != 0 & i_9 != 1 & i_9 != 2 & i_9 != 3 & i_9 != 4)> <Delay = 0.00>
ST_1 : Operation 52 [1/1] (0.42ns)   --->   "%store_ln173 = store i3 %add_ln173, i3 %i" [ekf_core.cpp:173]   --->   Operation 52 'store' 'store_ln173' <Predicate = (!icmp_ln173)> <Delay = 0.42>
ST_1 : Operation 53 [1/1] (0.00ns)   --->   "%br_ln173 = br void %for.inc98" [ekf_core.cpp:173]   --->   Operation 53 'br' 'br_ln173' <Predicate = (!icmp_ln173)> <Delay = 0.00>
ST_1 : Operation 54 [1/1] (0.00ns)   --->   "%p_load23 = load i32 %empty"   --->   Operation 54 'load' 'p_load23' <Predicate = (icmp_ln173)> <Delay = 0.00>
ST_1 : Operation 55 [1/1] (0.00ns)   --->   "%p_load22 = load i32 %empty_47"   --->   Operation 55 'load' 'p_load22' <Predicate = (icmp_ln173)> <Delay = 0.00>
ST_1 : Operation 56 [1/1] (0.00ns)   --->   "%p_load21 = load i32 %empty_48"   --->   Operation 56 'load' 'p_load21' <Predicate = (icmp_ln173)> <Delay = 0.00>
ST_1 : Operation 57 [1/1] (0.00ns)   --->   "%p_load20 = load i32 %empty_49"   --->   Operation 57 'load' 'p_load20' <Predicate = (icmp_ln173)> <Delay = 0.00>
ST_1 : Operation 58 [1/1] (0.00ns)   --->   "%p_load19 = load i32 %empty_50"   --->   Operation 58 'load' 'p_load19' <Predicate = (icmp_ln173)> <Delay = 0.00>
ST_1 : Operation 59 [1/1] (0.00ns)   --->   "%p_load = load i32 %empty_51"   --->   Operation 59 'load' 'p_load' <Predicate = (icmp_ln173)> <Delay = 0.00>
ST_1 : Operation 60 [1/1] (0.00ns)   --->   "%write_ln0 = write void @_ssdm_op_Write.ap_auto.floatP0A, i32 %p_out, i32 %p_load"   --->   Operation 60 'write' 'write_ln0' <Predicate = (icmp_ln173)> <Delay = 0.00>
ST_1 : Operation 61 [1/1] (0.00ns)   --->   "%write_ln0 = write void @_ssdm_op_Write.ap_auto.floatP0A, i32 %p_out1, i32 %p_load19"   --->   Operation 61 'write' 'write_ln0' <Predicate = (icmp_ln173)> <Delay = 0.00>
ST_1 : Operation 62 [1/1] (0.00ns)   --->   "%write_ln0 = write void @_ssdm_op_Write.ap_auto.floatP0A, i32 %p_out2, i32 %p_load20"   --->   Operation 62 'write' 'write_ln0' <Predicate = (icmp_ln173)> <Delay = 0.00>
ST_1 : Operation 63 [1/1] (0.00ns)   --->   "%write_ln0 = write void @_ssdm_op_Write.ap_auto.floatP0A, i32 %p_out3, i32 %p_load21"   --->   Operation 63 'write' 'write_ln0' <Predicate = (icmp_ln173)> <Delay = 0.00>
ST_1 : Operation 64 [1/1] (0.00ns)   --->   "%write_ln0 = write void @_ssdm_op_Write.ap_auto.floatP0A, i32 %p_out4, i32 %p_load22"   --->   Operation 64 'write' 'write_ln0' <Predicate = (icmp_ln173)> <Delay = 0.00>
ST_1 : Operation 65 [1/1] (0.00ns)   --->   "%write_ln0 = write void @_ssdm_op_Write.ap_auto.floatP0A, i32 %p_out5, i32 %p_load23"   --->   Operation 65 'write' 'write_ln0' <Predicate = (icmp_ln173)> <Delay = 0.00>
ST_1 : Operation 66 [1/1] (0.00ns)   --->   "%ret_ln0 = ret"   --->   Operation 66 'ret' 'ret_ln0' <Predicate = (icmp_ln173)> <Delay = 0.00>


============================================================
+ Verbose Summary: Binding
============================================================
STG Binding: 
---------------- STG Properties BEGIN ----------------
- Is combinational: 0
- Is one-state seq: 0
- Is datapath-only: 0
- Is pipelined: 0
- Is top level: 0
Port [ Return ] is wired: 1; IO mode=ap_ctrl_hs:ce=0
Port [ local_5_load_3]:  wired=1; compound=0; hidden=0; nouse=0; global=0; static=0; extern=0; dir=0; type=0; pingpong=0; private_global=0; IO mode=ap_none:ce=0
Port [ local_load_1]:  wired=1; compound=0; hidden=0; nouse=0; global=0; static=0; extern=0; dir=0; type=0; pingpong=0; private_global=0; IO mode=ap_none:ce=0
Port [ local_1_load_1]:  wired=1; compound=0; hidden=0; nouse=0; global=0; static=0; extern=0; dir=0; type=0; pingpong=0; private_global=0; IO mode=ap_none:ce=0
Port [ local_2_load_3]:  wired=1; compound=0; hidden=0; nouse=0; global=0; static=0; extern=0; dir=0; type=0; pingpong=0; private_global=0; IO mode=ap_none:ce=0
Port [ local_3_load_3]:  wired=1; compound=0; hidden=0; nouse=0; global=0; static=0; extern=0; dir=0; type=0; pingpong=0; private_global=0; IO mode=ap_none:ce=0
Port [ local_4_load_3]:  wired=1; compound=0; hidden=0; nouse=0; global=0; static=0; extern=0; dir=0; type=0; pingpong=0; private_global=0; IO mode=ap_none:ce=0
Port [ x_31]:  wired=1; compound=0; hidden=0; nouse=0; global=0; static=0; extern=0; dir=0; type=0; pingpong=0; private_global=0; IO mode=ap_none:ce=0
Port [ x_30]:  wired=1; compound=0; hidden=0; nouse=0; global=0; static=0; extern=0; dir=0; type=0; pingpong=0; private_global=0; IO mode=ap_none:ce=0
Port [ x_29]:  wired=1; compound=0; hidden=0; nouse=0; global=0; static=0; extern=0; dir=0; type=0; pingpong=0; private_global=0; IO mode=ap_none:ce=0
Port [ x_28]:  wired=1; compound=0; hidden=0; nouse=0; global=0; static=0; extern=0; dir=0; type=0; pingpong=0; private_global=0; IO mode=ap_none:ce=0
Port [ x_27]:  wired=1; compound=0; hidden=0; nouse=0; global=0; static=0; extern=0; dir=0; type=0; pingpong=0; private_global=0; IO mode=ap_none:ce=0
Port [ x_26]:  wired=1; compound=0; hidden=0; nouse=0; global=0; static=0; extern=0; dir=0; type=0; pingpong=0; private_global=0; IO mode=ap_none:ce=0
Port [ p_out]:  wired=1; compound=0; hidden=0; nouse=0; global=0; static=0; extern=0; dir=1; type=0; pingpong=0; private_global=0; IO mode=ap_vld:ce=0
Port [ p_out1]:  wired=1; compound=0; hidden=0; nouse=0; global=0; static=0; extern=0; dir=1; type=0; pingpong=0; private_global=0; IO mode=ap_vld:ce=0
Port [ p_out2]:  wired=1; compound=0; hidden=0; nouse=0; global=0; static=0; extern=0; dir=1; type=0; pingpong=0; private_global=0; IO mode=ap_vld:ce=0
Port [ p_out3]:  wired=1; compound=0; hidden=0; nouse=0; global=0; static=0; extern=0; dir=1; type=0; pingpong=0; private_global=0; IO mode=ap_vld:ce=0
Port [ p_out4]:  wired=1; compound=0; hidden=0; nouse=0; global=0; static=0; extern=0; dir=1; type=0; pingpong=0; private_global=0; IO mode=ap_vld:ce=0
Port [ p_out5]:  wired=1; compound=0; hidden=0; nouse=0; global=0; static=0; extern=0; dir=1; type=0; pingpong=0; private_global=0; IO mode=ap_vld:ce=0
---------------- STG Properties END ------------------

---------------- Datapath Model BEGIN ----------------

<LifeTime>
<method=bitvector/>
i                       (alloca           ) [ 01]
empty                   (alloca           ) [ 01]
empty_47                (alloca           ) [ 01]
empty_48                (alloca           ) [ 01]
empty_49                (alloca           ) [ 01]
empty_50                (alloca           ) [ 01]
empty_51                (alloca           ) [ 01]
x_26_read               (read             ) [ 00]
x_27_read               (read             ) [ 00]
x_28_read               (read             ) [ 00]
x_29_read               (read             ) [ 00]
x_30_read               (read             ) [ 00]
x_31_read               (read             ) [ 00]
local_4_load_3_read     (read             ) [ 00]
local_3_load_3_read     (read             ) [ 00]
local_2_load_3_read     (read             ) [ 00]
local_1_load_1_read     (read             ) [ 00]
local_load_1_read       (read             ) [ 00]
local_5_load_3_read     (read             ) [ 00]
store_ln0               (store            ) [ 00]
store_ln0               (store            ) [ 00]
store_ln0               (store            ) [ 00]
store_ln0               (store            ) [ 00]
store_ln0               (store            ) [ 00]
store_ln0               (store            ) [ 00]
store_ln0               (store            ) [ 00]
br_ln0                  (br               ) [ 00]
i_9                     (load             ) [ 01]
specpipeline_ln0        (specpipeline     ) [ 00]
icmp_ln173              (icmp             ) [ 01]
add_ln173               (add              ) [ 00]
br_ln173                (br               ) [ 00]
speclooptripcount_ln173 (speclooptripcount) [ 00]
specloopname_ln173      (specloopname     ) [ 00]
tmp_56                  (mux              ) [ 00]
switch_ln173            (switch           ) [ 00]
store_ln173             (store            ) [ 00]
br_ln173                (br               ) [ 00]
store_ln173             (store            ) [ 00]
br_ln173                (br               ) [ 00]
store_ln173             (store            ) [ 00]
br_ln173                (br               ) [ 00]
store_ln173             (store            ) [ 00]
br_ln173                (br               ) [ 00]
store_ln173             (store            ) [ 00]
br_ln173                (br               ) [ 00]
store_ln173             (store            ) [ 00]
br_ln173                (br               ) [ 00]
store_ln173             (store            ) [ 00]
br_ln173                (br               ) [ 00]
p_load23                (load             ) [ 00]
p_load22                (load             ) [ 00]
p_load21                (load             ) [ 00]
p_load20                (load             ) [ 00]
p_load19                (load             ) [ 00]
p_load                  (load             ) [ 00]
write_ln0               (write            ) [ 00]
write_ln0               (write            ) [ 00]
write_ln0               (write            ) [ 00]
write_ln0               (write            ) [ 00]
write_ln0               (write            ) [ 00]
write_ln0               (write            ) [ 00]
ret_ln0                 (ret              ) [ 00]
</LifeTime>

<model>

<comp_list>
<comp id="0" class="1000" name="local_5_load_3">
<pin_list>
<pin id="1" dir="1" index="0" bw="1" slack="0"/>
</pin_list>
<bind>
<StgValue><ssdm name="local_5_load_3"/></StgValue>
</bind>
</comp>

<comp id="2" class="1000" name="local_load_1">
<pin_list>
<pin id="3" dir="1" index="0" bw="1" slack="0"/>
</pin_list>
<bind>
<StgValue><ssdm name="local_load_1"/></StgValue>
</bind>
</comp>

<comp id="4" class="1000" name="local_1_load_1">
<pin_list>
<pin id="5" dir="1" index="0" bw="1" slack="0"/>
</pin_list>
<bind>
<StgValue><ssdm name="local_1_load_1"/></StgValue>
</bind>
</comp>

<comp id="6" class="1000" name="local_2_load_3">
<pin_list>
<pin id="7" dir="1" index="0" bw="1" slack="0"/>
</pin_list>
<bind>
<StgValue><ssdm name="local_2_load_3"/></StgValue>
</bind>
</comp>

<comp id="8" class="1000" name="local_3_load_3">
<pin_list>
<pin id="9" dir="1" index="0" bw="1" slack="0"/>
</pin_list>
<bind>
<StgValue><ssdm name="local_3_load_3"/></StgValue>
</bind>
</comp>

<comp id="10" class="1000" name="local_4_load_3">
<pin_list>
<pin id="11" dir="1" index="0" bw="1" slack="0"/>
</pin_list>
<bind>
<StgValue><ssdm name="local_4_load_3"/></StgValue>
</bind>
</comp>

<comp id="12" class="1000" name="x_31">
<pin_list>
<pin id="13" dir="1" index="0" bw="1" slack="0"/>
</pin_list>
<bind>
<StgValue><ssdm name="x_31"/></StgValue>
</bind>
</comp>

<comp id="14" class="1000" name="x_30">
<pin_list>
<pin id="15" dir="1" index="0" bw="1" slack="0"/>
</pin_list>
<bind>
<StgValue><ssdm name="x_30"/></StgValue>
</bind>
</comp>

<comp id="16" class="1000" name="x_29">
<pin_list>
<pin id="17" dir="1" index="0" bw="1" slack="0"/>
</pin_list>
<bind>
<StgValue><ssdm name="x_29"/></StgValue>
</bind>
</comp>

<comp id="18" class="1000" name="x_28">
<pin_list>
<pin id="19" dir="1" index="0" bw="1" slack="0"/>
</pin_list>
<bind>
<StgValue><ssdm name="x_28"/></StgValue>
</bind>
</comp>

<comp id="20" class="1000" name="x_27">
<pin_list>
<pin id="21" dir="1" index="0" bw="1" slack="0"/>
</pin_list>
<bind>
<StgValue><ssdm name="x_27"/></StgValue>
</bind>
</comp>

<comp id="22" class="1000" name="x_26">
<pin_list>
<pin id="23" dir="1" index="0" bw="1" slack="0"/>
</pin_list>
<bind>
<StgValue><ssdm name="x_26"/></StgValue>
</bind>
</comp>

<comp id="24" class="1000" name="p_out">
<pin_list>
<pin id="25" dir="1" index="0" bw="1" slack="0"/>
</pin_list>
<bind>
<StgValue><ssdm name="p_out"/></StgValue>
</bind>
</comp>

<comp id="26" class="1000" name="p_out1">
<pin_list>
<pin id="27" dir="1" index="0" bw="1" slack="0"/>
</pin_list>
<bind>
<StgValue><ssdm name="p_out1"/></StgValue>
</bind>
</comp>

<comp id="28" class="1000" name="p_out2">
<pin_list>
<pin id="29" dir="1" index="0" bw="1" slack="0"/>
</pin_list>
<bind>
<StgValue><ssdm name="p_out2"/></StgValue>
</bind>
</comp>

<comp id="30" class="1000" name="p_out3">
<pin_list>
<pin id="31" dir="1" index="0" bw="1" slack="0"/>
</pin_list>
<bind>
<StgValue><ssdm name="p_out3"/></StgValue>
</bind>
</comp>

<comp id="32" class="1000" name="p_out4">
<pin_list>
<pin id="33" dir="1" index="0" bw="1" slack="0"/>
</pin_list>
<bind>
<StgValue><ssdm name="p_out4"/></StgValue>
</bind>
</comp>

<comp id="34" class="1000" name="p_out5">
<pin_list>
<pin id="35" dir="1" index="0" bw="1" slack="0"/>
</pin_list>
<bind>
<StgValue><ssdm name="p_out5"/></StgValue>
</bind>
</comp>

<comp id="36" class="1001" name="const_36">
<pin_list>
<pin id="37" dir="1" index="0" bw="1" slack="0"/>
</pin_list>
<bind>
<StgValue><ssdm name=""/></StgValue>
</bind>
</comp>

<comp id="38" class="1001" name="const_38">
<pin_list>
<pin id="39" dir="1" index="0" bw="1" slack="0"/>
</pin_list>
<bind>
<StgValue><ssdm name="_ssdm_op_Read.ap_auto.float"/></StgValue>
</bind>
</comp>

<comp id="40" class="1001" name="const_40">
<pin_list>
<pin id="41" dir="1" index="0" bw="1" slack="0"/>
</pin_list>
<bind>
<StgValue><ssdm name=""/></StgValue>
</bind>
</comp>

<comp id="42" class="1001" name="const_42">
<pin_list>
<pin id="43" dir="1" index="0" bw="1" slack="2147483647"/>
</pin_list>
<bind>
<StgValue><ssdm name="_ssdm_op_SpecPipeline"/></StgValue>
</bind>
</comp>

<comp id="44" class="1001" name="const_44">
<pin_list>
<pin id="45" dir="1" index="0" bw="1" slack="2147483647"/>
</pin_list>
<bind>
<StgValue><ssdm name=""/></StgValue>
</bind>
</comp>

<comp id="46" class="1001" name="const_46">
<pin_list>
<pin id="47" dir="1" index="0" bw="1" slack="2147483647"/>
</pin_list>
<bind>
<StgValue><ssdm name=""/></StgValue>
</bind>
</comp>

<comp id="48" class="1001" name="const_48">
<pin_list>
<pin id="49" dir="1" index="0" bw="1" slack="2147483647"/>
</pin_list>
<bind>
<StgValue><ssdm name="p_str"/></StgValue>
</bind>
</comp>

<comp id="50" class="1001" name="const_50">
<pin_list>
<pin id="51" dir="1" index="0" bw="1" slack="0"/>
</pin_list>
<bind>
<StgValue><ssdm name=""/></StgValue>
</bind>
</comp>

<comp id="52" class="1001" name="const_52">
<pin_list>
<pin id="53" dir="1" index="0" bw="1" slack="0"/>
</pin_list>
<bind>
<StgValue><ssdm name=""/></StgValue>
</bind>
</comp>

<comp id="54" class="1001" name="const_54">
<pin_list>
<pin id="55" dir="1" index="0" bw="1" slack="2147483647"/>
</pin_list>
<bind>
<StgValue><ssdm name="_ssdm_op_SpecLoopTripCount"/></StgValue>
</bind>
</comp>

<comp id="56" class="1001" name="const_56">
<pin_list>
<pin id="57" dir="1" index="0" bw="1" slack="2147483647"/>
</pin_list>
<bind>
<StgValue><ssdm name=""/></StgValue>
</bind>
</comp>

<comp id="58" class="1001" name="const_58">
<pin_list>
<pin id="59" dir="1" index="0" bw="1" slack="2147483647"/>
</pin_list>
<bind>
<StgValue><ssdm name="_ssdm_op_SpecLoopName"/></StgValue>
</bind>
</comp>

<comp id="60" class="1001" name="const_60">
<pin_list>
<pin id="61" dir="1" index="0" bw="1" slack="2147483647"/>
</pin_list>
<bind>
<StgValue><ssdm name="empty_1"/></StgValue>
</bind>
</comp>

<comp id="62" class="1001" name="const_62">
<pin_list>
<pin id="63" dir="1" index="0" bw="1" slack="0"/>
</pin_list>
<bind>
<StgValue><ssdm name="_ssdm_op_Mux.ap_auto.6f32.i3"/></StgValue>
</bind>
</comp>

<comp id="64" class="1001" name="const_64">
<pin_list>
<pin id="65" dir="1" index="0" bw="1" slack="2147483647"/>
</pin_list>
<bind>
<StgValue><ssdm name=""/></StgValue>
</bind>
</comp>

<comp id="66" class="1001" name="const_66">
<pin_list>
<pin id="67" dir="1" index="0" bw="1" slack="2147483647"/>
</pin_list>
<bind>
<StgValue><ssdm name=""/></StgValue>
</bind>
</comp>

<comp id="68" class="1001" name="const_68">
<pin_list>
<pin id="69" dir="1" index="0" bw="1" slack="2147483647"/>
</pin_list>
<bind>
<StgValue><ssdm name=""/></StgValue>
</bind>
</comp>

<comp id="70" class="1001" name="const_70">
<pin_list>
<pin id="71" dir="1" index="0" bw="1" slack="0"/>
</pin_list>
<bind>
<StgValue><ssdm name="_ssdm_op_Write.ap_auto.floatP0A"/></StgValue>
</bind>
</comp>

<comp id="72" class="1004" name="i_fu_72">
<pin_list>
<pin id="73" dir="0" index="0" bw="1" slack="0"/>
<pin id="74" dir="1" index="1" bw="3" slack="0"/>
</pin_list>
<bind>
<opcode="alloca(26) " fcode="alloca"/>
<opset="i/1 "/>
</bind>
</comp>

<comp id="76" class="1004" name="empty_fu_76">
<pin_list>
<pin id="77" dir="0" index="0" bw="1" slack="0"/>
<pin id="78" dir="1" index="1" bw="32" slack="0"/>
</pin_list>
<bind>
<opcode="alloca(26) " fcode="alloca"/>
<opset="empty/1 "/>
</bind>
</comp>

<comp id="80" class="1004" name="empty_47_fu_80">
<pin_list>
<pin id="81" dir="0" index="0" bw="1" slack="0"/>
<pin id="82" dir="1" index="1" bw="32" slack="0"/>
</pin_list>
<bind>
<opcode="alloca(26) " fcode="alloca"/>
<opset="empty_47/1 "/>
</bind>
</comp>

<comp id="84" class="1004" name="empty_48_fu_84">
<pin_list>
<pin id="85" dir="0" index="0" bw="1" slack="0"/>
<pin id="86" dir="1" index="1" bw="32" slack="0"/>
</pin_list>
<bind>
<opcode="alloca(26) " fcode="alloca"/>
<opset="empty_48/1 "/>
</bind>
</comp>

<comp id="88" class="1004" name="empty_49_fu_88">
<pin_list>
<pin id="89" dir="0" index="0" bw="1" slack="0"/>
<pin id="90" dir="1" index="1" bw="32" slack="0"/>
</pin_list>
<bind>
<opcode="alloca(26) " fcode="alloca"/>
<opset="empty_49/1 "/>
</bind>
</comp>

<comp id="92" class="1004" name="empty_50_fu_92">
<pin_list>
<pin id="93" dir="0" index="0" bw="1" slack="0"/>
<pin id="94" dir="1" index="1" bw="32" slack="0"/>
</pin_list>
<bind>
<opcode="alloca(26) " fcode="alloca"/>
<opset="empty_50/1 "/>
</bind>
</comp>

<comp id="96" class="1004" name="empty_51_fu_96">
<pin_list>
<pin id="97" dir="0" index="0" bw="1" slack="0"/>
<pin id="98" dir="1" index="1" bw="32" slack="0"/>
</pin_list>
<bind>
<opcode="alloca(26) " fcode="alloca"/>
<opset="empty_51/1 "/>
</bind>
</comp>

<comp id="100" class="1004" name="x_26_read_read_fu_100">
<pin_list>
<pin id="101" dir="0" index="0" bw="32" slack="0"/>
<pin id="102" dir="0" index="1" bw="32" slack="0"/>
<pin id="103" dir="1" index="2" bw="32" slack="0"/>
</pin_list>
<bind>
<opcode="read(1150) " fcode="read"/>
<opset="x_26_read/1 "/>
</bind>
</comp>

<comp id="106" class="1004" name="x_27_read_read_fu_106">
<pin_list>
<pin id="107" dir="0" index="0" bw="32" slack="0"/>
<pin id="108" dir="0" index="1" bw="32" slack="0"/>
<pin id="109" dir="1" index="2" bw="32" slack="0"/>
</pin_list>
<bind>
<opcode="read(1150) " fcode="read"/>
<opset="x_27_read/1 "/>
</bind>
</comp>

<comp id="112" class="1004" name="x_28_read_read_fu_112">
<pin_list>
<pin id="113" dir="0" index="0" bw="32" slack="0"/>
<pin id="114" dir="0" index="1" bw="32" slack="0"/>
<pin id="115" dir="1" index="2" bw="32" slack="0"/>
</pin_list>
<bind>
<opcode="read(1150) " fcode="read"/>
<opset="x_28_read/1 "/>
</bind>
</comp>

<comp id="118" class="1004" name="x_29_read_read_fu_118">
<pin_list>
<pin id="119" dir="0" index="0" bw="32" slack="0"/>
<pin id="120" dir="0" index="1" bw="32" slack="0"/>
<pin id="121" dir="1" index="2" bw="32" slack="0"/>
</pin_list>
<bind>
<opcode="read(1150) " fcode="read"/>
<opset="x_29_read/1 "/>
</bind>
</comp>

<comp id="124" class="1004" name="x_30_read_read_fu_124">
<pin_list>
<pin id="125" dir="0" index="0" bw="32" slack="0"/>
<pin id="126" dir="0" index="1" bw="32" slack="0"/>
<pin id="127" dir="1" index="2" bw="32" slack="0"/>
</pin_list>
<bind>
<opcode="read(1150) " fcode="read"/>
<opset="x_30_read/1 "/>
</bind>
</comp>

<comp id="130" class="1004" name="x_31_read_read_fu_130">
<pin_list>
<pin id="131" dir="0" index="0" bw="32" slack="0"/>
<pin id="132" dir="0" index="1" bw="32" slack="0"/>
<pin id="133" dir="1" index="2" bw="32" slack="0"/>
</pin_list>
<bind>
<opcode="read(1150) " fcode="read"/>
<opset="x_31_read/1 "/>
</bind>
</comp>

<comp id="136" class="1004" name="local_4_load_3_read_read_fu_136">
<pin_list>
<pin id="137" dir="0" index="0" bw="32" slack="0"/>
<pin id="138" dir="0" index="1" bw="32" slack="0"/>
<pin id="139" dir="1" index="2" bw="32" slack="0"/>
</pin_list>
<bind>
<opcode="read(1150) " fcode="read"/>
<opset="local_4_load_3_read/1 "/>
</bind>
</comp>

<comp id="142" class="1004" name="local_3_load_3_read_read_fu_142">
<pin_list>
<pin id="143" dir="0" index="0" bw="32" slack="0"/>
<pin id="144" dir="0" index="1" bw="32" slack="0"/>
<pin id="145" dir="1" index="2" bw="32" slack="0"/>
</pin_list>
<bind>
<opcode="read(1150) " fcode="read"/>
<opset="local_3_load_3_read/1 "/>
</bind>
</comp>

<comp id="148" class="1004" name="local_2_load_3_read_read_fu_148">
<pin_list>
<pin id="149" dir="0" index="0" bw="32" slack="0"/>
<pin id="150" dir="0" index="1" bw="32" slack="0"/>
<pin id="151" dir="1" index="2" bw="32" slack="0"/>
</pin_list>
<bind>
<opcode="read(1150) " fcode="read"/>
<opset="local_2_load_3_read/1 "/>
</bind>
</comp>

<comp id="154" class="1004" name="local_1_load_1_read_read_fu_154">
<pin_list>
<pin id="155" dir="0" index="0" bw="32" slack="0"/>
<pin id="156" dir="0" index="1" bw="32" slack="0"/>
<pin id="157" dir="1" index="2" bw="32" slack="0"/>
</pin_list>
<bind>
<opcode="read(1150) " fcode="read"/>
<opset="local_1_load_1_read/1 "/>
</bind>
</comp>

<comp id="160" class="1004" name="local_load_1_read_read_fu_160">
<pin_list>
<pin id="161" dir="0" index="0" bw="32" slack="0"/>
<pin id="162" dir="0" index="1" bw="32" slack="0"/>
<pin id="163" dir="1" index="2" bw="32" slack="0"/>
</pin_list>
<bind>
<opcode="read(1150) " fcode="read"/>
<opset="local_load_1_read/1 "/>
</bind>
</comp>

<comp id="166" class="1004" name="local_5_load_3_read_read_fu_166">
<pin_list>
<pin id="167" dir="0" index="0" bw="32" slack="0"/>
<pin id="168" dir="0" index="1" bw="32" slack="0"/>
<pin id="169" dir="1" index="2" bw="32" slack="0"/>
</pin_list>
<bind>
<opcode="read(1150) " fcode="read"/>
<opset="local_5_load_3_read/1 "/>
</bind>
</comp>

<comp id="172" class="1004" name="write_ln0_write_fu_172">
<pin_list>
<pin id="173" dir="0" index="0" bw="0" slack="0"/>
<pin id="174" dir="0" index="1" bw="32" slack="0"/>
<pin id="175" dir="0" index="2" bw="32" slack="0"/>
<pin id="176" dir="1" index="3" bw="0" slack="2147483647"/>
</pin_list>
<bind>
<opcode="write(1151) " fcode="write"/>
<opset="write_ln0/1 "/>
</bind>
</comp>

<comp id="179" class="1004" name="write_ln0_write_fu_179">
<pin_list>
<pin id="180" dir="0" index="0" bw="0" slack="0"/>
<pin id="181" dir="0" index="1" bw="32" slack="0"/>
<pin id="182" dir="0" index="2" bw="32" slack="0"/>
<pin id="183" dir="1" index="3" bw="0" slack="2147483647"/>
</pin_list>
<bind>
<opcode="write(1151) " fcode="write"/>
<opset="write_ln0/1 "/>
</bind>
</comp>

<comp id="186" class="1004" name="write_ln0_write_fu_186">
<pin_list>
<pin id="187" dir="0" index="0" bw="0" slack="0"/>
<pin id="188" dir="0" index="1" bw="32" slack="0"/>
<pin id="189" dir="0" index="2" bw="32" slack="0"/>
<pin id="190" dir="1" index="3" bw="0" slack="2147483647"/>
</pin_list>
<bind>
<opcode="write(1151) " fcode="write"/>
<opset="write_ln0/1 "/>
</bind>
</comp>

<comp id="193" class="1004" name="write_ln0_write_fu_193">
<pin_list>
<pin id="194" dir="0" index="0" bw="0" slack="0"/>
<pin id="195" dir="0" index="1" bw="32" slack="0"/>
<pin id="196" dir="0" index="2" bw="32" slack="0"/>
<pin id="197" dir="1" index="3" bw="0" slack="2147483647"/>
</pin_list>
<bind>
<opcode="write(1151) " fcode="write"/>
<opset="write_ln0/1 "/>
</bind>
</comp>

<comp id="200" class="1004" name="write_ln0_write_fu_200">
<pin_list>
<pin id="201" dir="0" index="0" bw="0" slack="0"/>
<pin id="202" dir="0" index="1" bw="32" slack="0"/>
<pin id="203" dir="0" index="2" bw="32" slack="0"/>
<pin id="204" dir="1" index="3" bw="0" slack="2147483647"/>
</pin_list>
<bind>
<opcode="write(1151) " fcode="write"/>
<opset="write_ln0/1 "/>
</bind>
</comp>

<comp id="207" class="1004" name="write_ln0_write_fu_207">
<pin_list>
<pin id="208" dir="0" index="0" bw="0" slack="0"/>
<pin id="209" dir="0" index="1" bw="32" slack="0"/>
<pin id="210" dir="0" index="2" bw="32" slack="0"/>
<pin id="211" dir="1" index="3" bw="0" slack="2147483647"/>
</pin_list>
<bind>
<opcode="write(1151) " fcode="write"/>
<opset="write_ln0/1 "/>
</bind>
</comp>

<comp id="214" class="1004" name="store_ln0_store_fu_214">
<pin_list>
<pin id="215" dir="0" index="0" bw="32" slack="0"/>
<pin id="216" dir="0" index="1" bw="32" slack="0"/>
<pin id="217" dir="1" index="2" bw="0" slack="2147483647"/>
</pin_list>
<bind>
<opcode="store(28) " fcode="store"/>
<opset="store_ln0/1 "/>
</bind>
</comp>

<comp id="219" class="1004" name="store_ln0_store_fu_219">
<pin_list>
<pin id="220" dir="0" index="0" bw="32" slack="0"/>
<pin id="221" dir="0" index="1" bw="32" slack="0"/>
<pin id="222" dir="1" index="2" bw="0" slack="2147483647"/>
</pin_list>
<bind>
<opcode="store(28) " fcode="store"/>
<opset="store_ln0/1 "/>
</bind>
</comp>

<comp id="224" class="1004" name="store_ln0_store_fu_224">
<pin_list>
<pin id="225" dir="0" index="0" bw="32" slack="0"/>
<pin id="226" dir="0" index="1" bw="32" slack="0"/>
<pin id="227" dir="1" index="2" bw="0" slack="2147483647"/>
</pin_list>
<bind>
<opcode="store(28) " fcode="store"/>
<opset="store_ln0/1 "/>
</bind>
</comp>

<comp id="229" class="1004" name="store_ln0_store_fu_229">
<pin_list>
<pin id="230" dir="0" index="0" bw="32" slack="0"/>
<pin id="231" dir="0" index="1" bw="32" slack="0"/>
<pin id="232" dir="1" index="2" bw="0" slack="2147483647"/>
</pin_list>
<bind>
<opcode="store(28) " fcode="store"/>
<opset="store_ln0/1 "/>
</bind>
</comp>

<comp id="234" class="1004" name="store_ln0_store_fu_234">
<pin_list>
<pin id="235" dir="0" index="0" bw="32" slack="0"/>
<pin id="236" dir="0" index="1" bw="32" slack="0"/>
<pin id="237" dir="1" index="2" bw="0" slack="2147483647"/>
</pin_list>
<bind>
<opcode="store(28) " fcode="store"/>
<opset="store_ln0/1 "/>
</bind>
</comp>

<comp id="239" class="1004" name="store_ln0_store_fu_239">
<pin_list>
<pin id="240" dir="0" index="0" bw="32" slack="0"/>
<pin id="241" dir="0" index="1" bw="32" slack="0"/>
<pin id="242" dir="1" index="2" bw="0" slack="2147483647"/>
</pin_list>
<bind>
<opcode="store(28) " fcode="store"/>
<opset="store_ln0/1 "/>
</bind>
</comp>

<comp id="244" class="1004" name="store_ln0_store_fu_244">
<pin_list>
<pin id="245" dir="0" index="0" bw="1" slack="0"/>
<pin id="246" dir="0" index="1" bw="3" slack="0"/>
<pin id="247" dir="1" index="2" bw="0" slack="2147483647"/>
</pin_list>
<bind>
<opcode="store(28) " fcode="store"/>
<opset="store_ln0/1 "/>
</bind>
</comp>

<comp id="249" class="1004" name="i_9_load_fu_249">
<pin_list>
<pin id="250" dir="0" index="0" bw="3" slack="0"/>
<pin id="251" dir="1" index="1" bw="3" slack="0"/>
</pin_list>
<bind>
<opcode="load(27) " fcode="load"/>
<opset="i_9/1 "/>
</bind>
</comp>

<comp id="252" class="1004" name="icmp_ln173_fu_252">
<pin_list>
<pin id="253" dir="0" index="0" bw="3" slack="0"/>
<pin id="254" dir="0" index="1" bw="2" slack="0"/>
<pin id="255" dir="1" index="2" bw="1" slack="2147483647"/>
</pin_list>
<bind>
<opcode="icmp(45) " fcode="icmp"/>
<opset="icmp_ln173/1 "/>
</bind>
</comp>

<comp id="258" class="1004" name="add_ln173_fu_258">
<pin_list>
<pin id="259" dir="0" index="0" bw="3" slack="0"/>
<pin id="260" dir="0" index="1" bw="1" slack="0"/>
<pin id="261" dir="1" index="2" bw="3" slack="0"/>
</pin_list>
<bind>
<opcode="add(8) " fcode="add"/>
<opset="add_ln173/1 "/>
</bind>
</comp>

<comp id="264" class="1004" name="tmp_56_fu_264">
<pin_list>
<pin id="265" dir="0" index="0" bw="32" slack="0"/>
<pin id="266" dir="0" index="1" bw="32" slack="0"/>
<pin id="267" dir="0" index="2" bw="32" slack="0"/>
<pin id="268" dir="0" index="3" bw="32" slack="0"/>
<pin id="269" dir="0" index="4" bw="32" slack="0"/>
<pin id="270" dir="0" index="5" bw="32" slack="0"/>
<pin id="271" dir="0" index="6" bw="32" slack="0"/>
<pin id="272" dir="0" index="7" bw="3" slack="0"/>
<pin id="273" dir="1" index="8" bw="32" slack="0"/>
</pin_list>
<bind>
<opcode="mux(1196) " fcode="mux"/>
<opset="tmp_56/1 "/>
</bind>
</comp>

<comp id="282" class="1004" name="store_ln173_store_fu_282">
<pin_list>
<pin id="283" dir="0" index="0" bw="32" slack="0"/>
<pin id="284" dir="0" index="1" bw="32" slack="0"/>
<pin id="285" dir="1" index="2" bw="0" slack="2147483647"/>
</pin_list>
<bind>
<opcode="store(28) " fcode="store"/>
<opset="store_ln173/1 "/>
</bind>
</comp>

<comp id="287" class="1004" name="store_ln173_store_fu_287">
<pin_list>
<pin id="288" dir="0" index="0" bw="32" slack="0"/>
<pin id="289" dir="0" index="1" bw="32" slack="0"/>
<pin id="290" dir="1" index="2" bw="0" slack="2147483647"/>
</pin_list>
<bind>
<opcode="store(28) " fcode="store"/>
<opset="store_ln173/1 "/>
</bind>
</comp>

<comp id="292" class="1004" name="store_ln173_store_fu_292">
<pin_list>
<pin id="293" dir="0" index="0" bw="32" slack="0"/>
<pin id="294" dir="0" index="1" bw="32" slack="0"/>
<pin id="295" dir="1" index="2" bw="0" slack="2147483647"/>
</pin_list>
<bind>
<opcode="store(28) " fcode="store"/>
<opset="store_ln173/1 "/>
</bind>
</comp>

<comp id="297" class="1004" name="store_ln173_store_fu_297">
<pin_list>
<pin id="298" dir="0" index="0" bw="32" slack="0"/>
<pin id="299" dir="0" index="1" bw="32" slack="0"/>
<pin id="300" dir="1" index="2" bw="0" slack="2147483647"/>
</pin_list>
<bind>
<opcode="store(28) " fcode="store"/>
<opset="store_ln173/1 "/>
</bind>
</comp>

<comp id="302" class="1004" name="store_ln173_store_fu_302">
<pin_list>
<pin id="303" dir="0" index="0" bw="32" slack="0"/>
<pin id="304" dir="0" index="1" bw="32" slack="0"/>
<pin id="305" dir="1" index="2" bw="0" slack="2147483647"/>
</pin_list>
<bind>
<opcode="store(28) " fcode="store"/>
<opset="store_ln173/1 "/>
</bind>
</comp>

<comp id="307" class="1004" name="store_ln173_store_fu_307">
<pin_list>
<pin id="308" dir="0" index="0" bw="32" slack="0"/>
<pin id="309" dir="0" index="1" bw="32" slack="0"/>
<pin id="310" dir="1" index="2" bw="0" slack="2147483647"/>
</pin_list>
<bind>
<opcode="store(28) " fcode="store"/>
<opset="store_ln173/1 "/>
</bind>
</comp>

<comp id="312" class="1004" name="store_ln173_store_fu_312">
<pin_list>
<pin id="313" dir="0" index="0" bw="3" slack="0"/>
<pin id="314" dir="0" index="1" bw="3" slack="0"/>
<pin id="315" dir="1" index="2" bw="0" slack="2147483647"/>
</pin_list>
<bind>
<opcode="store(28) " fcode="store"/>
<opset="store_ln173/1 "/>
</bind>
</comp>

<comp id="317" class="1004" name="p_load23_load_fu_317">
<pin_list>
<pin id="318" dir="0" index="0" bw="32" slack="0"/>
<pin id="319" dir="1" index="1" bw="32" slack="0"/>
</pin_list>
<bind>
<opcode="load(27) " fcode="load"/>
<opset="p_load23/1 "/>
</bind>
</comp>

<comp id="321" class="1004" name="p_load22_load_fu_321">
<pin_list>
<pin id="322" dir="0" index="0" bw="32" slack="0"/>
<pin id="323" dir="1" index="1" bw="32" slack="0"/>
</pin_list>
<bind>
<opcode="load(27) " fcode="load"/>
<opset="p_load22/1 "/>
</bind>
</comp>

<comp id="325" class="1004" name="p_load21_load_fu_325">
<pin_list>
<pin id="326" dir="0" index="0" bw="32" slack="0"/>
<pin id="327" dir="1" index="1" bw="32" slack="0"/>
</pin_list>
<bind>
<opcode="load(27) " fcode="load"/>
<opset="p_load21/1 "/>
</bind>
</comp>

<comp id="329" class="1004" name="p_load20_load_fu_329">
<pin_list>
<pin id="330" dir="0" index="0" bw="32" slack="0"/>
<pin id="331" dir="1" index="1" bw="32" slack="0"/>
</pin_list>
<bind>
<opcode="load(27) " fcode="load"/>
<opset="p_load20/1 "/>
</bind>
</comp>

<comp id="333" class="1004" name="p_load19_load_fu_333">
<pin_list>
<pin id="334" dir="0" index="0" bw="32" slack="0"/>
<pin id="335" dir="1" index="1" bw="32" slack="0"/>
</pin_list>
<bind>
<opcode="load(27) " fcode="load"/>
<opset="p_load19/1 "/>
</bind>
</comp>

<comp id="337" class="1004" name="p_load_load_fu_337">
<pin_list>
<pin id="338" dir="0" index="0" bw="32" slack="0"/>
<pin id="339" dir="1" index="1" bw="32" slack="0"/>
</pin_list>
<bind>
<opcode="load(27) " fcode="load"/>
<opset="p_load/1 "/>
</bind>
</comp>

<comp id="341" class="1005" name="i_reg_341">
<pin_list>
<pin id="342" dir="0" index="0" bw="3" slack="0"/>
<pin id="343" dir="1" index="1" bw="3" slack="0"/>
</pin_list>
<bind>
<opset="i "/>
</bind>
</comp>

<comp id="348" class="1005" name="empty_reg_348">
<pin_list>
<pin id="349" dir="0" index="0" bw="32" slack="0"/>
<pin id="350" dir="1" index="1" bw="32" slack="0"/>
</pin_list>
<bind>
<opset="empty "/>
</bind>
</comp>

<comp id="355" class="1005" name="empty_47_reg_355">
<pin_list>
<pin id="356" dir="0" index="0" bw="32" slack="0"/>
<pin id="357" dir="1" index="1" bw="32" slack="0"/>
</pin_list>
<bind>
<opset="empty_47 "/>
</bind>
</comp>

<comp id="362" class="1005" name="empty_48_reg_362">
<pin_list>
<pin id="363" dir="0" index="0" bw="32" slack="0"/>
<pin id="364" dir="1" index="1" bw="32" slack="0"/>
</pin_list>
<bind>
<opset="empty_48 "/>
</bind>
</comp>

<comp id="369" class="1005" name="empty_49_reg_369">
<pin_list>
<pin id="370" dir="0" index="0" bw="32" slack="0"/>
<pin id="371" dir="1" index="1" bw="32" slack="0"/>
</pin_list>
<bind>
<opset="empty_49 "/>
</bind>
</comp>

<comp id="376" class="1005" name="empty_50_reg_376">
<pin_list>
<pin id="377" dir="0" index="0" bw="32" slack="0"/>
<pin id="378" dir="1" index="1" bw="32" slack="0"/>
</pin_list>
<bind>
<opset="empty_50 "/>
</bind>
</comp>

<comp id="383" class="1005" name="empty_51_reg_383">
<pin_list>
<pin id="384" dir="0" index="0" bw="32" slack="0"/>
<pin id="385" dir="1" index="1" bw="32" slack="0"/>
</pin_list>
<bind>
<opset="empty_51 "/>
</bind>
</comp>

</comp_list>

<net_list>
<net id="75"><net_src comp="36" pin="0"/><net_sink comp="72" pin=0"/></net>

<net id="79"><net_src comp="36" pin="0"/><net_sink comp="76" pin=0"/></net>

<net id="83"><net_src comp="36" pin="0"/><net_sink comp="80" pin=0"/></net>

<net id="87"><net_src comp="36" pin="0"/><net_sink comp="84" pin=0"/></net>

<net id="91"><net_src comp="36" pin="0"/><net_sink comp="88" pin=0"/></net>

<net id="95"><net_src comp="36" pin="0"/><net_sink comp="92" pin=0"/></net>

<net id="99"><net_src comp="36" pin="0"/><net_sink comp="96" pin=0"/></net>

<net id="104"><net_src comp="38" pin="0"/><net_sink comp="100" pin=0"/></net>

<net id="105"><net_src comp="22" pin="0"/><net_sink comp="100" pin=1"/></net>

<net id="110"><net_src comp="38" pin="0"/><net_sink comp="106" pin=0"/></net>

<net id="111"><net_src comp="20" pin="0"/><net_sink comp="106" pin=1"/></net>

<net id="116"><net_src comp="38" pin="0"/><net_sink comp="112" pin=0"/></net>

<net id="117"><net_src comp="18" pin="0"/><net_sink comp="112" pin=1"/></net>

<net id="122"><net_src comp="38" pin="0"/><net_sink comp="118" pin=0"/></net>

<net id="123"><net_src comp="16" pin="0"/><net_sink comp="118" pin=1"/></net>

<net id="128"><net_src comp="38" pin="0"/><net_sink comp="124" pin=0"/></net>

<net id="129"><net_src comp="14" pin="0"/><net_sink comp="124" pin=1"/></net>

<net id="134"><net_src comp="38" pin="0"/><net_sink comp="130" pin=0"/></net>

<net id="135"><net_src comp="12" pin="0"/><net_sink comp="130" pin=1"/></net>

<net id="140"><net_src comp="38" pin="0"/><net_sink comp="136" pin=0"/></net>

<net id="141"><net_src comp="10" pin="0"/><net_sink comp="136" pin=1"/></net>

<net id="146"><net_src comp="38" pin="0"/><net_sink comp="142" pin=0"/></net>

<net id="147"><net_src comp="8" pin="0"/><net_sink comp="142" pin=1"/></net>

<net id="152"><net_src comp="38" pin="0"/><net_sink comp="148" pin=0"/></net>

<net id="153"><net_src comp="6" pin="0"/><net_sink comp="148" pin=1"/></net>

<net id="158"><net_src comp="38" pin="0"/><net_sink comp="154" pin=0"/></net>

<net id="159"><net_src comp="4" pin="0"/><net_sink comp="154" pin=1"/></net>

<net id="164"><net_src comp="38" pin="0"/><net_sink comp="160" pin=0"/></net>

<net id="165"><net_src comp="2" pin="0"/><net_sink comp="160" pin=1"/></net>

<net id="170"><net_src comp="38" pin="0"/><net_sink comp="166" pin=0"/></net>

<net id="171"><net_src comp="0" pin="0"/><net_sink comp="166" pin=1"/></net>

<net id="177"><net_src comp="70" pin="0"/><net_sink comp="172" pin=0"/></net>

<net id="178"><net_src comp="24" pin="0"/><net_sink comp="172" pin=1"/></net>

<net id="184"><net_src comp="70" pin="0"/><net_sink comp="179" pin=0"/></net>

<net id="185"><net_src comp="26" pin="0"/><net_sink comp="179" pin=1"/></net>

<net id="191"><net_src comp="70" pin="0"/><net_sink comp="186" pin=0"/></net>

<net id="192"><net_src comp="28" pin="0"/><net_sink comp="186" pin=1"/></net>

<net id="198"><net_src comp="70" pin="0"/><net_sink comp="193" pin=0"/></net>

<net id="199"><net_src comp="30" pin="0"/><net_sink comp="193" pin=1"/></net>

<net id="205"><net_src comp="70" pin="0"/><net_sink comp="200" pin=0"/></net>

<net id="206"><net_src comp="32" pin="0"/><net_sink comp="200" pin=1"/></net>

<net id="212"><net_src comp="70" pin="0"/><net_sink comp="207" pin=0"/></net>

<net id="213"><net_src comp="34" pin="0"/><net_sink comp="207" pin=1"/></net>

<net id="218"><net_src comp="166" pin="2"/><net_sink comp="214" pin=0"/></net>

<net id="223"><net_src comp="160" pin="2"/><net_sink comp="219" pin=0"/></net>

<net id="228"><net_src comp="154" pin="2"/><net_sink comp="224" pin=0"/></net>

<net id="233"><net_src comp="148" pin="2"/><net_sink comp="229" pin=0"/></net>

<net id="238"><net_src comp="142" pin="2"/><net_sink comp="234" pin=0"/></net>

<net id="243"><net_src comp="136" pin="2"/><net_sink comp="239" pin=0"/></net>

<net id="248"><net_src comp="40" pin="0"/><net_sink comp="244" pin=0"/></net>

<net id="256"><net_src comp="249" pin="1"/><net_sink comp="252" pin=0"/></net>

<net id="257"><net_src comp="50" pin="0"/><net_sink comp="252" pin=1"/></net>

<net id="262"><net_src comp="249" pin="1"/><net_sink comp="258" pin=0"/></net>

<net id="263"><net_src comp="52" pin="0"/><net_sink comp="258" pin=1"/></net>

<net id="274"><net_src comp="62" pin="0"/><net_sink comp="264" pin=0"/></net>

<net id="275"><net_src comp="130" pin="2"/><net_sink comp="264" pin=1"/></net>

<net id="276"><net_src comp="124" pin="2"/><net_sink comp="264" pin=2"/></net>

<net id="277"><net_src comp="118" pin="2"/><net_sink comp="264" pin=3"/></net>

<net id="278"><net_src comp="112" pin="2"/><net_sink comp="264" pin=4"/></net>

<net id="279"><net_src comp="106" pin="2"/><net_sink comp="264" pin=5"/></net>

<net id="280"><net_src comp="100" pin="2"/><net_sink comp="264" pin=6"/></net>

<net id="281"><net_src comp="249" pin="1"/><net_sink comp="264" pin=7"/></net>

<net id="286"><net_src comp="264" pin="8"/><net_sink comp="282" pin=0"/></net>

<net id="291"><net_src comp="264" pin="8"/><net_sink comp="287" pin=0"/></net>

<net id="296"><net_src comp="264" pin="8"/><net_sink comp="292" pin=0"/></net>

<net id="301"><net_src comp="264" pin="8"/><net_sink comp="297" pin=0"/></net>

<net id="306"><net_src comp="264" pin="8"/><net_sink comp="302" pin=0"/></net>

<net id="311"><net_src comp="264" pin="8"/><net_sink comp="307" pin=0"/></net>

<net id="316"><net_src comp="258" pin="2"/><net_sink comp="312" pin=0"/></net>

<net id="320"><net_src comp="317" pin="1"/><net_sink comp="207" pin=2"/></net>

<net id="324"><net_src comp="321" pin="1"/><net_sink comp="200" pin=2"/></net>

<net id="328"><net_src comp="325" pin="1"/><net_sink comp="193" pin=2"/></net>

<net id="332"><net_src comp="329" pin="1"/><net_sink comp="186" pin=2"/></net>

<net id="336"><net_src comp="333" pin="1"/><net_sink comp="179" pin=2"/></net>

<net id="340"><net_src comp="337" pin="1"/><net_sink comp="172" pin=2"/></net>

<net id="344"><net_src comp="72" pin="1"/><net_sink comp="341" pin=0"/></net>

<net id="345"><net_src comp="341" pin="1"/><net_sink comp="244" pin=1"/></net>

<net id="346"><net_src comp="341" pin="1"/><net_sink comp="249" pin=0"/></net>

<net id="347"><net_src comp="341" pin="1"/><net_sink comp="312" pin=1"/></net>

<net id="351"><net_src comp="76" pin="1"/><net_sink comp="348" pin=0"/></net>

<net id="352"><net_src comp="348" pin="1"/><net_sink comp="239" pin=1"/></net>

<net id="353"><net_src comp="348" pin="1"/><net_sink comp="282" pin=1"/></net>

<net id="354"><net_src comp="348" pin="1"/><net_sink comp="317" pin=0"/></net>

<net id="358"><net_src comp="80" pin="1"/><net_sink comp="355" pin=0"/></net>

<net id="359"><net_src comp="355" pin="1"/><net_sink comp="234" pin=1"/></net>

<net id="360"><net_src comp="355" pin="1"/><net_sink comp="287" pin=1"/></net>

<net id="361"><net_src comp="355" pin="1"/><net_sink comp="321" pin=0"/></net>

<net id="365"><net_src comp="84" pin="1"/><net_sink comp="362" pin=0"/></net>

<net id="366"><net_src comp="362" pin="1"/><net_sink comp="229" pin=1"/></net>

<net id="367"><net_src comp="362" pin="1"/><net_sink comp="292" pin=1"/></net>

<net id="368"><net_src comp="362" pin="1"/><net_sink comp="325" pin=0"/></net>

<net id="372"><net_src comp="88" pin="1"/><net_sink comp="369" pin=0"/></net>

<net id="373"><net_src comp="369" pin="1"/><net_sink comp="224" pin=1"/></net>

<net id="374"><net_src comp="369" pin="1"/><net_sink comp="297" pin=1"/></net>

<net id="375"><net_src comp="369" pin="1"/><net_sink comp="329" pin=0"/></net>

<net id="379"><net_src comp="92" pin="1"/><net_sink comp="376" pin=0"/></net>

<net id="380"><net_src comp="376" pin="1"/><net_sink comp="219" pin=1"/></net>

<net id="381"><net_src comp="376" pin="1"/><net_sink comp="302" pin=1"/></net>

<net id="382"><net_src comp="376" pin="1"/><net_sink comp="333" pin=0"/></net>

<net id="386"><net_src comp="96" pin="1"/><net_sink comp="383" pin=0"/></net>

<net id="387"><net_src comp="383" pin="1"/><net_sink comp="214" pin=1"/></net>

<net id="388"><net_src comp="383" pin="1"/><net_sink comp="307" pin=1"/></net>

<net id="389"><net_src comp="383" pin="1"/><net_sink comp="337" pin=0"/></net>

</net_list>

</model> 
---------------- Datapath Model END ------------------

* FSMD analyzer results:
  - Output states:
	Port: p_out | {1 }
	Port: p_out1 | {1 }
	Port: p_out2 | {1 }
	Port: p_out3 | {1 }
	Port: p_out4 | {1 }
	Port: p_out5 | {1 }
 - Input state : 
	Port: ekf_batch_Pipeline_VITIS_LOOP_173_9 : local_5_load_3 | {1 }
	Port: ekf_batch_Pipeline_VITIS_LOOP_173_9 : local_load_1 | {1 }
	Port: ekf_batch_Pipeline_VITIS_LOOP_173_9 : local_1_load_1 | {1 }
	Port: ekf_batch_Pipeline_VITIS_LOOP_173_9 : local_2_load_3 | {1 }
	Port: ekf_batch_Pipeline_VITIS_LOOP_173_9 : local_3_load_3 | {1 }
	Port: ekf_batch_Pipeline_VITIS_LOOP_173_9 : local_4_load_3 | {1 }
	Port: ekf_batch_Pipeline_VITIS_LOOP_173_9 : x_31 | {1 }
	Port: ekf_batch_Pipeline_VITIS_LOOP_173_9 : x_30 | {1 }
	Port: ekf_batch_Pipeline_VITIS_LOOP_173_9 : x_29 | {1 }
	Port: ekf_batch_Pipeline_VITIS_LOOP_173_9 : x_28 | {1 }
	Port: ekf_batch_Pipeline_VITIS_LOOP_173_9 : x_27 | {1 }
	Port: ekf_batch_Pipeline_VITIS_LOOP_173_9 : x_26 | {1 }
  - Chain level:
	State 1
		store_ln0 : 1
		i_9 : 1
		icmp_ln173 : 2
		add_ln173 : 2
		br_ln173 : 3
		tmp_56 : 2
		switch_ln173 : 2
		store_ln173 : 3
		store_ln173 : 3
		store_ln173 : 3
		store_ln173 : 3
		store_ln173 : 3
		store_ln173 : 3
		store_ln173 : 3
		p_load23 : 1
		p_load22 : 1
		p_load21 : 1
		p_load20 : 1
		p_load19 : 1
		p_load : 1
		write_ln0 : 2
		write_ln0 : 2
		write_ln0 : 2
		write_ln0 : 2
		write_ln0 : 2
		write_ln0 : 2


============================================================
+ Verbose Summary: Datapath Resource usage 
============================================================

* Functional unit list:
|----------|---------------------------------|---------|---------|
| Operation|         Functional Unit         |    FF   |   LUT   |
|----------|---------------------------------|---------|---------|
|    mux   |          tmp_56_fu_264          |    0    |    31   |
|----------|---------------------------------|---------|---------|
|   icmp   |        icmp_ln173_fu_252        |    0    |    10   |
|----------|---------------------------------|---------|---------|
|    add   |         add_ln173_fu_258        |    0    |    10   |
|----------|---------------------------------|---------|---------|
|          |      x_26_read_read_fu_100      |    0    |    0    |
|          |      x_27_read_read_fu_106      |    0    |    0    |
|          |      x_28_read_read_fu_112      |    0    |    0    |
|          |      x_29_read_read_fu_118      |    0    |    0    |
|          |      x_30_read_read_fu_124      |    0    |    0    |
|   read   |      x_31_read_read_fu_130      |    0    |    0    |
|          | local_4_load_3_read_read_fu_136 |    0    |    0    |
|          | local_3_load_3_read_read_fu_142 |    0    |    0    |
|          | local_2_load_3_read_read_fu_148 |    0    |    0    |
|          | local_1_load_1_read_read_fu_154 |    0    |    0    |
|          |  local_load_1_read_read_fu_160  |    0    |    0    |
|          | local_5_load_3_read_read_fu_166 |    0    |    0    |
|----------|---------------------------------|---------|---------|
|          |      write_ln0_write_fu_172     |    0    |    0    |
|          |      write_ln0_write_fu_179     |    0    |    0    |
|   write  |      write_ln0_write_fu_186     |    0    |    0    |
|          |      write_ln0_write_fu_193     |    0    |    0    |
|          |      write_ln0_write_fu_200     |    0    |    0    |
|          |      write_ln0_write_fu_207     |    0    |    0    |
|----------|---------------------------------|---------|---------|
|   Total  |                                 |    0    |    51   |
|----------|---------------------------------|---------|---------|

Memories:
N/A

* Register list:
+----------------+--------+
|                |   FF   |
+----------------+--------+
|empty_47_reg_355|   32   |
|empty_48_reg_362|   32   |
|empty_49_reg_369|   32   |
|empty_50_reg_376|   32   |
|empty_51_reg_383|   32   |
|  empty_reg_348 |   32   |
|    i_reg_341   |    3   |
+----------------+--------+
|      Total     |   195  |
+----------------+--------+

* Multiplexer (MUX) list: 
|--------|------|------|------|--------|
|  Comp  |  Pin | Size |  BW  | S x BW |
|--------|------|------|------|--------|
|  Total |      |      |      |    0   |
|--------|------|------|------|--------|



* Summary:
+-----------+--------+--------+
|           |   FF   |   LUT  |
+-----------+--------+--------+
|  Function |    0   |   51   |
|   Memory  |    -   |    -   |
|Multiplexer|    -   |    -   |
|  Register |   195  |    -   |
+-----------+--------+--------+
|   Total   |   195  |   51   |
+-----------+--------+--------+
