

================================================================
== Vitis HLS Report for 'ekf_batch_Pipeline_VITIS_LOOP_101_4'
================================================================
* Date:           Thu Sep  3 12:11:23 2026

* Version:        2023.1 (Build 3854077 on May  4 2023)
* Project:        EKF
* Solution:       solution1 (Vivado IP Flow Target)
* Product family: zynquplus
* Target device:  xczu9eg-ffvb1156-2-e


================================================================
== Performance Estimates
================================================================
+ Timing: 
    * Summary: 
    +--------+----------+----------+------------+
    |  Clock |  Target  | Estimated| Uncertainty|
    +--------+----------+----------+------------+
    |ap_clk  |  10.00 ns|  7.016 ns|     2.70 ns|
    +--------+----------+----------+------------+

+ Latency: 
    * Summary: 
    +---------+---------+----------+----------+-----+-----+---------+
    |  Latency (cycles) |  Latency (absolute) |  Interval | Pipeline|
    |   min   |   max   |    min   |    max   | min | max |   Type  |
    +---------+---------+----------+----------+-----+-----+---------+
    |       10|       10|  0.100 us|  0.100 us|   10|   10|       no|
    +---------+---------+----------+----------+-----+-----+---------+

    + Detail: 
        * Instance: 
        N/A

        * Loop: 
        +--------------------+---------+---------+----------+-----------+-----------+------+----------+
        |                    |  Latency (cycles) | Iteration|  Initiation Interval  | Trip |          |
        |      Loop Name     |   min   |   max   |  Latency |  achieved |   target  | Count| Pipelined|
        +--------------------+---------+---------+----------+-----------+-----------+------+----------+
        |- VITIS_LOOP_101_4  |        8|        8|         4|          1|          1|     6|       yes|
        +--------------------+---------+---------+----------+-----------+-----------+------+----------+

============================================================
+ Verbose Summary: Synthesis Manager
============================================================
InlineROM: 1
ExposeGlobal: 0
============================================================
+ Verbose Summary: CDFG Model
============================================================
IsTopModel: 0
ResetActiveHigh: 1
IsCombinational: 0
IsDatapathOnly: 0
HasWiredReturn: 1
HasMFsm: 2
HasVarLatency: 1
IsPipeline: 0
IsRtlPipelined: 0
IsInstanceOverlapped: 0
IsDontTouch: 0
HasImplIP: 0
IsGatedGlobalClock: 0

+ Individual pipeline summary: 
  * Pipeline-0: initiation interval (II) = 1, depth = 4


============================================================
+ Verbose Summary: Schedule
============================================================
* Number of FSM states : 4
* Pipeline : 1
  Pipeline-0 : II = 1, D = 4, States = { 1 2 3 4 }
* Dataflow Pipeline: 0

* FSM state transitions: 
1 --> 2 
2 --> 3 
3 --> 4 
4 --> 

* FSM state operations: 

State 1 <SV = 0> <Delay = 1.09>
ST_1 : Operation 7 [1/1] (0.00ns)   --->   "%i = alloca i32 1"   --->   Operation 7 'alloca' 'i' <Predicate = true> <Delay = 0.00>
ST_1 : Operation 8 [1/1] (0.00ns)   --->   "%K = alloca i32 1"   --->   Operation 8 'alloca' 'K' <Predicate = true> <Delay = 0.00>
ST_1 : Operation 9 [1/1] (0.00ns)   --->   "%K_1 = alloca i32 1"   --->   Operation 9 'alloca' 'K_1' <Predicate = true> <Delay = 0.00>
ST_1 : Operation 10 [1/1] (0.00ns)   --->   "%K_2 = alloca i32 1"   --->   Operation 10 'alloca' 'K_2' <Predicate = true> <Delay = 0.00>
ST_1 : Operation 11 [1/1] (0.00ns)   --->   "%K_3 = alloca i32 1"   --->   Operation 11 'alloca' 'K_3' <Predicate = true> <Delay = 0.00>
ST_1 : Operation 12 [1/1] (0.00ns)   --->   "%K_4 = alloca i32 1"   --->   Operation 12 'alloca' 'K_4' <Predicate = true> <Delay = 0.00>
ST_1 : Operation 13 [1/1] (0.00ns)   --->   "%K_5 = alloca i32 1"   --->   Operation 13 'alloca' 'K_5' <Predicate = true> <Delay = 0.00>
ST_1 : Operation 14 [1/1] (0.00ns)   --->   "%inv_s_read = read i32 @_ssdm_op_Read.ap_auto.float, i32 %inv_s"   --->   Operation 14 'read' 'inv_s_read' <Predicate = true> <Delay = 0.00>
ST_1 : Operation 15 [1/1] (0.00ns)   --->   "%Ph_5_reload_read = read i32 @_ssdm_op_Read.ap_auto.float, i32 %Ph_5_reload"   --->   Operation 15 'read' 'Ph_5_reload_read' <Predicate = true> <Delay = 0.00>
ST_1 : Operation 16 [1/1] (0.00ns)   --->   "%Ph_4_reload_read = read i32 @_ssdm_op_Read.ap_auto.float, i32 %Ph_4_reload"   --->   Operation 16 'read' 'Ph_4_reload_read' <Predicate = true> <Delay = 0.00>
ST_1 : Operation 17 [1/1] (0.00ns)   --->   "%Ph_3_reload_read = read i32 @_ssdm_op_Read.ap_auto.float, i32 %Ph_3_reload"   --->   Operation 17 'read' 'Ph_3_reload_read' <Predicate = true> <Delay = 0.00>
ST_1 : Operation 18 [1/1] (0.00ns)   --->   "%Ph_2_reload_read = read i32 @_ssdm_op_Read.ap_auto.float, i32 %Ph_2_reload"   --->   Operation 18 'read' 'Ph_2_reload_read' <Predicate = true> <Delay = 0.00>
ST_1 : Operation 19 [1/1] (0.00ns)   --->   "%Ph_1_reload_read = read i32 @_ssdm_op_Read.ap_auto.float, i32 %Ph_1_reload"   --->   Operation 19 'read' 'Ph_1_reload_read' <Predicate = true> <Delay = 0.00>
ST_1 : Operation 20 [1/1] (0.00ns)   --->   "%Ph_reload_read = read i32 @_ssdm_op_Read.ap_auto.float, i32 %Ph_reload"   --->   Operation 20 'read' 'Ph_reload_read' <Predicate = true> <Delay = 0.00>
ST_1 : Operation 21 [1/1] (0.42ns)   --->   "%store_ln0 = store i3 0, i3 %i"   --->   Operation 21 'store' 'store_ln0' <Predicate = true> <Delay = 0.42>
ST_1 : Operation 22 [1/1] (0.00ns)   --->   "%br_ln0 = br void %for.body32.i"   --->   Operation 22 'br' 'br_ln0' <Predicate = true> <Delay = 0.00>
ST_1 : Operation 23 [1/1] (0.00ns)   --->   "%i_15 = load i3 %i" [ekf_core.cpp:101->ekf_core.cpp:169]   --->   Operation 23 'load' 'i_15' <Predicate = true> <Delay = 0.00>
ST_1 : Operation 24 [1/1] (0.00ns)   --->   "%specpipeline_ln0 = specpipeline void @_ssdm_op_SpecPipeline, i32 4294967295, i32 0, i32 1, i32 0, void @p_str"   --->   Operation 24 'specpipeline' 'specpipeline_ln0' <Predicate = true> <Delay = 0.00>
ST_1 : Operation 25 [1/1] (0.67ns)   --->   "%icmp_ln101 = icmp_eq  i3 %i_15, i3 6" [ekf_core.cpp:101->ekf_core.cpp:169]   --->   Operation 25 'icmp' 'icmp_ln101' <Predicate = true> <Delay = 0.67> <CoreInst = "Cmp">   --->   Core 9 'Cmp' <Latency = 0> <II = 1> <Delay = 0.67> <FuncUnit> <Opcode : 'icmp'> <InPorts = 2> <OutPorts = 1>
ST_1 : Operation 26 [1/1] (0.67ns)   --->   "%add_ln101 = add i3 %i_15, i3 1" [ekf_core.cpp:101->ekf_core.cpp:169]   --->   Operation 26 'add' 'add_ln101' <Predicate = true> <Delay = 0.67> <CoreInst = "Adder">   --->   Core 1 'Adder' <Latency = 0> <II = 1> <Delay = 0.67> <FuncUnit> <Opcode : 'add' 'sub'> <InPorts = 2> <OutPorts = 1>
ST_1 : Operation 27 [1/1] (0.00ns)   --->   "%br_ln101 = br i1 %icmp_ln101, void %for.body32.i.split, void %for.body45.i.preheader.exitStub" [ekf_core.cpp:101->ekf_core.cpp:169]   --->   Operation 27 'br' 'br_ln101' <Predicate = true> <Delay = 0.00>
ST_1 : Operation 28 [1/1] (0.62ns)   --->   "%tmp_s = mux i32 @_ssdm_op_Mux.ap_auto.6f32.i3, i32 %Ph_reload_read, i32 %Ph_1_reload_read, i32 %Ph_2_reload_read, i32 %Ph_3_reload_read, i32 %Ph_4_reload_read, i32 %Ph_5_reload_read, i3 %i_15" [ekf_core.cpp:101->ekf_core.cpp:169]   --->   Operation 28 'mux' 'tmp_s' <Predicate = (!icmp_ln101)> <Delay = 0.62> <CoreInst = "Multiplexer">   --->   Core 76 'Multiplexer' <Latency = 0> <II = 1> <Delay = 0.62> <FuncUnit> <Opcode : 'mux'> <InPorts = 2> <OutPorts = 1>
ST_1 : Operation 29 [1/1] (0.73ns)   --->   "%switch_ln101 = switch i3 %i_15, void %arrayidx37.i.case.5, i3 0, void %for.body32.i.split.arrayidx37.i.exit_crit_edge8, i3 1, void %arrayidx37.i.case.1, i3 2, void %arrayidx37.i.case.2, i3 3, void %arrayidx37.i.case.3, i3 4, void %for.body32.i.split.arrayidx37.i.exit_crit_edge" [ekf_core.cpp:101->ekf_core.cpp:169]   --->   Operation 29 'switch' 'switch_ln101' <Predicate = (!icmp_ln101)> <Delay = 0.73>
ST_1 : Operation 30 [1/1] (0.42ns)   --->   "%store_ln101 = store i3 %add_ln101, i3 %i" [ekf_core.cpp:101->ekf_core.cpp:169]   --->   Operation 30 'store' 'store_ln101' <Predicate = (!icmp_ln101)> <Delay = 0.42>
ST_1 : Operation 31 [1/1] (0.00ns)   --->   "%br_ln101 = br void %for.body32.i" [ekf_core.cpp:101->ekf_core.cpp:169]   --->   Operation 31 'br' 'br_ln101' <Predicate = (!icmp_ln101)> <Delay = 0.00>

State 2 <SV = 1> <Delay = 7.01>
ST_2 : [1/1] (0.96ns)   --->   Input mux for Operation 32 '%K_6 = fmul i32 %tmp_s, i32 %inv_s_read'
ST_2 : Operation 32 [3/3] (6.04ns)   --->   "%K_6 = fmul i32 %tmp_s, i32 %inv_s_read" [ekf_core.cpp:101->ekf_core.cpp:169]   --->   Operation 32 'fmul' 'K_6' <Predicate = true> <Delay = 6.04> <CoreInst = "FMul_maxdsp">   --->   Core 30 'FMul_maxdsp' <Latency = 2> <II = 1> <Delay = 7.01> <FuncUnit> <Opcode : 'fmul'> <InPorts = 2> <OutPorts = 1>

State 3 <SV = 2> <Delay = 7.01>
ST_3 : Operation 33 [2/3] (7.01ns)   --->   "%K_6 = fmul i32 %tmp_s, i32 %inv_s_read" [ekf_core.cpp:101->ekf_core.cpp:169]   --->   Operation 33 'fmul' 'K_6' <Predicate = true> <Delay = 7.01> <CoreInst = "FMul_maxdsp">   --->   Core 30 'FMul_maxdsp' <Latency = 2> <II = 1> <Delay = 7.01> <FuncUnit> <Opcode : 'fmul'> <InPorts = 2> <OutPorts = 1>
ST_3 : Operation 49 [1/1] (0.00ns)   --->   "%K_load = load i32 %K"   --->   Operation 49 'load' 'K_load' <Predicate = (icmp_ln101)> <Delay = 0.00>
ST_3 : Operation 50 [1/1] (0.00ns)   --->   "%K_1_load = load i32 %K_1"   --->   Operation 50 'load' 'K_1_load' <Predicate = (icmp_ln101)> <Delay = 0.00>
ST_3 : Operation 51 [1/1] (0.00ns)   --->   "%K_2_load = load i32 %K_2"   --->   Operation 51 'load' 'K_2_load' <Predicate = (icmp_ln101)> <Delay = 0.00>
ST_3 : Operation 52 [1/1] (0.00ns)   --->   "%K_3_load = load i32 %K_3"   --->   Operation 52 'load' 'K_3_load' <Predicate = (icmp_ln101)> <Delay = 0.00>
ST_3 : Operation 53 [1/1] (0.00ns)   --->   "%K_4_load = load i32 %K_4"   --->   Operation 53 'load' 'K_4_load' <Predicate = (icmp_ln101)> <Delay = 0.00>
ST_3 : Operation 54 [1/1] (0.00ns)   --->   "%K_5_load = load i32 %K_5"   --->   Operation 54 'load' 'K_5_load' <Predicate = (icmp_ln101)> <Delay = 0.00>
ST_3 : Operation 55 [1/1] (0.00ns)   --->   "%write_ln0 = write void @_ssdm_op_Write.ap_auto.floatP0A, i32 %K_5_out, i32 %K_5_load"   --->   Operation 55 'write' 'write_ln0' <Predicate = (icmp_ln101)> <Delay = 0.00>
ST_3 : Operation 56 [1/1] (0.00ns)   --->   "%write_ln0 = write void @_ssdm_op_Write.ap_auto.floatP0A, i32 %K_4_out, i32 %K_4_load"   --->   Operation 56 'write' 'write_ln0' <Predicate = (icmp_ln101)> <Delay = 0.00>
ST_3 : Operation 57 [1/1] (0.00ns)   --->   "%write_ln0 = write void @_ssdm_op_Write.ap_auto.floatP0A, i32 %K_3_out, i32 %K_3_load"   --->   Operation 57 'write' 'write_ln0' <Predicate = (icmp_ln101)> <Delay = 0.00>
ST_3 : Operation 58 [1/1] (0.00ns)   --->   "%write_ln0 = write void @_ssdm_op_Write.ap_auto.floatP0A, i32 %K_2_out, i32 %K_2_load"   --->   Operation 58 'write' 'write_ln0' <Predicate = (icmp_ln101)> <Delay = 0.00>
ST_3 : Operation 59 [1/1] (0.00ns)   --->   "%write_ln0 = write void @_ssdm_op_Write.ap_auto.floatP0A, i32 %K_1_out, i32 %K_1_load"   --->   Operation 59 'write' 'write_ln0' <Predicate = (icmp_ln101)> <Delay = 0.00>
ST_3 : Operation 60 [1/1] (0.00ns)   --->   "%write_ln0 = write void @_ssdm_op_Write.ap_auto.floatP0A, i32 %K_out, i32 %K_load"   --->   Operation 60 'write' 'write_ln0' <Predicate = (icmp_ln101)> <Delay = 0.00>
ST_3 : Operation 61 [1/1] (0.00ns)   --->   "%ret_ln0 = ret"   --->   Operation 61 'ret' 'ret_ln0' <Predicate = (icmp_ln101)> <Delay = 0.00>

State 4 <SV = 3> <Delay = 7.01>
ST_4 : Operation 34 [1/1] (0.00ns)   --->   "%speclooptripcount_ln98 = speclooptripcount void @_ssdm_op_SpecLoopTripCount, i64 6, i64 6, i64 6" [ekf_core.cpp:98->ekf_core.cpp:169]   --->   Operation 34 'speclooptripcount' 'speclooptripcount_ln98' <Predicate = true> <Delay = 0.00>
ST_4 : Operation 35 [1/1] (0.00ns)   --->   "%specloopname_ln101 = specloopname void @_ssdm_op_SpecLoopName, void @empty_18" [ekf_core.cpp:101->ekf_core.cpp:169]   --->   Operation 35 'specloopname' 'specloopname_ln101' <Predicate = true> <Delay = 0.00>
ST_4 : Operation 36 [1/3] (7.01ns)   --->   "%K_6 = fmul i32 %tmp_s, i32 %inv_s_read" [ekf_core.cpp:101->ekf_core.cpp:169]   --->   Operation 36 'fmul' 'K_6' <Predicate = true> <Delay = 7.01> <CoreInst = "FMul_maxdsp">   --->   Core 30 'FMul_maxdsp' <Latency = 2> <II = 1> <Delay = 7.01> <FuncUnit> <Opcode : 'fmul'> <InPorts = 2> <OutPorts = 1>
ST_4 : Operation 37 [1/1] (0.00ns)   --->   "%store_ln101 = store i32 %K_6, i32 %K_4" [ekf_core.cpp:101->ekf_core.cpp:169]   --->   Operation 37 'store' 'store_ln101' <Predicate = (i_15 == 4)> <Delay = 0.00>
ST_4 : Operation 38 [1/1] (0.00ns)   --->   "%br_ln101 = br void %arrayidx37.i.exit" [ekf_core.cpp:101->ekf_core.cpp:169]   --->   Operation 38 'br' 'br_ln101' <Predicate = (i_15 == 4)> <Delay = 0.00>
ST_4 : Operation 39 [1/1] (0.00ns)   --->   "%store_ln101 = store i32 %K_6, i32 %K_3" [ekf_core.cpp:101->ekf_core.cpp:169]   --->   Operation 39 'store' 'store_ln101' <Predicate = (i_15 == 3)> <Delay = 0.00>
ST_4 : Operation 40 [1/1] (0.00ns)   --->   "%br_ln101 = br void %arrayidx37.i.exit" [ekf_core.cpp:101->ekf_core.cpp:169]   --->   Operation 40 'br' 'br_ln101' <Predicate = (i_15 == 3)> <Delay = 0.00>
ST_4 : Operation 41 [1/1] (0.00ns)   --->   "%store_ln101 = store i32 %K_6, i32 %K_2" [ekf_core.cpp:101->ekf_core.cpp:169]   --->   Operation 41 'store' 'store_ln101' <Predicate = (i_15 == 2)> <Delay = 0.00>
ST_4 : Operation 42 [1/1] (0.00ns)   --->   "%br_ln101 = br void %arrayidx37.i.exit" [ekf_core.cpp:101->ekf_core.cpp:169]   --->   Operation 42 'br' 'br_ln101' <Predicate = (i_15 == 2)> <Delay = 0.00>
ST_4 : Operation 43 [1/1] (0.00ns)   --->   "%store_ln101 = store i32 %K_6, i32 %K_1" [ekf_core.cpp:101->ekf_core.cpp:169]   --->   Operation 43 'store' 'store_ln101' <Predicate = (i_15 == 1)> <Delay = 0.00>
ST_4 : Operation 44 [1/1] (0.00ns)   --->   "%br_ln101 = br void %arrayidx37.i.exit" [ekf_core.cpp:101->ekf_core.cpp:169]   --->   Operation 44 'br' 'br_ln101' <Predicate = (i_15 == 1)> <Delay = 0.00>
ST_4 : Operation 45 [1/1] (0.00ns)   --->   "%store_ln101 = store i32 %K_6, i32 %K" [ekf_core.cpp:101->ekf_core.cpp:169]   --->   Operation 45 'store' 'store_ln101' <Predicate = (i_15 == 0)> <Delay = 0.00>
ST_4 : Operation 46 [1/1] (0.00ns)   --->   "%br_ln101 = br void %arrayidx37.i.exit" [ekf_core.cpp:101->ekf_core.cpp:169]   --->   Operation 46 'br' 'br_ln101' <Predicate = (i_15 == 0)> <Delay = 0.00>
ST_4 : Operation 47 [1/1] (0.00ns)   --->   "%store_ln101 = store i32 %K_6, i32 %K_5" [ekf_core.cpp:101->ekf_core.cpp:169]   --->   Operation 47 'store' 'store_ln101' <Predicate = (i_15 == 7) | (i_15 == 6) | (i_15 == 5)> <Delay = 0.00>
ST_4 : Operation 48 [1/1] (0.00ns)   --->   "%br_ln101 = br void %arrayidx37.i.exit" [ekf_core.cpp:101->ekf_core.cpp:169]   --->   Operation 48 'br' 'br_ln101' <Predicate = (i_15 == 7) | (i_15 == 6) | (i_15 == 5)> <Delay = 0.00>


============================================================
+ Verbose Summary: Binding
============================================================
STG Binding: 
---------------- STG Properties BEGIN ----------------
- Is combinational: 0
- Is one-state seq: 0
- Is datapath-only: 0
- Is pipelined: 0
- Is top level: 0
Port [ Return ] is wired: 1; IO mode=ap_ctrl_hs:ce=0
Port [ Ph_reload]:  wired=1; compound=0; hidden=0; nouse=0; global=0; static=0; extern=0; dir=0; type=0; pingpong=0; private_global=0; IO mode=ap_none:ce=0
Port [ Ph_1_reload]:  wired=1; compound=0; hidden=0; nouse=0; global=0; static=0; extern=0; dir=0; type=0; pingpong=0; private_global=0; IO mode=ap_none:ce=0
Port [ Ph_2_reload]:  wired=1; compound=0; hidden=0; nouse=0; global=0; static=0; extern=0; dir=0; type=0; pingpong=0; private_global=0; IO mode=ap_none:ce=0
Port [ Ph_3_reload]:  wired=1; compound=0; hidden=0; nouse=0; global=0; static=0; extern=0; dir=0; type=0; pingpong=0; private_global=0; IO mode=ap_none:ce=0
Port [ Ph_4_reload]:  wired=1; compound=0; hidden=0; nouse=0; global=0; static=0; extern=0; dir=0; type=0; pingpong=0; private_global=0; IO mode=ap_none:ce=0
Port [ Ph_5_reload]:  wired=1; compound=0; hidden=0; nouse=0; global=0; static=0; extern=0; dir=0; type=0; pingpong=0; private_global=0; IO mode=ap_none:ce=0
Port [ inv_s]:  wired=1; compound=0; hidden=0; nouse=0; global=0; static=0; extern=0; dir=0; type=0; pingpong=0; private_global=0; IO mode=ap_none:ce=0
Port [ K_5_out]:  wired=1; compound=0; hidden=0; nouse=0; global=0; static=0; extern=0; dir=1; type=0; pingpong=0; private_global=0; IO mode=ap_vld:ce=0
Port [ K_4_out]:  wired=1; compound=0; hidden=0; nouse=0; global=0; static=0; extern=0; dir=1; type=0; pingpong=0; private_global=0; IO mode=ap_vld:ce=0
Port [ K_3_out]:  wired=1; compound=0; hidden=0; nouse=0; global=0; static=0; extern=0; dir=1; type=0; pingpong=0; private_global=0; IO mode=ap_vld:ce=0
Port [ K_2_out]:  wired=1; compound=0; hidden=0; nouse=0; global=0; static=0; extern=0; dir=1; type=0; pingpong=0; private_global=0; IO mode=ap_vld:ce=0
Port [ K_1_out]:  wired=1; compound=0; hidden=0; nouse=0; global=0; static=0; extern=0; dir=1; type=0; pingpong=0; private_global=0; IO mode=ap_vld:ce=0
Port [ K_out]:  wired=1; compound=0; hidden=0; nouse=0; global=0; static=0; extern=0; dir=1; type=0; pingpong=0; private_global=0; IO mode=ap_vld:ce=0
---------------- STG Properties END ------------------

---------------- Datapath Model BEGIN ----------------

<LifeTime>
<method=bitvector/>
i                      (alloca           ) [ 01000]
K                      (alloca           ) [ 01111]
K_1                    (alloca           ) [ 01111]
K_2                    (alloca           ) [ 01111]
K_3                    (alloca           ) [ 01111]
K_4                    (alloca           ) [ 01111]
K_5                    (alloca           ) [ 01111]
inv_s_read             (read             ) [ 01111]
Ph_5_reload_read       (read             ) [ 00000]
Ph_4_reload_read       (read             ) [ 00000]
Ph_3_reload_read       (read             ) [ 00000]
Ph_2_reload_read       (read             ) [ 00000]
Ph_1_reload_read       (read             ) [ 00000]
Ph_reload_read         (read             ) [ 00000]
store_ln0              (store            ) [ 00000]
br_ln0                 (br               ) [ 00000]
i_15                   (load             ) [ 01111]
specpipeline_ln0       (specpipeline     ) [ 00000]
icmp_ln101             (icmp             ) [ 01110]
add_ln101              (add              ) [ 00000]
br_ln101               (br               ) [ 00000]
tmp_s                  (mux              ) [ 01111]
switch_ln101           (switch           ) [ 00000]
store_ln101            (store            ) [ 00000]
br_ln101               (br               ) [ 00000]
speclooptripcount_ln98 (speclooptripcount) [ 00000]
specloopname_ln101     (specloopname     ) [ 00000]
K_6                    (fmul             ) [ 00000]
store_ln101            (store            ) [ 00000]
br_ln101               (br               ) [ 00000]
store_ln101            (store            ) [ 00000]
br_ln101               (br               ) [ 00000]
store_ln101            (store            ) [ 00000]
br_ln101               (br               ) [ 00000]
store_ln101            (store            ) [ 00000]
br_ln101               (br               ) [ 00000]
store_ln101            (store            ) [ 00000]
br_ln101               (br               ) [ 00000]
store_ln101            (store            ) [ 00000]
br_ln101               (br               ) [ 00000]
K_load                 (load             ) [ 00000]
K_1_load               (load             ) [ 00000]
K_2_load               (load             ) [ 00000]
K_3_load               (load             ) [ 00000]
K_4_load               (load             ) [ 00000]
K_5_load               (load             ) [ 00000]
write_ln0              (write            ) [ 00000]
write_ln0              (write            ) [ 00000]
write_ln0              (write            ) [ 00000]
write_ln0              (write            ) [ 00000]
write_ln0              (write            ) [ 00000]
write_ln0              (write            ) [ 00000]
ret_ln0                (ret              ) [ 00000]
</LifeTime>

<model>

<comp_list>
<comp id="0" class="1000" name="Ph_reload">
<pin_list>
<pin id="1" dir="1" index="0" bw="1" slack="0"/>
</pin_list>
<bind>
<StgValue><ssdm name="Ph_reload"/></StgValue>
</bind>
</comp>

<comp id="2" class="1000" name="Ph_1_reload">
<pin_list>
<pin id="3" dir="1" index="0" bw="1" slack="0"/>
</pin_list>
<bind>
<StgValue><ssdm name="Ph_1_reload"/></StgValue>
</bind>
</comp>

<comp id="4" class="1000" name="Ph_2_reload">
<pin_list>
<pin id="5" dir="1" index="0" bw="1" slack="0"/>
</pin_list>
<bind>
<StgValue><ssdm name="Ph_2_reload"/></StgValue>
</bind>
</comp>

<comp id="6" class="1000" name="Ph_3_reload">
<pin_list>
<pin id="7" dir="1" index="0" bw="1" slack="0"/>
</pin_list>
<bind>
<StgValue><ssdm name="Ph_3_reload"/></StgValue>
</bind>
</comp>

<comp id="8" class="1000" name="Ph_4_reload">
<pin_list>
<pin id="9" dir="1" index="0" bw="1" slack="0"/>
</pin_list>
<bind>
<StgValue><ssdm name="Ph_4_reload"/></StgValue>
</bind>
</comp>

<comp id="10" class="1000" name="Ph_5_reload">
<pin_list>
<pin id="11" dir="1" index="0" bw="1" slack="0"/>
</pin_list>
<bind>
<StgValue><ssdm name="Ph_5_reload"/></StgValue>
</bind>
</comp>

<comp id="12" class="1000" name="inv_s">
<pin_list>
<pin id="13" dir="1" index="0" bw="1" slack="0"/>
</pin_list>
<bind>
<StgValue><ssdm name="inv_s"/></StgValue>
</bind>
</comp>

<comp id="14" class="1000" name="K_5_out">
<pin_list>
<pin id="15" dir="1" index="0" bw="1" slack="0"/>
</pin_list>
<bind>
<StgValue><ssdm name="K_5_out"/></StgValue>
</bind>
</comp>

<comp id="16" class="1000" name="K_4_out">
<pin_list>
<pin id="17" dir="1" index="0" bw="1" slack="0"/>
</pin_list>
<bind>
<StgValue><ssdm name="K_4_out"/></StgValue>
</bind>
</comp>

<comp id="18" class="1000" name="K_3_out">
<pin_list>
<pin id="19" dir="1" index="0" bw="1" slack="0"/>
</pin_list>
<bind>
<StgValue><ssdm name="K_3_out"/></StgValue>
</bind>
</comp>

<comp id="20" class="1000" name="K_2_out">
<pin_list>
<pin id="21" dir="1" index="0" bw="1" slack="0"/>
</pin_list>
<bind>
<StgValue><ssdm name="K_2_out"/></StgValue>
</bind>
</comp>

<comp id="22" class="1000" name="K_1_out">
<pin_list>
<pin id="23" dir="1" index="0" bw="1" slack="0"/>
</pin_list>
<bind>
<StgValue><ssdm name="K_1_out"/></StgValue>
</bind>
</comp>

<comp id="24" class="1000" name="K_out">
<pin_list>
<pin id="25" dir="1" index="0" bw="1" slack="0"/>
</pin_list>
<bind>
<StgValue><ssdm name="K_out"/></StgValue>
</bind>
</comp>

<comp id="26" class="1001" name="const_26">
<pin_list>
<pin id="27" dir="1" index="0" bw="1" slack="0"/>
</pin_list>
<bind>
<StgValue><ssdm name=""/></StgValue>
</bind>
</comp>

<comp id="28" class="1001" name="const_28">
<pin_list>
<pin id="29" dir="1" index="0" bw="1" slack="0"/>
</pin_list>
<bind>
<StgValue><ssdm name="_ssdm_op_Read.ap_auto.float"/></StgValue>
</bind>
</comp>

<comp id="30" class="1001" name="const_30">
<pin_list>
<pin id="31" dir="1" index="0" bw="1" slack="0"/>
</pin_list>
<bind>
<StgValue><ssdm name=""/></StgValue>
</bind>
</comp>

<comp id="32" class="1001" name="const_32">
<pin_list>
<pin id="33" dir="1" index="0" bw="1" slack="2147483647"/>
</pin_list>
<bind>
<StgValue><ssdm name="_ssdm_op_SpecPipeline"/></StgValue>
</bind>
</comp>

<comp id="34" class="1001" name="const_34">
<pin_list>
<pin id="35" dir="1" index="0" bw="1" slack="2147483647"/>
</pin_list>
<bind>
<StgValue><ssdm name=""/></StgValue>
</bind>
</comp>

<comp id="36" class="1001" name="const_36">
<pin_list>
<pin id="37" dir="1" index="0" bw="1" slack="2147483647"/>
</pin_list>
<bind>
<StgValue><ssdm name=""/></StgValue>
</bind>
</comp>

<comp id="38" class="1001" name="const_38">
<pin_list>
<pin id="39" dir="1" index="0" bw="1" slack="2147483647"/>
</pin_list>
<bind>
<StgValue><ssdm name="p_str"/></StgValue>
</bind>
</comp>

<comp id="40" class="1001" name="const_40">
<pin_list>
<pin id="41" dir="1" index="0" bw="1" slack="0"/>
</pin_list>
<bind>
<StgValue><ssdm name=""/></StgValue>
</bind>
</comp>

<comp id="42" class="1001" name="const_42">
<pin_list>
<pin id="43" dir="1" index="0" bw="1" slack="0"/>
</pin_list>
<bind>
<StgValue><ssdm name=""/></StgValue>
</bind>
</comp>

<comp id="44" class="1001" name="const_44">
<pin_list>
<pin id="45" dir="1" index="0" bw="1" slack="0"/>
</pin_list>
<bind>
<StgValue><ssdm name="_ssdm_op_Mux.ap_auto.6f32.i3"/></StgValue>
</bind>
</comp>

<comp id="46" class="1001" name="const_46">
<pin_list>
<pin id="47" dir="1" index="0" bw="1" slack="2147483647"/>
</pin_list>
<bind>
<StgValue><ssdm name=""/></StgValue>
</bind>
</comp>

<comp id="48" class="1001" name="const_48">
<pin_list>
<pin id="49" dir="1" index="0" bw="1" slack="2147483647"/>
</pin_list>
<bind>
<StgValue><ssdm name=""/></StgValue>
</bind>
</comp>

<comp id="50" class="1001" name="const_50">
<pin_list>
<pin id="51" dir="1" index="0" bw="1" slack="2147483647"/>
</pin_list>
<bind>
<StgValue><ssdm name=""/></StgValue>
</bind>
</comp>

<comp id="52" class="1001" name="const_52">
<pin_list>
<pin id="53" dir="1" index="0" bw="1" slack="2147483647"/>
</pin_list>
<bind>
<StgValue><ssdm name="_ssdm_op_SpecLoopTripCount"/></StgValue>
</bind>
</comp>

<comp id="54" class="1001" name="const_54">
<pin_list>
<pin id="55" dir="1" index="0" bw="1" slack="2147483647"/>
</pin_list>
<bind>
<StgValue><ssdm name=""/></StgValue>
</bind>
</comp>

<comp id="56" class="1001" name="const_56">
<pin_list>
<pin id="57" dir="1" index="0" bw="1" slack="2147483647"/>
</pin_list>
<bind>
<StgValue><ssdm name="_ssdm_op_SpecLoopName"/></StgValue>
</bind>
</comp>

<comp id="58" class="1001" name="const_58">
<pin_list>
<pin id="59" dir="1" index="0" bw="1" slack="2147483647"/>
</pin_list>
<bind>
<StgValue><ssdm name="empty_18"/></StgValue>
</bind>
</comp>

<comp id="60" class="1001" name="const_60">
<pin_list>
<pin id="61" dir="1" index="0" bw="1" slack="0"/>
</pin_list>
<bind>
<StgValue><ssdm name="_ssdm_op_Write.ap_auto.floatP0A"/></StgValue>
</bind>
</comp>

<comp id="62" class="1004" name="i_fu_62">
<pin_list>
<pin id="63" dir="0" index="0" bw="1" slack="0"/>
<pin id="64" dir="1" index="1" bw="3" slack="0"/>
</pin_list>
<bind>
<opcode="alloca(26) " fcode="alloca"/>
<opset="i/1 "/>
</bind>
</comp>

<comp id="66" class="1004" name="K_fu_66">
<pin_list>
<pin id="67" dir="0" index="0" bw="1" slack="0"/>
<pin id="68" dir="1" index="1" bw="32" slack="2"/>
</pin_list>
<bind>
<opcode="alloca(26) " fcode="alloca"/>
<opset="K/1 "/>
</bind>
</comp>

<comp id="70" class="1004" name="K_1_fu_70">
<pin_list>
<pin id="71" dir="0" index="0" bw="1" slack="0"/>
<pin id="72" dir="1" index="1" bw="32" slack="2"/>
</pin_list>
<bind>
<opcode="alloca(26) " fcode="alloca"/>
<opset="K_1/1 "/>
</bind>
</comp>

<comp id="74" class="1004" name="K_2_fu_74">
<pin_list>
<pin id="75" dir="0" index="0" bw="1" slack="0"/>
<pin id="76" dir="1" index="1" bw="32" slack="2"/>
</pin_list>
<bind>
<opcode="alloca(26) " fcode="alloca"/>
<opset="K_2/1 "/>
</bind>
</comp>

<comp id="78" class="1004" name="K_3_fu_78">
<pin_list>
<pin id="79" dir="0" index="0" bw="1" slack="0"/>
<pin id="80" dir="1" index="1" bw="32" slack="2"/>
</pin_list>
<bind>
<opcode="alloca(26) " fcode="alloca"/>
<opset="K_3/1 "/>
</bind>
</comp>

<comp id="82" class="1004" name="K_4_fu_82">
<pin_list>
<pin id="83" dir="0" index="0" bw="1" slack="0"/>
<pin id="84" dir="1" index="1" bw="32" slack="2"/>
</pin_list>
<bind>
<opcode="alloca(26) " fcode="alloca"/>
<opset="K_4/1 "/>
</bind>
</comp>

<comp id="86" class="1004" name="K_5_fu_86">
<pin_list>
<pin id="87" dir="0" index="0" bw="1" slack="0"/>
<pin id="88" dir="1" index="1" bw="32" slack="2"/>
</pin_list>
<bind>
<opcode="alloca(26) " fcode="alloca"/>
<opset="K_5/1 "/>
</bind>
</comp>

<comp id="90" class="1004" name="inv_s_read_read_fu_90">
<pin_list>
<pin id="91" dir="0" index="0" bw="32" slack="0"/>
<pin id="92" dir="0" index="1" bw="32" slack="0"/>
<pin id="93" dir="1" index="2" bw="32" slack="1"/>
</pin_list>
<bind>
<opcode="read(1150) " fcode="read"/>
<opset="inv_s_read/1 "/>
</bind>
</comp>

<comp id="96" class="1004" name="Ph_5_reload_read_read_fu_96">
<pin_list>
<pin id="97" dir="0" index="0" bw="32" slack="0"/>
<pin id="98" dir="0" index="1" bw="32" slack="0"/>
<pin id="99" dir="1" index="2" bw="32" slack="0"/>
</pin_list>
<bind>
<opcode="read(1150) " fcode="read"/>
<opset="Ph_5_reload_read/1 "/>
</bind>
</comp>

<comp id="102" class="1004" name="Ph_4_reload_read_read_fu_102">
<pin_list>
<pin id="103" dir="0" index="0" bw="32" slack="0"/>
<pin id="104" dir="0" index="1" bw="32" slack="0"/>
<pin id="105" dir="1" index="2" bw="32" slack="0"/>
</pin_list>
<bind>
<opcode="read(1150) " fcode="read"/>
<opset="Ph_4_reload_read/1 "/>
</bind>
</comp>

<comp id="108" class="1004" name="Ph_3_reload_read_read_fu_108">
<pin_list>
<pin id="109" dir="0" index="0" bw="32" slack="0"/>
<pin id="110" dir="0" index="1" bw="32" slack="0"/>
<pin id="111" dir="1" index="2" bw="32" slack="0"/>
</pin_list>
<bind>
<opcode="read(1150) " fcode="read"/>
<opset="Ph_3_reload_read/1 "/>
</bind>
</comp>

<comp id="114" class="1004" name="Ph_2_reload_read_read_fu_114">
<pin_list>
<pin id="115" dir="0" index="0" bw="32" slack="0"/>
<pin id="116" dir="0" index="1" bw="32" slack="0"/>
<pin id="117" dir="1" index="2" bw="32" slack="0"/>
</pin_list>
<bind>
<opcode="read(1150) " fcode="read"/>
<opset="Ph_2_reload_read/1 "/>
</bind>
</comp>

<comp id="120" class="1004" name="Ph_1_reload_read_read_fu_120">
<pin_list>
<pin id="121" dir="0" index="0" bw="32" slack="0"/>
<pin id="122" dir="0" index="1" bw="32" slack="0"/>
<pin id="123" dir="1" index="2" bw="32" slack="0"/>
</pin_list>
<bind>
<opcode="read(1150) " fcode="read"/>
<opset="Ph_1_reload_read/1 "/>
</bind>
</comp>

<comp id="126" class="1004" name="Ph_reload_read_read_fu_126">
<pin_list>
<pin id="127" dir="0" index="0" bw="32" slack="0"/>
<pin id="128" dir="0" index="1" bw="32" slack="0"/>
<pin id="129" dir="1" index="2" bw="32" slack="0"/>
</pin_list>
<bind>
<opcode="read(1150) " fcode="read"/>
<opset="Ph_reload_read/1 "/>
</bind>
</comp>

<comp id="132" class="1004" name="write_ln0_write_fu_132">
<pin_list>
<pin id="133" dir="0" index="0" bw="0" slack="0"/>
<pin id="134" dir="0" index="1" bw="32" slack="0"/>
<pin id="135" dir="0" index="2" bw="32" slack="0"/>
<pin id="136" dir="1" index="3" bw="0" slack="2147483647"/>
</pin_list>
<bind>
<opcode="write(1151) " fcode="write"/>
<opset="write_ln0/3 "/>
</bind>
</comp>

<comp id="139" class="1004" name="write_ln0_write_fu_139">
<pin_list>
<pin id="140" dir="0" index="0" bw="0" slack="0"/>
<pin id="141" dir="0" index="1" bw="32" slack="0"/>
<pin id="142" dir="0" index="2" bw="32" slack="0"/>
<pin id="143" dir="1" index="3" bw="0" slack="2147483647"/>
</pin_list>
<bind>
<opcode="write(1151) " fcode="write"/>
<opset="write_ln0/3 "/>
</bind>
</comp>

<comp id="146" class="1004" name="write_ln0_write_fu_146">
<pin_list>
<pin id="147" dir="0" index="0" bw="0" slack="0"/>
<pin id="148" dir="0" index="1" bw="32" slack="0"/>
<pin id="149" dir="0" index="2" bw="32" slack="0"/>
<pin id="150" dir="1" index="3" bw="0" slack="2147483647"/>
</pin_list>
<bind>
<opcode="write(1151) " fcode="write"/>
<opset="write_ln0/3 "/>
</bind>
</comp>

<comp id="153" class="1004" name="write_ln0_write_fu_153">
<pin_list>
<pin id="154" dir="0" index="0" bw="0" slack="0"/>
<pin id="155" dir="0" index="1" bw="32" slack="0"/>
<pin id="156" dir="0" index="2" bw="32" slack="0"/>
<pin id="157" dir="1" index="3" bw="0" slack="2147483647"/>
</pin_list>
<bind>
<opcode="write(1151) " fcode="write"/>
<opset="write_ln0/3 "/>
</bind>
</comp>

<comp id="160" class="1004" name="write_ln0_write_fu_160">
<pin_list>
<pin id="161" dir="0" index="0" bw="0" slack="0"/>
<pin id="162" dir="0" index="1" bw="32" slack="0"/>
<pin id="163" dir="0" index="2" bw="32" slack="0"/>
<pin id="164" dir="1" index="3" bw="0" slack="2147483647"/>
</pin_list>
<bind>
<opcode="write(1151) " fcode="write"/>
<opset="write_ln0/3 "/>
</bind>
</comp>

<comp id="167" class="1004" name="write_ln0_write_fu_167">
<pin_list>
<pin id="168" dir="0" index="0" bw="0" slack="0"/>
<pin id="169" dir="0" index="1" bw="32" slack="0"/>
<pin id="170" dir="0" index="2" bw="32" slack="0"/>
<pin id="171" dir="1" index="3" bw="0" slack="2147483647"/>
</pin_list>
<bind>
<opcode="write(1151) " fcode="write"/>
<opset="write_ln0/3 "/>
</bind>
</comp>

<comp id="174" class="1004" name="grp_fu_174">
<pin_list>
<pin id="175" dir="0" index="0" bw="32" slack="1"/>
<pin id="176" dir="0" index="1" bw="32" slack="1"/>
<pin id="177" dir="1" index="2" bw="32" slack="0"/>
</pin_list>
<bind>
<opcode="fmul(13) " fcode="fmul"/>
<opset="K_6/2 "/>
</bind>
</comp>

<comp id="178" class="1004" name="store_ln0_store_fu_178">
<pin_list>
<pin id="179" dir="0" index="0" bw="1" slack="0"/>
<pin id="180" dir="0" index="1" bw="3" slack="0"/>
<pin id="181" dir="1" index="2" bw="0" slack="2147483647"/>
</pin_list>
<bind>
<opcode="store(28) " fcode="store"/>
<opset="store_ln0/1 "/>
</bind>
</comp>

<comp id="183" class="1004" name="i_15_load_fu_183">
<pin_list>
<pin id="184" dir="0" index="0" bw="3" slack="0"/>
<pin id="185" dir="1" index="1" bw="3" slack="0"/>
</pin_list>
<bind>
<opcode="load(27) " fcode="load"/>
<opset="i_15/1 "/>
</bind>
</comp>

<comp id="186" class="1004" name="icmp_ln101_fu_186">
<pin_list>
<pin id="187" dir="0" index="0" bw="3" slack="0"/>
<pin id="188" dir="0" index="1" bw="2" slack="0"/>
<pin id="189" dir="1" index="2" bw="1" slack="2"/>
</pin_list>
<bind>
<opcode="icmp(45) " fcode="icmp"/>
<opset="icmp_ln101/1 "/>
</bind>
</comp>

<comp id="192" class="1004" name="add_ln101_fu_192">
<pin_list>
<pin id="193" dir="0" index="0" bw="3" slack="0"/>
<pin id="194" dir="0" index="1" bw="1" slack="0"/>
<pin id="195" dir="1" index="2" bw="3" slack="0"/>
</pin_list>
<bind>
<opcode="add(8) " fcode="add"/>
<opset="add_ln101/1 "/>
</bind>
</comp>

<comp id="198" class="1004" name="tmp_s_fu_198">
<pin_list>
<pin id="199" dir="0" index="0" bw="32" slack="0"/>
<pin id="200" dir="0" index="1" bw="32" slack="0"/>
<pin id="201" dir="0" index="2" bw="32" slack="0"/>
<pin id="202" dir="0" index="3" bw="32" slack="0"/>
<pin id="203" dir="0" index="4" bw="32" slack="0"/>
<pin id="204" dir="0" index="5" bw="32" slack="0"/>
<pin id="205" dir="0" index="6" bw="32" slack="0"/>
<pin id="206" dir="0" index="7" bw="3" slack="0"/>
<pin id="207" dir="1" index="8" bw="32" slack="1"/>
</pin_list>
<bind>
<opcode="mux(1196) " fcode="mux"/>
<opset="tmp_s/1 "/>
</bind>
</comp>

<comp id="216" class="1004" name="store_ln101_store_fu_216">
<pin_list>
<pin id="217" dir="0" index="0" bw="3" slack="0"/>
<pin id="218" dir="0" index="1" bw="3" slack="0"/>
<pin id="219" dir="1" index="2" bw="0" slack="2147483647"/>
</pin_list>
<bind>
<opcode="store(28) " fcode="store"/>
<opset="store_ln101/1 "/>
</bind>
</comp>

<comp id="221" class="1004" name="store_ln101_store_fu_221">
<pin_list>
<pin id="222" dir="0" index="0" bw="32" slack="0"/>
<pin id="223" dir="0" index="1" bw="32" slack="3"/>
<pin id="224" dir="1" index="2" bw="0" slack="2147483647"/>
</pin_list>
<bind>
<opcode="store(28) " fcode="store"/>
<opset="store_ln101/4 "/>
</bind>
</comp>

<comp id="226" class="1004" name="store_ln101_store_fu_226">
<pin_list>
<pin id="227" dir="0" index="0" bw="32" slack="0"/>
<pin id="228" dir="0" index="1" bw="32" slack="3"/>
<pin id="229" dir="1" index="2" bw="0" slack="2147483647"/>
</pin_list>
<bind>
<opcode="store(28) " fcode="store"/>
<opset="store_ln101/4 "/>
</bind>
</comp>

<comp id="231" class="1004" name="store_ln101_store_fu_231">
<pin_list>
<pin id="232" dir="0" index="0" bw="32" slack="0"/>
<pin id="233" dir="0" index="1" bw="32" slack="3"/>
<pin id="234" dir="1" index="2" bw="0" slack="2147483647"/>
</pin_list>
<bind>
<opcode="store(28) " fcode="store"/>
<opset="store_ln101/4 "/>
</bind>
</comp>

<comp id="236" class="1004" name="store_ln101_store_fu_236">
<pin_list>
<pin id="237" dir="0" index="0" bw="32" slack="0"/>
<pin id="238" dir="0" index="1" bw="32" slack="3"/>
<pin id="239" dir="1" index="2" bw="0" slack="2147483647"/>
</pin_list>
<bind>
<opcode="store(28) " fcode="store"/>
<opset="store_ln101/4 "/>
</bind>
</comp>

<comp id="241" class="1004" name="store_ln101_store_fu_241">
<pin_list>
<pin id="242" dir="0" index="0" bw="32" slack="0"/>
<pin id="243" dir="0" index="1" bw="32" slack="3"/>
<pin id="244" dir="1" index="2" bw="0" slack="2147483647"/>
</pin_list>
<bind>
<opcode="store(28) " fcode="store"/>
<opset="store_ln101/4 "/>
</bind>
</comp>

<comp id="246" class="1004" name="store_ln101_store_fu_246">
<pin_list>
<pin id="247" dir="0" index="0" bw="32" slack="0"/>
<pin id="248" dir="0" index="1" bw="32" slack="3"/>
<pin id="249" dir="1" index="2" bw="0" slack="2147483647"/>
</pin_list>
<bind>
<opcode="store(28) " fcode="store"/>
<opset="store_ln101/4 "/>
</bind>
</comp>

<comp id="251" class="1004" name="K_load_load_fu_251">
<pin_list>
<pin id="252" dir="0" index="0" bw="32" slack="2"/>
<pin id="253" dir="1" index="1" bw="32" slack="0"/>
</pin_list>
<bind>
<opcode="load(27) " fcode="load"/>
<opset="K_load/3 "/>
</bind>
</comp>

<comp id="255" class="1004" name="K_1_load_load_fu_255">
<pin_list>
<pin id="256" dir="0" index="0" bw="32" slack="2"/>
<pin id="257" dir="1" index="1" bw="32" slack="0"/>
</pin_list>
<bind>
<opcode="load(27) " fcode="load"/>
<opset="K_1_load/3 "/>
</bind>
</comp>

<comp id="259" class="1004" name="K_2_load_load_fu_259">
<pin_list>
<pin id="260" dir="0" index="0" bw="32" slack="2"/>
<pin id="261" dir="1" index="1" bw="32" slack="0"/>
</pin_list>
<bind>
<opcode="load(27) " fcode="load"/>
<opset="K_2_load/3 "/>
</bind>
</comp>

<comp id="263" class="1004" name="K_3_load_load_fu_263">
<pin_list>
<pin id="264" dir="0" index="0" bw="32" slack="2"/>
<pin id="265" dir="1" index="1" bw="32" slack="0"/>
</pin_list>
<bind>
<opcode="load(27) " fcode="load"/>
<opset="K_3_load/3 "/>
</bind>
</comp>

<comp id="267" class="1004" name="K_4_load_load_fu_267">
<pin_list>
<pin id="268" dir="0" index="0" bw="32" slack="2"/>
<pin id="269" dir="1" index="1" bw="32" slack="0"/>
</pin_list>
<bind>
<opcode="load(27) " fcode="load"/>
<opset="K_4_load/3 "/>
</bind>
</comp>

<comp id="271" class="1004" name="K_5_load_load_fu_271">
<pin_list>
<pin id="272" dir="0" index="0" bw="32" slack="2"/>
<pin id="273" dir="1" index="1" bw="32" slack="0"/>
</pin_list>
<bind>
<opcode="load(27) " fcode="load"/>
<opset="K_5_load/3 "/>
</bind>
</comp>

<comp id="275" class="1005" name="i_reg_275">
<pin_list>
<pin id="276" dir="0" index="0" bw="3" slack="0"/>
<pin id="277" dir="1" index="1" bw="3" slack="0"/>
</pin_list>
<bind>
<opset="i "/>
</bind>
</comp>

<comp id="282" class="1005" name="K_reg_282">
<pin_list>
<pin id="283" dir="0" index="0" bw="32" slack="2"/>
<pin id="284" dir="1" index="1" bw="32" slack="2"/>
</pin_list>
<bind>
<opset="K "/>
</bind>
</comp>

<comp id="288" class="1005" name="K_1_reg_288">
<pin_list>
<pin id="289" dir="0" index="0" bw="32" slack="2"/>
<pin id="290" dir="1" index="1" bw="32" slack="2"/>
</pin_list>
<bind>
<opset="K_1 "/>
</bind>
</comp>

<comp id="294" class="1005" name="K_2_reg_294">
<pin_list>
<pin id="295" dir="0" index="0" bw="32" slack="2"/>
<pin id="296" dir="1" index="1" bw="32" slack="2"/>
</pin_list>
<bind>
<opset="K_2 "/>
</bind>
</comp>

<comp id="300" class="1005" name="K_3_reg_300">
<pin_list>
<pin id="301" dir="0" index="0" bw="32" slack="2"/>
<pin id="302" dir="1" index="1" bw="32" slack="2"/>
</pin_list>
<bind>
<opset="K_3 "/>
</bind>
</comp>

<comp id="306" class="1005" name="K_4_reg_306">
<pin_list>
<pin id="307" dir="0" index="0" bw="32" slack="2"/>
<pin id="308" dir="1" index="1" bw="32" slack="2"/>
</pin_list>
<bind>
<opset="K_4 "/>
</bind>
</comp>

<comp id="312" class="1005" name="K_5_reg_312">
<pin_list>
<pin id="313" dir="0" index="0" bw="32" slack="2"/>
<pin id="314" dir="1" index="1" bw="32" slack="2"/>
</pin_list>
<bind>
<opset="K_5 "/>
</bind>
</comp>

<comp id="318" class="1005" name="inv_s_read_reg_318">
<pin_list>
<pin id="319" dir="0" index="0" bw="32" slack="1"/>
<pin id="320" dir="1" index="1" bw="32" slack="1"/>
</pin_list>
<bind>
<opset="inv_s_read "/>
</bind>
</comp>

<comp id="323" class="1005" name="i_15_reg_323">
<pin_list>
<pin id="324" dir="0" index="0" bw="3" slack="3"/>
<pin id="325" dir="1" index="1" bw="3" slack="2147483647"/>
</pin_list>
<bind>
<opset="i_15 "/>
</bind>
</comp>

<comp id="327" class="1005" name="icmp_ln101_reg_327">
<pin_list>
<pin id="328" dir="0" index="0" bw="1" slack="2"/>
<pin id="329" dir="1" index="1" bw="1" slack="2147483647"/>
</pin_list>
<bind>
<opset="icmp_ln101 "/>
</bind>
</comp>

<comp id="331" class="1005" name="tmp_s_reg_331">
<pin_list>
<pin id="332" dir="0" index="0" bw="32" slack="1"/>
<pin id="333" dir="1" index="1" bw="32" slack="1"/>
</pin_list>
<bind>
<opset="tmp_s "/>
</bind>
</comp>

</comp_list>

<net_list>
<net id="65"><net_src comp="26" pin="0"/><net_sink comp="62" pin=0"/></net>

<net id="69"><net_src comp="26" pin="0"/><net_sink comp="66" pin=0"/></net>

<net id="73"><net_src comp="26" pin="0"/><net_sink comp="70" pin=0"/></net>

<net id="77"><net_src comp="26" pin="0"/><net_sink comp="74" pin=0"/></net>

<net id="81"><net_src comp="26" pin="0"/><net_sink comp="78" pin=0"/></net>

<net id="85"><net_src comp="26" pin="0"/><net_sink comp="82" pin=0"/></net>

<net id="89"><net_src comp="26" pin="0"/><net_sink comp="86" pin=0"/></net>

<net id="94"><net_src comp="28" pin="0"/><net_sink comp="90" pin=0"/></net>

<net id="95"><net_src comp="12" pin="0"/><net_sink comp="90" pin=1"/></net>

<net id="100"><net_src comp="28" pin="0"/><net_sink comp="96" pin=0"/></net>

<net id="101"><net_src comp="10" pin="0"/><net_sink comp="96" pin=1"/></net>

<net id="106"><net_src comp="28" pin="0"/><net_sink comp="102" pin=0"/></net>

<net id="107"><net_src comp="8" pin="0"/><net_sink comp="102" pin=1"/></net>

<net id="112"><net_src comp="28" pin="0"/><net_sink comp="108" pin=0"/></net>

<net id="113"><net_src comp="6" pin="0"/><net_sink comp="108" pin=1"/></net>

<net id="118"><net_src comp="28" pin="0"/><net_sink comp="114" pin=0"/></net>

<net id="119"><net_src comp="4" pin="0"/><net_sink comp="114" pin=1"/></net>

<net id="124"><net_src comp="28" pin="0"/><net_sink comp="120" pin=0"/></net>

<net id="125"><net_src comp="2" pin="0"/><net_sink comp="120" pin=1"/></net>

<net id="130"><net_src comp="28" pin="0"/><net_sink comp="126" pin=0"/></net>

<net id="131"><net_src comp="0" pin="0"/><net_sink comp="126" pin=1"/></net>

<net id="137"><net_src comp="60" pin="0"/><net_sink comp="132" pin=0"/></net>

<net id="138"><net_src comp="14" pin="0"/><net_sink comp="132" pin=1"/></net>

<net id="144"><net_src comp="60" pin="0"/><net_sink comp="139" pin=0"/></net>

<net id="145"><net_src comp="16" pin="0"/><net_sink comp="139" pin=1"/></net>

<net id="151"><net_src comp="60" pin="0"/><net_sink comp="146" pin=0"/></net>

<net id="152"><net_src comp="18" pin="0"/><net_sink comp="146" pin=1"/></net>

<net id="158"><net_src comp="60" pin="0"/><net_sink comp="153" pin=0"/></net>

<net id="159"><net_src comp="20" pin="0"/><net_sink comp="153" pin=1"/></net>

<net id="165"><net_src comp="60" pin="0"/><net_sink comp="160" pin=0"/></net>

<net id="166"><net_src comp="22" pin="0"/><net_sink comp="160" pin=1"/></net>

<net id="172"><net_src comp="60" pin="0"/><net_sink comp="167" pin=0"/></net>

<net id="173"><net_src comp="24" pin="0"/><net_sink comp="167" pin=1"/></net>

<net id="182"><net_src comp="30" pin="0"/><net_sink comp="178" pin=0"/></net>

<net id="190"><net_src comp="183" pin="1"/><net_sink comp="186" pin=0"/></net>

<net id="191"><net_src comp="40" pin="0"/><net_sink comp="186" pin=1"/></net>

<net id="196"><net_src comp="183" pin="1"/><net_sink comp="192" pin=0"/></net>

<net id="197"><net_src comp="42" pin="0"/><net_sink comp="192" pin=1"/></net>

<net id="208"><net_src comp="44" pin="0"/><net_sink comp="198" pin=0"/></net>

<net id="209"><net_src comp="126" pin="2"/><net_sink comp="198" pin=1"/></net>

<net id="210"><net_src comp="120" pin="2"/><net_sink comp="198" pin=2"/></net>

<net id="211"><net_src comp="114" pin="2"/><net_sink comp="198" pin=3"/></net>

<net id="212"><net_src comp="108" pin="2"/><net_sink comp="198" pin=4"/></net>

<net id="213"><net_src comp="102" pin="2"/><net_sink comp="198" pin=5"/></net>

<net id="214"><net_src comp="96" pin="2"/><net_sink comp="198" pin=6"/></net>

<net id="215"><net_src comp="183" pin="1"/><net_sink comp="198" pin=7"/></net>

<net id="220"><net_src comp="192" pin="2"/><net_sink comp="216" pin=0"/></net>

<net id="225"><net_src comp="174" pin="2"/><net_sink comp="221" pin=0"/></net>

<net id="230"><net_src comp="174" pin="2"/><net_sink comp="226" pin=0"/></net>

<net id="235"><net_src comp="174" pin="2"/><net_sink comp="231" pin=0"/></net>

<net id="240"><net_src comp="174" pin="2"/><net_sink comp="236" pin=0"/></net>

<net id="245"><net_src comp="174" pin="2"/><net_sink comp="241" pin=0"/></net>

<net id="250"><net_src comp="174" pin="2"/><net_sink comp="246" pin=0"/></net>

<net id="254"><net_src comp="251" pin="1"/><net_sink comp="167" pin=2"/></net>

<net id="258"><net_src comp="255" pin="1"/><net_sink comp="160" pin=2"/></net>

<net id="262"><net_src comp="259" pin="1"/><net_sink comp="153" pin=2"/></net>

<net id="266"><net_src comp="263" pin="1"/><net_sink comp="146" pin=2"/></net>

<net id="270"><net_src comp="267" pin="1"/><net_sink comp="139" pin=2"/></net>

<net id="274"><net_src comp="271" pin="1"/><net_sink comp="132" pin=2"/></net>

<net id="278"><net_src comp="62" pin="1"/><net_sink comp="275" pin=0"/></net>

<net id="279"><net_src comp="275" pin="1"/><net_sink comp="178" pin=1"/></net>

<net id="280"><net_src comp="275" pin="1"/><net_sink comp="183" pin=0"/></net>

<net id="281"><net_src comp="275" pin="1"/><net_sink comp="216" pin=1"/></net>

<net id="285"><net_src comp="66" pin="1"/><net_sink comp="282" pin=0"/></net>

<net id="286"><net_src comp="282" pin="1"/><net_sink comp="241" pin=1"/></net>

<net id="287"><net_src comp="282" pin="1"/><net_sink comp="251" pin=0"/></net>

<net id="291"><net_src comp="70" pin="1"/><net_sink comp="288" pin=0"/></net>

<net id="292"><net_src comp="288" pin="1"/><net_sink comp="236" pin=1"/></net>

<net id="293"><net_src comp="288" pin="1"/><net_sink comp="255" pin=0"/></net>

<net id="297"><net_src comp="74" pin="1"/><net_sink comp="294" pin=0"/></net>

<net id="298"><net_src comp="294" pin="1"/><net_sink comp="231" pin=1"/></net>

<net id="299"><net_src comp="294" pin="1"/><net_sink comp="259" pin=0"/></net>

<net id="303"><net_src comp="78" pin="1"/><net_sink comp="300" pin=0"/></net>

<net id="304"><net_src comp="300" pin="1"/><net_sink comp="226" pin=1"/></net>

<net id="305"><net_src comp="300" pin="1"/><net_sink comp="263" pin=0"/></net>

<net id="309"><net_src comp="82" pin="1"/><net_sink comp="306" pin=0"/></net>

<net id="310"><net_src comp="306" pin="1"/><net_sink comp="221" pin=1"/></net>

<net id="311"><net_src comp="306" pin="1"/><net_sink comp="267" pin=0"/></net>

<net id="315"><net_src comp="86" pin="1"/><net_sink comp="312" pin=0"/></net>

<net id="316"><net_src comp="312" pin="1"/><net_sink comp="246" pin=1"/></net>

<net id="317"><net_src comp="312" pin="1"/><net_sink comp="271" pin=0"/></net>

<net id="321"><net_src comp="90" pin="2"/><net_sink comp="318" pin=0"/></net>

<net id="322"><net_src comp="318" pin="1"/><net_sink comp="174" pin=1"/></net>

<net id="326"><net_src comp="183" pin="1"/><net_sink comp="323" pin=0"/></net>

<net id="330"><net_src comp="186" pin="2"/><net_sink comp="327" pin=0"/></net>

<net id="334"><net_src comp="198" pin="8"/><net_sink comp="331" pin=0"/></net>

<net id="335"><net_src comp="331" pin="1"/><net_sink comp="174" pin=0"/></net>

</net_list>

</model> 
---------------- Datapath Model END ------------------

* FSMD analyzer results:
  - Output states:
	Port: K_5_out | {3 }
	Port: K_4_out | {3 }
	Port: K_3_out | {3 }
	Port: K_2_out | {3 }
	Port: K_1_out | {3 }
	Port: K_out | {3 }
 - Input state : 
	Port: ekf_batch_Pipeline_VITIS_LOOP_101_4 : Ph_reload | {1 }
	Port: ekf_batch_Pipeline_VITIS_LOOP_101_4 : Ph_1_reload | {1 }
	Port: ekf_batch_Pipeline_VITIS_LOOP_101_4 : Ph_2_reload | {1 }
	Port: ekf_batch_Pipeline_VITIS_LOOP_101_4 : Ph_3_reload | {1 }
	Port: ekf_batch_Pipeline_VITIS_LOOP_101_4 : Ph_4_reload | {1 }
	Port: ekf_batch_Pipeline_VITIS_LOOP_101_4 : Ph_5_reload | {1 }
	Port: ekf_batch_Pipeline_VITIS_LOOP_101_4 : inv_s | {1 }
  - Chain level:
	State 1
		store_ln0 : 1
		i_15 : 1
		icmp_ln101 : 2
		add_ln101 : 2
		br_ln101 : 3
		tmp_s : 2
		switch_ln101 : 2
		store_ln101 : 3
	State 2
	State 3
		write_ln0 : 1
		write_ln0 : 1
		write_ln0 : 1
		write_ln0 : 1
		write_ln0 : 1
		write_ln0 : 1
	State 4
		store_ln101 : 1
		store_ln101 : 1
		store_ln101 : 1
		store_ln101 : 1
		store_ln101 : 1
		store_ln101 : 1


============================================================
+ Verbose Summary: Datapath Resource usage 
============================================================

* Functional unit list:
|----------|------------------------------|---------|---------|---------|
| Operation|        Functional Unit       |   DSP   |    FF   |   LUT   |
|----------|------------------------------|---------|---------|---------|
|   fmul   |          grp_fu_174          |    3    |   128   |   135   |
|----------|------------------------------|---------|---------|---------|
|    mux   |         tmp_s_fu_198         |    0    |    0    |    31   |
|----------|------------------------------|---------|---------|---------|
|   icmp   |       icmp_ln101_fu_186      |    0    |    0    |    10   |
|----------|------------------------------|---------|---------|---------|
|    add   |       add_ln101_fu_192       |    0    |    0    |    10   |
|----------|------------------------------|---------|---------|---------|
|          |     inv_s_read_read_fu_90    |    0    |    0    |    0    |
|          |  Ph_5_reload_read_read_fu_96 |    0    |    0    |    0    |
|          | Ph_4_reload_read_read_fu_102 |    0    |    0    |    0    |
|   read   | Ph_3_reload_read_read_fu_108 |    0    |    0    |    0    |
|          | Ph_2_reload_read_read_fu_114 |    0    |    0    |    0    |
|          | Ph_1_reload_read_read_fu_120 |    0    |    0    |    0    |
|          |  Ph_reload_read_read_fu_126  |    0    |    0    |    0    |
|----------|------------------------------|---------|---------|---------|
|          |    write_ln0_write_fu_132    |    0    |    0    |    0    |
|          |    write_ln0_write_fu_139    |    0    |    0    |    0    |
|   write  |    write_ln0_write_fu_146    |    0    |    0    |    0    |
|          |    write_ln0_write_fu_153    |    0    |    0    |    0    |
|          |    write_ln0_write_fu_160    |    0    |    0    |    0    |
|          |    write_ln0_write_fu_167    |    0    |    0    |    0    |
|----------|------------------------------|---------|---------|---------|
|   Total  |                              |    3    |   128   |   186   |
|----------|------------------------------|---------|---------|---------|

Memories:
N/A

* Register list:
+------------------+--------+
|                  |   FF   |
+------------------+--------+
|    K_1_reg_288   |   32   |
|    K_2_reg_294   |   32   |
|    K_3_reg_300   |   32   |
|    K_4_reg_306   |   32   |
|    K_5_reg_312   |   32   |
|     K_reg_282    |   32   |
|   i_15_reg_323   |    3   |
|     i_reg_275    |    3   |
|icmp_ln101_reg_327|    1   |
|inv_s_read_reg_318|   32   |
|   tmp_s_reg_331  |   32   |
+------------------+--------+
|       Total      |   263  |
+------------------+--------+

* Multiplexer (MUX) list: 
|--------|------|------|------|--------|
|  Comp  |  Pin | Size |  BW  | S x BW |
|--------|------|------|------|--------|
|  Total |      |      |      |    0   |
|--------|------|------|------|--------|



* Summary:
+-----------+--------+--------+--------+
|           |   DSP  |   FF   |   LUT  |
+-----------+--------+--------+--------+
|  Function |    3   |   128  |   186  |
|   Memory  |    -   |    -   |    -   |
|Multiplexer|    -   |    -   |    -   |
|  Register |    -   |   263  |    -   |
+-----------+--------+--------+--------+
|   Total   |    3   |   391  |   186  |
+-----------+--------+--------+--------+
