

================================================================
== Vitis HLS Report for 'ekf_batch_Pipeline_VITIS_LOOP_176_12'
================================================================
* Date:           Thu Sep  3 12:11:40 2026

* Version:        2023.1 (Build 3854077 on May  4 2023)
* Project:        EKF
* Solution:       solution1 (Vivado IP Flow Target)
* Product family: zynquplus
* Target device:  xczu9eg-ffvb1156-2-e


================================================================
== Performance Estimates
================================================================
+ Timing: 
    * Summary: 
    +--------+----------+----------+------------+
    |  Clock |  Target  | Estimated| Uncertainty|
    +--------+----------+----------+------------+
    |ap_clk  |  10.00 ns|  7.300 ns|     2.70 ns|
    +--------+----------+----------+------------+

+ Latency: 
    * Summary: 
    +---------+---------+----------+----------+-----+-----+---------+
    |  Latency (cycles) |  Latency (absolute) |  Interval | Pipeline|
    |   min   |   max   |    min   |    max   | min | max |   Type  |
    +---------+---------+----------+----------+-----+-----+---------+
    |      101|      101|  1.010 us|  1.010 us|  101|  101|       no|
    +---------+---------+----------+----------+-----+-----+---------+

    + Detail: 
        * Instance: 
        N/A

        * Loop: 
        +---------------------+---------+---------+----------+-----------+-----------+------+----------+
        |                     |  Latency (cycles) | Iteration|  Initiation Interval  | Trip |          |
        |      Loop Name      |   min   |   max   |  Latency |  achieved |   target  | Count| Pipelined|
        +---------------------+---------+---------+----------+-----------+-----------+------+----------+
        |- VITIS_LOOP_176_12  |       99|       99|         3|          1|          1|    98|       yes|
        +---------------------+---------+---------+----------+-----------+-----------+------+----------+



================================================================
== Utilization Estimates
================================================================
* Summary: 
+-----------------+---------+------+--------+--------+-----+
|       Name      | BRAM_18K|  DSP |   FF   |   LUT  | URAM|
+-----------------+---------+------+--------+--------+-----+
|DSP              |        -|     -|       -|       -|    -|
|Expression       |        -|     -|       0|      32|    -|
|FIFO             |        -|     -|       -|       -|    -|
|Instance         |        -|     -|       0|      43|    -|
|Memory           |        -|     -|       -|       -|    -|
|Multiplexer      |        -|     -|       -|      45|    -|
|Register         |        -|     -|      48|       -|    -|
+-----------------+---------+------+--------+--------+-----+
|Total            |        0|     0|      48|     120|    0|
+-----------------+---------+------+--------+--------+-----+
|Available        |     1824|  2520|  548160|  274080|    0|
+-----------------+---------+------+--------+--------+-----+
|Utilization (%)  |        0|     0|      ~0|      ~0|    0|
+-----------------+---------+------+--------+--------+-----+

+ Detail: 
    * Instance: 
    +----------------------+----------------+---------+----+---+----+-----+
    |       Instance       |     Module     | BRAM_18K| DSP| FF| LUT| URAM|
    +----------------------+----------------+---------+----+---+----+-----+
    |mux_8_3_32_1_1_U1439  |mux_8_3_32_1_1  |        0|   0|  0|  43|    0|
    +----------------------+----------------+---------+----+---+----+-----+
    |Total                 |                |        0|   0|  0|  43|    0|
    +----------------------+----------------+---------+----+---+----+-----+

    * DSP: 
    N/A

    * Memory: 
    N/A

    * FIFO: 
    N/A

    * Expression: 
    +---------------------------+----------+----+---+----+------------+------------+
    |       Variable Name       | Operation| DSP| FF| LUT| Bitwidth P0| Bitwidth P1|
    +---------------------------+----------+----+---+----+------------+------------+
    |add_ln176_fu_214_p2        |         +|   0|  0|  14|           7|           1|
    |ap_block_pp0_stage0_11001  |       and|   0|  0|   2|           1|           1|
    |icmp_ln176_fu_208_p2       |      icmp|   0|  0|  14|           7|           6|
    |ap_enable_pp0              |       xor|   0|  0|   2|           1|           2|
    +---------------------------+----------+----+---+----+------------+------------+
    |Total                      |          |   0|  0|  32|          16|          10|
    +---------------------------+----------+----+---+----+------------+------------+

    * Multiplexer: 
    +-------------------------+----+-----------+-----+-----------+
    |           Name          | LUT| Input Size| Bits| Total Bits|
    +-------------------------+----+-----------+-----+-----------+
    |ap_done_int              |   9|          2|    1|          2|
    |ap_enable_reg_pp0_iter2  |   9|          2|    1|          2|
    |ap_sig_allocacmp_i_7     |   9|          2|    7|         14|
    |gmem0_blk_n_W            |   9|          2|    1|          2|
    |i_fu_74                  |   9|          2|    7|         14|
    +-------------------------+----+-----------+-----+-----------+
    |Total                    |  45|         10|   17|         34|
    +-------------------------+----+-----------+-----+-----------+

    * Register: 
    +----------------------------------+----+----+-----+-----------+
    |               Name               | FF | LUT| Bits| Const Bits|
    +----------------------------------+----+----+-----+-----------+
    |ap_CS_fsm                         |   1|   0|    1|          0|
    |ap_done_reg                       |   1|   0|    1|          0|
    |ap_enable_reg_pp0_iter1           |   1|   0|    1|          0|
    |ap_enable_reg_pp0_iter2           |   1|   0|    1|          0|
    |ap_loop_exit_ready_pp0_iter1_reg  |   1|   0|    1|          0|
    |i_fu_74                           |   7|   0|    7|          0|
    |icmp_ln176_reg_293                |   1|   0|    1|          0|
    |tmp_s_reg_347                     |  32|   0|   32|          0|
    |trunc_ln176_reg_297               |   3|   0|    3|          0|
    +----------------------------------+----+----+-----+-----------+
    |Total                             |  48|   0|   48|          0|
    +----------------------------------+----+----+-----+-----------+



================================================================
== Interface
================================================================
* Summary: 
+----------------------+-----+-----+------------+--------------------------------------+--------------+
|       RTL Ports      | Dir | Bits|  Protocol  |             Source Object            |    C Type    |
+----------------------+-----+-----+------------+--------------------------------------+--------------+
|ap_clk                |   in|    1|  ap_ctrl_hs|  ekf_batch_Pipeline_VITIS_LOOP_176_12|  return value|
|ap_rst                |   in|    1|  ap_ctrl_hs|  ekf_batch_Pipeline_VITIS_LOOP_176_12|  return value|
|ap_start              |   in|    1|  ap_ctrl_hs|  ekf_batch_Pipeline_VITIS_LOOP_176_12|  return value|
|ap_done               |  out|    1|  ap_ctrl_hs|  ekf_batch_Pipeline_VITIS_LOOP_176_12|  return value|
|ap_idle               |  out|    1|  ap_ctrl_hs|  ekf_batch_Pipeline_VITIS_LOOP_176_12|  return value|
|ap_ready              |  out|    1|  ap_ctrl_hs|  ekf_batch_Pipeline_VITIS_LOOP_176_12|  return value|
|m_axi_gmem0_AWVALID   |  out|    1|       m_axi|                                 gmem0|       pointer|
|m_axi_gmem0_AWREADY   |   in|    1|       m_axi|                                 gmem0|       pointer|
|m_axi_gmem0_AWADDR    |  out|   64|       m_axi|                                 gmem0|       pointer|
|m_axi_gmem0_AWID      |  out|    1|       m_axi|                                 gmem0|       pointer|
|m_axi_gmem0_AWLEN     |  out|   32|       m_axi|                                 gmem0|       pointer|
|m_axi_gmem0_AWSIZE    |  out|    3|       m_axi|                                 gmem0|       pointer|
|m_axi_gmem0_AWBURST   |  out|    2|       m_axi|                                 gmem0|       pointer|
|m_axi_gmem0_AWLOCK    |  out|    2|       m_axi|                                 gmem0|       pointer|
|m_axi_gmem0_AWCACHE   |  out|    4|       m_axi|                                 gmem0|       pointer|
|m_axi_gmem0_AWPROT    |  out|    3|       m_axi|                                 gmem0|       pointer|
|m_axi_gmem0_AWQOS     |  out|    4|       m_axi|                                 gmem0|       pointer|
|m_axi_gmem0_AWREGION  |  out|    4|       m_axi|                                 gmem0|       pointer|
|m_axi_gmem0_AWUSER    |  out|    1|       m_axi|                                 gmem0|       pointer|
|m_axi_gmem0_WVALID    |  out|    1|       m_axi|                                 gmem0|       pointer|
|m_axi_gmem0_WREADY    |   in|    1|       m_axi|                                 gmem0|       pointer|
|m_axi_gmem0_WDATA     |  out|   32|       m_axi|                                 gmem0|       pointer|
|m_axi_gmem0_WSTRB     |  out|    4|       m_axi|                                 gmem0|       pointer|
|m_axi_gmem0_WLAST     |  out|    1|       m_axi|                                 gmem0|       pointer|
|m_axi_gmem0_WID       |  out|    1|       m_axi|                                 gmem0|       pointer|
|m_axi_gmem0_WUSER     |  out|    1|       m_axi|                                 gmem0|       pointer|
|m_axi_gmem0_ARVALID   |  out|    1|       m_axi|                                 gmem0|       pointer|
|m_axi_gmem0_ARREADY   |   in|    1|       m_axi|                                 gmem0|       pointer|
|m_axi_gmem0_ARADDR    |  out|   64|       m_axi|                                 gmem0|       pointer|
|m_axi_gmem0_ARID      |  out|    1|       m_axi|                                 gmem0|       pointer|
|m_axi_gmem0_ARLEN     |  out|   32|       m_axi|                                 gmem0|       pointer|
|m_axi_gmem0_ARSIZE    |  out|    3|       m_axi|                                 gmem0|       pointer|
|m_axi_gmem0_ARBURST   |  out|    2|       m_axi|                                 gmem0|       pointer|
|m_axi_gmem0_ARLOCK    |  out|    2|       m_axi|                                 gmem0|       pointer|
|m_axi_gmem0_ARCACHE   |  out|    4|       m_axi|                                 gmem0|       pointer|
|m_axi_gmem0_ARPROT    |  out|    3|       m_axi|                                 gmem0|       pointer|
|m_axi_gmem0_ARQOS     |  out|    4|       m_axi|                                 gmem0|       pointer|
|m_axi_gmem0_ARREGION  |  out|    4|       m_axi|                                 gmem0|       pointer|
|m_axi_gmem0_ARUSER    |  out|    1|       m_axi|                                 gmem0|       pointer|
|m_axi_gmem0_RVALID    |   in|    1|       m_axi|                                 gmem0|       pointer|
|m_axi_gmem0_RREADY    |  out|    1|       m_axi|                                 gmem0|       pointer|
|m_axi_gmem0_RDATA     |   in|   32|       m_axi|                                 gmem0|       pointer|
|m_axi_gmem0_RLAST     |   in|    1|       m_axi|                                 gmem0|       pointer|
|m_axi_gmem0_RID       |   in|    1|       m_axi|                                 gmem0|       pointer|
|m_axi_gmem0_RFIFONUM  |   in|    9|       m_axi|                                 gmem0|       pointer|
|m_axi_gmem0_RUSER     |   in|    1|       m_axi|                                 gmem0|       pointer|
|m_axi_gmem0_RRESP     |   in|    2|       m_axi|                                 gmem0|       pointer|
|m_axi_gmem0_BVALID    |   in|    1|       m_axi|                                 gmem0|       pointer|
|m_axi_gmem0_BREADY    |  out|    1|       m_axi|                                 gmem0|       pointer|
|m_axi_gmem0_BRESP     |   in|    2|       m_axi|                                 gmem0|       pointer|
|m_axi_gmem0_BID       |   in|    1|       m_axi|                                 gmem0|       pointer|
|m_axi_gmem0_BUSER     |   in|    1|       m_axi|                                 gmem0|       pointer|
|sext_ln148            |   in|   62|     ap_none|                            sext_ln148|        scalar|
|local_address0        |  out|    4|   ap_memory|                                 local|         array|
|local_ce0             |  out|    1|   ap_memory|                                 local|         array|
|local_q0              |   in|   32|   ap_memory|                                 local|         array|
|local_1_address0      |  out|    4|   ap_memory|                               local_1|         array|
|local_1_ce0           |  out|    1|   ap_memory|                               local_1|         array|
|local_1_q0            |   in|   32|   ap_memory|                               local_1|         array|
|local_2_address0      |  out|    4|   ap_memory|                               local_2|         array|
|local_2_ce0           |  out|    1|   ap_memory|                               local_2|         array|
|local_2_q0            |   in|   32|   ap_memory|                               local_2|         array|
|local_3_address0      |  out|    4|   ap_memory|                               local_3|         array|
|local_3_ce0           |  out|    1|   ap_memory|                               local_3|         array|
|local_3_q0            |   in|   32|   ap_memory|                               local_3|         array|
|local_4_address0      |  out|    4|   ap_memory|                               local_4|         array|
|local_4_ce0           |  out|    1|   ap_memory|                               local_4|         array|
|local_4_q0            |   in|   32|   ap_memory|                               local_4|         array|
|local_5_address0      |  out|    4|   ap_memory|                               local_5|         array|
|local_5_ce0           |  out|    1|   ap_memory|                               local_5|         array|
|local_5_q0            |   in|   32|   ap_memory|                               local_5|         array|
|local_6_address0      |  out|    4|   ap_memory|                               local_6|         array|
|local_6_ce0           |  out|    1|   ap_memory|                               local_6|         array|
|local_6_q0            |   in|   32|   ap_memory|                               local_6|         array|
|local_7_address0      |  out|    4|   ap_memory|                               local_7|         array|
|local_7_ce0           |  out|    1|   ap_memory|                               local_7|         array|
|local_7_q0            |   in|   32|   ap_memory|                               local_7|         array|
+----------------------+-----+-----+------------+--------------------------------------+--------------+

============================================================
+ Verbose Summary: Synthesis Manager
============================================================
InlineROM: 1
ExposeGlobal: 0
============================================================
+ Verbose Summary: CDFG Model
============================================================
IsTopModel: 0
ResetActiveHigh: 1
IsCombinational: 2
IsDatapathOnly: 2
HasWiredReturn: 1
HasMFsm: 2
HasVarLatency: 1
IsPipeline: 0
IsRtlPipelined: 0
IsInstanceOverlapped: 0
IsDontTouch: 0
HasImplIP: 0
IsGatedGlobalClock: 0

+ Individual pipeline summary: 
  * Pipeline-0: initiation interval (II) = 1, depth = 3


============================================================
+ Verbose Summary: Schedule
============================================================
* Number of FSM states : 3
* Pipeline : 1
  Pipeline-0 : II = 1, D = 3, States = { 1 2 3 }
* Dataflow Pipeline: 0

* FSM state transitions: 
1 --> 2 
2 --> 3 
3 --> 

* FSM state operations: 

State 1 <SV = 0> <Delay = 1.20>
ST_1 : Operation 6 [1/1] (0.00ns)   --->   "%i = alloca i32 1"   --->   Operation 6 'alloca' 'i' <Predicate = true> <Delay = 0.00>
ST_1 : Operation 7 [1/1] (0.00ns)   --->   "%sext_ln148_read = read i62 @_ssdm_op_Read.ap_auto.i62, i62 %sext_ln148"   --->   Operation 7 'read' 'sext_ln148_read' <Predicate = true> <Delay = 0.00>
ST_1 : Operation 8 [1/1] (0.00ns)   --->   "%sext_ln148_cast = sext i62 %sext_ln148_read"   --->   Operation 8 'sext' 'sext_ln148_cast' <Predicate = true> <Delay = 0.00>
ST_1 : Operation 9 [1/1] (0.00ns)   --->   "%specinterface_ln0 = specinterface void @_ssdm_op_SpecInterface, i32 %gmem0, void @empty_20, i32 0, i32 0, void @empty_30, i32 0, i32 9800, void @empty_31, void @empty_33, void @empty_30, i32 16, i32 16, i32 16, i32 16, void @empty_30, void @empty_30, i32 4294967295, i32 0"   --->   Operation 9 'specinterface' 'specinterface_ln0' <Predicate = true> <Delay = 0.00>
ST_1 : Operation 10 [1/1] (0.42ns)   --->   "%store_ln0 = store i7 0, i7 %i"   --->   Operation 10 'store' 'store_ln0' <Predicate = true> <Delay = 0.42>
ST_1 : Operation 11 [1/1] (0.00ns)   --->   "%br_ln0 = br void %for.inc136"   --->   Operation 11 'br' 'br_ln0' <Predicate = true> <Delay = 0.00>
ST_1 : Operation 12 [1/1] (0.00ns)   --->   "%i_7 = load i7 %i" [ekf_core.cpp:176]   --->   Operation 12 'load' 'i_7' <Predicate = true> <Delay = 0.00>
ST_1 : Operation 13 [1/1] (0.77ns)   --->   "%icmp_ln176 = icmp_eq  i7 %i_7, i7 98" [ekf_core.cpp:176]   --->   Operation 13 'icmp' 'icmp_ln176' <Predicate = true> <Delay = 0.77> <CoreInst = "Cmp">   --->   Core 9 'Cmp' <Latency = 0> <II = 1> <Delay = 0.77> <FuncUnit> <Opcode : 'icmp'> <InPorts = 2> <OutPorts = 1>
ST_1 : Operation 14 [1/1] (0.77ns)   --->   "%add_ln176 = add i7 %i_7, i7 1" [ekf_core.cpp:176]   --->   Operation 14 'add' 'add_ln176' <Predicate = true> <Delay = 0.77> <CoreInst = "Adder">   --->   Core 1 'Adder' <Latency = 0> <II = 1> <Delay = 0.77> <FuncUnit> <Opcode : 'add' 'sub'> <InPorts = 2> <OutPorts = 1>
ST_1 : Operation 15 [1/1] (0.00ns)   --->   "%br_ln176 = br i1 %icmp_ln176, void %for.inc136.split, void %cleanup.exitStub" [ekf_core.cpp:176]   --->   Operation 15 'br' 'br_ln176' <Predicate = true> <Delay = 0.00>
ST_1 : Operation 16 [1/1] (0.00ns)   --->   "%trunc_ln176 = trunc i7 %i_7" [ekf_core.cpp:176]   --->   Operation 16 'trunc' 'trunc_ln176' <Predicate = (!icmp_ln176)> <Delay = 0.00>
ST_1 : Operation 17 [1/1] (0.00ns)   --->   "%lshr_ln4 = partselect i4 @_ssdm_op_PartSelect.i4.i7.i32.i32, i7 %i_7, i32 3, i32 6" [ekf_core.cpp:176]   --->   Operation 17 'partselect' 'lshr_ln4' <Predicate = (!icmp_ln176)> <Delay = 0.00>
ST_1 : Operation 18 [1/1] (0.00ns)   --->   "%zext_ln176 = zext i4 %lshr_ln4" [ekf_core.cpp:176]   --->   Operation 18 'zext' 'zext_ln176' <Predicate = (!icmp_ln176)> <Delay = 0.00>
ST_1 : Operation 19 [1/1] (0.00ns)   --->   "%local_addr = getelementptr i32 %local, i64 0, i64 %zext_ln176" [ekf_core.cpp:178]   --->   Operation 19 'getelementptr' 'local_addr' <Predicate = (!icmp_ln176)> <Delay = 0.00>
ST_1 : Operation 20 [1/1] (0.00ns)   --->   "%local_1_addr = getelementptr i32 %local_1, i64 0, i64 %zext_ln176" [ekf_core.cpp:178]   --->   Operation 20 'getelementptr' 'local_1_addr' <Predicate = (!icmp_ln176)> <Delay = 0.00>
ST_1 : Operation 21 [1/1] (0.00ns)   --->   "%local_2_addr = getelementptr i32 %local_2, i64 0, i64 %zext_ln176" [ekf_core.cpp:178]   --->   Operation 21 'getelementptr' 'local_2_addr' <Predicate = (!icmp_ln176)> <Delay = 0.00>
ST_1 : Operation 22 [1/1] (0.00ns)   --->   "%local_3_addr = getelementptr i32 %local_3, i64 0, i64 %zext_ln176" [ekf_core.cpp:178]   --->   Operation 22 'getelementptr' 'local_3_addr' <Predicate = (!icmp_ln176)> <Delay = 0.00>
ST_1 : Operation 23 [1/1] (0.00ns)   --->   "%local_4_addr = getelementptr i32 %local_4, i64 0, i64 %zext_ln176" [ekf_core.cpp:178]   --->   Operation 23 'getelementptr' 'local_4_addr' <Predicate = (!icmp_ln176)> <Delay = 0.00>
ST_1 : Operation 24 [1/1] (0.00ns)   --->   "%local_5_addr = getelementptr i32 %local_5, i64 0, i64 %zext_ln176" [ekf_core.cpp:178]   --->   Operation 24 'getelementptr' 'local_5_addr' <Predicate = (!icmp_ln176)> <Delay = 0.00>
ST_1 : Operation 25 [1/1] (0.00ns)   --->   "%local_6_addr = getelementptr i32 %local_6, i64 0, i64 %zext_ln176" [ekf_core.cpp:178]   --->   Operation 25 'getelementptr' 'local_6_addr' <Predicate = (!icmp_ln176)> <Delay = 0.00>
ST_1 : Operation 26 [1/1] (0.00ns)   --->   "%local_7_addr = getelementptr i32 %local_7, i64 0, i64 %zext_ln176" [ekf_core.cpp:178]   --->   Operation 26 'getelementptr' 'local_7_addr' <Predicate = (!icmp_ln176)> <Delay = 0.00>
ST_1 : Operation 27 [2/2] (0.67ns)   --->   "%local_load = load i4 %local_addr" [ekf_core.cpp:178]   --->   Operation 27 'load' 'local_load' <Predicate = (!icmp_ln176)> <Delay = 0.67> <CoreInst = "RAM">   --->   Core 83 'RAM' <Latency = 1> <II = 1> <Delay = 0.67> <Storage> <Opcode : 'load' 'store'> <Ports = 2> <Width = 32> <Depth = 13> <RAM>
ST_1 : Operation 28 [2/2] (0.67ns)   --->   "%local_1_load = load i4 %local_1_addr" [ekf_core.cpp:178]   --->   Operation 28 'load' 'local_1_load' <Predicate = (!icmp_ln176)> <Delay = 0.67> <CoreInst = "RAM">   --->   Core 83 'RAM' <Latency = 1> <II = 1> <Delay = 0.67> <Storage> <Opcode : 'load' 'store'> <Ports = 2> <Width = 32> <Depth = 13> <RAM>
ST_1 : Operation 29 [2/2] (0.67ns)   --->   "%local_2_load = load i4 %local_2_addr" [ekf_core.cpp:178]   --->   Operation 29 'load' 'local_2_load' <Predicate = (!icmp_ln176)> <Delay = 0.67> <CoreInst = "RAM">   --->   Core 83 'RAM' <Latency = 1> <II = 1> <Delay = 0.67> <Storage> <Opcode : 'load' 'store'> <Ports = 2> <Width = 32> <Depth = 13> <RAM>
ST_1 : Operation 30 [2/2] (0.67ns)   --->   "%local_3_load = load i4 %local_3_addr" [ekf_core.cpp:178]   --->   Operation 30 'load' 'local_3_load' <Predicate = (!icmp_ln176)> <Delay = 0.67> <CoreInst = "RAM">   --->   Core 83 'RAM' <Latency = 1> <II = 1> <Delay = 0.67> <Storage> <Opcode : 'load' 'store'> <Ports = 2> <Width = 32> <Depth = 13> <RAM>
ST_1 : Operation 31 [2/2] (0.67ns)   --->   "%local_4_load = load i4 %local_4_addr" [ekf_core.cpp:178]   --->   Operation 31 'load' 'local_4_load' <Predicate = (!icmp_ln176)> <Delay = 0.67> <CoreInst = "RAM">   --->   Core 83 'RAM' <Latency = 1> <II = 1> <Delay = 0.67> <Storage> <Opcode : 'load' 'store'> <Ports = 2> <Width = 32> <Depth = 13> <RAM>
ST_1 : Operation 32 [2/2] (0.67ns)   --->   "%local_5_load = load i4 %local_5_addr" [ekf_core.cpp:178]   --->   Operation 32 'load' 'local_5_load' <Predicate = (!icmp_ln176)> <Delay = 0.67> <CoreInst = "RAM">   --->   Core 83 'RAM' <Latency = 1> <II = 1> <Delay = 0.67> <Storage> <Opcode : 'load' 'store'> <Ports = 2> <Width = 32> <Depth = 13> <RAM>
ST_1 : Operation 33 [2/2] (0.67ns)   --->   "%local_6_load = load i4 %local_6_addr" [ekf_core.cpp:178]   --->   Operation 33 'load' 'local_6_load' <Predicate = (!icmp_ln176)> <Delay = 0.67> <CoreInst = "RAM">   --->   Core 83 'RAM' <Latency = 1> <II = 1> <Delay = 0.67> <Storage> <Opcode : 'load' 'store'> <Ports = 2> <Width = 32> <Depth = 13> <RAM>
ST_1 : Operation 34 [2/2] (0.67ns)   --->   "%local_7_load = load i4 %local_7_addr" [ekf_core.cpp:178]   --->   Operation 34 'load' 'local_7_load' <Predicate = (!icmp_ln176)> <Delay = 0.67> <CoreInst = "RAM">   --->   Core 83 'RAM' <Latency = 1> <II = 1> <Delay = 0.67> <Storage> <Opcode : 'load' 'store'> <Ports = 2> <Width = 32> <Depth = 13> <RAM>
ST_1 : Operation 35 [1/1] (0.42ns)   --->   "%store_ln176 = store i7 %add_ln176, i7 %i" [ekf_core.cpp:176]   --->   Operation 35 'store' 'store_ln176' <Predicate = (!icmp_ln176)> <Delay = 0.42>

State 2 <SV = 1> <Delay = 1.39>
ST_2 : Operation 36 [1/1] (0.00ns)   --->   "%specbitsmap_ln0 = specbitsmap void @_ssdm_op_SpecBitsMap, i32 %gmem0"   --->   Operation 36 'specbitsmap' 'specbitsmap_ln0' <Predicate = true> <Delay = 0.00>
ST_2 : Operation 37 [1/1] (0.00ns)   --->   "%gmem0_addr = getelementptr i32 %gmem0, i64 %sext_ln148_cast" [ekf_core.cpp:148]   --->   Operation 37 'getelementptr' 'gmem0_addr' <Predicate = true> <Delay = 0.00>
ST_2 : Operation 38 [1/2] (0.67ns)   --->   "%local_load = load i4 %local_addr" [ekf_core.cpp:178]   --->   Operation 38 'load' 'local_load' <Predicate = (!icmp_ln176)> <Delay = 0.67> <CoreInst = "RAM">   --->   Core 83 'RAM' <Latency = 1> <II = 1> <Delay = 0.67> <Storage> <Opcode : 'load' 'store'> <Ports = 2> <Width = 32> <Depth = 13> <RAM>
ST_2 : Operation 39 [1/2] (0.67ns)   --->   "%local_1_load = load i4 %local_1_addr" [ekf_core.cpp:178]   --->   Operation 39 'load' 'local_1_load' <Predicate = (!icmp_ln176)> <Delay = 0.67> <CoreInst = "RAM">   --->   Core 83 'RAM' <Latency = 1> <II = 1> <Delay = 0.67> <Storage> <Opcode : 'load' 'store'> <Ports = 2> <Width = 32> <Depth = 13> <RAM>
ST_2 : Operation 40 [1/2] (0.67ns)   --->   "%local_2_load = load i4 %local_2_addr" [ekf_core.cpp:178]   --->   Operation 40 'load' 'local_2_load' <Predicate = (!icmp_ln176)> <Delay = 0.67> <CoreInst = "RAM">   --->   Core 83 'RAM' <Latency = 1> <II = 1> <Delay = 0.67> <Storage> <Opcode : 'load' 'store'> <Ports = 2> <Width = 32> <Depth = 13> <RAM>
ST_2 : Operation 41 [1/2] (0.67ns)   --->   "%local_3_load = load i4 %local_3_addr" [ekf_core.cpp:178]   --->   Operation 41 'load' 'local_3_load' <Predicate = (!icmp_ln176)> <Delay = 0.67> <CoreInst = "RAM">   --->   Core 83 'RAM' <Latency = 1> <II = 1> <Delay = 0.67> <Storage> <Opcode : 'load' 'store'> <Ports = 2> <Width = 32> <Depth = 13> <RAM>
ST_2 : Operation 42 [1/2] (0.67ns)   --->   "%local_4_load = load i4 %local_4_addr" [ekf_core.cpp:178]   --->   Operation 42 'load' 'local_4_load' <Predicate = (!icmp_ln176)> <Delay = 0.67> <CoreInst = "RAM">   --->   Core 83 'RAM' <Latency = 1> <II = 1> <Delay = 0.67> <Storage> <Opcode : 'load' 'store'> <Ports = 2> <Width = 32> <Depth = 13> <RAM>
ST_2 : Operation 43 [1/2] (0.67ns)   --->   "%local_5_load = load i4 %local_5_addr" [ekf_core.cpp:178]   --->   Operation 43 'load' 'local_5_load' <Predicate = (!icmp_ln176)> <Delay = 0.67> <CoreInst = "RAM">   --->   Core 83 'RAM' <Latency = 1> <II = 1> <Delay = 0.67> <Storage> <Opcode : 'load' 'store'> <Ports = 2> <Width = 32> <Depth = 13> <RAM>
ST_2 : Operation 44 [1/2] (0.67ns)   --->   "%local_6_load = load i4 %local_6_addr" [ekf_core.cpp:178]   --->   Operation 44 'load' 'local_6_load' <Predicate = (!icmp_ln176)> <Delay = 0.67> <CoreInst = "RAM">   --->   Core 83 'RAM' <Latency = 1> <II = 1> <Delay = 0.67> <Storage> <Opcode : 'load' 'store'> <Ports = 2> <Width = 32> <Depth = 13> <RAM>
ST_2 : Operation 45 [1/2] (0.67ns)   --->   "%local_7_load = load i4 %local_7_addr" [ekf_core.cpp:178]   --->   Operation 45 'load' 'local_7_load' <Predicate = (!icmp_ln176)> <Delay = 0.67> <CoreInst = "RAM">   --->   Core 83 'RAM' <Latency = 1> <II = 1> <Delay = 0.67> <Storage> <Opcode : 'load' 'store'> <Ports = 2> <Width = 32> <Depth = 13> <RAM>
ST_2 : Operation 46 [1/1] (0.72ns)   --->   "%tmp_s = mux i32 @_ssdm_op_Mux.ap_auto.8float.i3, i32 %local_load, i32 %local_1_load, i32 %local_2_load, i32 %local_3_load, i32 %local_4_load, i32 %local_5_load, i32 %local_6_load, i32 %local_7_load, i3 %trunc_ln176" [ekf_core.cpp:178]   --->   Operation 46 'mux' 'tmp_s' <Predicate = (!icmp_ln176)> <Delay = 0.72> <CoreInst = "Multiplexer">   --->   Core 76 'Multiplexer' <Latency = 0> <II = 1> <Delay = 0.72> <FuncUnit> <Opcode : 'mux'> <InPorts = 2> <OutPorts = 1>
ST_2 : Operation 53 [1/1] (0.00ns)   --->   "%ret_ln0 = ret"   --->   Operation 53 'ret' 'ret_ln0' <Predicate = (icmp_ln176)> <Delay = 0.00>

State 3 <SV = 2> <Delay = 7.30>
ST_3 : Operation 47 [1/1] (0.00ns)   --->   "%specpipeline_ln177 = specpipeline void @_ssdm_op_SpecPipeline, i32 1, i32 0, i32 0, i32 0, void @empty_30" [ekf_core.cpp:177]   --->   Operation 47 'specpipeline' 'specpipeline_ln177' <Predicate = true> <Delay = 0.00>
ST_3 : Operation 48 [1/1] (0.00ns)   --->   "%speclooptripcount_ln176 = speclooptripcount void @_ssdm_op_SpecLoopTripCount, i64 98, i64 98, i64 98" [ekf_core.cpp:176]   --->   Operation 48 'speclooptripcount' 'speclooptripcount_ln176' <Predicate = true> <Delay = 0.00>
ST_3 : Operation 49 [1/1] (0.00ns)   --->   "%specloopname_ln176 = specloopname void @_ssdm_op_SpecLoopName, void @empty_28" [ekf_core.cpp:176]   --->   Operation 49 'specloopname' 'specloopname_ln176' <Predicate = true> <Delay = 0.00>
ST_3 : Operation 50 [1/1] (0.00ns)   --->   "%bitcast_ln178 = bitcast i32 %tmp_s" [ekf_core.cpp:178]   --->   Operation 50 'bitcast' 'bitcast_ln178' <Predicate = true> <Delay = 0.00>
ST_3 : Operation 51 [1/1] (7.30ns)   --->   "%write_ln178 = write void @_ssdm_op_Write.m_axi.p1i32, i64 %gmem0_addr, i32 %bitcast_ln178, i4 15" [ekf_core.cpp:178]   --->   Operation 51 'write' 'write_ln178' <Predicate = true> <Delay = 7.30> <CoreInst = "m_axi">   --->   Core 121 'm_axi' <Latency = 0> <II = 1> <Delay = 1.00> <Adapter> <Opcode : 'read' 'write' 'readreq' 'writereq' 'writeresp'>
ST_3 : Operation 52 [1/1] (0.00ns)   --->   "%br_ln176 = br void %for.inc136" [ekf_core.cpp:176]   --->   Operation 52 'br' 'br_ln176' <Predicate = true> <Delay = 0.00>


============================================================
+ Verbose Summary: Binding
============================================================
STG Binding: 
---------------- STG Properties BEGIN ----------------
- Is combinational: 0
- Is one-state seq: 0
- Is datapath-only: 0
- Is pipelined: 0
- Is top level: 0
Port [ Return ] is wired: 1; IO mode=ap_ctrl_hs:ce=0
Port [ gmem0]:  wired=1; compound=1; hidden=0; nouse=0; global=0; static=0; extern=0; dir=1; type=4; pingpong=0; private_global=0; IO mode=m_axi:ce=0
Port [ sext_ln148]:  wired=1; compound=0; hidden=0; nouse=0; global=0; static=0; extern=0; dir=0; type=0; pingpong=0; private_global=0; IO mode=ap_none:ce=0
Port [ local]:  wired=1; compound=1; hidden=0; nouse=0; global=0; static=0; extern=0; dir=0; type=1; pingpong=0; private_global=0; MemPort=[13]; IO mode=ap_memory:ce=0
Port [ local_1]:  wired=1; compound=1; hidden=0; nouse=0; global=0; static=0; extern=0; dir=0; type=1; pingpong=0; private_global=0; MemPort=[13]; IO mode=ap_memory:ce=0
Port [ local_2]:  wired=1; compound=1; hidden=0; nouse=0; global=0; static=0; extern=0; dir=0; type=1; pingpong=0; private_global=0; MemPort=[13]; IO mode=ap_memory:ce=0
Port [ local_3]:  wired=1; compound=1; hidden=0; nouse=0; global=0; static=0; extern=0; dir=0; type=1; pingpong=0; private_global=0; MemPort=[13]; IO mode=ap_memory:ce=0
Port [ local_4]:  wired=1; compound=1; hidden=0; nouse=0; global=0; static=0; extern=0; dir=0; type=1; pingpong=0; private_global=0; MemPort=[13]; IO mode=ap_memory:ce=0
Port [ local_5]:  wired=1; compound=1; hidden=0; nouse=0; global=0; static=0; extern=0; dir=0; type=1; pingpong=0; private_global=0; MemPort=[13]; IO mode=ap_memory:ce=0
Port [ local_6]:  wired=1; compound=1; hidden=0; nouse=0; global=0; static=0; extern=0; dir=0; type=1; pingpong=0; private_global=0; MemPort=[13]; IO mode=ap_memory:ce=0
Port [ local_7]:  wired=1; compound=1; hidden=0; nouse=0; global=0; static=0; extern=0; dir=0; type=1; pingpong=0; private_global=0; MemPort=[13]; IO mode=ap_memory:ce=0
---------------- STG Properties END ------------------

---------------- Datapath Model BEGIN ----------------

<LifeTime>
<method=bitvector/>
i                       (alloca           ) [ 0100]
sext_ln148_read         (read             ) [ 0000]
sext_ln148_cast         (sext             ) [ 0110]
specinterface_ln0       (specinterface    ) [ 0000]
store_ln0               (store            ) [ 0000]
br_ln0                  (br               ) [ 0000]
i_7                     (load             ) [ 0000]
icmp_ln176              (icmp             ) [ 0110]
add_ln176               (add              ) [ 0000]
br_ln176                (br               ) [ 0000]
trunc_ln176             (trunc            ) [ 0110]
lshr_ln4                (partselect       ) [ 0000]
zext_ln176              (zext             ) [ 0000]
local_addr              (getelementptr    ) [ 0110]
local_1_addr            (getelementptr    ) [ 0110]
local_2_addr            (getelementptr    ) [ 0110]
local_3_addr            (getelementptr    ) [ 0110]
local_4_addr            (getelementptr    ) [ 0110]
local_5_addr            (getelementptr    ) [ 0110]
local_6_addr            (getelementptr    ) [ 0110]
local_7_addr            (getelementptr    ) [ 0110]
store_ln176             (store            ) [ 0000]
specbitsmap_ln0         (specbitsmap      ) [ 0000]
gmem0_addr              (getelementptr    ) [ 0101]
local_load              (load             ) [ 0000]
local_1_load            (load             ) [ 0000]
local_2_load            (load             ) [ 0000]
local_3_load            (load             ) [ 0000]
local_4_load            (load             ) [ 0000]
local_5_load            (load             ) [ 0000]
local_6_load            (load             ) [ 0000]
local_7_load            (load             ) [ 0000]
tmp_s                   (mux              ) [ 0101]
specpipeline_ln177      (specpipeline     ) [ 0000]
speclooptripcount_ln176 (speclooptripcount) [ 0000]
specloopname_ln176      (specloopname     ) [ 0000]
bitcast_ln178           (bitcast          ) [ 0000]
write_ln178             (write            ) [ 0000]
br_ln176                (br               ) [ 0000]
ret_ln0                 (ret              ) [ 0000]
</LifeTime>

<model>

<comp_list>
<comp id="0" class="1000" name="gmem0">
<pin_list>
<pin id="1" dir="1" index="0" bw="1" slack="0"/>
</pin_list>
<bind>
<StgValue><ssdm name="gmem0"/></StgValue>
</bind>
</comp>

<comp id="2" class="1000" name="sext_ln148">
<pin_list>
<pin id="3" dir="1" index="0" bw="1" slack="0"/>
</pin_list>
<bind>
<StgValue><ssdm name="sext_ln148"/></StgValue>
</bind>
</comp>

<comp id="4" class="1000" name="local">
<pin_list>
<pin id="5" dir="1" index="0" bw="1" slack="0"/>
</pin_list>
<bind>
<StgValue><ssdm name="local"/><MemPortTyVec>1 3 </MemPortTyVec>
</StgValue>
</bind>
</comp>

<comp id="6" class="1000" name="local_1">
<pin_list>
<pin id="7" dir="1" index="0" bw="1" slack="0"/>
</pin_list>
<bind>
<StgValue><ssdm name="local_1"/><MemPortTyVec>1 3 </MemPortTyVec>
</StgValue>
</bind>
</comp>

<comp id="8" class="1000" name="local_2">
<pin_list>
<pin id="9" dir="1" index="0" bw="1" slack="0"/>
</pin_list>
<bind>
<StgValue><ssdm name="local_2"/><MemPortTyVec>1 3 </MemPortTyVec>
</StgValue>
</bind>
</comp>

<comp id="10" class="1000" name="local_3">
<pin_list>
<pin id="11" dir="1" index="0" bw="1" slack="0"/>
</pin_list>
<bind>
<StgValue><ssdm name="local_3"/><MemPortTyVec>1 3 </MemPortTyVec>
</StgValue>
</bind>
</comp>

<comp id="12" class="1000" name="local_4">
<pin_list>
<pin id="13" dir="1" index="0" bw="1" slack="0"/>
</pin_list>
<bind>
<StgValue><ssdm name="local_4"/><MemPortTyVec>1 3 </MemPortTyVec>
</StgValue>
</bind>
</comp>

<comp id="14" class="1000" name="local_5">
<pin_list>
<pin id="15" dir="1" index="0" bw="1" slack="0"/>
</pin_list>
<bind>
<StgValue><ssdm name="local_5"/><MemPortTyVec>1 3 </MemPortTyVec>
</StgValue>
</bind>
</comp>

<comp id="16" class="1000" name="local_6">
<pin_list>
<pin id="17" dir="1" index="0" bw="1" slack="0"/>
</pin_list>
<bind>
<StgValue><ssdm name="local_6"/><MemPortTyVec>1 3 </MemPortTyVec>
</StgValue>
</bind>
</comp>

<comp id="18" class="1000" name="local_7">
<pin_list>
<pin id="19" dir="1" index="0" bw="1" slack="0"/>
</pin_list>
<bind>
<StgValue><ssdm name="local_7"/><MemPortTyVec>1 3 </MemPortTyVec>
</StgValue>
</bind>
</comp>

<comp id="20" class="1001" name="const_20">
<pin_list>
<pin id="21" dir="1" index="0" bw="1" slack="0"/>
</pin_list>
<bind>
<StgValue><ssdm name=""/></StgValue>
</bind>
</comp>

<comp id="22" class="1001" name="const_22">
<pin_list>
<pin id="23" dir="1" index="0" bw="1" slack="0"/>
</pin_list>
<bind>
<StgValue><ssdm name="_ssdm_op_Read.ap_auto.i62"/></StgValue>
</bind>
</comp>

<comp id="24" class="1001" name="const_24">
<pin_list>
<pin id="25" dir="1" index="0" bw="1" slack="2147483647"/>
</pin_list>
<bind>
<StgValue><ssdm name="_ssdm_op_SpecInterface"/></StgValue>
</bind>
</comp>

<comp id="26" class="1001" name="const_26">
<pin_list>
<pin id="27" dir="1" index="0" bw="1" slack="2147483647"/>
</pin_list>
<bind>
<StgValue><ssdm name="empty_20"/></StgValue>
</bind>
</comp>

<comp id="28" class="1001" name="const_28">
<pin_list>
<pin id="29" dir="1" index="0" bw="1" slack="2147483647"/>
</pin_list>
<bind>
<StgValue><ssdm name=""/></StgValue>
</bind>
</comp>

<comp id="30" class="1001" name="const_30">
<pin_list>
<pin id="31" dir="1" index="0" bw="1" slack="2147483647"/>
</pin_list>
<bind>
<StgValue><ssdm name="empty_30"/></StgValue>
</bind>
</comp>

<comp id="32" class="1001" name="const_32">
<pin_list>
<pin id="33" dir="1" index="0" bw="1" slack="2147483647"/>
</pin_list>
<bind>
<StgValue><ssdm name=""/></StgValue>
</bind>
</comp>

<comp id="34" class="1001" name="const_34">
<pin_list>
<pin id="35" dir="1" index="0" bw="1" slack="2147483647"/>
</pin_list>
<bind>
<StgValue><ssdm name="empty_31"/></StgValue>
</bind>
</comp>

<comp id="36" class="1001" name="const_36">
<pin_list>
<pin id="37" dir="1" index="0" bw="1" slack="2147483647"/>
</pin_list>
<bind>
<StgValue><ssdm name="empty_33"/></StgValue>
</bind>
</comp>

<comp id="38" class="1001" name="const_38">
<pin_list>
<pin id="39" dir="1" index="0" bw="1" slack="2147483647"/>
</pin_list>
<bind>
<StgValue><ssdm name=""/></StgValue>
</bind>
</comp>

<comp id="40" class="1001" name="const_40">
<pin_list>
<pin id="41" dir="1" index="0" bw="1" slack="2147483647"/>
</pin_list>
<bind>
<StgValue><ssdm name=""/></StgValue>
</bind>
</comp>

<comp id="42" class="1001" name="const_42">
<pin_list>
<pin id="43" dir="1" index="0" bw="1" slack="0"/>
</pin_list>
<bind>
<StgValue><ssdm name=""/></StgValue>
</bind>
</comp>

<comp id="44" class="1001" name="const_44">
<pin_list>
<pin id="45" dir="1" index="0" bw="1" slack="0"/>
</pin_list>
<bind>
<StgValue><ssdm name=""/></StgValue>
</bind>
</comp>

<comp id="46" class="1001" name="const_46">
<pin_list>
<pin id="47" dir="1" index="0" bw="1" slack="0"/>
</pin_list>
<bind>
<StgValue><ssdm name=""/></StgValue>
</bind>
</comp>

<comp id="48" class="1001" name="const_48">
<pin_list>
<pin id="49" dir="1" index="0" bw="1" slack="0"/>
</pin_list>
<bind>
<StgValue><ssdm name="_ssdm_op_PartSelect.i4.i7.i32.i32"/></StgValue>
</bind>
</comp>

<comp id="50" class="1001" name="const_50">
<pin_list>
<pin id="51" dir="1" index="0" bw="1" slack="0"/>
</pin_list>
<bind>
<StgValue><ssdm name=""/></StgValue>
</bind>
</comp>

<comp id="52" class="1001" name="const_52">
<pin_list>
<pin id="53" dir="1" index="0" bw="1" slack="0"/>
</pin_list>
<bind>
<StgValue><ssdm name=""/></StgValue>
</bind>
</comp>

<comp id="54" class="1001" name="const_54">
<pin_list>
<pin id="55" dir="1" index="0" bw="1" slack="0"/>
</pin_list>
<bind>
<StgValue><ssdm name=""/></StgValue>
</bind>
</comp>

<comp id="56" class="1001" name="const_56">
<pin_list>
<pin id="57" dir="1" index="0" bw="1" slack="2147483647"/>
</pin_list>
<bind>
<StgValue><ssdm name="_ssdm_op_SpecBitsMap"/></StgValue>
</bind>
</comp>

<comp id="58" class="1001" name="const_58">
<pin_list>
<pin id="59" dir="1" index="0" bw="1" slack="0"/>
</pin_list>
<bind>
<StgValue><ssdm name="_ssdm_op_Mux.ap_auto.8float.i3"/></StgValue>
</bind>
</comp>

<comp id="60" class="1001" name="const_60">
<pin_list>
<pin id="61" dir="1" index="0" bw="1" slack="2147483647"/>
</pin_list>
<bind>
<StgValue><ssdm name="_ssdm_op_SpecPipeline"/></StgValue>
</bind>
</comp>

<comp id="62" class="1001" name="const_62">
<pin_list>
<pin id="63" dir="1" index="0" bw="1" slack="2147483647"/>
</pin_list>
<bind>
<StgValue><ssdm name="_ssdm_op_SpecLoopTripCount"/></StgValue>
</bind>
</comp>

<comp id="64" class="1001" name="const_64">
<pin_list>
<pin id="65" dir="1" index="0" bw="1" slack="2147483647"/>
</pin_list>
<bind>
<StgValue><ssdm name=""/></StgValue>
</bind>
</comp>

<comp id="66" class="1001" name="const_66">
<pin_list>
<pin id="67" dir="1" index="0" bw="1" slack="2147483647"/>
</pin_list>
<bind>
<StgValue><ssdm name="_ssdm_op_SpecLoopName"/></StgValue>
</bind>
</comp>

<comp id="68" class="1001" name="const_68">
<pin_list>
<pin id="69" dir="1" index="0" bw="1" slack="2147483647"/>
</pin_list>
<bind>
<StgValue><ssdm name="empty_28"/></StgValue>
</bind>
</comp>

<comp id="70" class="1001" name="const_70">
<pin_list>
<pin id="71" dir="1" index="0" bw="1" slack="0"/>
</pin_list>
<bind>
<StgValue><ssdm name="_ssdm_op_Write.m_axi.p1i32"/></StgValue>
</bind>
</comp>

<comp id="72" class="1001" name="const_72">
<pin_list>
<pin id="73" dir="1" index="0" bw="1" slack="0"/>
</pin_list>
<bind>
<StgValue><ssdm name=""/></StgValue>
</bind>
</comp>

<comp id="74" class="1004" name="i_fu_74">
<pin_list>
<pin id="75" dir="0" index="0" bw="1" slack="0"/>
<pin id="76" dir="1" index="1" bw="7" slack="0"/>
</pin_list>
<bind>
<opcode="alloca(26) " fcode="alloca"/>
<opset="i/1 "/>
</bind>
</comp>

<comp id="78" class="1004" name="sext_ln148_read_read_fu_78">
<pin_list>
<pin id="79" dir="0" index="0" bw="62" slack="0"/>
<pin id="80" dir="0" index="1" bw="62" slack="0"/>
<pin id="81" dir="1" index="2" bw="62" slack="0"/>
</pin_list>
<bind>
<opcode="read(1150) " fcode="read"/>
<opset="sext_ln148_read/1 "/>
</bind>
</comp>

<comp id="84" class="1004" name="write_ln178_write_fu_84">
<pin_list>
<pin id="85" dir="0" index="0" bw="0" slack="0"/>
<pin id="86" dir="0" index="1" bw="32" slack="1"/>
<pin id="87" dir="0" index="2" bw="32" slack="0"/>
<pin id="88" dir="0" index="3" bw="1" slack="0"/>
<pin id="89" dir="1" index="4" bw="0" slack="2147483647"/>
</pin_list>
<bind>
<opcode="write(1151) " fcode="write"/>
<opset="write_ln178/3 "/>
</bind>
</comp>

<comp id="92" class="1004" name="local_addr_gep_fu_92">
<pin_list>
<pin id="93" dir="0" index="0" bw="32" slack="0"/>
<pin id="94" dir="0" index="1" bw="1" slack="0"/>
<pin id="95" dir="0" index="2" bw="4" slack="0"/>
<pin id="96" dir="1" index="3" bw="4" slack="0"/>
</pin_list>
<bind>
<opcode="getelementptr(29) " fcode="getelementptr"/>
<opset="local_addr/1 "/>
</bind>
</comp>

<comp id="99" class="1004" name="local_1_addr_gep_fu_99">
<pin_list>
<pin id="100" dir="0" index="0" bw="32" slack="0"/>
<pin id="101" dir="0" index="1" bw="1" slack="0"/>
<pin id="102" dir="0" index="2" bw="4" slack="0"/>
<pin id="103" dir="1" index="3" bw="4" slack="0"/>
</pin_list>
<bind>
<opcode="getelementptr(29) " fcode="getelementptr"/>
<opset="local_1_addr/1 "/>
</bind>
</comp>

<comp id="106" class="1004" name="local_2_addr_gep_fu_106">
<pin_list>
<pin id="107" dir="0" index="0" bw="32" slack="0"/>
<pin id="108" dir="0" index="1" bw="1" slack="0"/>
<pin id="109" dir="0" index="2" bw="4" slack="0"/>
<pin id="110" dir="1" index="3" bw="4" slack="0"/>
</pin_list>
<bind>
<opcode="getelementptr(29) " fcode="getelementptr"/>
<opset="local_2_addr/1 "/>
</bind>
</comp>

<comp id="113" class="1004" name="local_3_addr_gep_fu_113">
<pin_list>
<pin id="114" dir="0" index="0" bw="32" slack="0"/>
<pin id="115" dir="0" index="1" bw="1" slack="0"/>
<pin id="116" dir="0" index="2" bw="4" slack="0"/>
<pin id="117" dir="1" index="3" bw="4" slack="0"/>
</pin_list>
<bind>
<opcode="getelementptr(29) " fcode="getelementptr"/>
<opset="local_3_addr/1 "/>
</bind>
</comp>

<comp id="120" class="1004" name="local_4_addr_gep_fu_120">
<pin_list>
<pin id="121" dir="0" index="0" bw="32" slack="0"/>
<pin id="122" dir="0" index="1" bw="1" slack="0"/>
<pin id="123" dir="0" index="2" bw="4" slack="0"/>
<pin id="124" dir="1" index="3" bw="4" slack="0"/>
</pin_list>
<bind>
<opcode="getelementptr(29) " fcode="getelementptr"/>
<opset="local_4_addr/1 "/>
</bind>
</comp>

<comp id="127" class="1004" name="local_5_addr_gep_fu_127">
<pin_list>
<pin id="128" dir="0" index="0" bw="32" slack="0"/>
<pin id="129" dir="0" index="1" bw="1" slack="0"/>
<pin id="130" dir="0" index="2" bw="4" slack="0"/>
<pin id="131" dir="1" index="3" bw="4" slack="0"/>
</pin_list>
<bind>
<opcode="getelementptr(29) " fcode="getelementptr"/>
<opset="local_5_addr/1 "/>
</bind>
</comp>

<comp id="134" class="1004" name="local_6_addr_gep_fu_134">
<pin_list>
<pin id="135" dir="0" index="0" bw="32" slack="0"/>
<pin id="136" dir="0" index="1" bw="1" slack="0"/>
<pin id="137" dir="0" index="2" bw="4" slack="0"/>
<pin id="138" dir="1" index="3" bw="4" slack="0"/>
</pin_list>
<bind>
<opcode="getelementptr(29) " fcode="getelementptr"/>
<opset="local_6_addr/1 "/>
</bind>
</comp>

<comp id="141" class="1004" name="local_7_addr_gep_fu_141">
<pin_list>
<pin id="142" dir="0" index="0" bw="32" slack="0"/>
<pin id="143" dir="0" index="1" bw="1" slack="0"/>
<pin id="144" dir="0" index="2" bw="4" slack="0"/>
<pin id="145" dir="1" index="3" bw="4" slack="0"/>
</pin_list>
<bind>
<opcode="getelementptr(29) " fcode="getelementptr"/>
<opset="local_7_addr/1 "/>
</bind>
</comp>

<comp id="148" class="1004" name="grp_access_fu_148">
<pin_list>
<pin id="149" dir="0" index="0" bw="4" slack="0"/>
<pin id="150" dir="0" index="1" bw="32" slack="2147483647"/>
<pin id="151" dir="0" index="2" bw="0" slack="2147483647"/>
<pin id="152" dir="1" index="3" bw="32" slack="0"/>
</pin_list>
<bind>
<opcode="load(27) " fcode="load"/>
<opset="local_load/1 "/>
</bind>
</comp>

<comp id="154" class="1004" name="grp_access_fu_154">
<pin_list>
<pin id="155" dir="0" index="0" bw="4" slack="0"/>
<pin id="156" dir="0" index="1" bw="32" slack="2147483647"/>
<pin id="157" dir="0" index="2" bw="0" slack="2147483647"/>
<pin id="158" dir="1" index="3" bw="32" slack="0"/>
</pin_list>
<bind>
<opcode="load(27) " fcode="load"/>
<opset="local_1_load/1 "/>
</bind>
</comp>

<comp id="160" class="1004" name="grp_access_fu_160">
<pin_list>
<pin id="161" dir="0" index="0" bw="4" slack="0"/>
<pin id="162" dir="0" index="1" bw="32" slack="2147483647"/>
<pin id="163" dir="0" index="2" bw="0" slack="2147483647"/>
<pin id="164" dir="1" index="3" bw="32" slack="0"/>
</pin_list>
<bind>
<opcode="load(27) " fcode="load"/>
<opset="local_2_load/1 "/>
</bind>
</comp>

<comp id="166" class="1004" name="grp_access_fu_166">
<pin_list>
<pin id="167" dir="0" index="0" bw="4" slack="0"/>
<pin id="168" dir="0" index="1" bw="32" slack="2147483647"/>
<pin id="169" dir="0" index="2" bw="0" slack="2147483647"/>
<pin id="170" dir="1" index="3" bw="32" slack="0"/>
</pin_list>
<bind>
<opcode="load(27) " fcode="load"/>
<opset="local_3_load/1 "/>
</bind>
</comp>

<comp id="172" class="1004" name="grp_access_fu_172">
<pin_list>
<pin id="173" dir="0" index="0" bw="4" slack="0"/>
<pin id="174" dir="0" index="1" bw="32" slack="2147483647"/>
<pin id="175" dir="0" index="2" bw="0" slack="2147483647"/>
<pin id="176" dir="1" index="3" bw="32" slack="0"/>
</pin_list>
<bind>
<opcode="load(27) " fcode="load"/>
<opset="local_4_load/1 "/>
</bind>
</comp>

<comp id="178" class="1004" name="grp_access_fu_178">
<pin_list>
<pin id="179" dir="0" index="0" bw="4" slack="0"/>
<pin id="180" dir="0" index="1" bw="32" slack="2147483647"/>
<pin id="181" dir="0" index="2" bw="0" slack="2147483647"/>
<pin id="182" dir="1" index="3" bw="32" slack="0"/>
</pin_list>
<bind>
<opcode="load(27) " fcode="load"/>
<opset="local_5_load/1 "/>
</bind>
</comp>

<comp id="184" class="1004" name="grp_access_fu_184">
<pin_list>
<pin id="185" dir="0" index="0" bw="4" slack="0"/>
<pin id="186" dir="0" index="1" bw="32" slack="2147483647"/>
<pin id="187" dir="0" index="2" bw="0" slack="2147483647"/>
<pin id="188" dir="1" index="3" bw="32" slack="0"/>
</pin_list>
<bind>
<opcode="load(27) " fcode="load"/>
<opset="local_6_load/1 "/>
</bind>
</comp>

<comp id="190" class="1004" name="grp_access_fu_190">
<pin_list>
<pin id="191" dir="0" index="0" bw="4" slack="0"/>
<pin id="192" dir="0" index="1" bw="32" slack="2147483647"/>
<pin id="193" dir="0" index="2" bw="0" slack="2147483647"/>
<pin id="194" dir="1" index="3" bw="32" slack="0"/>
</pin_list>
<bind>
<opcode="load(27) " fcode="load"/>
<opset="local_7_load/1 "/>
</bind>
</comp>

<comp id="196" class="1004" name="sext_ln148_cast_fu_196">
<pin_list>
<pin id="197" dir="0" index="0" bw="62" slack="0"/>
<pin id="198" dir="1" index="1" bw="64" slack="1"/>
</pin_list>
<bind>
<opcode="sext(35) " fcode="sext"/>
<opset="sext_ln148_cast/1 "/>
</bind>
</comp>

<comp id="200" class="1004" name="store_ln0_store_fu_200">
<pin_list>
<pin id="201" dir="0" index="0" bw="1" slack="0"/>
<pin id="202" dir="0" index="1" bw="7" slack="0"/>
<pin id="203" dir="1" index="2" bw="0" slack="2147483647"/>
</pin_list>
<bind>
<opcode="store(28) " fcode="store"/>
<opset="store_ln0/1 "/>
</bind>
</comp>

<comp id="205" class="1004" name="i_7_load_fu_205">
<pin_list>
<pin id="206" dir="0" index="0" bw="7" slack="0"/>
<pin id="207" dir="1" index="1" bw="7" slack="0"/>
</pin_list>
<bind>
<opcode="load(27) " fcode="load"/>
<opset="i_7/1 "/>
</bind>
</comp>

<comp id="208" class="1004" name="icmp_ln176_fu_208">
<pin_list>
<pin id="209" dir="0" index="0" bw="7" slack="0"/>
<pin id="210" dir="0" index="1" bw="7" slack="0"/>
<pin id="211" dir="1" index="2" bw="1" slack="1"/>
</pin_list>
<bind>
<opcode="icmp(45) " fcode="icmp"/>
<opset="icmp_ln176/1 "/>
</bind>
</comp>

<comp id="214" class="1004" name="add_ln176_fu_214">
<pin_list>
<pin id="215" dir="0" index="0" bw="7" slack="0"/>
<pin id="216" dir="0" index="1" bw="1" slack="0"/>
<pin id="217" dir="1" index="2" bw="7" slack="0"/>
</pin_list>
<bind>
<opcode="add(8) " fcode="add"/>
<opset="add_ln176/1 "/>
</bind>
</comp>

<comp id="220" class="1004" name="trunc_ln176_fu_220">
<pin_list>
<pin id="221" dir="0" index="0" bw="7" slack="0"/>
<pin id="222" dir="1" index="1" bw="3" slack="1"/>
</pin_list>
<bind>
<opcode="trunc(33) " fcode="trunc"/>
<opset="trunc_ln176/1 "/>
</bind>
</comp>

<comp id="224" class="1004" name="lshr_ln4_fu_224">
<pin_list>
<pin id="225" dir="0" index="0" bw="4" slack="0"/>
<pin id="226" dir="0" index="1" bw="7" slack="0"/>
<pin id="227" dir="0" index="2" bw="3" slack="0"/>
<pin id="228" dir="0" index="3" bw="4" slack="0"/>
<pin id="229" dir="1" index="4" bw="4" slack="0"/>
</pin_list>
<bind>
<opcode="partselect(1002) " fcode="partselect"/>
<opset="lshr_ln4/1 "/>
</bind>
</comp>

<comp id="234" class="1004" name="zext_ln176_fu_234">
<pin_list>
<pin id="235" dir="0" index="0" bw="4" slack="0"/>
<pin id="236" dir="1" index="1" bw="64" slack="0"/>
</pin_list>
<bind>
<opcode="zext(34) " fcode="zext"/>
<opset="zext_ln176/1 "/>
</bind>
</comp>

<comp id="246" class="1004" name="store_ln176_store_fu_246">
<pin_list>
<pin id="247" dir="0" index="0" bw="7" slack="0"/>
<pin id="248" dir="0" index="1" bw="7" slack="0"/>
<pin id="249" dir="1" index="2" bw="0" slack="2147483647"/>
</pin_list>
<bind>
<opcode="store(28) " fcode="store"/>
<opset="store_ln176/1 "/>
</bind>
</comp>

<comp id="251" class="1004" name="gmem0_addr_fu_251">
<pin_list>
<pin id="252" dir="0" index="0" bw="64" slack="0"/>
<pin id="253" dir="0" index="1" bw="64" slack="1"/>
<pin id="254" dir="1" index="2" bw="64" slack="1"/>
</pin_list>
<bind>
<opcode="getelementptr(29) " fcode="getelementptr"/>
<opset="gmem0_addr/2 "/>
</bind>
</comp>

<comp id="256" class="1004" name="tmp_s_fu_256">
<pin_list>
<pin id="257" dir="0" index="0" bw="32" slack="0"/>
<pin id="258" dir="0" index="1" bw="32" slack="0"/>
<pin id="259" dir="0" index="2" bw="32" slack="0"/>
<pin id="260" dir="0" index="3" bw="32" slack="0"/>
<pin id="261" dir="0" index="4" bw="32" slack="0"/>
<pin id="262" dir="0" index="5" bw="32" slack="0"/>
<pin id="263" dir="0" index="6" bw="32" slack="0"/>
<pin id="264" dir="0" index="7" bw="32" slack="0"/>
<pin id="265" dir="0" index="8" bw="32" slack="0"/>
<pin id="266" dir="0" index="9" bw="3" slack="1"/>
<pin id="267" dir="1" index="10" bw="32" slack="1"/>
</pin_list>
<bind>
<opcode="mux(1196) " fcode="mux"/>
<opset="tmp_s/2 "/>
</bind>
</comp>

<comp id="277" class="1004" name="bitcast_ln178_fu_277">
<pin_list>
<pin id="278" dir="0" index="0" bw="32" slack="1"/>
<pin id="279" dir="1" index="1" bw="32" slack="0"/>
</pin_list>
<bind>
<opcode="bitcast(44) " fcode="bitcast"/>
<opset="bitcast_ln178/3 "/>
</bind>
</comp>

<comp id="281" class="1005" name="i_reg_281">
<pin_list>
<pin id="282" dir="0" index="0" bw="7" slack="0"/>
<pin id="283" dir="1" index="1" bw="7" slack="0"/>
</pin_list>
<bind>
<opset="i "/>
</bind>
</comp>

<comp id="288" class="1005" name="sext_ln148_cast_reg_288">
<pin_list>
<pin id="289" dir="0" index="0" bw="64" slack="1"/>
<pin id="290" dir="1" index="1" bw="64" slack="1"/>
</pin_list>
<bind>
<opset="sext_ln148_cast "/>
</bind>
</comp>

<comp id="293" class="1005" name="icmp_ln176_reg_293">
<pin_list>
<pin id="294" dir="0" index="0" bw="1" slack="1"/>
<pin id="295" dir="1" index="1" bw="1" slack="2147483647"/>
</pin_list>
<bind>
<opset="icmp_ln176 "/>
</bind>
</comp>

<comp id="297" class="1005" name="trunc_ln176_reg_297">
<pin_list>
<pin id="298" dir="0" index="0" bw="3" slack="1"/>
<pin id="299" dir="1" index="1" bw="3" slack="1"/>
</pin_list>
<bind>
<opset="trunc_ln176 "/>
</bind>
</comp>

<comp id="302" class="1005" name="local_addr_reg_302">
<pin_list>
<pin id="303" dir="0" index="0" bw="4" slack="1"/>
<pin id="304" dir="1" index="1" bw="4" slack="1"/>
</pin_list>
<bind>
<opset="local_addr "/>
</bind>
</comp>

<comp id="307" class="1005" name="local_1_addr_reg_307">
<pin_list>
<pin id="308" dir="0" index="0" bw="4" slack="1"/>
<pin id="309" dir="1" index="1" bw="4" slack="1"/>
</pin_list>
<bind>
<opset="local_1_addr "/>
</bind>
</comp>

<comp id="312" class="1005" name="local_2_addr_reg_312">
<pin_list>
<pin id="313" dir="0" index="0" bw="4" slack="1"/>
<pin id="314" dir="1" index="1" bw="4" slack="1"/>
</pin_list>
<bind>
<opset="local_2_addr "/>
</bind>
</comp>

<comp id="317" class="1005" name="local_3_addr_reg_317">
<pin_list>
<pin id="318" dir="0" index="0" bw="4" slack="1"/>
<pin id="319" dir="1" index="1" bw="4" slack="1"/>
</pin_list>
<bind>
<opset="local_3_addr "/>
</bind>
</comp>

<comp id="322" class="1005" name="local_4_addr_reg_322">
<pin_list>
<pin id="323" dir="0" index="0" bw="4" slack="1"/>
<pin id="324" dir="1" index="1" bw="4" slack="1"/>
</pin_list>
<bind>
<opset="local_4_addr "/>
</bind>
</comp>

<comp id="327" class="1005" name="local_5_addr_reg_327">
<pin_list>
<pin id="328" dir="0" index="0" bw="4" slack="1"/>
<pin id="329" dir="1" index="1" bw="4" slack="1"/>
</pin_list>
<bind>
<opset="local_5_addr "/>
</bind>
</comp>

<comp id="332" class="1005" name="local_6_addr_reg_332">
<pin_list>
<pin id="333" dir="0" index="0" bw="4" slack="1"/>
<pin id="334" dir="1" index="1" bw="4" slack="1"/>
</pin_list>
<bind>
<opset="local_6_addr "/>
</bind>
</comp>

<comp id="337" class="1005" name="local_7_addr_reg_337">
<pin_list>
<pin id="338" dir="0" index="0" bw="4" slack="1"/>
<pin id="339" dir="1" index="1" bw="4" slack="1"/>
</pin_list>
<bind>
<opset="local_7_addr "/>
</bind>
</comp>

<comp id="342" class="1005" name="gmem0_addr_reg_342">
<pin_list>
<pin id="343" dir="0" index="0" bw="32" slack="1"/>
<pin id="344" dir="1" index="1" bw="32" slack="1"/>
</pin_list>
<bind>
<opset="gmem0_addr "/>
</bind>
</comp>

<comp id="347" class="1005" name="tmp_s_reg_347">
<pin_list>
<pin id="348" dir="0" index="0" bw="32" slack="1"/>
<pin id="349" dir="1" index="1" bw="32" slack="1"/>
</pin_list>
<bind>
<opset="tmp_s "/>
</bind>
</comp>

</comp_list>

<net_list>
<net id="77"><net_src comp="20" pin="0"/><net_sink comp="74" pin=0"/></net>

<net id="82"><net_src comp="22" pin="0"/><net_sink comp="78" pin=0"/></net>

<net id="83"><net_src comp="2" pin="0"/><net_sink comp="78" pin=1"/></net>

<net id="90"><net_src comp="70" pin="0"/><net_sink comp="84" pin=0"/></net>

<net id="91"><net_src comp="72" pin="0"/><net_sink comp="84" pin=3"/></net>

<net id="97"><net_src comp="4" pin="0"/><net_sink comp="92" pin=0"/></net>

<net id="98"><net_src comp="54" pin="0"/><net_sink comp="92" pin=1"/></net>

<net id="104"><net_src comp="6" pin="0"/><net_sink comp="99" pin=0"/></net>

<net id="105"><net_src comp="54" pin="0"/><net_sink comp="99" pin=1"/></net>

<net id="111"><net_src comp="8" pin="0"/><net_sink comp="106" pin=0"/></net>

<net id="112"><net_src comp="54" pin="0"/><net_sink comp="106" pin=1"/></net>

<net id="118"><net_src comp="10" pin="0"/><net_sink comp="113" pin=0"/></net>

<net id="119"><net_src comp="54" pin="0"/><net_sink comp="113" pin=1"/></net>

<net id="125"><net_src comp="12" pin="0"/><net_sink comp="120" pin=0"/></net>

<net id="126"><net_src comp="54" pin="0"/><net_sink comp="120" pin=1"/></net>

<net id="132"><net_src comp="14" pin="0"/><net_sink comp="127" pin=0"/></net>

<net id="133"><net_src comp="54" pin="0"/><net_sink comp="127" pin=1"/></net>

<net id="139"><net_src comp="16" pin="0"/><net_sink comp="134" pin=0"/></net>

<net id="140"><net_src comp="54" pin="0"/><net_sink comp="134" pin=1"/></net>

<net id="146"><net_src comp="18" pin="0"/><net_sink comp="141" pin=0"/></net>

<net id="147"><net_src comp="54" pin="0"/><net_sink comp="141" pin=1"/></net>

<net id="153"><net_src comp="92" pin="3"/><net_sink comp="148" pin=0"/></net>

<net id="159"><net_src comp="99" pin="3"/><net_sink comp="154" pin=0"/></net>

<net id="165"><net_src comp="106" pin="3"/><net_sink comp="160" pin=0"/></net>

<net id="171"><net_src comp="113" pin="3"/><net_sink comp="166" pin=0"/></net>

<net id="177"><net_src comp="120" pin="3"/><net_sink comp="172" pin=0"/></net>

<net id="183"><net_src comp="127" pin="3"/><net_sink comp="178" pin=0"/></net>

<net id="189"><net_src comp="134" pin="3"/><net_sink comp="184" pin=0"/></net>

<net id="195"><net_src comp="141" pin="3"/><net_sink comp="190" pin=0"/></net>

<net id="199"><net_src comp="78" pin="2"/><net_sink comp="196" pin=0"/></net>

<net id="204"><net_src comp="42" pin="0"/><net_sink comp="200" pin=0"/></net>

<net id="212"><net_src comp="205" pin="1"/><net_sink comp="208" pin=0"/></net>

<net id="213"><net_src comp="44" pin="0"/><net_sink comp="208" pin=1"/></net>

<net id="218"><net_src comp="205" pin="1"/><net_sink comp="214" pin=0"/></net>

<net id="219"><net_src comp="46" pin="0"/><net_sink comp="214" pin=1"/></net>

<net id="223"><net_src comp="205" pin="1"/><net_sink comp="220" pin=0"/></net>

<net id="230"><net_src comp="48" pin="0"/><net_sink comp="224" pin=0"/></net>

<net id="231"><net_src comp="205" pin="1"/><net_sink comp="224" pin=1"/></net>

<net id="232"><net_src comp="50" pin="0"/><net_sink comp="224" pin=2"/></net>

<net id="233"><net_src comp="52" pin="0"/><net_sink comp="224" pin=3"/></net>

<net id="237"><net_src comp="224" pin="4"/><net_sink comp="234" pin=0"/></net>

<net id="238"><net_src comp="234" pin="1"/><net_sink comp="92" pin=2"/></net>

<net id="239"><net_src comp="234" pin="1"/><net_sink comp="99" pin=2"/></net>

<net id="240"><net_src comp="234" pin="1"/><net_sink comp="106" pin=2"/></net>

<net id="241"><net_src comp="234" pin="1"/><net_sink comp="113" pin=2"/></net>

<net id="242"><net_src comp="234" pin="1"/><net_sink comp="120" pin=2"/></net>

<net id="243"><net_src comp="234" pin="1"/><net_sink comp="127" pin=2"/></net>

<net id="244"><net_src comp="234" pin="1"/><net_sink comp="134" pin=2"/></net>

<net id="245"><net_src comp="234" pin="1"/><net_sink comp="141" pin=2"/></net>

<net id="250"><net_src comp="214" pin="2"/><net_sink comp="246" pin=0"/></net>

<net id="255"><net_src comp="0" pin="0"/><net_sink comp="251" pin=0"/></net>

<net id="268"><net_src comp="58" pin="0"/><net_sink comp="256" pin=0"/></net>

<net id="269"><net_src comp="148" pin="3"/><net_sink comp="256" pin=1"/></net>

<net id="270"><net_src comp="154" pin="3"/><net_sink comp="256" pin=2"/></net>

<net id="271"><net_src comp="160" pin="3"/><net_sink comp="256" pin=3"/></net>

<net id="272"><net_src comp="166" pin="3"/><net_sink comp="256" pin=4"/></net>

<net id="273"><net_src comp="172" pin="3"/><net_sink comp="256" pin=5"/></net>

<net id="274"><net_src comp="178" pin="3"/><net_sink comp="256" pin=6"/></net>

<net id="275"><net_src comp="184" pin="3"/><net_sink comp="256" pin=7"/></net>

<net id="276"><net_src comp="190" pin="3"/><net_sink comp="256" pin=8"/></net>

<net id="280"><net_src comp="277" pin="1"/><net_sink comp="84" pin=2"/></net>

<net id="284"><net_src comp="74" pin="1"/><net_sink comp="281" pin=0"/></net>

<net id="285"><net_src comp="281" pin="1"/><net_sink comp="200" pin=1"/></net>

<net id="286"><net_src comp="281" pin="1"/><net_sink comp="205" pin=0"/></net>

<net id="287"><net_src comp="281" pin="1"/><net_sink comp="246" pin=1"/></net>

<net id="291"><net_src comp="196" pin="1"/><net_sink comp="288" pin=0"/></net>

<net id="292"><net_src comp="288" pin="1"/><net_sink comp="251" pin=1"/></net>

<net id="296"><net_src comp="208" pin="2"/><net_sink comp="293" pin=0"/></net>

<net id="300"><net_src comp="220" pin="1"/><net_sink comp="297" pin=0"/></net>

<net id="301"><net_src comp="297" pin="1"/><net_sink comp="256" pin=9"/></net>

<net id="305"><net_src comp="92" pin="3"/><net_sink comp="302" pin=0"/></net>

<net id="306"><net_src comp="302" pin="1"/><net_sink comp="148" pin=0"/></net>

<net id="310"><net_src comp="99" pin="3"/><net_sink comp="307" pin=0"/></net>

<net id="311"><net_src comp="307" pin="1"/><net_sink comp="154" pin=0"/></net>

<net id="315"><net_src comp="106" pin="3"/><net_sink comp="312" pin=0"/></net>

<net id="316"><net_src comp="312" pin="1"/><net_sink comp="160" pin=0"/></net>

<net id="320"><net_src comp="113" pin="3"/><net_sink comp="317" pin=0"/></net>

<net id="321"><net_src comp="317" pin="1"/><net_sink comp="166" pin=0"/></net>

<net id="325"><net_src comp="120" pin="3"/><net_sink comp="322" pin=0"/></net>

<net id="326"><net_src comp="322" pin="1"/><net_sink comp="172" pin=0"/></net>

<net id="330"><net_src comp="127" pin="3"/><net_sink comp="327" pin=0"/></net>

<net id="331"><net_src comp="327" pin="1"/><net_sink comp="178" pin=0"/></net>

<net id="335"><net_src comp="134" pin="3"/><net_sink comp="332" pin=0"/></net>

<net id="336"><net_src comp="332" pin="1"/><net_sink comp="184" pin=0"/></net>

<net id="340"><net_src comp="141" pin="3"/><net_sink comp="337" pin=0"/></net>

<net id="341"><net_src comp="337" pin="1"/><net_sink comp="190" pin=0"/></net>

<net id="345"><net_src comp="251" pin="2"/><net_sink comp="342" pin=0"/></net>

<net id="346"><net_src comp="342" pin="1"/><net_sink comp="84" pin=1"/></net>

<net id="350"><net_src comp="256" pin="10"/><net_sink comp="347" pin=0"/></net>

<net id="351"><net_src comp="347" pin="1"/><net_sink comp="277" pin=0"/></net>

</net_list>

</model> 
---------------- Datapath Model END ------------------

* FSMD analyzer results:
  - Output states:
	Port: gmem0 | {3 }
 - Input state : 
	Port: ekf_batch_Pipeline_VITIS_LOOP_176_12 : gmem0 | {}
	Port: ekf_batch_Pipeline_VITIS_LOOP_176_12 : sext_ln148 | {1 }
	Port: ekf_batch_Pipeline_VITIS_LOOP_176_12 : local | {1 2 }
	Port: ekf_batch_Pipeline_VITIS_LOOP_176_12 : local_1 | {1 2 }
	Port: ekf_batch_Pipeline_VITIS_LOOP_176_12 : local_2 | {1 2 }
	Port: ekf_batch_Pipeline_VITIS_LOOP_176_12 : local_3 | {1 2 }
	Port: ekf_batch_Pipeline_VITIS_LOOP_176_12 : local_4 | {1 2 }
	Port: ekf_batch_Pipeline_VITIS_LOOP_176_12 : local_5 | {1 2 }
	Port: ekf_batch_Pipeline_VITIS_LOOP_176_12 : local_6 | {1 2 }
	Port: ekf_batch_Pipeline_VITIS_LOOP_176_12 : local_7 | {1 2 }
  - Chain level:
	State 1
		store_ln0 : 1
		i_7 : 1
		icmp_ln176 : 2
		add_ln176 : 2
		br_ln176 : 3
		trunc_ln176 : 2
		lshr_ln4 : 2
		zext_ln176 : 3
		local_addr : 4
		local_1_addr : 4
		local_2_addr : 4
		local_3_addr : 4
		local_4_addr : 4
		local_5_addr : 4
		local_6_addr : 4
		local_7_addr : 4
		local_load : 5
		local_1_load : 5
		local_2_load : 5
		local_3_load : 5
		local_4_load : 5
		local_5_load : 5
		local_6_load : 5
		local_7_load : 5
		store_ln176 : 3
	State 2
		tmp_s : 1
	State 3
		write_ln178 : 1


============================================================
+ Verbose Summary: Datapath Resource usage 
============================================================

* Functional unit list:
|----------|----------------------------|---------|---------|
| Operation|       Functional Unit      |    FF   |   LUT   |
|----------|----------------------------|---------|---------|
|    mux   |        tmp_s_fu_256        |    0    |    43   |
|----------|----------------------------|---------|---------|
|   icmp   |      icmp_ln176_fu_208     |    0    |    14   |
|----------|----------------------------|---------|---------|
|    add   |      add_ln176_fu_214      |    0    |    14   |
|----------|----------------------------|---------|---------|
|   read   | sext_ln148_read_read_fu_78 |    0    |    0    |
|----------|----------------------------|---------|---------|
|   write  |   write_ln178_write_fu_84  |    0    |    0    |
|----------|----------------------------|---------|---------|
|   sext   |   sext_ln148_cast_fu_196   |    0    |    0    |
|----------|----------------------------|---------|---------|
|   trunc  |     trunc_ln176_fu_220     |    0    |    0    |
|----------|----------------------------|---------|---------|
|partselect|       lshr_ln4_fu_224      |    0    |    0    |
|----------|----------------------------|---------|---------|
|   zext   |      zext_ln176_fu_234     |    0    |    0    |
|----------|----------------------------|---------|---------|
|   Total  |                            |    0    |    71   |
|----------|----------------------------|---------|---------|

Memories:
N/A

* Register list:
+-----------------------+--------+
|                       |   FF   |
+-----------------------+--------+
|   gmem0_addr_reg_342  |   32   |
|       i_reg_281       |    7   |
|   icmp_ln176_reg_293  |    1   |
|  local_1_addr_reg_307 |    4   |
|  local_2_addr_reg_312 |    4   |
|  local_3_addr_reg_317 |    4   |
|  local_4_addr_reg_322 |    4   |
|  local_5_addr_reg_327 |    4   |
|  local_6_addr_reg_332 |    4   |
|  local_7_addr_reg_337 |    4   |
|   local_addr_reg_302  |    4   |
|sext_ln148_cast_reg_288|   64   |
|     tmp_s_reg_347     |   32   |
|  trunc_ln176_reg_297  |    3   |
+-----------------------+--------+
|         Total         |   171  |
+-----------------------+--------+

* Multiplexer (MUX) list: 
|-------------------|------|------|------|--------||---------||---------|
|        Comp       |  Pin | Size |  BW  | S x BW ||  Delay  ||   LUT   |
|-------------------|------|------|------|--------||---------||---------|
| grp_access_fu_148 |  p0  |   2  |   4  |    8   ||    9    |
| grp_access_fu_154 |  p0  |   2  |   4  |    8   ||    9    |
| grp_access_fu_160 |  p0  |   2  |   4  |    8   ||    9    |
| grp_access_fu_166 |  p0  |   2  |   4  |    8   ||    9    |
| grp_access_fu_172 |  p0  |   2  |   4  |    8   ||    9    |
| grp_access_fu_178 |  p0  |   2  |   4  |    8   ||    9    |
| grp_access_fu_184 |  p0  |   2  |   4  |    8   ||    9    |
| grp_access_fu_190 |  p0  |   2  |   4  |    8   ||    9    |
|-------------------|------|------|------|--------||---------||---------|
|       Total       |      |      |      |   64   ||  3.416  ||    72   |
|-------------------|------|------|------|--------||---------||---------|



* Summary:
+-----------+--------+--------+--------+
|           |  Delay |   FF   |   LUT  |
+-----------+--------+--------+--------+
|  Function |    -   |    0   |   71   |
|   Memory  |    -   |    -   |    -   |
|Multiplexer|    3   |    -   |   72   |
|  Register |    -   |   171  |    -   |
+-----------+--------+--------+--------+
|   Total   |    3   |   171  |   143  |
+-----------+--------+--------+--------+
