

================================================================
== Vitis HLS Report for 'ekf_batch_Pipeline_VITIS_LOOP_96_3'
================================================================
* Date:           Thu Sep  3 12:11:22 2026

* Version:        2023.1 (Build 3854077 on May  4 2023)
* Project:        EKF
* Solution:       solution1 (Vivado IP Flow Target)
* Product family: zynquplus
* Target device:  xczu9eg-ffvb1156-2-e


================================================================
== Performance Estimates
================================================================
+ Timing: 
    * Summary: 
    +--------+----------+----------+------------+
    |  Clock |  Target  | Estimated| Uncertainty|
    +--------+----------+----------+------------+
    |ap_clk  |  10.00 ns|  7.016 ns|     2.70 ns|
    +--------+----------+----------+------------+

+ Latency: 
    * Summary: 
    +---------+---------+----------+----------+-----+-----+---------+
    |  Latency (cycles) |  Latency (absolute) |  Interval | Pipeline|
    |   min   |   max   |    min   |    max   | min | max |   Type  |
    +---------+---------+----------+----------+-----+-----+---------+
    |       24|       24|  0.240 us|  0.240 us|   24|   24|       no|
    +---------+---------+----------+----------+-----+-----+---------+

    + Detail: 
        * Instance: 
        N/A

        * Loop: 
        +-------------------+---------+---------+----------+-----------+-----------+------+----------+
        |                   |  Latency (cycles) | Iteration|  Initiation Interval  | Trip |          |
        |     Loop Name     |   min   |   max   |  Latency |  achieved |   target  | Count| Pipelined|
        +-------------------+---------+---------+----------+-----------+-----------+------+----------+
        |- VITIS_LOOP_96_3  |       22|       22|         8|          3|          1|     6|       yes|
        +-------------------+---------+---------+----------+-----------+-----------+------+----------+

============================================================
+ Verbose Summary: Synthesis Manager
============================================================
InlineROM: 1
ExposeGlobal: 0
============================================================
+ Verbose Summary: CDFG Model
============================================================
IsTopModel: 0
ResetActiveHigh: 1
IsCombinational: 0
IsDatapathOnly: 0
HasWiredReturn: 1
HasMFsm: 2
HasVarLatency: 1
IsPipeline: 0
IsRtlPipelined: 0
IsInstanceOverlapped: 0
IsDontTouch: 0
HasImplIP: 0
IsGatedGlobalClock: 0

+ Individual pipeline summary: 
  * Pipeline-0: initiation interval (II) = 3, depth = 8


============================================================
+ Verbose Summary: Schedule
============================================================
* Number of FSM states : 8
* Pipeline : 1
  Pipeline-0 : II = 3, D = 8, States = { 1 2 3 4 5 6 7 8 }
* Dataflow Pipeline: 0

* FSM state transitions: 
1 --> 2 
2 --> 3 
3 --> 4 
4 --> 5 
5 --> 6 
6 --> 7 
7 --> 8 
8 --> 

* FSM state operations: 

State 1 <SV = 0> <Delay = 1.09>
ST_1 : Operation 11 [1/1] (0.00ns)   --->   "%s = alloca i32 1"   --->   Operation 11 'alloca' 's' <Predicate = true> <Delay = 0.00>
ST_1 : Operation 12 [1/1] (0.00ns)   --->   "%i = alloca i32 1"   --->   Operation 12 'alloca' 'i' <Predicate = true> <Delay = 0.00>
ST_1 : Operation 13 [1/1] (0.00ns)   --->   "%Ph_5_reload_read = read i32 @_ssdm_op_Read.ap_auto.float, i32 %Ph_5_reload"   --->   Operation 13 'read' 'Ph_5_reload_read' <Predicate = true> <Delay = 0.00>
ST_1 : Operation 14 [1/1] (0.00ns)   --->   "%Ph_4_reload_read = read i32 @_ssdm_op_Read.ap_auto.float, i32 %Ph_4_reload"   --->   Operation 14 'read' 'Ph_4_reload_read' <Predicate = true> <Delay = 0.00>
ST_1 : Operation 15 [1/1] (0.00ns)   --->   "%Ph_3_reload_read = read i32 @_ssdm_op_Read.ap_auto.float, i32 %Ph_3_reload"   --->   Operation 15 'read' 'Ph_3_reload_read' <Predicate = true> <Delay = 0.00>
ST_1 : Operation 16 [1/1] (0.00ns)   --->   "%Ph_2_reload_read = read i32 @_ssdm_op_Read.ap_auto.float, i32 %Ph_2_reload"   --->   Operation 16 'read' 'Ph_2_reload_read' <Predicate = true> <Delay = 0.00>
ST_1 : Operation 17 [1/1] (0.00ns)   --->   "%Ph_1_reload_read = read i32 @_ssdm_op_Read.ap_auto.float, i32 %Ph_1_reload"   --->   Operation 17 'read' 'Ph_1_reload_read' <Predicate = true> <Delay = 0.00>
ST_1 : Operation 18 [1/1] (0.00ns)   --->   "%Ph_reload_read = read i32 @_ssdm_op_Read.ap_auto.float, i32 %Ph_reload"   --->   Operation 18 'read' 'Ph_reload_read' <Predicate = true> <Delay = 0.00>
ST_1 : Operation 19 [1/1] (0.00ns)   --->   "%H_reload_read = read i32 @_ssdm_op_Read.ap_auto.float, i32 %H_reload"   --->   Operation 19 'read' 'H_reload_read' <Predicate = true> <Delay = 0.00>
ST_1 : Operation 20 [1/1] (0.00ns)   --->   "%H_1_reload_read = read i32 @_ssdm_op_Read.ap_auto.float, i32 %H_1_reload"   --->   Operation 20 'read' 'H_1_reload_read' <Predicate = true> <Delay = 0.00>
ST_1 : Operation 21 [1/1] (0.00ns)   --->   "%H_2_reload_read = read i32 @_ssdm_op_Read.ap_auto.float, i32 %H_2_reload"   --->   Operation 21 'read' 'H_2_reload_read' <Predicate = true> <Delay = 0.00>
ST_1 : Operation 22 [1/1] (0.00ns)   --->   "%H_3_reload_read = read i32 @_ssdm_op_Read.ap_auto.float, i32 %H_3_reload"   --->   Operation 22 'read' 'H_3_reload_read' <Predicate = true> <Delay = 0.00>
ST_1 : Operation 23 [1/1] (0.00ns)   --->   "%H_4_reload_read = read i32 @_ssdm_op_Read.ap_auto.float, i32 %H_4_reload"   --->   Operation 23 'read' 'H_4_reload_read' <Predicate = true> <Delay = 0.00>
ST_1 : Operation 24 [1/1] (0.00ns)   --->   "%H_5_reload_read = read i32 @_ssdm_op_Read.ap_auto.float, i32 %H_5_reload"   --->   Operation 24 'read' 'H_5_reload_read' <Predicate = true> <Delay = 0.00>
ST_1 : Operation 25 [1/1] (0.00ns)   --->   "%s_2_read = read i32 @_ssdm_op_Read.ap_auto.float, i32 %s_2"   --->   Operation 25 'read' 's_2_read' <Predicate = true> <Delay = 0.00>
ST_1 : Operation 26 [1/1] (0.42ns)   --->   "%store_ln0 = store i3 0, i3 %i"   --->   Operation 26 'store' 'store_ln0' <Predicate = true> <Delay = 0.42>
ST_1 : Operation 27 [1/1] (0.42ns)   --->   "%store_ln0 = store i32 %s_2_read, i32 %s"   --->   Operation 27 'store' 'store_ln0' <Predicate = true> <Delay = 0.42>
ST_1 : Operation 28 [1/1] (0.00ns)   --->   "%br_ln0 = br void %for.body18.i"   --->   Operation 28 'br' 'br_ln0' <Predicate = true> <Delay = 0.00>
ST_1 : Operation 29 [1/1] (0.00ns)   --->   "%i_1 = load i3 %i" [ekf_core.cpp:96->ekf_core.cpp:169]   --->   Operation 29 'load' 'i_1' <Predicate = true> <Delay = 0.00>
ST_1 : Operation 30 [1/1] (0.00ns)   --->   "%specpipeline_ln0 = specpipeline void @_ssdm_op_SpecPipeline, i32 4294967295, i32 0, i32 1, i32 0, void @p_str"   --->   Operation 30 'specpipeline' 'specpipeline_ln0' <Predicate = true> <Delay = 0.00>
ST_1 : Operation 31 [1/1] (0.67ns)   --->   "%icmp_ln96 = icmp_eq  i3 %i_1, i3 6" [ekf_core.cpp:96->ekf_core.cpp:169]   --->   Operation 31 'icmp' 'icmp_ln96' <Predicate = true> <Delay = 0.67> <CoreInst = "Cmp">   --->   Core 9 'Cmp' <Latency = 0> <II = 1> <Delay = 0.67> <FuncUnit> <Opcode : 'icmp'> <InPorts = 2> <OutPorts = 1>
ST_1 : Operation 32 [1/1] (0.67ns)   --->   "%add_ln96 = add i3 %i_1, i3 1" [ekf_core.cpp:96->ekf_core.cpp:169]   --->   Operation 32 'add' 'add_ln96' <Predicate = true> <Delay = 0.67> <CoreInst = "Adder">   --->   Core 1 'Adder' <Latency = 0> <II = 1> <Delay = 0.67> <FuncUnit> <Opcode : 'add' 'sub'> <InPorts = 2> <OutPorts = 1>
ST_1 : Operation 33 [1/1] (0.00ns)   --->   "%br_ln96 = br i1 %icmp_ln96, void %for.body18.i.split, void %for.cond.cleanup17.i.exitStub" [ekf_core.cpp:96->ekf_core.cpp:169]   --->   Operation 33 'br' 'br_ln96' <Predicate = true> <Delay = 0.00>
ST_1 : Operation 34 [1/1] (0.62ns)   --->   "%tmp_s = mux i32 @_ssdm_op_Mux.ap_auto.6f32.i3, i32 %H_5_reload_read, i32 %H_4_reload_read, i32 %H_3_reload_read, i32 %H_2_reload_read, i32 %H_1_reload_read, i32 %H_reload_read, i3 %i_1" [ekf_core.cpp:96->ekf_core.cpp:169]   --->   Operation 34 'mux' 'tmp_s' <Predicate = (!icmp_ln96)> <Delay = 0.62> <CoreInst = "Multiplexer">   --->   Core 76 'Multiplexer' <Latency = 0> <II = 1> <Delay = 0.62> <FuncUnit> <Opcode : 'mux'> <InPorts = 2> <OutPorts = 1>
ST_1 : Operation 35 [1/1] (0.62ns)   --->   "%tmp_1 = mux i32 @_ssdm_op_Mux.ap_auto.6f32.i3, i32 %Ph_reload_read, i32 %Ph_1_reload_read, i32 %Ph_2_reload_read, i32 %Ph_3_reload_read, i32 %Ph_4_reload_read, i32 %Ph_5_reload_read, i3 %i_1" [ekf_core.cpp:96->ekf_core.cpp:169]   --->   Operation 35 'mux' 'tmp_1' <Predicate = (!icmp_ln96)> <Delay = 0.62> <CoreInst = "Multiplexer">   --->   Core 76 'Multiplexer' <Latency = 0> <II = 1> <Delay = 0.62> <FuncUnit> <Opcode : 'mux'> <InPorts = 2> <OutPorts = 1>
ST_1 : Operation 36 [1/1] (0.42ns)   --->   "%store_ln96 = store i3 %add_ln96, i3 %i" [ekf_core.cpp:96->ekf_core.cpp:169]   --->   Operation 36 'store' 'store_ln96' <Predicate = (!icmp_ln96)> <Delay = 0.42>

State 2 <SV = 1> <Delay = 7.01>
ST_2 : [1/1] (0.96ns)   --->   Input mux for Operation 37 '%mul23_i = fmul i32 %tmp_s, i32 %tmp_1'
ST_2 : Operation 37 [3/3] (6.04ns)   --->   "%mul23_i = fmul i32 %tmp_s, i32 %tmp_1" [ekf_core.cpp:96->ekf_core.cpp:169]   --->   Operation 37 'fmul' 'mul23_i' <Predicate = (!icmp_ln96)> <Delay = 6.04> <CoreInst = "FMul_maxdsp">   --->   Core 30 'FMul_maxdsp' <Latency = 2> <II = 1> <Delay = 7.01> <FuncUnit> <Opcode : 'fmul'> <InPorts = 2> <OutPorts = 1>

State 3 <SV = 2> <Delay = 7.01>
ST_3 : Operation 38 [2/3] (7.01ns)   --->   "%mul23_i = fmul i32 %tmp_s, i32 %tmp_1" [ekf_core.cpp:96->ekf_core.cpp:169]   --->   Operation 38 'fmul' 'mul23_i' <Predicate = (!icmp_ln96)> <Delay = 7.01> <CoreInst = "FMul_maxdsp">   --->   Core 30 'FMul_maxdsp' <Latency = 2> <II = 1> <Delay = 7.01> <FuncUnit> <Opcode : 'fmul'> <InPorts = 2> <OutPorts = 1>

State 4 <SV = 3> <Delay = 7.01>
ST_4 : Operation 39 [1/3] (7.01ns)   --->   "%mul23_i = fmul i32 %tmp_s, i32 %tmp_1" [ekf_core.cpp:96->ekf_core.cpp:169]   --->   Operation 39 'fmul' 'mul23_i' <Predicate = true> <Delay = 7.01> <CoreInst = "FMul_maxdsp">   --->   Core 30 'FMul_maxdsp' <Latency = 2> <II = 1> <Delay = 7.01> <FuncUnit> <Opcode : 'fmul'> <InPorts = 2> <OutPorts = 1>

State 5 <SV = 4> <Delay = 6.43>
ST_5 : Operation 40 [1/1] (0.00ns)   --->   "%s_load = load i32 %s" [ekf_core.cpp:96->ekf_core.cpp:169]   --->   Operation 40 'load' 's_load' <Predicate = true> <Delay = 0.00>
ST_5 : [1/1] (1.04ns)   --->   Input mux for Operation 41 '%s_1 = fadd i32 %s_load, i32 %mul23_i'
ST_5 : Operation 41 [4/4] (5.38ns)   --->   "%s_1 = fadd i32 %s_load, i32 %mul23_i" [ekf_core.cpp:96->ekf_core.cpp:169]   --->   Operation 41 'fadd' 's_1' <Predicate = true> <Delay = 5.38> <CoreInst = "FAddSub_fulldsp">   --->   Core 18 'FAddSub_fulldsp' <Latency = 3> <II = 1> <Delay = 6.43> <FuncUnit> <Opcode : 'fadd' 'fsub'> <InPorts = 2> <OutPorts = 1>
ST_5 : Operation 49 [1/1] (0.00ns)   --->   "%s_load_1 = load i32 %s"   --->   Operation 49 'load' 's_load_1' <Predicate = (icmp_ln96)> <Delay = 0.00>
ST_5 : Operation 50 [1/1] (0.00ns)   --->   "%write_ln0 = write void @_ssdm_op_Write.ap_auto.floatP0A, i32 %s_out, i32 %s_load_1"   --->   Operation 50 'write' 'write_ln0' <Predicate = (icmp_ln96)> <Delay = 0.00>
ST_5 : Operation 51 [1/1] (0.00ns)   --->   "%ret_ln0 = ret"   --->   Operation 51 'ret' 'ret_ln0' <Predicate = (icmp_ln96)> <Delay = 0.00>

State 6 <SV = 5> <Delay = 6.43>
ST_6 : Operation 42 [3/4] (6.43ns)   --->   "%s_1 = fadd i32 %s_load, i32 %mul23_i" [ekf_core.cpp:96->ekf_core.cpp:169]   --->   Operation 42 'fadd' 's_1' <Predicate = true> <Delay = 6.43> <CoreInst = "FAddSub_fulldsp">   --->   Core 18 'FAddSub_fulldsp' <Latency = 3> <II = 1> <Delay = 6.43> <FuncUnit> <Opcode : 'fadd' 'fsub'> <InPorts = 2> <OutPorts = 1>

State 7 <SV = 6> <Delay = 6.43>
ST_7 : Operation 43 [2/4] (6.43ns)   --->   "%s_1 = fadd i32 %s_load, i32 %mul23_i" [ekf_core.cpp:96->ekf_core.cpp:169]   --->   Operation 43 'fadd' 's_1' <Predicate = true> <Delay = 6.43> <CoreInst = "FAddSub_fulldsp">   --->   Core 18 'FAddSub_fulldsp' <Latency = 3> <II = 1> <Delay = 6.43> <FuncUnit> <Opcode : 'fadd' 'fsub'> <InPorts = 2> <OutPorts = 1>

State 8 <SV = 7> <Delay = 6.86>
ST_8 : Operation 44 [1/1] (0.00ns)   --->   "%speclooptripcount_ln96 = speclooptripcount void @_ssdm_op_SpecLoopTripCount, i64 6, i64 6, i64 6" [ekf_core.cpp:96->ekf_core.cpp:169]   --->   Operation 44 'speclooptripcount' 'speclooptripcount_ln96' <Predicate = true> <Delay = 0.00>
ST_8 : Operation 45 [1/1] (0.00ns)   --->   "%specloopname_ln96 = specloopname void @_ssdm_op_SpecLoopName, void @empty_17" [ekf_core.cpp:96->ekf_core.cpp:169]   --->   Operation 45 'specloopname' 'specloopname_ln96' <Predicate = true> <Delay = 0.00>
ST_8 : Operation 46 [1/4] (6.43ns)   --->   "%s_1 = fadd i32 %s_load, i32 %mul23_i" [ekf_core.cpp:96->ekf_core.cpp:169]   --->   Operation 46 'fadd' 's_1' <Predicate = true> <Delay = 6.43> <CoreInst = "FAddSub_fulldsp">   --->   Core 18 'FAddSub_fulldsp' <Latency = 3> <II = 1> <Delay = 6.43> <FuncUnit> <Opcode : 'fadd' 'fsub'> <InPorts = 2> <OutPorts = 1>
ST_8 : Operation 47 [1/1] (0.42ns)   --->   "%store_ln96 = store i32 %s_1, i32 %s" [ekf_core.cpp:96->ekf_core.cpp:169]   --->   Operation 47 'store' 'store_ln96' <Predicate = true> <Delay = 0.42>
ST_8 : Operation 48 [1/1] (0.00ns)   --->   "%br_ln96 = br void %for.body18.i" [ekf_core.cpp:96->ekf_core.cpp:169]   --->   Operation 48 'br' 'br_ln96' <Predicate = true> <Delay = 0.00>


============================================================
+ Verbose Summary: Timing violations
============================================================
Target clock period: 10.000ns, clock uncertainty: 2.700ns.

 <State 1>: 1.100ns
The critical path consists of the following:
	'alloca' operation ('i') [16]  (0.000 ns)
	'load' operation ('i', ekf_core.cpp:96->ekf_core.cpp:169) on local variable 'i' [34]  (0.000 ns)
	'add' operation ('add_ln96', ekf_core.cpp:96->ekf_core.cpp:169) [37]  (0.673 ns)
	'store' operation ('store_ln96', ekf_core.cpp:96->ekf_core.cpp:169) of variable 'add_ln96', ekf_core.cpp:96->ekf_core.cpp:169 on local variable 'i' [47]  (0.427 ns)

 <State 2>: 7.016ns
The critical path consists of the following:
	multiplexor before operation 'fmul' with delay (0.968 ns)
'fmul' operation ('mul23_i', ekf_core.cpp:96->ekf_core.cpp:169) [45]  (6.048 ns)

 <State 3>: 7.016ns
The critical path consists of the following:
	'fmul' operation ('mul23_i', ekf_core.cpp:96->ekf_core.cpp:169) [45]  (7.016 ns)

 <State 4>: 7.016ns
The critical path consists of the following:
	'fmul' operation ('mul23_i', ekf_core.cpp:96->ekf_core.cpp:169) [45]  (7.016 ns)

 <State 5>: 6.437ns
The critical path consists of the following:
	'load' operation ('s_load', ekf_core.cpp:96->ekf_core.cpp:169) on local variable 's' [40]  (0.000 ns)
	multiplexor before operation 'fadd' with delay (1.047 ns)
'fadd' operation ('s', ekf_core.cpp:96->ekf_core.cpp:169) [46]  (5.390 ns)

 <State 6>: 6.437ns
The critical path consists of the following:
	'fadd' operation ('s', ekf_core.cpp:96->ekf_core.cpp:169) [46]  (6.437 ns)

 <State 7>: 6.437ns
The critical path consists of the following:
	'fadd' operation ('s', ekf_core.cpp:96->ekf_core.cpp:169) [46]  (6.437 ns)

 <State 8>: 6.864ns
The critical path consists of the following:
	'fadd' operation ('s', ekf_core.cpp:96->ekf_core.cpp:169) [46]  (6.437 ns)
	'store' operation ('store_ln96', ekf_core.cpp:96->ekf_core.cpp:169) of variable 's', ekf_core.cpp:96->ekf_core.cpp:169 on local variable 's' [48]  (0.427 ns)


============================================================
+ Verbose Summary: Binding
============================================================
N/A
* FSMD analyzer results:
  - Output states:
 - Input state : 
  - Chain level:
	State 1
	State 2
	State 3
	State 4
	State 5
	State 6
	State 7
	State 8


============================================================
+ Verbose Summary: Datapath Resource usage 
============================================================
N/A
