

================================================================
== Vitis HLS Report for 'ekf_batch_Pipeline_VITIS_LOOP_148_3'
================================================================
* Date:           Thu Sep  3 12:11:35 2026

* Version:        2023.1 (Build 3854077 on May  4 2023)
* Project:        EKF
* Solution:       solution1 (Vivado IP Flow Target)
* Product family: zynquplus
* Target device:  xczu9eg-ffvb1156-2-e


================================================================
== Performance Estimates
================================================================
+ Timing: 
    * Summary: 
    +--------+----------+----------+------------+
    |  Clock |  Target  | Estimated| Uncertainty|
    +--------+----------+----------+------------+
    |ap_clk  |  10.00 ns|  7.300 ns|     2.70 ns|
    +--------+----------+----------+------------+

+ Latency: 
    * Summary: 
    +---------+---------+----------+----------+-----+-----+---------+
    |  Latency (cycles) |  Latency (absolute) |  Interval | Pipeline|
    |   min   |   max   |    min   |    max   | min | max |   Type  |
    +---------+---------+----------+----------+-----+-----+---------+
    |      101|      101|  1.010 us|  1.010 us|  101|  101|       no|
    +---------+---------+----------+----------+-----+-----+---------+

    + Detail: 
        * Instance: 
        N/A

        * Loop: 
        +--------------------+---------+---------+----------+-----------+-----------+------+----------+
        |                    |  Latency (cycles) | Iteration|  Initiation Interval  | Trip |          |
        |      Loop Name     |   min   |   max   |  Latency |  achieved |   target  | Count| Pipelined|
        +--------------------+---------+---------+----------+-----------+-----------+------+----------+
        |- VITIS_LOOP_148_3  |       99|       99|         3|          1|          1|    98|       yes|
        +--------------------+---------+---------+----------+-----------+-----------+------+----------+



================================================================
== Utilization Estimates
================================================================
* Summary: 
+-----------------+---------+------+--------+--------+-----+
|       Name      | BRAM_18K|  DSP |   FF   |   LUT  | URAM|
+-----------------+---------+------+--------+--------+-----+
|DSP              |        -|     -|       -|       -|    -|
|Expression       |        -|     -|       0|      34|    -|
|FIFO             |        -|     -|       -|       -|    -|
|Instance         |        -|     -|       -|       -|    -|
|Memory           |        -|     -|       -|       -|    -|
|Multiplexer      |        -|     -|       -|      45|    -|
|Register         |        -|     -|      59|       -|    -|
+-----------------+---------+------+--------+--------+-----+
|Total            |        0|     0|      59|      79|    0|
+-----------------+---------+------+--------+--------+-----+
|Available        |     1824|  2520|  548160|  274080|    0|
+-----------------+---------+------+--------+--------+-----+
|Utilization (%)  |        0|     0|      ~0|      ~0|    0|
+-----------------+---------+------+--------+--------+-----+

+ Detail: 
    * Instance: 
    N/A

    * DSP: 
    N/A

    * Memory: 
    N/A

    * FIFO: 
    N/A

    * Expression: 
    +----------------------------------+----------+----+---+----+------------+------------+
    |           Variable Name          | Operation| DSP| FF| LUT| Bitwidth P0| Bitwidth P1|
    +----------------------------------+----------+----+---+----+------------+------------+
    |add_ln148_fu_221_p2               |         +|   0|  0|  14|           7|           1|
    |ap_block_pp0_stage0_11001         |       and|   0|  0|   2|           1|           1|
    |ap_block_state2_pp0_stage0_iter1  |       and|   0|  0|   2|           1|           1|
    |icmp_ln148_fu_215_p2              |      icmp|   0|  0|  14|           7|           6|
    |ap_enable_pp0                     |       xor|   0|  0|   2|           1|           2|
    +----------------------------------+----------+----+---+----+------------+------------+
    |Total                             |          |   0|  0|  34|          17|          11|
    +----------------------------------+----------+----+---+----+------------+------------+

    * Multiplexer: 
    +-------------------------+----+-----------+-----+-----------+
    |           Name          | LUT| Input Size| Bits| Total Bits|
    +-------------------------+----+-----------+-----+-----------+
    |ap_done_int              |   9|          2|    1|          2|
    |ap_enable_reg_pp0_iter2  |   9|          2|    1|          2|
    |ap_sig_allocacmp_i_11    |   9|          2|    7|         14|
    |gmem0_blk_n_R            |   9|          2|    1|          2|
    |i_fu_84                  |   9|          2|    7|         14|
    +-------------------------+----+-----------+-----+-----------+
    |Total                    |  45|         10|   17|         34|
    +-------------------------+----+-----------+-----+-----------+

    * Register: 
    +-----------------------------------+----+----+-----+-----------+
    |                Name               | FF | LUT| Bits| Const Bits|
    +-----------------------------------+----+----+-----+-----------+
    |ap_CS_fsm                          |   1|   0|    1|          0|
    |ap_done_reg                        |   1|   0|    1|          0|
    |ap_enable_reg_pp0_iter1            |   1|   0|    1|          0|
    |ap_enable_reg_pp0_iter2            |   1|   0|    1|          0|
    |ap_loop_exit_ready_pp0_iter1_reg   |   1|   0|    1|          0|
    |gmem0_addr_read_reg_299            |  32|   0|   32|          0|
    |i_fu_84                            |   7|   0|    7|          0|
    |icmp_ln148_reg_286                 |   1|   0|    1|          0|
    |lshr_ln_reg_294                    |   4|   0|    4|          0|
    |lshr_ln_reg_294_pp0_iter1_reg      |   4|   0|    4|          0|
    |trunc_ln148_reg_290                |   3|   0|    3|          0|
    |trunc_ln148_reg_290_pp0_iter1_reg  |   3|   0|    3|          0|
    +-----------------------------------+----+----+-----+-----------+
    |Total                              |  59|   0|   59|          0|
    +-----------------------------------+----+----+-----+-----------+



================================================================
== Interface
================================================================
* Summary: 
+----------------------+-----+-----+------------+-------------------------------------+--------------+
|       RTL Ports      | Dir | Bits|  Protocol  |            Source Object            |    C Type    |
+----------------------+-----+-----+------------+-------------------------------------+--------------+
|ap_clk                |   in|    1|  ap_ctrl_hs|  ekf_batch_Pipeline_VITIS_LOOP_148_3|  return value|
|ap_rst                |   in|    1|  ap_ctrl_hs|  ekf_batch_Pipeline_VITIS_LOOP_148_3|  return value|
|ap_start              |   in|    1|  ap_ctrl_hs|  ekf_batch_Pipeline_VITIS_LOOP_148_3|  return value|
|ap_done               |  out|    1|  ap_ctrl_hs|  ekf_batch_Pipeline_VITIS_LOOP_148_3|  return value|
|ap_idle               |  out|    1|  ap_ctrl_hs|  ekf_batch_Pipeline_VITIS_LOOP_148_3|  return value|
|ap_ready              |  out|    1|  ap_ctrl_hs|  ekf_batch_Pipeline_VITIS_LOOP_148_3|  return value|
|m_axi_gmem0_AWVALID   |  out|    1|       m_axi|                                gmem0|       pointer|
|m_axi_gmem0_AWREADY   |   in|    1|       m_axi|                                gmem0|       pointer|
|m_axi_gmem0_AWADDR    |  out|   64|       m_axi|                                gmem0|       pointer|
|m_axi_gmem0_AWID      |  out|    1|       m_axi|                                gmem0|       pointer|
|m_axi_gmem0_AWLEN     |  out|   32|       m_axi|                                gmem0|       pointer|
|m_axi_gmem0_AWSIZE    |  out|    3|       m_axi|                                gmem0|       pointer|
|m_axi_gmem0_AWBURST   |  out|    2|       m_axi|                                gmem0|       pointer|
|m_axi_gmem0_AWLOCK    |  out|    2|       m_axi|                                gmem0|       pointer|
|m_axi_gmem0_AWCACHE   |  out|    4|       m_axi|                                gmem0|       pointer|
|m_axi_gmem0_AWPROT    |  out|    3|       m_axi|                                gmem0|       pointer|
|m_axi_gmem0_AWQOS     |  out|    4|       m_axi|                                gmem0|       pointer|
|m_axi_gmem0_AWREGION  |  out|    4|       m_axi|                                gmem0|       pointer|
|m_axi_gmem0_AWUSER    |  out|    1|       m_axi|                                gmem0|       pointer|
|m_axi_gmem0_WVALID    |  out|    1|       m_axi|                                gmem0|       pointer|
|m_axi_gmem0_WREADY    |   in|    1|       m_axi|                                gmem0|       pointer|
|m_axi_gmem0_WDATA     |  out|   32|       m_axi|                                gmem0|       pointer|
|m_axi_gmem0_WSTRB     |  out|    4|       m_axi|                                gmem0|       pointer|
|m_axi_gmem0_WLAST     |  out|    1|       m_axi|                                gmem0|       pointer|
|m_axi_gmem0_WID       |  out|    1|       m_axi|                                gmem0|       pointer|
|m_axi_gmem0_WUSER     |  out|    1|       m_axi|                                gmem0|       pointer|
|m_axi_gmem0_ARVALID   |  out|    1|       m_axi|                                gmem0|       pointer|
|m_axi_gmem0_ARREADY   |   in|    1|       m_axi|                                gmem0|       pointer|
|m_axi_gmem0_ARADDR    |  out|   64|       m_axi|                                gmem0|       pointer|
|m_axi_gmem0_ARID      |  out|    1|       m_axi|                                gmem0|       pointer|
|m_axi_gmem0_ARLEN     |  out|   32|       m_axi|                                gmem0|       pointer|
|m_axi_gmem0_ARSIZE    |  out|    3|       m_axi|                                gmem0|       pointer|
|m_axi_gmem0_ARBURST   |  out|    2|       m_axi|                                gmem0|       pointer|
|m_axi_gmem0_ARLOCK    |  out|    2|       m_axi|                                gmem0|       pointer|
|m_axi_gmem0_ARCACHE   |  out|    4|       m_axi|                                gmem0|       pointer|
|m_axi_gmem0_ARPROT    |  out|    3|       m_axi|                                gmem0|       pointer|
|m_axi_gmem0_ARQOS     |  out|    4|       m_axi|                                gmem0|       pointer|
|m_axi_gmem0_ARREGION  |  out|    4|       m_axi|                                gmem0|       pointer|
|m_axi_gmem0_ARUSER    |  out|    1|       m_axi|                                gmem0|       pointer|
|m_axi_gmem0_RVALID    |   in|    1|       m_axi|                                gmem0|       pointer|
|m_axi_gmem0_RREADY    |  out|    1|       m_axi|                                gmem0|       pointer|
|m_axi_gmem0_RDATA     |   in|   32|       m_axi|                                gmem0|       pointer|
|m_axi_gmem0_RLAST     |   in|    1|       m_axi|                                gmem0|       pointer|
|m_axi_gmem0_RID       |   in|    1|       m_axi|                                gmem0|       pointer|
|m_axi_gmem0_RFIFONUM  |   in|    9|       m_axi|                                gmem0|       pointer|
|m_axi_gmem0_RUSER     |   in|    1|       m_axi|                                gmem0|       pointer|
|m_axi_gmem0_RRESP     |   in|    2|       m_axi|                                gmem0|       pointer|
|m_axi_gmem0_BVALID    |   in|    1|       m_axi|                                gmem0|       pointer|
|m_axi_gmem0_BREADY    |  out|    1|       m_axi|                                gmem0|       pointer|
|m_axi_gmem0_BRESP     |   in|    2|       m_axi|                                gmem0|       pointer|
|m_axi_gmem0_BID       |   in|    1|       m_axi|                                gmem0|       pointer|
|m_axi_gmem0_BUSER     |   in|    1|       m_axi|                                gmem0|       pointer|
|sext_ln148            |   in|   62|     ap_none|                           sext_ln148|        scalar|
|local_7_address0      |  out|    4|   ap_memory|                              local_7|         array|
|local_7_ce0           |  out|    1|   ap_memory|                              local_7|         array|
|local_7_we0           |  out|    1|   ap_memory|                              local_7|         array|
|local_7_d0            |  out|   32|   ap_memory|                              local_7|         array|
|local_6_address0      |  out|    4|   ap_memory|                              local_6|         array|
|local_6_ce0           |  out|    1|   ap_memory|                              local_6|         array|
|local_6_we0           |  out|    1|   ap_memory|                              local_6|         array|
|local_6_d0            |  out|   32|   ap_memory|                              local_6|         array|
|local_5_address0      |  out|    4|   ap_memory|                              local_5|         array|
|local_5_ce0           |  out|    1|   ap_memory|                              local_5|         array|
|local_5_we0           |  out|    1|   ap_memory|                              local_5|         array|
|local_5_d0            |  out|   32|   ap_memory|                              local_5|         array|
|local_4_address0      |  out|    4|   ap_memory|                              local_4|         array|
|local_4_ce0           |  out|    1|   ap_memory|                              local_4|         array|
|local_4_we0           |  out|    1|   ap_memory|                              local_4|         array|
|local_4_d0            |  out|   32|   ap_memory|                              local_4|         array|
|local_3_address0      |  out|    4|   ap_memory|                              local_3|         array|
|local_3_ce0           |  out|    1|   ap_memory|                              local_3|         array|
|local_3_we0           |  out|    1|   ap_memory|                              local_3|         array|
|local_3_d0            |  out|   32|   ap_memory|                              local_3|         array|
|local_2_address0      |  out|    4|   ap_memory|                              local_2|         array|
|local_2_ce0           |  out|    1|   ap_memory|                              local_2|         array|
|local_2_we0           |  out|    1|   ap_memory|                              local_2|         array|
|local_2_d0            |  out|   32|   ap_memory|                              local_2|         array|
|local_1_address0      |  out|    4|   ap_memory|                              local_1|         array|
|local_1_ce0           |  out|    1|   ap_memory|                              local_1|         array|
|local_1_we0           |  out|    1|   ap_memory|                              local_1|         array|
|local_1_d0            |  out|   32|   ap_memory|                              local_1|         array|
|local_address0        |  out|    4|   ap_memory|                                local|         array|
|local_ce0             |  out|    1|   ap_memory|                                local|         array|
|local_we0             |  out|    1|   ap_memory|                                local|         array|
|local_d0              |  out|   32|   ap_memory|                                local|         array|
+----------------------+-----+-----+------------+-------------------------------------+--------------+

============================================================
+ Verbose Summary: Synthesis Manager
============================================================
InlineROM: 1
ExposeGlobal: 0
============================================================
+ Verbose Summary: CDFG Model
============================================================
IsTopModel: 0
ResetActiveHigh: 1
IsCombinational: 2
IsDatapathOnly: 2
HasWiredReturn: 1
HasMFsm: 2
HasVarLatency: 1
IsPipeline: 0
IsRtlPipelined: 0
IsInstanceOverlapped: 0
IsDontTouch: 0
HasImplIP: 0
IsGatedGlobalClock: 0

+ Individual pipeline summary: 
  * Pipeline-0: initiation interval (II) = 1, depth = 3


============================================================
+ Verbose Summary: Schedule
============================================================
* Number of FSM states : 3
* Pipeline : 1
  Pipeline-0 : II = 1, D = 3, States = { 1 2 3 }
* Dataflow Pipeline: 0

* FSM state transitions: 
1 --> 2 
2 --> 3 
3 --> 

* FSM state operations: 

State 1 <SV = 0> <Delay = 1.20>
ST_1 : Operation 6 [1/1] (0.00ns)   --->   "%i = alloca i32 1"   --->   Operation 6 'alloca' 'i' <Predicate = true> <Delay = 0.00>
ST_1 : Operation 7 [1/1] (0.00ns)   --->   "%sext_ln148_read = read i62 @_ssdm_op_Read.ap_auto.i62, i62 %sext_ln148"   --->   Operation 7 'read' 'sext_ln148_read' <Predicate = true> <Delay = 0.00>
ST_1 : Operation 8 [1/1] (0.00ns)   --->   "%sext_ln148_cast = sext i62 %sext_ln148_read"   --->   Operation 8 'sext' 'sext_ln148_cast' <Predicate = true> <Delay = 0.00>
ST_1 : Operation 9 [1/1] (0.00ns)   --->   "%specinterface_ln0 = specinterface void @_ssdm_op_SpecInterface, i32 %gmem0, void @empty_20, i32 0, i32 0, void @empty_30, i32 0, i32 9800, void @empty_31, void @empty_33, void @empty_30, i32 16, i32 16, i32 16, i32 16, void @empty_30, void @empty_30, i32 4294967295, i32 0"   --->   Operation 9 'specinterface' 'specinterface_ln0' <Predicate = true> <Delay = 0.00>
ST_1 : Operation 10 [1/1] (0.42ns)   --->   "%store_ln0 = store i7 0, i7 %i"   --->   Operation 10 'store' 'store_ln0' <Predicate = true> <Delay = 0.42>
ST_1 : Operation 11 [1/1] (0.00ns)   --->   "%br_ln0 = br void %for.inc"   --->   Operation 11 'br' 'br_ln0' <Predicate = true> <Delay = 0.00>
ST_1 : Operation 12 [1/1] (0.00ns)   --->   "%i_11 = load i7 %i" [ekf_core.cpp:148]   --->   Operation 12 'load' 'i_11' <Predicate = true> <Delay = 0.00>
ST_1 : Operation 13 [1/1] (0.77ns)   --->   "%icmp_ln148 = icmp_eq  i7 %i_11, i7 98" [ekf_core.cpp:148]   --->   Operation 13 'icmp' 'icmp_ln148' <Predicate = true> <Delay = 0.77> <CoreInst = "Cmp">   --->   Core 9 'Cmp' <Latency = 0> <II = 1> <Delay = 0.77> <FuncUnit> <Opcode : 'icmp'> <InPorts = 2> <OutPorts = 1>
ST_1 : Operation 14 [1/1] (0.77ns)   --->   "%add_ln148 = add i7 %i_11, i7 1" [ekf_core.cpp:148]   --->   Operation 14 'add' 'add_ln148' <Predicate = true> <Delay = 0.77> <CoreInst = "Adder">   --->   Core 1 'Adder' <Latency = 0> <II = 1> <Delay = 0.77> <FuncUnit> <Opcode : 'add' 'sub'> <InPorts = 2> <OutPorts = 1>
ST_1 : Operation 15 [1/1] (0.00ns)   --->   "%br_ln148 = br i1 %icmp_ln148, void %for.inc.split, void %VITIS_LOOP_157_4.exitStub" [ekf_core.cpp:148]   --->   Operation 15 'br' 'br_ln148' <Predicate = true> <Delay = 0.00>
ST_1 : Operation 16 [1/1] (0.00ns)   --->   "%trunc_ln148 = trunc i7 %i_11" [ekf_core.cpp:148]   --->   Operation 16 'trunc' 'trunc_ln148' <Predicate = (!icmp_ln148)> <Delay = 0.00>
ST_1 : Operation 17 [1/1] (0.00ns)   --->   "%lshr_ln = partselect i4 @_ssdm_op_PartSelect.i4.i7.i32.i32, i7 %i_11, i32 3, i32 6" [ekf_core.cpp:148]   --->   Operation 17 'partselect' 'lshr_ln' <Predicate = (!icmp_ln148)> <Delay = 0.00>
ST_1 : Operation 18 [1/1] (0.73ns)   --->   "%switch_ln150 = switch i3 %trunc_ln148, void %arrayidx12.case.7, i3 0, void %arrayidx12.case.0, i3 1, void %arrayidx12.case.1, i3 2, void %arrayidx12.case.2, i3 3, void %arrayidx12.case.3, i3 4, void %arrayidx12.case.4, i3 5, void %arrayidx12.case.5, i3 6, void %arrayidx12.case.6" [ekf_core.cpp:150]   --->   Operation 18 'switch' 'switch_ln150' <Predicate = (!icmp_ln148)> <Delay = 0.73>
ST_1 : Operation 19 [1/1] (0.42ns)   --->   "%store_ln148 = store i7 %add_ln148, i7 %i" [ekf_core.cpp:148]   --->   Operation 19 'store' 'store_ln148' <Predicate = (!icmp_ln148)> <Delay = 0.42>
ST_1 : Operation 20 [1/1] (0.00ns)   --->   "%br_ln148 = br void %for.inc" [ekf_core.cpp:148]   --->   Operation 20 'br' 'br_ln148' <Predicate = (!icmp_ln148)> <Delay = 0.00>

State 2 <SV = 1> <Delay = 7.30>
ST_2 : Operation 21 [1/1] (0.00ns)   --->   "%specbitsmap_ln0 = specbitsmap void @_ssdm_op_SpecBitsMap, i32 %gmem0"   --->   Operation 21 'specbitsmap' 'specbitsmap_ln0' <Predicate = true> <Delay = 0.00>
ST_2 : Operation 22 [1/1] (0.00ns)   --->   "%gmem0_addr = getelementptr i32 %gmem0, i64 %sext_ln148_cast" [ekf_core.cpp:148]   --->   Operation 22 'getelementptr' 'gmem0_addr' <Predicate = true> <Delay = 0.00>
ST_2 : Operation 23 [1/1] (7.30ns)   --->   "%gmem0_addr_read = read i32 @_ssdm_op_Read.m_axi.p1i32, i64 %gmem0_addr" [ekf_core.cpp:150]   --->   Operation 23 'read' 'gmem0_addr_read' <Predicate = (!icmp_ln148)> <Delay = 7.30> <CoreInst = "m_axi">   --->   Core 121 'm_axi' <Latency = 0> <II = 1> <Delay = 1.00> <Adapter> <Opcode : 'read' 'write' 'readreq' 'writereq' 'writeresp'>
ST_2 : Operation 53 [1/1] (0.00ns)   --->   "%ret_ln0 = ret"   --->   Operation 53 'ret' 'ret_ln0' <Predicate = (icmp_ln148)> <Delay = 0.00>

State 3 <SV = 2> <Delay = 0.67>
ST_3 : Operation 24 [1/1] (0.00ns)   --->   "%specpipeline_ln149 = specpipeline void @_ssdm_op_SpecPipeline, i32 1, i32 0, i32 0, i32 0, void @empty_30" [ekf_core.cpp:149]   --->   Operation 24 'specpipeline' 'specpipeline_ln149' <Predicate = true> <Delay = 0.00>
ST_3 : Operation 25 [1/1] (0.00ns)   --->   "%speclooptripcount_ln148 = speclooptripcount void @_ssdm_op_SpecLoopTripCount, i64 98, i64 98, i64 98" [ekf_core.cpp:148]   --->   Operation 25 'speclooptripcount' 'speclooptripcount_ln148' <Predicate = true> <Delay = 0.00>
ST_3 : Operation 26 [1/1] (0.00ns)   --->   "%specloopname_ln148 = specloopname void @_ssdm_op_SpecLoopName, void @empty_15" [ekf_core.cpp:148]   --->   Operation 26 'specloopname' 'specloopname_ln148' <Predicate = true> <Delay = 0.00>
ST_3 : Operation 27 [1/1] (0.00ns)   --->   "%zext_ln148 = zext i4 %lshr_ln" [ekf_core.cpp:148]   --->   Operation 27 'zext' 'zext_ln148' <Predicate = true> <Delay = 0.00>
ST_3 : Operation 28 [1/1] (0.00ns)   --->   "%bitcast_ln150 = bitcast i32 %gmem0_addr_read" [ekf_core.cpp:150]   --->   Operation 28 'bitcast' 'bitcast_ln150' <Predicate = true> <Delay = 0.00>
ST_3 : Operation 29 [1/1] (0.00ns)   --->   "%local_addr = getelementptr i32 %local, i64 0, i64 %zext_ln148" [ekf_core.cpp:150]   --->   Operation 29 'getelementptr' 'local_addr' <Predicate = true> <Delay = 0.00>
ST_3 : Operation 30 [1/1] (0.00ns)   --->   "%local_1_addr = getelementptr i32 %local_1, i64 0, i64 %zext_ln148" [ekf_core.cpp:150]   --->   Operation 30 'getelementptr' 'local_1_addr' <Predicate = true> <Delay = 0.00>
ST_3 : Operation 31 [1/1] (0.00ns)   --->   "%local_2_addr = getelementptr i32 %local_2, i64 0, i64 %zext_ln148" [ekf_core.cpp:150]   --->   Operation 31 'getelementptr' 'local_2_addr' <Predicate = true> <Delay = 0.00>
ST_3 : Operation 32 [1/1] (0.00ns)   --->   "%local_3_addr = getelementptr i32 %local_3, i64 0, i64 %zext_ln148" [ekf_core.cpp:150]   --->   Operation 32 'getelementptr' 'local_3_addr' <Predicate = true> <Delay = 0.00>
ST_3 : Operation 33 [1/1] (0.00ns)   --->   "%local_4_addr = getelementptr i32 %local_4, i64 0, i64 %zext_ln148" [ekf_core.cpp:150]   --->   Operation 33 'getelementptr' 'local_4_addr' <Predicate = true> <Delay = 0.00>
ST_3 : Operation 34 [1/1] (0.00ns)   --->   "%local_5_addr = getelementptr i32 %local_5, i64 0, i64 %zext_ln148" [ekf_core.cpp:150]   --->   Operation 34 'getelementptr' 'local_5_addr' <Predicate = true> <Delay = 0.00>
ST_3 : Operation 35 [1/1] (0.00ns)   --->   "%local_6_addr = getelementptr i32 %local_6, i64 0, i64 %zext_ln148" [ekf_core.cpp:150]   --->   Operation 35 'getelementptr' 'local_6_addr' <Predicate = true> <Delay = 0.00>
ST_3 : Operation 36 [1/1] (0.00ns)   --->   "%local_7_addr = getelementptr i32 %local_7, i64 0, i64 %zext_ln148" [ekf_core.cpp:150]   --->   Operation 36 'getelementptr' 'local_7_addr' <Predicate = true> <Delay = 0.00>
ST_3 : Operation 37 [1/1] (0.67ns)   --->   "%store_ln150 = store i32 %bitcast_ln150, i4 %local_6_addr" [ekf_core.cpp:150]   --->   Operation 37 'store' 'store_ln150' <Predicate = (trunc_ln148 == 6)> <Delay = 0.67> <CoreInst = "RAM">   --->   Core 83 'RAM' <Latency = 1> <II = 1> <Delay = 0.67> <Storage> <Opcode : 'load' 'store'> <Ports = 2> <Width = 32> <Depth = 13> <RAM>
ST_3 : Operation 38 [1/1] (0.00ns)   --->   "%br_ln150 = br void %arrayidx12.exit" [ekf_core.cpp:150]   --->   Operation 38 'br' 'br_ln150' <Predicate = (trunc_ln148 == 6)> <Delay = 0.00>
ST_3 : Operation 39 [1/1] (0.67ns)   --->   "%store_ln150 = store i32 %bitcast_ln150, i4 %local_5_addr" [ekf_core.cpp:150]   --->   Operation 39 'store' 'store_ln150' <Predicate = (trunc_ln148 == 5)> <Delay = 0.67> <CoreInst = "RAM">   --->   Core 83 'RAM' <Latency = 1> <II = 1> <Delay = 0.67> <Storage> <Opcode : 'load' 'store'> <Ports = 2> <Width = 32> <Depth = 13> <RAM>
ST_3 : Operation 40 [1/1] (0.00ns)   --->   "%br_ln150 = br void %arrayidx12.exit" [ekf_core.cpp:150]   --->   Operation 40 'br' 'br_ln150' <Predicate = (trunc_ln148 == 5)> <Delay = 0.00>
ST_3 : Operation 41 [1/1] (0.67ns)   --->   "%store_ln150 = store i32 %bitcast_ln150, i4 %local_4_addr" [ekf_core.cpp:150]   --->   Operation 41 'store' 'store_ln150' <Predicate = (trunc_ln148 == 4)> <Delay = 0.67> <CoreInst = "RAM">   --->   Core 83 'RAM' <Latency = 1> <II = 1> <Delay = 0.67> <Storage> <Opcode : 'load' 'store'> <Ports = 2> <Width = 32> <Depth = 13> <RAM>
ST_3 : Operation 42 [1/1] (0.00ns)   --->   "%br_ln150 = br void %arrayidx12.exit" [ekf_core.cpp:150]   --->   Operation 42 'br' 'br_ln150' <Predicate = (trunc_ln148 == 4)> <Delay = 0.00>
ST_3 : Operation 43 [1/1] (0.67ns)   --->   "%store_ln150 = store i32 %bitcast_ln150, i4 %local_3_addr" [ekf_core.cpp:150]   --->   Operation 43 'store' 'store_ln150' <Predicate = (trunc_ln148 == 3)> <Delay = 0.67> <CoreInst = "RAM">   --->   Core 83 'RAM' <Latency = 1> <II = 1> <Delay = 0.67> <Storage> <Opcode : 'load' 'store'> <Ports = 2> <Width = 32> <Depth = 13> <RAM>
ST_3 : Operation 44 [1/1] (0.00ns)   --->   "%br_ln150 = br void %arrayidx12.exit" [ekf_core.cpp:150]   --->   Operation 44 'br' 'br_ln150' <Predicate = (trunc_ln148 == 3)> <Delay = 0.00>
ST_3 : Operation 45 [1/1] (0.67ns)   --->   "%store_ln150 = store i32 %bitcast_ln150, i4 %local_2_addr" [ekf_core.cpp:150]   --->   Operation 45 'store' 'store_ln150' <Predicate = (trunc_ln148 == 2)> <Delay = 0.67> <CoreInst = "RAM">   --->   Core 83 'RAM' <Latency = 1> <II = 1> <Delay = 0.67> <Storage> <Opcode : 'load' 'store'> <Ports = 2> <Width = 32> <Depth = 13> <RAM>
ST_3 : Operation 46 [1/1] (0.00ns)   --->   "%br_ln150 = br void %arrayidx12.exit" [ekf_core.cpp:150]   --->   Operation 46 'br' 'br_ln150' <Predicate = (trunc_ln148 == 2)> <Delay = 0.00>
ST_3 : Operation 47 [1/1] (0.67ns)   --->   "%store_ln150 = store i32 %bitcast_ln150, i4 %local_1_addr" [ekf_core.cpp:150]   --->   Operation 47 'store' 'store_ln150' <Predicate = (trunc_ln148 == 1)> <Delay = 0.67> <CoreInst = "RAM">   --->   Core 83 'RAM' <Latency = 1> <II = 1> <Delay = 0.67> <Storage> <Opcode : 'load' 'store'> <Ports = 2> <Width = 32> <Depth = 13> <RAM>
ST_3 : Operation 48 [1/1] (0.00ns)   --->   "%br_ln150 = br void %arrayidx12.exit" [ekf_core.cpp:150]   --->   Operation 48 'br' 'br_ln150' <Predicate = (trunc_ln148 == 1)> <Delay = 0.00>
ST_3 : Operation 49 [1/1] (0.67ns)   --->   "%store_ln150 = store i32 %bitcast_ln150, i4 %local_addr" [ekf_core.cpp:150]   --->   Operation 49 'store' 'store_ln150' <Predicate = (trunc_ln148 == 0)> <Delay = 0.67> <CoreInst = "RAM">   --->   Core 83 'RAM' <Latency = 1> <II = 1> <Delay = 0.67> <Storage> <Opcode : 'load' 'store'> <Ports = 2> <Width = 32> <Depth = 13> <RAM>
ST_3 : Operation 50 [1/1] (0.00ns)   --->   "%br_ln150 = br void %arrayidx12.exit" [ekf_core.cpp:150]   --->   Operation 50 'br' 'br_ln150' <Predicate = (trunc_ln148 == 0)> <Delay = 0.00>
ST_3 : Operation 51 [1/1] (0.67ns)   --->   "%store_ln150 = store i32 %bitcast_ln150, i4 %local_7_addr" [ekf_core.cpp:150]   --->   Operation 51 'store' 'store_ln150' <Predicate = (trunc_ln148 == 7)> <Delay = 0.67> <CoreInst = "RAM">   --->   Core 83 'RAM' <Latency = 1> <II = 1> <Delay = 0.67> <Storage> <Opcode : 'load' 'store'> <Ports = 2> <Width = 32> <Depth = 13> <RAM>
ST_3 : Operation 52 [1/1] (0.00ns)   --->   "%br_ln150 = br void %arrayidx12.exit" [ekf_core.cpp:150]   --->   Operation 52 'br' 'br_ln150' <Predicate = (trunc_ln148 == 7)> <Delay = 0.00>


============================================================
+ Verbose Summary: Binding
============================================================
STG Binding: 
---------------- STG Properties BEGIN ----------------
- Is combinational: 0
- Is one-state seq: 0
- Is datapath-only: 0
- Is pipelined: 0
- Is top level: 0
Port [ Return ] is wired: 1; IO mode=ap_ctrl_hs:ce=0
Port [ gmem0]:  wired=1; compound=1; hidden=0; nouse=0; global=0; static=0; extern=0; dir=0; type=4; pingpong=0; private_global=0; IO mode=m_axi:ce=0
Port [ sext_ln148]:  wired=1; compound=0; hidden=0; nouse=0; global=0; static=0; extern=0; dir=0; type=0; pingpong=0; private_global=0; IO mode=ap_none:ce=0
Port [ local_7]:  wired=1; compound=1; hidden=0; nouse=0; global=0; static=0; extern=0; dir=1; type=1; pingpong=0; private_global=0; MemPort=[03]; IO mode=ap_memory:ce=0
Port [ local_6]:  wired=1; compound=1; hidden=0; nouse=0; global=0; static=0; extern=0; dir=1; type=1; pingpong=0; private_global=0; MemPort=[03]; IO mode=ap_memory:ce=0
Port [ local_5]:  wired=1; compound=1; hidden=0; nouse=0; global=0; static=0; extern=0; dir=1; type=1; pingpong=0; private_global=0; MemPort=[03]; IO mode=ap_memory:ce=0
Port [ local_4]:  wired=1; compound=1; hidden=0; nouse=0; global=0; static=0; extern=0; dir=1; type=1; pingpong=0; private_global=0; MemPort=[03]; IO mode=ap_memory:ce=0
Port [ local_3]:  wired=1; compound=1; hidden=0; nouse=0; global=0; static=0; extern=0; dir=1; type=1; pingpong=0; private_global=0; MemPort=[03]; IO mode=ap_memory:ce=0
Port [ local_2]:  wired=1; compound=1; hidden=0; nouse=0; global=0; static=0; extern=0; dir=1; type=1; pingpong=0; private_global=0; MemPort=[03]; IO mode=ap_memory:ce=0
Port [ local_1]:  wired=1; compound=1; hidden=0; nouse=0; global=0; static=0; extern=0; dir=1; type=1; pingpong=0; private_global=0; MemPort=[03]; IO mode=ap_memory:ce=0
Port [ local]:  wired=1; compound=1; hidden=0; nouse=0; global=0; static=0; extern=0; dir=1; type=1; pingpong=0; private_global=0; MemPort=[03]; IO mode=ap_memory:ce=0
---------------- STG Properties END ------------------

---------------- Datapath Model BEGIN ----------------

<LifeTime>
<method=bitvector/>
i                       (alloca           ) [ 0100]
sext_ln148_read         (read             ) [ 0000]
sext_ln148_cast         (sext             ) [ 0110]
specinterface_ln0       (specinterface    ) [ 0000]
store_ln0               (store            ) [ 0000]
br_ln0                  (br               ) [ 0000]
i_11                    (load             ) [ 0000]
icmp_ln148              (icmp             ) [ 0110]
add_ln148               (add              ) [ 0000]
br_ln148                (br               ) [ 0000]
trunc_ln148             (trunc            ) [ 0111]
lshr_ln                 (partselect       ) [ 0111]
switch_ln150            (switch           ) [ 0000]
store_ln148             (store            ) [ 0000]
br_ln148                (br               ) [ 0000]
specbitsmap_ln0         (specbitsmap      ) [ 0000]
gmem0_addr              (getelementptr    ) [ 0000]
gmem0_addr_read         (read             ) [ 0101]
specpipeline_ln149      (specpipeline     ) [ 0000]
speclooptripcount_ln148 (speclooptripcount) [ 0000]
specloopname_ln148      (specloopname     ) [ 0000]
zext_ln148              (zext             ) [ 0000]
bitcast_ln150           (bitcast          ) [ 0000]
local_addr              (getelementptr    ) [ 0000]
local_1_addr            (getelementptr    ) [ 0000]
local_2_addr            (getelementptr    ) [ 0000]
local_3_addr            (getelementptr    ) [ 0000]
local_4_addr            (getelementptr    ) [ 0000]
local_5_addr            (getelementptr    ) [ 0000]
local_6_addr            (getelementptr    ) [ 0000]
local_7_addr            (getelementptr    ) [ 0000]
store_ln150             (store            ) [ 0000]
br_ln150                (br               ) [ 0000]
store_ln150             (store            ) [ 0000]
br_ln150                (br               ) [ 0000]
store_ln150             (store            ) [ 0000]
br_ln150                (br               ) [ 0000]
store_ln150             (store            ) [ 0000]
br_ln150                (br               ) [ 0000]
store_ln150             (store            ) [ 0000]
br_ln150                (br               ) [ 0000]
store_ln150             (store            ) [ 0000]
br_ln150                (br               ) [ 0000]
store_ln150             (store            ) [ 0000]
br_ln150                (br               ) [ 0000]
store_ln150             (store            ) [ 0000]
br_ln150                (br               ) [ 0000]
ret_ln0                 (ret              ) [ 0000]
</LifeTime>

<model>

<comp_list>
<comp id="0" class="1000" name="gmem0">
<pin_list>
<pin id="1" dir="1" index="0" bw="1" slack="0"/>
</pin_list>
<bind>
<StgValue><ssdm name="gmem0"/></StgValue>
</bind>
</comp>

<comp id="2" class="1000" name="sext_ln148">
<pin_list>
<pin id="3" dir="1" index="0" bw="1" slack="0"/>
</pin_list>
<bind>
<StgValue><ssdm name="sext_ln148"/></StgValue>
</bind>
</comp>

<comp id="4" class="1000" name="local_7">
<pin_list>
<pin id="5" dir="1" index="0" bw="1" slack="0"/>
</pin_list>
<bind>
<StgValue><ssdm name="local_7"/><MemPortTyVec>0 3 </MemPortTyVec>
</StgValue>
</bind>
</comp>

<comp id="6" class="1000" name="local_6">
<pin_list>
<pin id="7" dir="1" index="0" bw="1" slack="0"/>
</pin_list>
<bind>
<StgValue><ssdm name="local_6"/><MemPortTyVec>0 3 </MemPortTyVec>
</StgValue>
</bind>
</comp>

<comp id="8" class="1000" name="local_5">
<pin_list>
<pin id="9" dir="1" index="0" bw="1" slack="0"/>
</pin_list>
<bind>
<StgValue><ssdm name="local_5"/><MemPortTyVec>0 3 </MemPortTyVec>
</StgValue>
</bind>
</comp>

<comp id="10" class="1000" name="local_4">
<pin_list>
<pin id="11" dir="1" index="0" bw="1" slack="0"/>
</pin_list>
<bind>
<StgValue><ssdm name="local_4"/><MemPortTyVec>0 3 </MemPortTyVec>
</StgValue>
</bind>
</comp>

<comp id="12" class="1000" name="local_3">
<pin_list>
<pin id="13" dir="1" index="0" bw="1" slack="0"/>
</pin_list>
<bind>
<StgValue><ssdm name="local_3"/><MemPortTyVec>0 3 </MemPortTyVec>
</StgValue>
</bind>
</comp>

<comp id="14" class="1000" name="local_2">
<pin_list>
<pin id="15" dir="1" index="0" bw="1" slack="0"/>
</pin_list>
<bind>
<StgValue><ssdm name="local_2"/><MemPortTyVec>0 3 </MemPortTyVec>
</StgValue>
</bind>
</comp>

<comp id="16" class="1000" name="local_1">
<pin_list>
<pin id="17" dir="1" index="0" bw="1" slack="0"/>
</pin_list>
<bind>
<StgValue><ssdm name="local_1"/><MemPortTyVec>0 3 </MemPortTyVec>
</StgValue>
</bind>
</comp>

<comp id="18" class="1000" name="local">
<pin_list>
<pin id="19" dir="1" index="0" bw="1" slack="0"/>
</pin_list>
<bind>
<StgValue><ssdm name="local"/><MemPortTyVec>0 3 </MemPortTyVec>
</StgValue>
</bind>
</comp>

<comp id="20" class="1001" name="const_20">
<pin_list>
<pin id="21" dir="1" index="0" bw="1" slack="0"/>
</pin_list>
<bind>
<StgValue><ssdm name=""/></StgValue>
</bind>
</comp>

<comp id="22" class="1001" name="const_22">
<pin_list>
<pin id="23" dir="1" index="0" bw="1" slack="0"/>
</pin_list>
<bind>
<StgValue><ssdm name="_ssdm_op_Read.ap_auto.i62"/></StgValue>
</bind>
</comp>

<comp id="24" class="1001" name="const_24">
<pin_list>
<pin id="25" dir="1" index="0" bw="1" slack="2147483647"/>
</pin_list>
<bind>
<StgValue><ssdm name="_ssdm_op_SpecInterface"/></StgValue>
</bind>
</comp>

<comp id="26" class="1001" name="const_26">
<pin_list>
<pin id="27" dir="1" index="0" bw="1" slack="2147483647"/>
</pin_list>
<bind>
<StgValue><ssdm name="empty_20"/></StgValue>
</bind>
</comp>

<comp id="28" class="1001" name="const_28">
<pin_list>
<pin id="29" dir="1" index="0" bw="1" slack="2147483647"/>
</pin_list>
<bind>
<StgValue><ssdm name=""/></StgValue>
</bind>
</comp>

<comp id="30" class="1001" name="const_30">
<pin_list>
<pin id="31" dir="1" index="0" bw="1" slack="2147483647"/>
</pin_list>
<bind>
<StgValue><ssdm name="empty_30"/></StgValue>
</bind>
</comp>

<comp id="32" class="1001" name="const_32">
<pin_list>
<pin id="33" dir="1" index="0" bw="1" slack="2147483647"/>
</pin_list>
<bind>
<StgValue><ssdm name=""/></StgValue>
</bind>
</comp>

<comp id="34" class="1001" name="const_34">
<pin_list>
<pin id="35" dir="1" index="0" bw="1" slack="2147483647"/>
</pin_list>
<bind>
<StgValue><ssdm name="empty_31"/></StgValue>
</bind>
</comp>

<comp id="36" class="1001" name="const_36">
<pin_list>
<pin id="37" dir="1" index="0" bw="1" slack="2147483647"/>
</pin_list>
<bind>
<StgValue><ssdm name="empty_33"/></StgValue>
</bind>
</comp>

<comp id="38" class="1001" name="const_38">
<pin_list>
<pin id="39" dir="1" index="0" bw="1" slack="2147483647"/>
</pin_list>
<bind>
<StgValue><ssdm name=""/></StgValue>
</bind>
</comp>

<comp id="40" class="1001" name="const_40">
<pin_list>
<pin id="41" dir="1" index="0" bw="1" slack="2147483647"/>
</pin_list>
<bind>
<StgValue><ssdm name=""/></StgValue>
</bind>
</comp>

<comp id="42" class="1001" name="const_42">
<pin_list>
<pin id="43" dir="1" index="0" bw="1" slack="0"/>
</pin_list>
<bind>
<StgValue><ssdm name=""/></StgValue>
</bind>
</comp>

<comp id="44" class="1001" name="const_44">
<pin_list>
<pin id="45" dir="1" index="0" bw="1" slack="0"/>
</pin_list>
<bind>
<StgValue><ssdm name=""/></StgValue>
</bind>
</comp>

<comp id="46" class="1001" name="const_46">
<pin_list>
<pin id="47" dir="1" index="0" bw="1" slack="0"/>
</pin_list>
<bind>
<StgValue><ssdm name=""/></StgValue>
</bind>
</comp>

<comp id="48" class="1001" name="const_48">
<pin_list>
<pin id="49" dir="1" index="0" bw="1" slack="0"/>
</pin_list>
<bind>
<StgValue><ssdm name="_ssdm_op_PartSelect.i4.i7.i32.i32"/></StgValue>
</bind>
</comp>

<comp id="50" class="1001" name="const_50">
<pin_list>
<pin id="51" dir="1" index="0" bw="1" slack="0"/>
</pin_list>
<bind>
<StgValue><ssdm name=""/></StgValue>
</bind>
</comp>

<comp id="52" class="1001" name="const_52">
<pin_list>
<pin id="53" dir="1" index="0" bw="1" slack="0"/>
</pin_list>
<bind>
<StgValue><ssdm name=""/></StgValue>
</bind>
</comp>

<comp id="54" class="1001" name="const_54">
<pin_list>
<pin id="55" dir="1" index="0" bw="1" slack="2147483647"/>
</pin_list>
<bind>
<StgValue><ssdm name=""/></StgValue>
</bind>
</comp>

<comp id="56" class="1001" name="const_56">
<pin_list>
<pin id="57" dir="1" index="0" bw="1" slack="2147483647"/>
</pin_list>
<bind>
<StgValue><ssdm name=""/></StgValue>
</bind>
</comp>

<comp id="58" class="1001" name="const_58">
<pin_list>
<pin id="59" dir="1" index="0" bw="1" slack="2147483647"/>
</pin_list>
<bind>
<StgValue><ssdm name=""/></StgValue>
</bind>
</comp>

<comp id="60" class="1001" name="const_60">
<pin_list>
<pin id="61" dir="1" index="0" bw="1" slack="2147483647"/>
</pin_list>
<bind>
<StgValue><ssdm name=""/></StgValue>
</bind>
</comp>

<comp id="62" class="1001" name="const_62">
<pin_list>
<pin id="63" dir="1" index="0" bw="1" slack="2147483647"/>
</pin_list>
<bind>
<StgValue><ssdm name=""/></StgValue>
</bind>
</comp>

<comp id="64" class="1001" name="const_64">
<pin_list>
<pin id="65" dir="1" index="0" bw="1" slack="2147483647"/>
</pin_list>
<bind>
<StgValue><ssdm name=""/></StgValue>
</bind>
</comp>

<comp id="66" class="1001" name="const_66">
<pin_list>
<pin id="67" dir="1" index="0" bw="1" slack="2147483647"/>
</pin_list>
<bind>
<StgValue><ssdm name=""/></StgValue>
</bind>
</comp>

<comp id="68" class="1001" name="const_68">
<pin_list>
<pin id="69" dir="1" index="0" bw="1" slack="2147483647"/>
</pin_list>
<bind>
<StgValue><ssdm name="_ssdm_op_SpecBitsMap"/></StgValue>
</bind>
</comp>

<comp id="70" class="1001" name="const_70">
<pin_list>
<pin id="71" dir="1" index="0" bw="1" slack="0"/>
</pin_list>
<bind>
<StgValue><ssdm name="_ssdm_op_Read.m_axi.p1i32"/></StgValue>
</bind>
</comp>

<comp id="72" class="1001" name="const_72">
<pin_list>
<pin id="73" dir="1" index="0" bw="1" slack="2147483647"/>
</pin_list>
<bind>
<StgValue><ssdm name="_ssdm_op_SpecPipeline"/></StgValue>
</bind>
</comp>

<comp id="74" class="1001" name="const_74">
<pin_list>
<pin id="75" dir="1" index="0" bw="1" slack="2147483647"/>
</pin_list>
<bind>
<StgValue><ssdm name="_ssdm_op_SpecLoopTripCount"/></StgValue>
</bind>
</comp>

<comp id="76" class="1001" name="const_76">
<pin_list>
<pin id="77" dir="1" index="0" bw="1" slack="2147483647"/>
</pin_list>
<bind>
<StgValue><ssdm name=""/></StgValue>
</bind>
</comp>

<comp id="78" class="1001" name="const_78">
<pin_list>
<pin id="79" dir="1" index="0" bw="1" slack="2147483647"/>
</pin_list>
<bind>
<StgValue><ssdm name="_ssdm_op_SpecLoopName"/></StgValue>
</bind>
</comp>

<comp id="80" class="1001" name="const_80">
<pin_list>
<pin id="81" dir="1" index="0" bw="1" slack="2147483647"/>
</pin_list>
<bind>
<StgValue><ssdm name="empty_15"/></StgValue>
</bind>
</comp>

<comp id="82" class="1001" name="const_82">
<pin_list>
<pin id="83" dir="1" index="0" bw="1" slack="0"/>
</pin_list>
<bind>
<StgValue><ssdm name=""/></StgValue>
</bind>
</comp>

<comp id="84" class="1004" name="i_fu_84">
<pin_list>
<pin id="85" dir="0" index="0" bw="1" slack="0"/>
<pin id="86" dir="1" index="1" bw="7" slack="0"/>
</pin_list>
<bind>
<opcode="alloca(26) " fcode="alloca"/>
<opset="i/1 "/>
</bind>
</comp>

<comp id="88" class="1004" name="sext_ln148_read_read_fu_88">
<pin_list>
<pin id="89" dir="0" index="0" bw="62" slack="0"/>
<pin id="90" dir="0" index="1" bw="62" slack="0"/>
<pin id="91" dir="1" index="2" bw="62" slack="0"/>
</pin_list>
<bind>
<opcode="read(1150) " fcode="read"/>
<opset="sext_ln148_read/1 "/>
</bind>
</comp>

<comp id="94" class="1004" name="gmem0_addr_read_read_fu_94">
<pin_list>
<pin id="95" dir="0" index="0" bw="32" slack="0"/>
<pin id="96" dir="0" index="1" bw="32" slack="0"/>
<pin id="97" dir="1" index="2" bw="32" slack="1"/>
</pin_list>
<bind>
<opcode="read(1150) " fcode="read"/>
<opset="gmem0_addr_read/2 "/>
</bind>
</comp>

<comp id="99" class="1004" name="local_addr_gep_fu_99">
<pin_list>
<pin id="100" dir="0" index="0" bw="32" slack="0"/>
<pin id="101" dir="0" index="1" bw="1" slack="0"/>
<pin id="102" dir="0" index="2" bw="4" slack="0"/>
<pin id="103" dir="1" index="3" bw="4" slack="0"/>
</pin_list>
<bind>
<opcode="getelementptr(29) " fcode="getelementptr"/>
<opset="local_addr/3 "/>
</bind>
</comp>

<comp id="106" class="1004" name="local_1_addr_gep_fu_106">
<pin_list>
<pin id="107" dir="0" index="0" bw="32" slack="0"/>
<pin id="108" dir="0" index="1" bw="1" slack="0"/>
<pin id="109" dir="0" index="2" bw="4" slack="0"/>
<pin id="110" dir="1" index="3" bw="4" slack="0"/>
</pin_list>
<bind>
<opcode="getelementptr(29) " fcode="getelementptr"/>
<opset="local_1_addr/3 "/>
</bind>
</comp>

<comp id="113" class="1004" name="local_2_addr_gep_fu_113">
<pin_list>
<pin id="114" dir="0" index="0" bw="32" slack="0"/>
<pin id="115" dir="0" index="1" bw="1" slack="0"/>
<pin id="116" dir="0" index="2" bw="4" slack="0"/>
<pin id="117" dir="1" index="3" bw="4" slack="0"/>
</pin_list>
<bind>
<opcode="getelementptr(29) " fcode="getelementptr"/>
<opset="local_2_addr/3 "/>
</bind>
</comp>

<comp id="120" class="1004" name="local_3_addr_gep_fu_120">
<pin_list>
<pin id="121" dir="0" index="0" bw="32" slack="0"/>
<pin id="122" dir="0" index="1" bw="1" slack="0"/>
<pin id="123" dir="0" index="2" bw="4" slack="0"/>
<pin id="124" dir="1" index="3" bw="4" slack="0"/>
</pin_list>
<bind>
<opcode="getelementptr(29) " fcode="getelementptr"/>
<opset="local_3_addr/3 "/>
</bind>
</comp>

<comp id="127" class="1004" name="local_4_addr_gep_fu_127">
<pin_list>
<pin id="128" dir="0" index="0" bw="32" slack="0"/>
<pin id="129" dir="0" index="1" bw="1" slack="0"/>
<pin id="130" dir="0" index="2" bw="4" slack="0"/>
<pin id="131" dir="1" index="3" bw="4" slack="0"/>
</pin_list>
<bind>
<opcode="getelementptr(29) " fcode="getelementptr"/>
<opset="local_4_addr/3 "/>
</bind>
</comp>

<comp id="134" class="1004" name="local_5_addr_gep_fu_134">
<pin_list>
<pin id="135" dir="0" index="0" bw="32" slack="0"/>
<pin id="136" dir="0" index="1" bw="1" slack="0"/>
<pin id="137" dir="0" index="2" bw="4" slack="0"/>
<pin id="138" dir="1" index="3" bw="4" slack="0"/>
</pin_list>
<bind>
<opcode="getelementptr(29) " fcode="getelementptr"/>
<opset="local_5_addr/3 "/>
</bind>
</comp>

<comp id="141" class="1004" name="local_6_addr_gep_fu_141">
<pin_list>
<pin id="142" dir="0" index="0" bw="32" slack="0"/>
<pin id="143" dir="0" index="1" bw="1" slack="0"/>
<pin id="144" dir="0" index="2" bw="4" slack="0"/>
<pin id="145" dir="1" index="3" bw="4" slack="0"/>
</pin_list>
<bind>
<opcode="getelementptr(29) " fcode="getelementptr"/>
<opset="local_6_addr/3 "/>
</bind>
</comp>

<comp id="148" class="1004" name="local_7_addr_gep_fu_148">
<pin_list>
<pin id="149" dir="0" index="0" bw="32" slack="0"/>
<pin id="150" dir="0" index="1" bw="1" slack="0"/>
<pin id="151" dir="0" index="2" bw="4" slack="0"/>
<pin id="152" dir="1" index="3" bw="4" slack="0"/>
</pin_list>
<bind>
<opcode="getelementptr(29) " fcode="getelementptr"/>
<opset="local_7_addr/3 "/>
</bind>
</comp>

<comp id="155" class="1004" name="store_ln150_access_fu_155">
<pin_list>
<pin id="156" dir="0" index="0" bw="4" slack="0"/>
<pin id="157" dir="0" index="1" bw="32" slack="0"/>
<pin id="158" dir="0" index="2" bw="0" slack="2147483647"/>
<pin id="159" dir="1" index="3" bw="32" slack="2147483647"/>
</pin_list>
<bind>
<opcode="store(28) " fcode="store"/>
<opset="store_ln150/3 "/>
</bind>
</comp>

<comp id="161" class="1004" name="store_ln150_access_fu_161">
<pin_list>
<pin id="162" dir="0" index="0" bw="4" slack="0"/>
<pin id="163" dir="0" index="1" bw="32" slack="0"/>
<pin id="164" dir="0" index="2" bw="0" slack="2147483647"/>
<pin id="165" dir="1" index="3" bw="32" slack="2147483647"/>
</pin_list>
<bind>
<opcode="store(28) " fcode="store"/>
<opset="store_ln150/3 "/>
</bind>
</comp>

<comp id="167" class="1004" name="store_ln150_access_fu_167">
<pin_list>
<pin id="168" dir="0" index="0" bw="4" slack="0"/>
<pin id="169" dir="0" index="1" bw="32" slack="0"/>
<pin id="170" dir="0" index="2" bw="0" slack="2147483647"/>
<pin id="171" dir="1" index="3" bw="32" slack="2147483647"/>
</pin_list>
<bind>
<opcode="store(28) " fcode="store"/>
<opset="store_ln150/3 "/>
</bind>
</comp>

<comp id="173" class="1004" name="store_ln150_access_fu_173">
<pin_list>
<pin id="174" dir="0" index="0" bw="4" slack="0"/>
<pin id="175" dir="0" index="1" bw="32" slack="0"/>
<pin id="176" dir="0" index="2" bw="0" slack="2147483647"/>
<pin id="177" dir="1" index="3" bw="32" slack="2147483647"/>
</pin_list>
<bind>
<opcode="store(28) " fcode="store"/>
<opset="store_ln150/3 "/>
</bind>
</comp>

<comp id="179" class="1004" name="store_ln150_access_fu_179">
<pin_list>
<pin id="180" dir="0" index="0" bw="4" slack="0"/>
<pin id="181" dir="0" index="1" bw="32" slack="0"/>
<pin id="182" dir="0" index="2" bw="0" slack="2147483647"/>
<pin id="183" dir="1" index="3" bw="32" slack="2147483647"/>
</pin_list>
<bind>
<opcode="store(28) " fcode="store"/>
<opset="store_ln150/3 "/>
</bind>
</comp>

<comp id="185" class="1004" name="store_ln150_access_fu_185">
<pin_list>
<pin id="186" dir="0" index="0" bw="4" slack="0"/>
<pin id="187" dir="0" index="1" bw="32" slack="0"/>
<pin id="188" dir="0" index="2" bw="0" slack="2147483647"/>
<pin id="189" dir="1" index="3" bw="32" slack="2147483647"/>
</pin_list>
<bind>
<opcode="store(28) " fcode="store"/>
<opset="store_ln150/3 "/>
</bind>
</comp>

<comp id="191" class="1004" name="store_ln150_access_fu_191">
<pin_list>
<pin id="192" dir="0" index="0" bw="4" slack="0"/>
<pin id="193" dir="0" index="1" bw="32" slack="0"/>
<pin id="194" dir="0" index="2" bw="0" slack="2147483647"/>
<pin id="195" dir="1" index="3" bw="32" slack="2147483647"/>
</pin_list>
<bind>
<opcode="store(28) " fcode="store"/>
<opset="store_ln150/3 "/>
</bind>
</comp>

<comp id="197" class="1004" name="store_ln150_access_fu_197">
<pin_list>
<pin id="198" dir="0" index="0" bw="4" slack="0"/>
<pin id="199" dir="0" index="1" bw="32" slack="0"/>
<pin id="200" dir="0" index="2" bw="0" slack="2147483647"/>
<pin id="201" dir="1" index="3" bw="32" slack="2147483647"/>
</pin_list>
<bind>
<opcode="store(28) " fcode="store"/>
<opset="store_ln150/3 "/>
</bind>
</comp>

<comp id="203" class="1004" name="sext_ln148_cast_fu_203">
<pin_list>
<pin id="204" dir="0" index="0" bw="62" slack="0"/>
<pin id="205" dir="1" index="1" bw="64" slack="1"/>
</pin_list>
<bind>
<opcode="sext(35) " fcode="sext"/>
<opset="sext_ln148_cast/1 "/>
</bind>
</comp>

<comp id="207" class="1004" name="store_ln0_store_fu_207">
<pin_list>
<pin id="208" dir="0" index="0" bw="1" slack="0"/>
<pin id="209" dir="0" index="1" bw="7" slack="0"/>
<pin id="210" dir="1" index="2" bw="0" slack="2147483647"/>
</pin_list>
<bind>
<opcode="store(28) " fcode="store"/>
<opset="store_ln0/1 "/>
</bind>
</comp>

<comp id="212" class="1004" name="i_11_load_fu_212">
<pin_list>
<pin id="213" dir="0" index="0" bw="7" slack="0"/>
<pin id="214" dir="1" index="1" bw="7" slack="0"/>
</pin_list>
<bind>
<opcode="load(27) " fcode="load"/>
<opset="i_11/1 "/>
</bind>
</comp>

<comp id="215" class="1004" name="icmp_ln148_fu_215">
<pin_list>
<pin id="216" dir="0" index="0" bw="7" slack="0"/>
<pin id="217" dir="0" index="1" bw="7" slack="0"/>
<pin id="218" dir="1" index="2" bw="1" slack="1"/>
</pin_list>
<bind>
<opcode="icmp(45) " fcode="icmp"/>
<opset="icmp_ln148/1 "/>
</bind>
</comp>

<comp id="221" class="1004" name="add_ln148_fu_221">
<pin_list>
<pin id="222" dir="0" index="0" bw="7" slack="0"/>
<pin id="223" dir="0" index="1" bw="1" slack="0"/>
<pin id="224" dir="1" index="2" bw="7" slack="0"/>
</pin_list>
<bind>
<opcode="add(8) " fcode="add"/>
<opset="add_ln148/1 "/>
</bind>
</comp>

<comp id="227" class="1004" name="trunc_ln148_fu_227">
<pin_list>
<pin id="228" dir="0" index="0" bw="7" slack="0"/>
<pin id="229" dir="1" index="1" bw="3" slack="2"/>
</pin_list>
<bind>
<opcode="trunc(33) " fcode="trunc"/>
<opset="trunc_ln148/1 "/>
</bind>
</comp>

<comp id="231" class="1004" name="lshr_ln_fu_231">
<pin_list>
<pin id="232" dir="0" index="0" bw="4" slack="0"/>
<pin id="233" dir="0" index="1" bw="7" slack="0"/>
<pin id="234" dir="0" index="2" bw="3" slack="0"/>
<pin id="235" dir="0" index="3" bw="4" slack="0"/>
<pin id="236" dir="1" index="4" bw="4" slack="2"/>
</pin_list>
<bind>
<opcode="partselect(1002) " fcode="partselect"/>
<opset="lshr_ln/1 "/>
</bind>
</comp>

<comp id="241" class="1004" name="store_ln148_store_fu_241">
<pin_list>
<pin id="242" dir="0" index="0" bw="7" slack="0"/>
<pin id="243" dir="0" index="1" bw="7" slack="0"/>
<pin id="244" dir="1" index="2" bw="0" slack="2147483647"/>
</pin_list>
<bind>
<opcode="store(28) " fcode="store"/>
<opset="store_ln148/1 "/>
</bind>
</comp>

<comp id="246" class="1004" name="gmem0_addr_fu_246">
<pin_list>
<pin id="247" dir="0" index="0" bw="64" slack="0"/>
<pin id="248" dir="0" index="1" bw="64" slack="1"/>
<pin id="249" dir="1" index="2" bw="64" slack="0"/>
</pin_list>
<bind>
<opcode="getelementptr(29) " fcode="getelementptr"/>
<opset="gmem0_addr/2 "/>
</bind>
</comp>

<comp id="252" class="1004" name="zext_ln148_fu_252">
<pin_list>
<pin id="253" dir="0" index="0" bw="4" slack="2"/>
<pin id="254" dir="1" index="1" bw="64" slack="0"/>
</pin_list>
<bind>
<opcode="zext(34) " fcode="zext"/>
<opset="zext_ln148/3 "/>
</bind>
</comp>

<comp id="263" class="1004" name="bitcast_ln150_fu_263">
<pin_list>
<pin id="264" dir="0" index="0" bw="32" slack="1"/>
<pin id="265" dir="1" index="1" bw="32" slack="0"/>
</pin_list>
<bind>
<opcode="bitcast(44) " fcode="bitcast"/>
<opset="bitcast_ln150/3 "/>
</bind>
</comp>

<comp id="274" class="1005" name="i_reg_274">
<pin_list>
<pin id="275" dir="0" index="0" bw="7" slack="0"/>
<pin id="276" dir="1" index="1" bw="7" slack="0"/>
</pin_list>
<bind>
<opset="i "/>
</bind>
</comp>

<comp id="281" class="1005" name="sext_ln148_cast_reg_281">
<pin_list>
<pin id="282" dir="0" index="0" bw="64" slack="1"/>
<pin id="283" dir="1" index="1" bw="64" slack="1"/>
</pin_list>
<bind>
<opset="sext_ln148_cast "/>
</bind>
</comp>

<comp id="286" class="1005" name="icmp_ln148_reg_286">
<pin_list>
<pin id="287" dir="0" index="0" bw="1" slack="1"/>
<pin id="288" dir="1" index="1" bw="1" slack="2147483647"/>
</pin_list>
<bind>
<opset="icmp_ln148 "/>
</bind>
</comp>

<comp id="290" class="1005" name="trunc_ln148_reg_290">
<pin_list>
<pin id="291" dir="0" index="0" bw="3" slack="2"/>
<pin id="292" dir="1" index="1" bw="3" slack="2147483647"/>
</pin_list>
<bind>
<opset="trunc_ln148 "/>
</bind>
</comp>

<comp id="294" class="1005" name="lshr_ln_reg_294">
<pin_list>
<pin id="295" dir="0" index="0" bw="4" slack="2"/>
<pin id="296" dir="1" index="1" bw="4" slack="2"/>
</pin_list>
<bind>
<opset="lshr_ln "/>
</bind>
</comp>

<comp id="299" class="1005" name="gmem0_addr_read_reg_299">
<pin_list>
<pin id="300" dir="0" index="0" bw="32" slack="1"/>
<pin id="301" dir="1" index="1" bw="32" slack="1"/>
</pin_list>
<bind>
<opset="gmem0_addr_read "/>
</bind>
</comp>

</comp_list>

<net_list>
<net id="87"><net_src comp="20" pin="0"/><net_sink comp="84" pin=0"/></net>

<net id="92"><net_src comp="22" pin="0"/><net_sink comp="88" pin=0"/></net>

<net id="93"><net_src comp="2" pin="0"/><net_sink comp="88" pin=1"/></net>

<net id="98"><net_src comp="70" pin="0"/><net_sink comp="94" pin=0"/></net>

<net id="104"><net_src comp="18" pin="0"/><net_sink comp="99" pin=0"/></net>

<net id="105"><net_src comp="82" pin="0"/><net_sink comp="99" pin=1"/></net>

<net id="111"><net_src comp="16" pin="0"/><net_sink comp="106" pin=0"/></net>

<net id="112"><net_src comp="82" pin="0"/><net_sink comp="106" pin=1"/></net>

<net id="118"><net_src comp="14" pin="0"/><net_sink comp="113" pin=0"/></net>

<net id="119"><net_src comp="82" pin="0"/><net_sink comp="113" pin=1"/></net>

<net id="125"><net_src comp="12" pin="0"/><net_sink comp="120" pin=0"/></net>

<net id="126"><net_src comp="82" pin="0"/><net_sink comp="120" pin=1"/></net>

<net id="132"><net_src comp="10" pin="0"/><net_sink comp="127" pin=0"/></net>

<net id="133"><net_src comp="82" pin="0"/><net_sink comp="127" pin=1"/></net>

<net id="139"><net_src comp="8" pin="0"/><net_sink comp="134" pin=0"/></net>

<net id="140"><net_src comp="82" pin="0"/><net_sink comp="134" pin=1"/></net>

<net id="146"><net_src comp="6" pin="0"/><net_sink comp="141" pin=0"/></net>

<net id="147"><net_src comp="82" pin="0"/><net_sink comp="141" pin=1"/></net>

<net id="153"><net_src comp="4" pin="0"/><net_sink comp="148" pin=0"/></net>

<net id="154"><net_src comp="82" pin="0"/><net_sink comp="148" pin=1"/></net>

<net id="160"><net_src comp="141" pin="3"/><net_sink comp="155" pin=0"/></net>

<net id="166"><net_src comp="134" pin="3"/><net_sink comp="161" pin=0"/></net>

<net id="172"><net_src comp="127" pin="3"/><net_sink comp="167" pin=0"/></net>

<net id="178"><net_src comp="120" pin="3"/><net_sink comp="173" pin=0"/></net>

<net id="184"><net_src comp="113" pin="3"/><net_sink comp="179" pin=0"/></net>

<net id="190"><net_src comp="106" pin="3"/><net_sink comp="185" pin=0"/></net>

<net id="196"><net_src comp="99" pin="3"/><net_sink comp="191" pin=0"/></net>

<net id="202"><net_src comp="148" pin="3"/><net_sink comp="197" pin=0"/></net>

<net id="206"><net_src comp="88" pin="2"/><net_sink comp="203" pin=0"/></net>

<net id="211"><net_src comp="42" pin="0"/><net_sink comp="207" pin=0"/></net>

<net id="219"><net_src comp="212" pin="1"/><net_sink comp="215" pin=0"/></net>

<net id="220"><net_src comp="44" pin="0"/><net_sink comp="215" pin=1"/></net>

<net id="225"><net_src comp="212" pin="1"/><net_sink comp="221" pin=0"/></net>

<net id="226"><net_src comp="46" pin="0"/><net_sink comp="221" pin=1"/></net>

<net id="230"><net_src comp="212" pin="1"/><net_sink comp="227" pin=0"/></net>

<net id="237"><net_src comp="48" pin="0"/><net_sink comp="231" pin=0"/></net>

<net id="238"><net_src comp="212" pin="1"/><net_sink comp="231" pin=1"/></net>

<net id="239"><net_src comp="50" pin="0"/><net_sink comp="231" pin=2"/></net>

<net id="240"><net_src comp="52" pin="0"/><net_sink comp="231" pin=3"/></net>

<net id="245"><net_src comp="221" pin="2"/><net_sink comp="241" pin=0"/></net>

<net id="250"><net_src comp="0" pin="0"/><net_sink comp="246" pin=0"/></net>

<net id="251"><net_src comp="246" pin="2"/><net_sink comp="94" pin=1"/></net>

<net id="255"><net_src comp="252" pin="1"/><net_sink comp="99" pin=2"/></net>

<net id="256"><net_src comp="252" pin="1"/><net_sink comp="106" pin=2"/></net>

<net id="257"><net_src comp="252" pin="1"/><net_sink comp="113" pin=2"/></net>

<net id="258"><net_src comp="252" pin="1"/><net_sink comp="120" pin=2"/></net>

<net id="259"><net_src comp="252" pin="1"/><net_sink comp="127" pin=2"/></net>

<net id="260"><net_src comp="252" pin="1"/><net_sink comp="134" pin=2"/></net>

<net id="261"><net_src comp="252" pin="1"/><net_sink comp="141" pin=2"/></net>

<net id="262"><net_src comp="252" pin="1"/><net_sink comp="148" pin=2"/></net>

<net id="266"><net_src comp="263" pin="1"/><net_sink comp="155" pin=1"/></net>

<net id="267"><net_src comp="263" pin="1"/><net_sink comp="161" pin=1"/></net>

<net id="268"><net_src comp="263" pin="1"/><net_sink comp="167" pin=1"/></net>

<net id="269"><net_src comp="263" pin="1"/><net_sink comp="173" pin=1"/></net>

<net id="270"><net_src comp="263" pin="1"/><net_sink comp="179" pin=1"/></net>

<net id="271"><net_src comp="263" pin="1"/><net_sink comp="185" pin=1"/></net>

<net id="272"><net_src comp="263" pin="1"/><net_sink comp="191" pin=1"/></net>

<net id="273"><net_src comp="263" pin="1"/><net_sink comp="197" pin=1"/></net>

<net id="277"><net_src comp="84" pin="1"/><net_sink comp="274" pin=0"/></net>

<net id="278"><net_src comp="274" pin="1"/><net_sink comp="207" pin=1"/></net>

<net id="279"><net_src comp="274" pin="1"/><net_sink comp="212" pin=0"/></net>

<net id="280"><net_src comp="274" pin="1"/><net_sink comp="241" pin=1"/></net>

<net id="284"><net_src comp="203" pin="1"/><net_sink comp="281" pin=0"/></net>

<net id="285"><net_src comp="281" pin="1"/><net_sink comp="246" pin=1"/></net>

<net id="289"><net_src comp="215" pin="2"/><net_sink comp="286" pin=0"/></net>

<net id="293"><net_src comp="227" pin="1"/><net_sink comp="290" pin=0"/></net>

<net id="297"><net_src comp="231" pin="4"/><net_sink comp="294" pin=0"/></net>

<net id="298"><net_src comp="294" pin="1"/><net_sink comp="252" pin=0"/></net>

<net id="302"><net_src comp="94" pin="2"/><net_sink comp="299" pin=0"/></net>

<net id="303"><net_src comp="299" pin="1"/><net_sink comp="263" pin=0"/></net>

</net_list>

</model> 
---------------- Datapath Model END ------------------

* FSMD analyzer results:
  - Output states:
	Port: gmem0 | {}
	Port: local_7 | {3 }
	Port: local_6 | {3 }
	Port: local_5 | {3 }
	Port: local_4 | {3 }
	Port: local_3 | {3 }
	Port: local_2 | {3 }
	Port: local_1 | {3 }
	Port: local | {3 }
 - Input state : 
	Port: ekf_batch_Pipeline_VITIS_LOOP_148_3 : gmem0 | {2 }
	Port: ekf_batch_Pipeline_VITIS_LOOP_148_3 : sext_ln148 | {1 }
  - Chain level:
	State 1
		store_ln0 : 1
		i_11 : 1
		icmp_ln148 : 2
		add_ln148 : 2
		br_ln148 : 3
		trunc_ln148 : 2
		lshr_ln : 2
		switch_ln150 : 3
		store_ln148 : 3
	State 2
		gmem0_addr_read : 1
	State 3
		local_addr : 1
		local_1_addr : 1
		local_2_addr : 1
		local_3_addr : 1
		local_4_addr : 1
		local_5_addr : 1
		local_6_addr : 1
		local_7_addr : 1
		store_ln150 : 2
		store_ln150 : 2
		store_ln150 : 2
		store_ln150 : 2
		store_ln150 : 2
		store_ln150 : 2
		store_ln150 : 2
		store_ln150 : 2


============================================================
+ Verbose Summary: Datapath Resource usage 
============================================================

* Functional unit list:
|----------|----------------------------|---------|---------|
| Operation|       Functional Unit      |    FF   |   LUT   |
|----------|----------------------------|---------|---------|
|   icmp   |      icmp_ln148_fu_215     |    0    |    14   |
|----------|----------------------------|---------|---------|
|    add   |      add_ln148_fu_221      |    0    |    14   |
|----------|----------------------------|---------|---------|
|   read   | sext_ln148_read_read_fu_88 |    0    |    0    |
|          | gmem0_addr_read_read_fu_94 |    0    |    0    |
|----------|----------------------------|---------|---------|
|   sext   |   sext_ln148_cast_fu_203   |    0    |    0    |
|----------|----------------------------|---------|---------|
|   trunc  |     trunc_ln148_fu_227     |    0    |    0    |
|----------|----------------------------|---------|---------|
|partselect|       lshr_ln_fu_231       |    0    |    0    |
|----------|----------------------------|---------|---------|
|   zext   |      zext_ln148_fu_252     |    0    |    0    |
|----------|----------------------------|---------|---------|
|   Total  |                            |    0    |    28   |
|----------|----------------------------|---------|---------|

Memories:
N/A

* Register list:
+-----------------------+--------+
|                       |   FF   |
+-----------------------+--------+
|gmem0_addr_read_reg_299|   32   |
|       i_reg_274       |    7   |
|   icmp_ln148_reg_286  |    1   |
|    lshr_ln_reg_294    |    4   |
|sext_ln148_cast_reg_281|   64   |
|  trunc_ln148_reg_290  |    3   |
+-----------------------+--------+
|         Total         |   111  |
+-----------------------+--------+

* Multiplexer (MUX) list: 
|--------|------|------|------|--------|
|  Comp  |  Pin | Size |  BW  | S x BW |
|--------|------|------|------|--------|
|  Total |      |      |      |    0   |
|--------|------|------|------|--------|



* Summary:
+-----------+--------+--------+
|           |   FF   |   LUT  |
+-----------+--------+--------+
|  Function |    0   |   28   |
|   Memory  |    -   |    -   |
|Multiplexer|    -   |    -   |
|  Register |   111  |    -   |
+-----------+--------+--------+
|   Total   |   111  |   28   |
+-----------+--------+--------+
