

================================================================
== Vitis HLS Report for 'ekf_batch_Pipeline_VITIS_LOOP_45_3'
================================================================
* Date:           Thu Sep  3 12:11:16 2026

* Version:        2023.1 (Build 3854077 on May  4 2023)
* Project:        EKF
* Solution:       solution1 (Vivado IP Flow Target)
* Product family: zynquplus
* Target device:  xczu9eg-ffvb1156-2-e


================================================================
== Performance Estimates
================================================================
+ Timing: 
    * Summary: 
    +--------+----------+----------+------------+
    |  Clock |  Target  | Estimated| Uncertainty|
    +--------+----------+----------+------------+
    |ap_clk  |  10.00 ns|  0.975 ns|     2.70 ns|
    +--------+----------+----------+------------+

+ Latency: 
    * Summary: 
    +---------+---------+-----------+-----------+-----+-----+---------+
    |  Latency (cycles) |   Latency (absolute)  |  Interval | Pipeline|
    |   min   |   max   |    min    |    max    | min | max |   Type  |
    +---------+---------+-----------+-----------+-----+-----+---------+
    |        5|        5|  50.000 ns|  50.000 ns|    5|    5|       no|
    +---------+---------+-----------+-----------+-----+-----+---------+

    + Detail: 
        * Instance: 
        N/A

        * Loop: 
        +-------------------+---------+---------+----------+-----------+-----------+------+----------+
        |                   |  Latency (cycles) | Iteration|  Initiation Interval  | Trip |          |
        |     Loop Name     |   min   |   max   |  Latency |  achieved |   target  | Count| Pipelined|
        +-------------------+---------+---------+----------+-----------+-----------+------+----------+
        |- VITIS_LOOP_45_3  |        3|        3|         1|          1|          1|     3|       yes|
        +-------------------+---------+---------+----------+-----------+-----------+------+----------+

============================================================
+ Verbose Summary: Synthesis Manager
============================================================
InlineROM: 1
ExposeGlobal: 0
============================================================
+ Verbose Summary: CDFG Model
============================================================
IsTopModel: 0
ResetActiveHigh: 1
IsCombinational: 0
IsDatapathOnly: 0
HasWiredReturn: 1
HasMFsm: 2
HasVarLatency: 1
IsPipeline: 0
IsRtlPipelined: 0
IsInstanceOverlapped: 0
IsDontTouch: 0
HasImplIP: 0
IsGatedGlobalClock: 0

+ Individual pipeline summary: 
  * Pipeline-0: initiation interval (II) = 1, depth = 1


============================================================
+ Verbose Summary: Schedule
============================================================
* Number of FSM states : 1
* Pipeline : 1
  Pipeline-0 : II = 1, D = 1, States = { 1 }
* Dataflow Pipeline: 0

* FSM state transitions: 
1 --> 

* FSM state operations: 

State 1 <SV = 0> <Delay = 0.97>
ST_1 : Operation 4 [1/1] (0.00ns)   --->   "%i_4 = alloca i32 1"   --->   Operation 4 'alloca' 'i_4' <Predicate = true> <Delay = 0.00>
ST_1 : Operation 5 [1/1] (0.00ns)   --->   "%Q = alloca i32 1"   --->   Operation 5 'alloca' 'Q' <Predicate = true> <Delay = 0.00>
ST_1 : Operation 6 [1/1] (0.00ns)   --->   "%Q_1 = alloca i32 1"   --->   Operation 6 'alloca' 'Q_1' <Predicate = true> <Delay = 0.00>
ST_1 : Operation 7 [1/1] (0.00ns)   --->   "%Q_2 = alloca i32 1"   --->   Operation 7 'alloca' 'Q_2' <Predicate = true> <Delay = 0.00>
ST_1 : Operation 8 [1/1] (0.00ns)   --->   "%Q_3 = alloca i32 1"   --->   Operation 8 'alloca' 'Q_3' <Predicate = true> <Delay = 0.00>
ST_1 : Operation 9 [1/1] (0.00ns)   --->   "%Q_4 = alloca i32 1"   --->   Operation 9 'alloca' 'Q_4' <Predicate = true> <Delay = 0.00>
ST_1 : Operation 10 [1/1] (0.00ns)   --->   "%Q_5 = alloca i32 1"   --->   Operation 10 'alloca' 'Q_5' <Predicate = true> <Delay = 0.00>
ST_1 : Operation 11 [1/1] (0.00ns)   --->   "%Q_6 = alloca i32 1"   --->   Operation 11 'alloca' 'Q_6' <Predicate = true> <Delay = 0.00>
ST_1 : Operation 12 [1/1] (0.00ns)   --->   "%Q_7 = alloca i32 1"   --->   Operation 12 'alloca' 'Q_7' <Predicate = true> <Delay = 0.00>
ST_1 : Operation 13 [1/1] (0.00ns)   --->   "%Q_8 = alloca i32 1"   --->   Operation 13 'alloca' 'Q_8' <Predicate = true> <Delay = 0.00>
ST_1 : Operation 14 [1/1] (0.00ns)   --->   "%Q_9 = alloca i32 1"   --->   Operation 14 'alloca' 'Q_9' <Predicate = true> <Delay = 0.00>
ST_1 : Operation 15 [1/1] (0.00ns)   --->   "%Q_10 = alloca i32 1"   --->   Operation 15 'alloca' 'Q_10' <Predicate = true> <Delay = 0.00>
ST_1 : Operation 16 [1/1] (0.00ns)   --->   "%Q_11 = alloca i32 1"   --->   Operation 16 'alloca' 'Q_11' <Predicate = true> <Delay = 0.00>
ST_1 : Operation 17 [1/1] (0.42ns)   --->   "%store_ln0 = store i32 0, i32 %Q_11"   --->   Operation 17 'store' 'store_ln0' <Predicate = true> <Delay = 0.42>
ST_1 : Operation 18 [1/1] (0.42ns)   --->   "%store_ln0 = store i32 0, i32 %Q_10"   --->   Operation 18 'store' 'store_ln0' <Predicate = true> <Delay = 0.42>
ST_1 : Operation 19 [1/1] (0.42ns)   --->   "%store_ln0 = store i32 0, i32 %Q_9"   --->   Operation 19 'store' 'store_ln0' <Predicate = true> <Delay = 0.42>
ST_1 : Operation 20 [1/1] (0.42ns)   --->   "%store_ln0 = store i32 0, i32 %Q_8"   --->   Operation 20 'store' 'store_ln0' <Predicate = true> <Delay = 0.42>
ST_1 : Operation 21 [1/1] (0.42ns)   --->   "%store_ln0 = store i32 0, i32 %Q_7"   --->   Operation 21 'store' 'store_ln0' <Predicate = true> <Delay = 0.42>
ST_1 : Operation 22 [1/1] (0.42ns)   --->   "%store_ln0 = store i32 0, i32 %Q_6"   --->   Operation 22 'store' 'store_ln0' <Predicate = true> <Delay = 0.42>
ST_1 : Operation 23 [1/1] (0.42ns)   --->   "%store_ln0 = store i32 0, i32 %Q_5"   --->   Operation 23 'store' 'store_ln0' <Predicate = true> <Delay = 0.42>
ST_1 : Operation 24 [1/1] (0.42ns)   --->   "%store_ln0 = store i32 0, i32 %Q_4"   --->   Operation 24 'store' 'store_ln0' <Predicate = true> <Delay = 0.42>
ST_1 : Operation 25 [1/1] (0.42ns)   --->   "%store_ln0 = store i32 0, i32 %Q_3"   --->   Operation 25 'store' 'store_ln0' <Predicate = true> <Delay = 0.42>
ST_1 : Operation 26 [1/1] (0.42ns)   --->   "%store_ln0 = store i32 0, i32 %Q_2"   --->   Operation 26 'store' 'store_ln0' <Predicate = true> <Delay = 0.42>
ST_1 : Operation 27 [1/1] (0.42ns)   --->   "%store_ln0 = store i32 0, i32 %Q_1"   --->   Operation 27 'store' 'store_ln0' <Predicate = true> <Delay = 0.42>
ST_1 : Operation 28 [1/1] (0.42ns)   --->   "%store_ln0 = store i32 0, i32 %Q"   --->   Operation 28 'store' 'store_ln0' <Predicate = true> <Delay = 0.42>
ST_1 : Operation 29 [1/1] (0.42ns)   --->   "%store_ln0 = store i2 0, i2 %i_4"   --->   Operation 29 'store' 'store_ln0' <Predicate = true> <Delay = 0.42>
ST_1 : Operation 30 [1/1] (0.00ns)   --->   "%br_ln0 = br void %for.body25.i.i"   --->   Operation 30 'br' 'br_ln0' <Predicate = true> <Delay = 0.00>
ST_1 : Operation 31 [1/1] (0.00ns)   --->   "%i = load i2 %i_4" [ekf_core.cpp:45->ekf_core.cpp:54->ekf_core.cpp:162]   --->   Operation 31 'load' 'i' <Predicate = true> <Delay = 0.00>
ST_1 : Operation 32 [1/1] (0.00ns)   --->   "%specpipeline_ln0 = specpipeline void @_ssdm_op_SpecPipeline, i32 4294967295, i32 0, i32 1, i32 0, void @p_str"   --->   Operation 32 'specpipeline' 'specpipeline_ln0' <Predicate = true> <Delay = 0.00>
ST_1 : Operation 33 [1/1] (0.54ns)   --->   "%icmp_ln45 = icmp_eq  i2 %i, i2 3" [ekf_core.cpp:45->ekf_core.cpp:54->ekf_core.cpp:162]   --->   Operation 33 'icmp' 'icmp_ln45' <Predicate = true> <Delay = 0.54> <CoreInst = "Cmp">   --->   Core 9 'Cmp' <Latency = 0> <II = 1> <Delay = 0.54> <FuncUnit> <Opcode : 'icmp'> <InPorts = 2> <OutPorts = 1>
ST_1 : Operation 34 [1/1] (0.54ns)   --->   "%add_ln45 = add i2 %i, i2 1" [ekf_core.cpp:45->ekf_core.cpp:54->ekf_core.cpp:162]   --->   Operation 34 'add' 'add_ln45' <Predicate = true> <Delay = 0.54> <CoreInst = "Adder">   --->   Core 1 'Adder' <Latency = 0> <II = 1> <Delay = 0.54> <FuncUnit> <Opcode : 'add' 'sub'> <InPorts = 2> <OutPorts = 1>
ST_1 : Operation 35 [1/1] (0.00ns)   --->   "%br_ln45 = br i1 %icmp_ln45, void %for.body25.i.i.split, void %for.body5.i.preheader.exitStub" [ekf_core.cpp:45->ekf_core.cpp:54->ekf_core.cpp:162]   --->   Operation 35 'br' 'br_ln45' <Predicate = true> <Delay = 0.00>
ST_1 : Operation 36 [1/1] (0.00ns)   --->   "%speclooptripcount_ln51 = speclooptripcount void @_ssdm_op_SpecLoopTripCount, i64 3, i64 3, i64 3" [ekf_core.cpp:51->ekf_core.cpp:162]   --->   Operation 36 'speclooptripcount' 'speclooptripcount_ln51' <Predicate = (!icmp_ln45)> <Delay = 0.00>
ST_1 : Operation 37 [1/1] (0.00ns)   --->   "%specloopname_ln45 = specloopname void @_ssdm_op_SpecLoopName, void @empty_7" [ekf_core.cpp:45->ekf_core.cpp:54->ekf_core.cpp:162]   --->   Operation 37 'specloopname' 'specloopname_ln45' <Predicate = (!icmp_ln45)> <Delay = 0.00>
ST_1 : Operation 38 [1/1] (0.73ns)   --->   "%switch_ln45 = switch i2 %i, void %arrayidx447.i.i99.case.5, i2 0, void %for.body25.i.i.split.arrayidx447.i.i99.exit_crit_edge1, i2 1, void %for.body25.i.i.split.arrayidx447.i.i99.exit_crit_edge" [ekf_core.cpp:45->ekf_core.cpp:54->ekf_core.cpp:162]   --->   Operation 38 'switch' 'switch_ln45' <Predicate = (!icmp_ln45)> <Delay = 0.73>
ST_1 : Operation 39 [1/1] (0.42ns)   --->   "%store_ln45 = store i32 4, i32 %Q_9" [ekf_core.cpp:45->ekf_core.cpp:54->ekf_core.cpp:162]   --->   Operation 39 'store' 'store_ln45' <Predicate = (!icmp_ln45 & i == 1)> <Delay = 0.42>
ST_1 : Operation 40 [1/1] (0.42ns)   --->   "%store_ln45 = store i32 0.2, i32 %Q_8" [ekf_core.cpp:45->ekf_core.cpp:54->ekf_core.cpp:162]   --->   Operation 40 'store' 'store_ln45' <Predicate = (!icmp_ln45 & i == 1)> <Delay = 0.42>
ST_1 : Operation 41 [1/1] (0.42ns)   --->   "%store_ln45 = store i32 0.2, i32 %Q_3" [ekf_core.cpp:45->ekf_core.cpp:54->ekf_core.cpp:162]   --->   Operation 41 'store' 'store_ln45' <Predicate = (!icmp_ln45 & i == 1)> <Delay = 0.42>
ST_1 : Operation 42 [1/1] (0.42ns)   --->   "%store_ln45 = store i32 0.0133333, i32 %Q_2" [ekf_core.cpp:45->ekf_core.cpp:54->ekf_core.cpp:162]   --->   Operation 42 'store' 'store_ln45' <Predicate = (!icmp_ln45 & i == 1)> <Delay = 0.42>
ST_1 : Operation 43 [1/1] (0.00ns)   --->   "%br_ln45 = br void %arrayidx447.i.i99.exit" [ekf_core.cpp:45->ekf_core.cpp:54->ekf_core.cpp:162]   --->   Operation 43 'br' 'br_ln45' <Predicate = (!icmp_ln45 & i == 1)> <Delay = 0.00>
ST_1 : Operation 44 [1/1] (0.42ns)   --->   "%store_ln45 = store i32 4, i32 %Q_7" [ekf_core.cpp:45->ekf_core.cpp:54->ekf_core.cpp:162]   --->   Operation 44 'store' 'store_ln45' <Predicate = (!icmp_ln45 & i == 0)> <Delay = 0.42>
ST_1 : Operation 45 [1/1] (0.42ns)   --->   "%store_ln45 = store i32 0.2, i32 %Q_6" [ekf_core.cpp:45->ekf_core.cpp:54->ekf_core.cpp:162]   --->   Operation 45 'store' 'store_ln45' <Predicate = (!icmp_ln45 & i == 0)> <Delay = 0.42>
ST_1 : Operation 46 [1/1] (0.42ns)   --->   "%store_ln45 = store i32 0.2, i32 %Q_1" [ekf_core.cpp:45->ekf_core.cpp:54->ekf_core.cpp:162]   --->   Operation 46 'store' 'store_ln45' <Predicate = (!icmp_ln45 & i == 0)> <Delay = 0.42>
ST_1 : Operation 47 [1/1] (0.42ns)   --->   "%store_ln45 = store i32 0.0133333, i32 %Q" [ekf_core.cpp:45->ekf_core.cpp:54->ekf_core.cpp:162]   --->   Operation 47 'store' 'store_ln45' <Predicate = (!icmp_ln45 & i == 0)> <Delay = 0.42>
ST_1 : Operation 48 [1/1] (0.00ns)   --->   "%br_ln45 = br void %arrayidx447.i.i99.exit" [ekf_core.cpp:45->ekf_core.cpp:54->ekf_core.cpp:162]   --->   Operation 48 'br' 'br_ln45' <Predicate = (!icmp_ln45 & i == 0)> <Delay = 0.00>
ST_1 : Operation 49 [1/1] (0.42ns)   --->   "%store_ln45 = store i32 4, i32 %Q_11" [ekf_core.cpp:45->ekf_core.cpp:54->ekf_core.cpp:162]   --->   Operation 49 'store' 'store_ln45' <Predicate = (!icmp_ln45 & i != 0 & i != 1)> <Delay = 0.42>
ST_1 : Operation 50 [1/1] (0.42ns)   --->   "%store_ln45 = store i32 0.2, i32 %Q_10" [ekf_core.cpp:45->ekf_core.cpp:54->ekf_core.cpp:162]   --->   Operation 50 'store' 'store_ln45' <Predicate = (!icmp_ln45 & i != 0 & i != 1)> <Delay = 0.42>
ST_1 : Operation 51 [1/1] (0.42ns)   --->   "%store_ln45 = store i32 0.2, i32 %Q_5" [ekf_core.cpp:45->ekf_core.cpp:54->ekf_core.cpp:162]   --->   Operation 51 'store' 'store_ln45' <Predicate = (!icmp_ln45 & i != 0 & i != 1)> <Delay = 0.42>
ST_1 : Operation 52 [1/1] (0.42ns)   --->   "%store_ln45 = store i32 0.0133333, i32 %Q_4" [ekf_core.cpp:45->ekf_core.cpp:54->ekf_core.cpp:162]   --->   Operation 52 'store' 'store_ln45' <Predicate = (!icmp_ln45 & i != 0 & i != 1)> <Delay = 0.42>
ST_1 : Operation 53 [1/1] (0.00ns)   --->   "%br_ln45 = br void %arrayidx447.i.i99.exit" [ekf_core.cpp:45->ekf_core.cpp:54->ekf_core.cpp:162]   --->   Operation 53 'br' 'br_ln45' <Predicate = (!icmp_ln45 & i != 0 & i != 1)> <Delay = 0.00>
ST_1 : Operation 54 [1/1] (0.42ns)   --->   "%store_ln45 = store i2 %add_ln45, i2 %i_4" [ekf_core.cpp:45->ekf_core.cpp:54->ekf_core.cpp:162]   --->   Operation 54 'store' 'store_ln45' <Predicate = (!icmp_ln45)> <Delay = 0.42>
ST_1 : Operation 55 [1/1] (0.00ns)   --->   "%br_ln45 = br void %for.body25.i.i" [ekf_core.cpp:45->ekf_core.cpp:54->ekf_core.cpp:162]   --->   Operation 55 'br' 'br_ln45' <Predicate = (!icmp_ln45)> <Delay = 0.00>
ST_1 : Operation 56 [1/1] (0.00ns)   --->   "%Q_load = load i32 %Q"   --->   Operation 56 'load' 'Q_load' <Predicate = (icmp_ln45)> <Delay = 0.00>
ST_1 : Operation 57 [1/1] (0.00ns)   --->   "%Q_1_load = load i32 %Q_1"   --->   Operation 57 'load' 'Q_1_load' <Predicate = (icmp_ln45)> <Delay = 0.00>
ST_1 : Operation 58 [1/1] (0.00ns)   --->   "%Q_2_load = load i32 %Q_2"   --->   Operation 58 'load' 'Q_2_load' <Predicate = (icmp_ln45)> <Delay = 0.00>
ST_1 : Operation 59 [1/1] (0.00ns)   --->   "%Q_3_load = load i32 %Q_3"   --->   Operation 59 'load' 'Q_3_load' <Predicate = (icmp_ln45)> <Delay = 0.00>
ST_1 : Operation 60 [1/1] (0.00ns)   --->   "%Q_4_load = load i32 %Q_4"   --->   Operation 60 'load' 'Q_4_load' <Predicate = (icmp_ln45)> <Delay = 0.00>
ST_1 : Operation 61 [1/1] (0.00ns)   --->   "%Q_5_load = load i32 %Q_5"   --->   Operation 61 'load' 'Q_5_load' <Predicate = (icmp_ln45)> <Delay = 0.00>
ST_1 : Operation 62 [1/1] (0.00ns)   --->   "%Q_6_load = load i32 %Q_6"   --->   Operation 62 'load' 'Q_6_load' <Predicate = (icmp_ln45)> <Delay = 0.00>
ST_1 : Operation 63 [1/1] (0.00ns)   --->   "%Q_7_load = load i32 %Q_7"   --->   Operation 63 'load' 'Q_7_load' <Predicate = (icmp_ln45)> <Delay = 0.00>
ST_1 : Operation 64 [1/1] (0.00ns)   --->   "%Q_8_load = load i32 %Q_8"   --->   Operation 64 'load' 'Q_8_load' <Predicate = (icmp_ln45)> <Delay = 0.00>
ST_1 : Operation 65 [1/1] (0.00ns)   --->   "%Q_9_load = load i32 %Q_9"   --->   Operation 65 'load' 'Q_9_load' <Predicate = (icmp_ln45)> <Delay = 0.00>
ST_1 : Operation 66 [1/1] (0.00ns)   --->   "%Q_10_load = load i32 %Q_10"   --->   Operation 66 'load' 'Q_10_load' <Predicate = (icmp_ln45)> <Delay = 0.00>
ST_1 : Operation 67 [1/1] (0.00ns)   --->   "%Q_11_load = load i32 %Q_11"   --->   Operation 67 'load' 'Q_11_load' <Predicate = (icmp_ln45)> <Delay = 0.00>
ST_1 : Operation 68 [1/1] (0.00ns)   --->   "%write_ln0 = write void @_ssdm_op_Write.ap_auto.floatP0A, i32 %Q_11_out, i32 %Q_11_load"   --->   Operation 68 'write' 'write_ln0' <Predicate = (icmp_ln45)> <Delay = 0.00>
ST_1 : Operation 69 [1/1] (0.00ns)   --->   "%write_ln0 = write void @_ssdm_op_Write.ap_auto.floatP0A, i32 %Q_10_out, i32 %Q_10_load"   --->   Operation 69 'write' 'write_ln0' <Predicate = (icmp_ln45)> <Delay = 0.00>
ST_1 : Operation 70 [1/1] (0.00ns)   --->   "%write_ln0 = write void @_ssdm_op_Write.ap_auto.floatP0A, i32 %Q_9_out, i32 %Q_9_load"   --->   Operation 70 'write' 'write_ln0' <Predicate = (icmp_ln45)> <Delay = 0.00>
ST_1 : Operation 71 [1/1] (0.00ns)   --->   "%write_ln0 = write void @_ssdm_op_Write.ap_auto.floatP0A, i32 %Q_8_out, i32 %Q_8_load"   --->   Operation 71 'write' 'write_ln0' <Predicate = (icmp_ln45)> <Delay = 0.00>
ST_1 : Operation 72 [1/1] (0.00ns)   --->   "%write_ln0 = write void @_ssdm_op_Write.ap_auto.floatP0A, i32 %Q_7_out, i32 %Q_7_load"   --->   Operation 72 'write' 'write_ln0' <Predicate = (icmp_ln45)> <Delay = 0.00>
ST_1 : Operation 73 [1/1] (0.00ns)   --->   "%write_ln0 = write void @_ssdm_op_Write.ap_auto.floatP0A, i32 %Q_6_out, i32 %Q_6_load"   --->   Operation 73 'write' 'write_ln0' <Predicate = (icmp_ln45)> <Delay = 0.00>
ST_1 : Operation 74 [1/1] (0.00ns)   --->   "%write_ln0 = write void @_ssdm_op_Write.ap_auto.floatP0A, i32 %Q_5_out, i32 %Q_5_load"   --->   Operation 74 'write' 'write_ln0' <Predicate = (icmp_ln45)> <Delay = 0.00>
ST_1 : Operation 75 [1/1] (0.00ns)   --->   "%write_ln0 = write void @_ssdm_op_Write.ap_auto.floatP0A, i32 %Q_4_out, i32 %Q_4_load"   --->   Operation 75 'write' 'write_ln0' <Predicate = (icmp_ln45)> <Delay = 0.00>
ST_1 : Operation 76 [1/1] (0.00ns)   --->   "%write_ln0 = write void @_ssdm_op_Write.ap_auto.floatP0A, i32 %Q_3_out, i32 %Q_3_load"   --->   Operation 76 'write' 'write_ln0' <Predicate = (icmp_ln45)> <Delay = 0.00>
ST_1 : Operation 77 [1/1] (0.00ns)   --->   "%write_ln0 = write void @_ssdm_op_Write.ap_auto.floatP0A, i32 %Q_2_out, i32 %Q_2_load"   --->   Operation 77 'write' 'write_ln0' <Predicate = (icmp_ln45)> <Delay = 0.00>
ST_1 : Operation 78 [1/1] (0.00ns)   --->   "%write_ln0 = write void @_ssdm_op_Write.ap_auto.floatP0A, i32 %Q_1_out, i32 %Q_1_load"   --->   Operation 78 'write' 'write_ln0' <Predicate = (icmp_ln45)> <Delay = 0.00>
ST_1 : Operation 79 [1/1] (0.00ns)   --->   "%write_ln0 = write void @_ssdm_op_Write.ap_auto.floatP0A, i32 %Q_out, i32 %Q_load"   --->   Operation 79 'write' 'write_ln0' <Predicate = (icmp_ln45)> <Delay = 0.00>
ST_1 : Operation 80 [1/1] (0.00ns)   --->   "%ret_ln0 = ret"   --->   Operation 80 'ret' 'ret_ln0' <Predicate = (icmp_ln45)> <Delay = 0.00>


============================================================
+ Verbose Summary: Timing violations
============================================================
Target clock period: 10.000ns, clock uncertainty: 2.700ns.

 <State 1>: 0.975ns
The critical path consists of the following:
	'alloca' operation ('i') [13]  (0.000 ns)
	'load' operation ('i', ekf_core.cpp:45->ekf_core.cpp:54->ekf_core.cpp:162) on local variable 'i' [41]  (0.000 ns)
	'add' operation ('add_ln45', ekf_core.cpp:45->ekf_core.cpp:54->ekf_core.cpp:162) [44]  (0.548 ns)
	'store' operation ('store_ln45', ekf_core.cpp:45->ekf_core.cpp:54->ekf_core.cpp:162) of variable 'add_ln45', ekf_core.cpp:45->ekf_core.cpp:54->ekf_core.cpp:162 on local variable 'i' [69]  (0.427 ns)


============================================================
+ Verbose Summary: Binding
============================================================
N/A
* FSMD analyzer results:
  - Output states:
 - Input state : 
  - Chain level:
	State 1


============================================================
+ Verbose Summary: Datapath Resource usage 
============================================================
N/A
