

================================================================
== Vitis HLS Report for 'ekf_batch_Pipeline_VITIS_LOOP_30_1'
================================================================
* Date:           Thu Sep  3 12:11:18 2026

* Version:        2023.1 (Build 3854077 on May  4 2023)
* Project:        EKF
* Solution:       solution1 (Vivado IP Flow Target)
* Product family: zynquplus
* Target device:  xczu9eg-ffvb1156-2-e


================================================================
== Performance Estimates
================================================================
+ Timing: 
    * Summary: 
    +--------+----------+----------+------------+
    |  Clock |  Target  | Estimated| Uncertainty|
    +--------+----------+----------+------------+
    |ap_clk  |  10.00 ns|  1.100 ns|     2.70 ns|
    +--------+----------+----------+------------+

+ Latency: 
    * Summary: 
    +---------+---------+-----------+-----------+-----+-----+---------+
    |  Latency (cycles) |   Latency (absolute)  |  Interval | Pipeline|
    |   min   |   max   |    min    |    max    | min | max |   Type  |
    +---------+---------+-----------+-----------+-----+-----+---------+
    |        8|        8|  80.000 ns|  80.000 ns|    8|    8|       no|
    +---------+---------+-----------+-----------+-----+-----+---------+

    + Detail: 
        * Instance: 
        N/A

        * Loop: 
        +-------------------+---------+---------+----------+-----------+-----------+------+----------+
        |                   |  Latency (cycles) | Iteration|  Initiation Interval  | Trip |          |
        |     Loop Name     |   min   |   max   |  Latency |  achieved |   target  | Count| Pipelined|
        +-------------------+---------+---------+----------+-----------+-----------+------+----------+
        |- VITIS_LOOP_30_1  |        6|        6|         1|          1|          1|     6|       yes|
        +-------------------+---------+---------+----------+-----------+-----------+------+----------+

============================================================
+ Verbose Summary: Synthesis Manager
============================================================
InlineROM: 1
ExposeGlobal: 0
============================================================
+ Verbose Summary: CDFG Model
============================================================
IsTopModel: 0
ResetActiveHigh: 1
IsCombinational: 0
IsDatapathOnly: 0
HasWiredReturn: 1
HasMFsm: 2
HasVarLatency: 1
IsPipeline: 0
IsRtlPipelined: 0
IsInstanceOverlapped: 0
IsDontTouch: 0
HasImplIP: 0
IsGatedGlobalClock: 0

+ Individual pipeline summary: 
  * Pipeline-0: initiation interval (II) = 1, depth = 1


============================================================
+ Verbose Summary: Schedule
============================================================
* Number of FSM states : 1
* Pipeline : 1
  Pipeline-0 : II = 1, D = 1, States = { 1 }
* Dataflow Pipeline: 0

* FSM state transitions: 
1 --> 

* FSM state operations: 

State 1 <SV = 0> <Delay = 1.09>
ST_1 : Operation 4 [1/1] (0.00ns)   --->   "%i = alloca i32 1"   --->   Operation 4 'alloca' 'i' <Predicate = true> <Delay = 0.00>
ST_1 : Operation 5 [1/1] (0.00ns)   --->   "%Ft = alloca i32 1"   --->   Operation 5 'alloca' 'Ft' <Predicate = true> <Delay = 0.00>
ST_1 : Operation 6 [1/1] (0.00ns)   --->   "%Ft_1 = alloca i32 1"   --->   Operation 6 'alloca' 'Ft_1' <Predicate = true> <Delay = 0.00>
ST_1 : Operation 7 [1/1] (0.00ns)   --->   "%Ft_2 = alloca i32 1"   --->   Operation 7 'alloca' 'Ft_2' <Predicate = true> <Delay = 0.00>
ST_1 : Operation 8 [1/1] (0.00ns)   --->   "%Ft_3 = alloca i32 1"   --->   Operation 8 'alloca' 'Ft_3' <Predicate = true> <Delay = 0.00>
ST_1 : Operation 9 [1/1] (0.00ns)   --->   "%Ft_4 = alloca i32 1"   --->   Operation 9 'alloca' 'Ft_4' <Predicate = true> <Delay = 0.00>
ST_1 : Operation 10 [1/1] (0.00ns)   --->   "%Ft_5 = alloca i32 1"   --->   Operation 10 'alloca' 'Ft_5' <Predicate = true> <Delay = 0.00>
ST_1 : Operation 11 [1/1] (0.00ns)   --->   "%Ft_6 = alloca i32 1"   --->   Operation 11 'alloca' 'Ft_6' <Predicate = true> <Delay = 0.00>
ST_1 : Operation 12 [1/1] (0.00ns)   --->   "%Ft_7 = alloca i32 1"   --->   Operation 12 'alloca' 'Ft_7' <Predicate = true> <Delay = 0.00>
ST_1 : Operation 13 [1/1] (0.00ns)   --->   "%Ft_8 = alloca i32 1"   --->   Operation 13 'alloca' 'Ft_8' <Predicate = true> <Delay = 0.00>
ST_1 : Operation 14 [1/1] (0.00ns)   --->   "%Ft_9 = alloca i32 1"   --->   Operation 14 'alloca' 'Ft_9' <Predicate = true> <Delay = 0.00>
ST_1 : Operation 15 [1/1] (0.00ns)   --->   "%Ft_10 = alloca i32 1"   --->   Operation 15 'alloca' 'Ft_10' <Predicate = true> <Delay = 0.00>
ST_1 : Operation 16 [1/1] (0.00ns)   --->   "%Ft_11 = alloca i32 1"   --->   Operation 16 'alloca' 'Ft_11' <Predicate = true> <Delay = 0.00>
ST_1 : Operation 17 [1/1] (0.00ns)   --->   "%Ft_12 = alloca i32 1"   --->   Operation 17 'alloca' 'Ft_12' <Predicate = true> <Delay = 0.00>
ST_1 : Operation 18 [1/1] (0.00ns)   --->   "%Ft_13 = alloca i32 1"   --->   Operation 18 'alloca' 'Ft_13' <Predicate = true> <Delay = 0.00>
ST_1 : Operation 19 [1/1] (0.00ns)   --->   "%Ft_14 = alloca i32 1"   --->   Operation 19 'alloca' 'Ft_14' <Predicate = true> <Delay = 0.00>
ST_1 : Operation 20 [1/1] (0.00ns)   --->   "%Ft_15 = alloca i32 1"   --->   Operation 20 'alloca' 'Ft_15' <Predicate = true> <Delay = 0.00>
ST_1 : Operation 21 [1/1] (0.00ns)   --->   "%Ft_16 = alloca i32 1"   --->   Operation 21 'alloca' 'Ft_16' <Predicate = true> <Delay = 0.00>
ST_1 : Operation 22 [1/1] (0.00ns)   --->   "%Ft_17 = alloca i32 1"   --->   Operation 22 'alloca' 'Ft_17' <Predicate = true> <Delay = 0.00>
ST_1 : Operation 23 [1/1] (0.00ns)   --->   "%Ft_18 = alloca i32 1"   --->   Operation 23 'alloca' 'Ft_18' <Predicate = true> <Delay = 0.00>
ST_1 : Operation 24 [1/1] (0.00ns)   --->   "%Ft_19 = alloca i32 1"   --->   Operation 24 'alloca' 'Ft_19' <Predicate = true> <Delay = 0.00>
ST_1 : Operation 25 [1/1] (0.00ns)   --->   "%Ft_20 = alloca i32 1"   --->   Operation 25 'alloca' 'Ft_20' <Predicate = true> <Delay = 0.00>
ST_1 : Operation 26 [1/1] (0.00ns)   --->   "%Ft_21 = alloca i32 1"   --->   Operation 26 'alloca' 'Ft_21' <Predicate = true> <Delay = 0.00>
ST_1 : Operation 27 [1/1] (0.00ns)   --->   "%Ft_22 = alloca i32 1"   --->   Operation 27 'alloca' 'Ft_22' <Predicate = true> <Delay = 0.00>
ST_1 : Operation 28 [1/1] (0.00ns)   --->   "%Ft_23 = alloca i32 1"   --->   Operation 28 'alloca' 'Ft_23' <Predicate = true> <Delay = 0.00>
ST_1 : Operation 29 [1/1] (0.00ns)   --->   "%Ft_24 = alloca i32 1"   --->   Operation 29 'alloca' 'Ft_24' <Predicate = true> <Delay = 0.00>
ST_1 : Operation 30 [1/1] (0.00ns)   --->   "%Ft_25 = alloca i32 1"   --->   Operation 30 'alloca' 'Ft_25' <Predicate = true> <Delay = 0.00>
ST_1 : Operation 31 [1/1] (0.00ns)   --->   "%Ft_26 = alloca i32 1"   --->   Operation 31 'alloca' 'Ft_26' <Predicate = true> <Delay = 0.00>
ST_1 : Operation 32 [1/1] (0.00ns)   --->   "%Ft_27 = alloca i32 1"   --->   Operation 32 'alloca' 'Ft_27' <Predicate = true> <Delay = 0.00>
ST_1 : Operation 33 [1/1] (0.00ns)   --->   "%Ft_28 = alloca i32 1"   --->   Operation 33 'alloca' 'Ft_28' <Predicate = true> <Delay = 0.00>
ST_1 : Operation 34 [1/1] (0.00ns)   --->   "%Ft_29 = alloca i32 1"   --->   Operation 34 'alloca' 'Ft_29' <Predicate = true> <Delay = 0.00>
ST_1 : Operation 35 [1/1] (0.00ns)   --->   "%Ft_30 = alloca i32 1"   --->   Operation 35 'alloca' 'Ft_30' <Predicate = true> <Delay = 0.00>
ST_1 : Operation 36 [1/1] (0.00ns)   --->   "%Ft_31 = alloca i32 1"   --->   Operation 36 'alloca' 'Ft_31' <Predicate = true> <Delay = 0.00>
ST_1 : Operation 37 [1/1] (0.00ns)   --->   "%Ft_32 = alloca i32 1"   --->   Operation 37 'alloca' 'Ft_32' <Predicate = true> <Delay = 0.00>
ST_1 : Operation 38 [1/1] (0.00ns)   --->   "%Ft_33 = alloca i32 1"   --->   Operation 38 'alloca' 'Ft_33' <Predicate = true> <Delay = 0.00>
ST_1 : Operation 39 [1/1] (0.00ns)   --->   "%Ft_34 = alloca i32 1"   --->   Operation 39 'alloca' 'Ft_34' <Predicate = true> <Delay = 0.00>
ST_1 : Operation 40 [1/1] (0.00ns)   --->   "%Ft_35 = alloca i32 1"   --->   Operation 40 'alloca' 'Ft_35' <Predicate = true> <Delay = 0.00>
ST_1 : Operation 41 [1/1] (0.00ns)   --->   "%F_32_reload_read = read i32 @_ssdm_op_Read.ap_auto.float, i32 %F_32_reload"   --->   Operation 41 'read' 'F_32_reload_read' <Predicate = true> <Delay = 0.00>
ST_1 : Operation 42 [1/1] (0.00ns)   --->   "%F_26_reload_read = read i32 @_ssdm_op_Read.ap_auto.float, i32 %F_26_reload"   --->   Operation 42 'read' 'F_26_reload_read' <Predicate = true> <Delay = 0.00>
ST_1 : Operation 43 [1/1] (0.00ns)   --->   "%F_20_reload_read = read i32 @_ssdm_op_Read.ap_auto.float, i32 %F_20_reload"   --->   Operation 43 'read' 'F_20_reload_read' <Predicate = true> <Delay = 0.00>
ST_1 : Operation 44 [1/1] (0.00ns)   --->   "%F_9_reload_read = read i32 @_ssdm_op_Read.ap_auto.float, i32 %F_9_reload"   --->   Operation 44 'read' 'F_9_reload_read' <Predicate = true> <Delay = 0.00>
ST_1 : Operation 45 [1/1] (0.00ns)   --->   "%F_4_reload_read = read i32 @_ssdm_op_Read.ap_auto.float, i32 %F_4_reload"   --->   Operation 45 'read' 'F_4_reload_read' <Predicate = true> <Delay = 0.00>
ST_1 : Operation 46 [1/1] (0.00ns)   --->   "%F_31_reload_read = read i32 @_ssdm_op_Read.ap_auto.float, i32 %F_31_reload"   --->   Operation 46 'read' 'F_31_reload_read' <Predicate = true> <Delay = 0.00>
ST_1 : Operation 47 [1/1] (0.00ns)   --->   "%F_25_reload_read = read i32 @_ssdm_op_Read.ap_auto.float, i32 %F_25_reload"   --->   Operation 47 'read' 'F_25_reload_read' <Predicate = true> <Delay = 0.00>
ST_1 : Operation 48 [1/1] (0.00ns)   --->   "%F_19_reload_read = read i32 @_ssdm_op_Read.ap_auto.float, i32 %F_19_reload"   --->   Operation 48 'read' 'F_19_reload_read' <Predicate = true> <Delay = 0.00>
ST_1 : Operation 49 [1/1] (0.00ns)   --->   "%F_14_reload_read = read i32 @_ssdm_op_Read.ap_auto.float, i32 %F_14_reload"   --->   Operation 49 'read' 'F_14_reload_read' <Predicate = true> <Delay = 0.00>
ST_1 : Operation 50 [1/1] (0.00ns)   --->   "%F_3_reload_read = read i32 @_ssdm_op_Read.ap_auto.float, i32 %F_3_reload"   --->   Operation 50 'read' 'F_3_reload_read' <Predicate = true> <Delay = 0.00>
ST_1 : Operation 51 [1/1] (0.00ns)   --->   "%F_30_reload_read = read i32 @_ssdm_op_Read.ap_auto.float, i32 %F_30_reload"   --->   Operation 51 'read' 'F_30_reload_read' <Predicate = true> <Delay = 0.00>
ST_1 : Operation 52 [1/1] (0.00ns)   --->   "%F_24_reload_read = read i32 @_ssdm_op_Read.ap_auto.float, i32 %F_24_reload"   --->   Operation 52 'read' 'F_24_reload_read' <Predicate = true> <Delay = 0.00>
ST_1 : Operation 53 [1/1] (0.00ns)   --->   "%F_18_reload_read = read i32 @_ssdm_op_Read.ap_auto.float, i32 %F_18_reload"   --->   Operation 53 'read' 'F_18_reload_read' <Predicate = true> <Delay = 0.00>
ST_1 : Operation 54 [1/1] (0.00ns)   --->   "%F_13_reload_read = read i32 @_ssdm_op_Read.ap_auto.float, i32 %F_13_reload"   --->   Operation 54 'read' 'F_13_reload_read' <Predicate = true> <Delay = 0.00>
ST_1 : Operation 55 [1/1] (0.00ns)   --->   "%F_8_reload_read = read i32 @_ssdm_op_Read.ap_auto.float, i32 %F_8_reload"   --->   Operation 55 'read' 'F_8_reload_read' <Predicate = true> <Delay = 0.00>
ST_1 : Operation 56 [1/1] (0.00ns)   --->   "%F_29_reload_read = read i32 @_ssdm_op_Read.ap_auto.float, i32 %F_29_reload"   --->   Operation 56 'read' 'F_29_reload_read' <Predicate = true> <Delay = 0.00>
ST_1 : Operation 57 [1/1] (0.00ns)   --->   "%F_23_reload_read = read i32 @_ssdm_op_Read.ap_auto.float, i32 %F_23_reload"   --->   Operation 57 'read' 'F_23_reload_read' <Predicate = true> <Delay = 0.00>
ST_1 : Operation 58 [1/1] (0.00ns)   --->   "%F_17_reload_read = read i32 @_ssdm_op_Read.ap_auto.float, i32 %F_17_reload"   --->   Operation 58 'read' 'F_17_reload_read' <Predicate = true> <Delay = 0.00>
ST_1 : Operation 59 [1/1] (0.00ns)   --->   "%F_12_reload_read = read i32 @_ssdm_op_Read.ap_auto.float, i32 %F_12_reload"   --->   Operation 59 'read' 'F_12_reload_read' <Predicate = true> <Delay = 0.00>
ST_1 : Operation 60 [1/1] (0.00ns)   --->   "%F_7_reload_read = read i32 @_ssdm_op_Read.ap_auto.float, i32 %F_7_reload"   --->   Operation 60 'read' 'F_7_reload_read' <Predicate = true> <Delay = 0.00>
ST_1 : Operation 61 [1/1] (0.00ns)   --->   "%F_2_reload_read = read i32 @_ssdm_op_Read.ap_auto.float, i32 %F_2_reload"   --->   Operation 61 'read' 'F_2_reload_read' <Predicate = true> <Delay = 0.00>
ST_1 : Operation 62 [1/1] (0.00ns)   --->   "%F_28_reload_read = read i32 @_ssdm_op_Read.ap_auto.float, i32 %F_28_reload"   --->   Operation 62 'read' 'F_28_reload_read' <Predicate = true> <Delay = 0.00>
ST_1 : Operation 63 [1/1] (0.00ns)   --->   "%F_22_reload_read = read i32 @_ssdm_op_Read.ap_auto.float, i32 %F_22_reload"   --->   Operation 63 'read' 'F_22_reload_read' <Predicate = true> <Delay = 0.00>
ST_1 : Operation 64 [1/1] (0.00ns)   --->   "%F_16_reload_read = read i32 @_ssdm_op_Read.ap_auto.float, i32 %F_16_reload"   --->   Operation 64 'read' 'F_16_reload_read' <Predicate = true> <Delay = 0.00>
ST_1 : Operation 65 [1/1] (0.00ns)   --->   "%F_11_reload_read = read i32 @_ssdm_op_Read.ap_auto.float, i32 %F_11_reload"   --->   Operation 65 'read' 'F_11_reload_read' <Predicate = true> <Delay = 0.00>
ST_1 : Operation 66 [1/1] (0.00ns)   --->   "%F_6_reload_read = read i32 @_ssdm_op_Read.ap_auto.float, i32 %F_6_reload"   --->   Operation 66 'read' 'F_6_reload_read' <Predicate = true> <Delay = 0.00>
ST_1 : Operation 67 [1/1] (0.00ns)   --->   "%F_1_reload_read = read i32 @_ssdm_op_Read.ap_auto.float, i32 %F_1_reload"   --->   Operation 67 'read' 'F_1_reload_read' <Predicate = true> <Delay = 0.00>
ST_1 : Operation 68 [1/1] (0.00ns)   --->   "%F_27_reload_read = read i32 @_ssdm_op_Read.ap_auto.float, i32 %F_27_reload"   --->   Operation 68 'read' 'F_27_reload_read' <Predicate = true> <Delay = 0.00>
ST_1 : Operation 69 [1/1] (0.00ns)   --->   "%F_21_reload_read = read i32 @_ssdm_op_Read.ap_auto.float, i32 %F_21_reload"   --->   Operation 69 'read' 'F_21_reload_read' <Predicate = true> <Delay = 0.00>
ST_1 : Operation 70 [1/1] (0.00ns)   --->   "%F_15_reload_read = read i32 @_ssdm_op_Read.ap_auto.float, i32 %F_15_reload"   --->   Operation 70 'read' 'F_15_reload_read' <Predicate = true> <Delay = 0.00>
ST_1 : Operation 71 [1/1] (0.00ns)   --->   "%F_10_reload_read = read i32 @_ssdm_op_Read.ap_auto.float, i32 %F_10_reload"   --->   Operation 71 'read' 'F_10_reload_read' <Predicate = true> <Delay = 0.00>
ST_1 : Operation 72 [1/1] (0.00ns)   --->   "%F_5_reload_read = read i32 @_ssdm_op_Read.ap_auto.float, i32 %F_5_reload"   --->   Operation 72 'read' 'F_5_reload_read' <Predicate = true> <Delay = 0.00>
ST_1 : Operation 73 [1/1] (0.00ns)   --->   "%F_reload_read = read i32 @_ssdm_op_Read.ap_auto.float, i32 %F_reload"   --->   Operation 73 'read' 'F_reload_read' <Predicate = true> <Delay = 0.00>
ST_1 : Operation 74 [1/1] (0.42ns)   --->   "%store_ln0 = store i3 0, i3 %i"   --->   Operation 74 'store' 'store_ln0' <Predicate = true> <Delay = 0.42>
ST_1 : Operation 75 [1/1] (0.00ns)   --->   "%br_ln0 = br void %for.body4.i34.i"   --->   Operation 75 'br' 'br_ln0' <Predicate = true> <Delay = 0.00>
ST_1 : Operation 76 [1/1] (0.00ns)   --->   "%i_6 = load i3 %i" [ekf_core.cpp:30->ekf_core.cpp:71->ekf_core.cpp:162]   --->   Operation 76 'load' 'i_6' <Predicate = true> <Delay = 0.00>
ST_1 : Operation 77 [1/1] (0.00ns)   --->   "%specpipeline_ln0 = specpipeline void @_ssdm_op_SpecPipeline, i32 4294967295, i32 0, i32 1, i32 0, void @p_str"   --->   Operation 77 'specpipeline' 'specpipeline_ln0' <Predicate = true> <Delay = 0.00>
ST_1 : Operation 78 [1/1] (0.67ns)   --->   "%icmp_ln30 = icmp_eq  i3 %i_6, i3 6" [ekf_core.cpp:30->ekf_core.cpp:71->ekf_core.cpp:162]   --->   Operation 78 'icmp' 'icmp_ln30' <Predicate = true> <Delay = 0.67> <CoreInst = "Cmp">   --->   Core 9 'Cmp' <Latency = 0> <II = 1> <Delay = 0.67> <FuncUnit> <Opcode : 'icmp'> <InPorts = 2> <OutPorts = 1>
ST_1 : Operation 79 [1/1] (0.67ns)   --->   "%add_ln30 = add i3 %i_6, i3 1" [ekf_core.cpp:30->ekf_core.cpp:71->ekf_core.cpp:162]   --->   Operation 79 'add' 'add_ln30' <Predicate = true> <Delay = 0.67> <CoreInst = "Adder">   --->   Core 1 'Adder' <Latency = 0> <II = 1> <Delay = 0.67> <FuncUnit> <Opcode : 'add' 'sub'> <InPorts = 2> <OutPorts = 1>
ST_1 : Operation 80 [1/1] (0.00ns)   --->   "%br_ln30 = br i1 %icmp_ln30, void %for.body4.i34.i.split, void %for.body8.i.i.preheader.exitStub" [ekf_core.cpp:30->ekf_core.cpp:71->ekf_core.cpp:162]   --->   Operation 80 'br' 'br_ln30' <Predicate = true> <Delay = 0.00>
ST_1 : Operation 81 [1/1] (0.00ns)   --->   "%speclooptripcount_ln66 = speclooptripcount void @_ssdm_op_SpecLoopTripCount, i64 6, i64 6, i64 6" [ekf_core.cpp:66->ekf_core.cpp:162]   --->   Operation 81 'speclooptripcount' 'speclooptripcount_ln66' <Predicate = (!icmp_ln30)> <Delay = 0.00>
ST_1 : Operation 82 [1/1] (0.00ns)   --->   "%specloopname_ln30 = specloopname void @_ssdm_op_SpecLoopName, void @empty_11" [ekf_core.cpp:30->ekf_core.cpp:71->ekf_core.cpp:162]   --->   Operation 82 'specloopname' 'specloopname_ln30' <Predicate = (!icmp_ln30)> <Delay = 0.00>
ST_1 : Operation 83 [1/1] (0.62ns)   --->   "%Ft_41 = mux i32 @_ssdm_op_Mux.ap_auto.6f32.i3, i32 %F_reload_read, i32 %F_5_reload_read, i32 %F_10_reload_read, i32 %F_15_reload_read, i32 %F_21_reload_read, i32 %F_27_reload_read, i3 %i_6" [ekf_core.cpp:33->ekf_core.cpp:71->ekf_core.cpp:162]   --->   Operation 83 'mux' 'Ft_41' <Predicate = (!icmp_ln30)> <Delay = 0.62> <CoreInst = "Multiplexer">   --->   Core 76 'Multiplexer' <Latency = 0> <II = 1> <Delay = 0.62> <FuncUnit> <Opcode : 'mux'> <InPorts = 2> <OutPorts = 1>
ST_1 : Operation 84 [1/1] (0.62ns)   --->   "%Ft_42 = mux i32 @_ssdm_op_Mux.ap_auto.6f32.i3, i32 %F_1_reload_read, i32 %F_6_reload_read, i32 %F_11_reload_read, i32 %F_16_reload_read, i32 %F_22_reload_read, i32 %F_28_reload_read, i3 %i_6" [ekf_core.cpp:33->ekf_core.cpp:71->ekf_core.cpp:162]   --->   Operation 84 'mux' 'Ft_42' <Predicate = (!icmp_ln30)> <Delay = 0.62> <CoreInst = "Multiplexer">   --->   Core 76 'Multiplexer' <Latency = 0> <II = 1> <Delay = 0.62> <FuncUnit> <Opcode : 'mux'> <InPorts = 2> <OutPorts = 1>
ST_1 : Operation 85 [1/1] (0.62ns)   --->   "%Ft_43 = mux i32 @_ssdm_op_Mux.ap_auto.6f32.i3, i32 %F_2_reload_read, i32 %F_7_reload_read, i32 %F_12_reload_read, i32 %F_17_reload_read, i32 %F_23_reload_read, i32 %F_29_reload_read, i3 %i_6" [ekf_core.cpp:33->ekf_core.cpp:71->ekf_core.cpp:162]   --->   Operation 85 'mux' 'Ft_43' <Predicate = (!icmp_ln30)> <Delay = 0.62> <CoreInst = "Multiplexer">   --->   Core 76 'Multiplexer' <Latency = 0> <II = 1> <Delay = 0.62> <FuncUnit> <Opcode : 'mux'> <InPorts = 2> <OutPorts = 1>
ST_1 : Operation 86 [1/1] (0.62ns)   --->   "%Ft_44 = mux i32 @_ssdm_op_Mux.ap_auto.6f32.i3, i32 0.1, i32 %F_8_reload_read, i32 %F_13_reload_read, i32 %F_18_reload_read, i32 %F_24_reload_read, i32 %F_30_reload_read, i3 %i_6" [ekf_core.cpp:33->ekf_core.cpp:71->ekf_core.cpp:162]   --->   Operation 86 'mux' 'Ft_44' <Predicate = (!icmp_ln30)> <Delay = 0.62> <CoreInst = "Multiplexer">   --->   Core 76 'Multiplexer' <Latency = 0> <II = 1> <Delay = 0.62> <FuncUnit> <Opcode : 'mux'> <InPorts = 2> <OutPorts = 1>
ST_1 : Operation 87 [1/1] (0.62ns)   --->   "%Ft_45 = mux i32 @_ssdm_op_Mux.ap_auto.6f32.i3, i32 %F_3_reload_read, i32 0.1, i32 %F_14_reload_read, i32 %F_19_reload_read, i32 %F_25_reload_read, i32 %F_31_reload_read, i3 %i_6" [ekf_core.cpp:33->ekf_core.cpp:71->ekf_core.cpp:162]   --->   Operation 87 'mux' 'Ft_45' <Predicate = (!icmp_ln30)> <Delay = 0.62> <CoreInst = "Multiplexer">   --->   Core 76 'Multiplexer' <Latency = 0> <II = 1> <Delay = 0.62> <FuncUnit> <Opcode : 'mux'> <InPorts = 2> <OutPorts = 1>
ST_1 : Operation 88 [1/1] (0.62ns)   --->   "%Ft_46 = mux i32 @_ssdm_op_Mux.ap_auto.6f32.i3, i32 %F_4_reload_read, i32 %F_9_reload_read, i32 0.1, i32 %F_20_reload_read, i32 %F_26_reload_read, i32 %F_32_reload_read, i3 %i_6" [ekf_core.cpp:33->ekf_core.cpp:71->ekf_core.cpp:162]   --->   Operation 88 'mux' 'Ft_46' <Predicate = (!icmp_ln30)> <Delay = 0.62> <CoreInst = "Multiplexer">   --->   Core 76 'Multiplexer' <Latency = 0> <II = 1> <Delay = 0.62> <FuncUnit> <Opcode : 'mux'> <InPorts = 2> <OutPorts = 1>
ST_1 : Operation 89 [1/1] (0.73ns)   --->   "%switch_ln33 = switch i3 %i_6, void %arrayidx102.i33.i90.5.case.5, i3 0, void %for.body4.i34.i.split.arrayidx102.i33.i90.5.exit_crit_edge34, i3 1, void %arrayidx102.i33.i90.5.case.1, i3 2, void %arrayidx102.i33.i90.5.case.2, i3 3, void %arrayidx102.i33.i90.5.case.3, i3 4, void %for.body4.i34.i.split.arrayidx102.i33.i90.5.exit_crit_edge" [ekf_core.cpp:33->ekf_core.cpp:71->ekf_core.cpp:162]   --->   Operation 89 'switch' 'switch_ln33' <Predicate = (!icmp_ln30)> <Delay = 0.73>
ST_1 : Operation 90 [1/1] (0.00ns)   --->   "%store_ln33 = store i32 %Ft_46, i32 %Ft_34" [ekf_core.cpp:33->ekf_core.cpp:71->ekf_core.cpp:162]   --->   Operation 90 'store' 'store_ln33' <Predicate = (!icmp_ln30 & i_6 == 4)> <Delay = 0.00>
ST_1 : Operation 91 [1/1] (0.00ns)   --->   "%store_ln33 = store i32 %Ft_45, i32 %Ft_28" [ekf_core.cpp:33->ekf_core.cpp:71->ekf_core.cpp:162]   --->   Operation 91 'store' 'store_ln33' <Predicate = (!icmp_ln30 & i_6 == 4)> <Delay = 0.00>
ST_1 : Operation 92 [1/1] (0.00ns)   --->   "%store_ln33 = store i32 %Ft_44, i32 %Ft_22" [ekf_core.cpp:33->ekf_core.cpp:71->ekf_core.cpp:162]   --->   Operation 92 'store' 'store_ln33' <Predicate = (!icmp_ln30 & i_6 == 4)> <Delay = 0.00>
ST_1 : Operation 93 [1/1] (0.00ns)   --->   "%store_ln33 = store i32 %Ft_43, i32 %Ft_16" [ekf_core.cpp:33->ekf_core.cpp:71->ekf_core.cpp:162]   --->   Operation 93 'store' 'store_ln33' <Predicate = (!icmp_ln30 & i_6 == 4)> <Delay = 0.00>
ST_1 : Operation 94 [1/1] (0.00ns)   --->   "%store_ln33 = store i32 %Ft_42, i32 %Ft_10" [ekf_core.cpp:33->ekf_core.cpp:71->ekf_core.cpp:162]   --->   Operation 94 'store' 'store_ln33' <Predicate = (!icmp_ln30 & i_6 == 4)> <Delay = 0.00>
ST_1 : Operation 95 [1/1] (0.00ns)   --->   "%store_ln33 = store i32 %Ft_41, i32 %Ft_4" [ekf_core.cpp:33->ekf_core.cpp:71->ekf_core.cpp:162]   --->   Operation 95 'store' 'store_ln33' <Predicate = (!icmp_ln30 & i_6 == 4)> <Delay = 0.00>
ST_1 : Operation 96 [1/1] (0.00ns)   --->   "%br_ln33 = br void %arrayidx102.i33.i90.5.exit" [ekf_core.cpp:33->ekf_core.cpp:71->ekf_core.cpp:162]   --->   Operation 96 'br' 'br_ln33' <Predicate = (!icmp_ln30 & i_6 == 4)> <Delay = 0.00>
ST_1 : Operation 97 [1/1] (0.00ns)   --->   "%store_ln33 = store i32 %Ft_46, i32 %Ft_33" [ekf_core.cpp:33->ekf_core.cpp:71->ekf_core.cpp:162]   --->   Operation 97 'store' 'store_ln33' <Predicate = (!icmp_ln30 & i_6 == 3)> <Delay = 0.00>
ST_1 : Operation 98 [1/1] (0.00ns)   --->   "%store_ln33 = store i32 %Ft_45, i32 %Ft_27" [ekf_core.cpp:33->ekf_core.cpp:71->ekf_core.cpp:162]   --->   Operation 98 'store' 'store_ln33' <Predicate = (!icmp_ln30 & i_6 == 3)> <Delay = 0.00>
ST_1 : Operation 99 [1/1] (0.00ns)   --->   "%store_ln33 = store i32 %Ft_44, i32 %Ft_21" [ekf_core.cpp:33->ekf_core.cpp:71->ekf_core.cpp:162]   --->   Operation 99 'store' 'store_ln33' <Predicate = (!icmp_ln30 & i_6 == 3)> <Delay = 0.00>
ST_1 : Operation 100 [1/1] (0.00ns)   --->   "%store_ln33 = store i32 %Ft_43, i32 %Ft_15" [ekf_core.cpp:33->ekf_core.cpp:71->ekf_core.cpp:162]   --->   Operation 100 'store' 'store_ln33' <Predicate = (!icmp_ln30 & i_6 == 3)> <Delay = 0.00>
ST_1 : Operation 101 [1/1] (0.00ns)   --->   "%store_ln33 = store i32 %Ft_42, i32 %Ft_9" [ekf_core.cpp:33->ekf_core.cpp:71->ekf_core.cpp:162]   --->   Operation 101 'store' 'store_ln33' <Predicate = (!icmp_ln30 & i_6 == 3)> <Delay = 0.00>
ST_1 : Operation 102 [1/1] (0.00ns)   --->   "%store_ln33 = store i32 %Ft_41, i32 %Ft_3" [ekf_core.cpp:33->ekf_core.cpp:71->ekf_core.cpp:162]   --->   Operation 102 'store' 'store_ln33' <Predicate = (!icmp_ln30 & i_6 == 3)> <Delay = 0.00>
ST_1 : Operation 103 [1/1] (0.00ns)   --->   "%br_ln33 = br void %arrayidx102.i33.i90.5.exit" [ekf_core.cpp:33->ekf_core.cpp:71->ekf_core.cpp:162]   --->   Operation 103 'br' 'br_ln33' <Predicate = (!icmp_ln30 & i_6 == 3)> <Delay = 0.00>
ST_1 : Operation 104 [1/1] (0.00ns)   --->   "%store_ln33 = store i32 %Ft_46, i32 %Ft_32" [ekf_core.cpp:33->ekf_core.cpp:71->ekf_core.cpp:162]   --->   Operation 104 'store' 'store_ln33' <Predicate = (!icmp_ln30 & i_6 == 2)> <Delay = 0.00>
ST_1 : Operation 105 [1/1] (0.00ns)   --->   "%store_ln33 = store i32 %Ft_45, i32 %Ft_26" [ekf_core.cpp:33->ekf_core.cpp:71->ekf_core.cpp:162]   --->   Operation 105 'store' 'store_ln33' <Predicate = (!icmp_ln30 & i_6 == 2)> <Delay = 0.00>
ST_1 : Operation 106 [1/1] (0.00ns)   --->   "%store_ln33 = store i32 %Ft_44, i32 %Ft_20" [ekf_core.cpp:33->ekf_core.cpp:71->ekf_core.cpp:162]   --->   Operation 106 'store' 'store_ln33' <Predicate = (!icmp_ln30 & i_6 == 2)> <Delay = 0.00>
ST_1 : Operation 107 [1/1] (0.00ns)   --->   "%store_ln33 = store i32 %Ft_43, i32 %Ft_14" [ekf_core.cpp:33->ekf_core.cpp:71->ekf_core.cpp:162]   --->   Operation 107 'store' 'store_ln33' <Predicate = (!icmp_ln30 & i_6 == 2)> <Delay = 0.00>
ST_1 : Operation 108 [1/1] (0.00ns)   --->   "%store_ln33 = store i32 %Ft_42, i32 %Ft_8" [ekf_core.cpp:33->ekf_core.cpp:71->ekf_core.cpp:162]   --->   Operation 108 'store' 'store_ln33' <Predicate = (!icmp_ln30 & i_6 == 2)> <Delay = 0.00>
ST_1 : Operation 109 [1/1] (0.00ns)   --->   "%store_ln33 = store i32 %Ft_41, i32 %Ft_2" [ekf_core.cpp:33->ekf_core.cpp:71->ekf_core.cpp:162]   --->   Operation 109 'store' 'store_ln33' <Predicate = (!icmp_ln30 & i_6 == 2)> <Delay = 0.00>
ST_1 : Operation 110 [1/1] (0.00ns)   --->   "%br_ln33 = br void %arrayidx102.i33.i90.5.exit" [ekf_core.cpp:33->ekf_core.cpp:71->ekf_core.cpp:162]   --->   Operation 110 'br' 'br_ln33' <Predicate = (!icmp_ln30 & i_6 == 2)> <Delay = 0.00>
ST_1 : Operation 111 [1/1] (0.00ns)   --->   "%store_ln33 = store i32 %Ft_46, i32 %Ft_31" [ekf_core.cpp:33->ekf_core.cpp:71->ekf_core.cpp:162]   --->   Operation 111 'store' 'store_ln33' <Predicate = (!icmp_ln30 & i_6 == 1)> <Delay = 0.00>
ST_1 : Operation 112 [1/1] (0.00ns)   --->   "%store_ln33 = store i32 %Ft_45, i32 %Ft_25" [ekf_core.cpp:33->ekf_core.cpp:71->ekf_core.cpp:162]   --->   Operation 112 'store' 'store_ln33' <Predicate = (!icmp_ln30 & i_6 == 1)> <Delay = 0.00>
ST_1 : Operation 113 [1/1] (0.00ns)   --->   "%store_ln33 = store i32 %Ft_44, i32 %Ft_19" [ekf_core.cpp:33->ekf_core.cpp:71->ekf_core.cpp:162]   --->   Operation 113 'store' 'store_ln33' <Predicate = (!icmp_ln30 & i_6 == 1)> <Delay = 0.00>
ST_1 : Operation 114 [1/1] (0.00ns)   --->   "%store_ln33 = store i32 %Ft_43, i32 %Ft_13" [ekf_core.cpp:33->ekf_core.cpp:71->ekf_core.cpp:162]   --->   Operation 114 'store' 'store_ln33' <Predicate = (!icmp_ln30 & i_6 == 1)> <Delay = 0.00>
ST_1 : Operation 115 [1/1] (0.00ns)   --->   "%store_ln33 = store i32 %Ft_42, i32 %Ft_7" [ekf_core.cpp:33->ekf_core.cpp:71->ekf_core.cpp:162]   --->   Operation 115 'store' 'store_ln33' <Predicate = (!icmp_ln30 & i_6 == 1)> <Delay = 0.00>
ST_1 : Operation 116 [1/1] (0.00ns)   --->   "%store_ln33 = store i32 %Ft_41, i32 %Ft_1" [ekf_core.cpp:33->ekf_core.cpp:71->ekf_core.cpp:162]   --->   Operation 116 'store' 'store_ln33' <Predicate = (!icmp_ln30 & i_6 == 1)> <Delay = 0.00>
ST_1 : Operation 117 [1/1] (0.00ns)   --->   "%br_ln33 = br void %arrayidx102.i33.i90.5.exit" [ekf_core.cpp:33->ekf_core.cpp:71->ekf_core.cpp:162]   --->   Operation 117 'br' 'br_ln33' <Predicate = (!icmp_ln30 & i_6 == 1)> <Delay = 0.00>
ST_1 : Operation 118 [1/1] (0.00ns)   --->   "%store_ln33 = store i32 %Ft_46, i32 %Ft_30" [ekf_core.cpp:33->ekf_core.cpp:71->ekf_core.cpp:162]   --->   Operation 118 'store' 'store_ln33' <Predicate = (!icmp_ln30 & i_6 == 0)> <Delay = 0.00>
ST_1 : Operation 119 [1/1] (0.00ns)   --->   "%store_ln33 = store i32 %Ft_45, i32 %Ft_24" [ekf_core.cpp:33->ekf_core.cpp:71->ekf_core.cpp:162]   --->   Operation 119 'store' 'store_ln33' <Predicate = (!icmp_ln30 & i_6 == 0)> <Delay = 0.00>
ST_1 : Operation 120 [1/1] (0.00ns)   --->   "%store_ln33 = store i32 %Ft_44, i32 %Ft_18" [ekf_core.cpp:33->ekf_core.cpp:71->ekf_core.cpp:162]   --->   Operation 120 'store' 'store_ln33' <Predicate = (!icmp_ln30 & i_6 == 0)> <Delay = 0.00>
ST_1 : Operation 121 [1/1] (0.00ns)   --->   "%store_ln33 = store i32 %Ft_43, i32 %Ft_12" [ekf_core.cpp:33->ekf_core.cpp:71->ekf_core.cpp:162]   --->   Operation 121 'store' 'store_ln33' <Predicate = (!icmp_ln30 & i_6 == 0)> <Delay = 0.00>
ST_1 : Operation 122 [1/1] (0.00ns)   --->   "%store_ln33 = store i32 %Ft_42, i32 %Ft_6" [ekf_core.cpp:33->ekf_core.cpp:71->ekf_core.cpp:162]   --->   Operation 122 'store' 'store_ln33' <Predicate = (!icmp_ln30 & i_6 == 0)> <Delay = 0.00>
ST_1 : Operation 123 [1/1] (0.00ns)   --->   "%store_ln33 = store i32 %Ft_41, i32 %Ft" [ekf_core.cpp:33->ekf_core.cpp:71->ekf_core.cpp:162]   --->   Operation 123 'store' 'store_ln33' <Predicate = (!icmp_ln30 & i_6 == 0)> <Delay = 0.00>
ST_1 : Operation 124 [1/1] (0.00ns)   --->   "%br_ln33 = br void %arrayidx102.i33.i90.5.exit" [ekf_core.cpp:33->ekf_core.cpp:71->ekf_core.cpp:162]   --->   Operation 124 'br' 'br_ln33' <Predicate = (!icmp_ln30 & i_6 == 0)> <Delay = 0.00>
ST_1 : Operation 125 [1/1] (0.00ns)   --->   "%store_ln33 = store i32 %Ft_46, i32 %Ft_35" [ekf_core.cpp:33->ekf_core.cpp:71->ekf_core.cpp:162]   --->   Operation 125 'store' 'store_ln33' <Predicate = (!icmp_ln30 & i_6 != 0 & i_6 != 1 & i_6 != 2 & i_6 != 3 & i_6 != 4)> <Delay = 0.00>
ST_1 : Operation 126 [1/1] (0.00ns)   --->   "%store_ln33 = store i32 %Ft_45, i32 %Ft_29" [ekf_core.cpp:33->ekf_core.cpp:71->ekf_core.cpp:162]   --->   Operation 126 'store' 'store_ln33' <Predicate = (!icmp_ln30 & i_6 != 0 & i_6 != 1 & i_6 != 2 & i_6 != 3 & i_6 != 4)> <Delay = 0.00>
ST_1 : Operation 127 [1/1] (0.00ns)   --->   "%store_ln33 = store i32 %Ft_44, i32 %Ft_23" [ekf_core.cpp:33->ekf_core.cpp:71->ekf_core.cpp:162]   --->   Operation 127 'store' 'store_ln33' <Predicate = (!icmp_ln30 & i_6 != 0 & i_6 != 1 & i_6 != 2 & i_6 != 3 & i_6 != 4)> <Delay = 0.00>
ST_1 : Operation 128 [1/1] (0.00ns)   --->   "%store_ln33 = store i32 %Ft_43, i32 %Ft_17" [ekf_core.cpp:33->ekf_core.cpp:71->ekf_core.cpp:162]   --->   Operation 128 'store' 'store_ln33' <Predicate = (!icmp_ln30 & i_6 != 0 & i_6 != 1 & i_6 != 2 & i_6 != 3 & i_6 != 4)> <Delay = 0.00>
ST_1 : Operation 129 [1/1] (0.00ns)   --->   "%store_ln33 = store i32 %Ft_42, i32 %Ft_11" [ekf_core.cpp:33->ekf_core.cpp:71->ekf_core.cpp:162]   --->   Operation 129 'store' 'store_ln33' <Predicate = (!icmp_ln30 & i_6 != 0 & i_6 != 1 & i_6 != 2 & i_6 != 3 & i_6 != 4)> <Delay = 0.00>
ST_1 : Operation 130 [1/1] (0.00ns)   --->   "%store_ln33 = store i32 %Ft_41, i32 %Ft_5" [ekf_core.cpp:33->ekf_core.cpp:71->ekf_core.cpp:162]   --->   Operation 130 'store' 'store_ln33' <Predicate = (!icmp_ln30 & i_6 != 0 & i_6 != 1 & i_6 != 2 & i_6 != 3 & i_6 != 4)> <Delay = 0.00>
ST_1 : Operation 131 [1/1] (0.00ns)   --->   "%br_ln33 = br void %arrayidx102.i33.i90.5.exit" [ekf_core.cpp:33->ekf_core.cpp:71->ekf_core.cpp:162]   --->   Operation 131 'br' 'br_ln33' <Predicate = (!icmp_ln30 & i_6 != 0 & i_6 != 1 & i_6 != 2 & i_6 != 3 & i_6 != 4)> <Delay = 0.00>
ST_1 : Operation 132 [1/1] (0.42ns)   --->   "%store_ln30 = store i3 %add_ln30, i3 %i" [ekf_core.cpp:30->ekf_core.cpp:71->ekf_core.cpp:162]   --->   Operation 132 'store' 'store_ln30' <Predicate = (!icmp_ln30)> <Delay = 0.42>
ST_1 : Operation 133 [1/1] (0.00ns)   --->   "%br_ln30 = br void %for.body4.i34.i" [ekf_core.cpp:30->ekf_core.cpp:71->ekf_core.cpp:162]   --->   Operation 133 'br' 'br_ln30' <Predicate = (!icmp_ln30)> <Delay = 0.00>
ST_1 : Operation 134 [1/1] (0.00ns)   --->   "%Ft_load = load i32 %Ft"   --->   Operation 134 'load' 'Ft_load' <Predicate = (icmp_ln30)> <Delay = 0.00>
ST_1 : Operation 135 [1/1] (0.00ns)   --->   "%Ft_1_load = load i32 %Ft_1"   --->   Operation 135 'load' 'Ft_1_load' <Predicate = (icmp_ln30)> <Delay = 0.00>
ST_1 : Operation 136 [1/1] (0.00ns)   --->   "%Ft_2_load = load i32 %Ft_2"   --->   Operation 136 'load' 'Ft_2_load' <Predicate = (icmp_ln30)> <Delay = 0.00>
ST_1 : Operation 137 [1/1] (0.00ns)   --->   "%Ft_3_load = load i32 %Ft_3"   --->   Operation 137 'load' 'Ft_3_load' <Predicate = (icmp_ln30)> <Delay = 0.00>
ST_1 : Operation 138 [1/1] (0.00ns)   --->   "%Ft_4_load = load i32 %Ft_4"   --->   Operation 138 'load' 'Ft_4_load' <Predicate = (icmp_ln30)> <Delay = 0.00>
ST_1 : Operation 139 [1/1] (0.00ns)   --->   "%Ft_5_load = load i32 %Ft_5"   --->   Operation 139 'load' 'Ft_5_load' <Predicate = (icmp_ln30)> <Delay = 0.00>
ST_1 : Operation 140 [1/1] (0.00ns)   --->   "%Ft_6_load = load i32 %Ft_6"   --->   Operation 140 'load' 'Ft_6_load' <Predicate = (icmp_ln30)> <Delay = 0.00>
ST_1 : Operation 141 [1/1] (0.00ns)   --->   "%Ft_7_load = load i32 %Ft_7"   --->   Operation 141 'load' 'Ft_7_load' <Predicate = (icmp_ln30)> <Delay = 0.00>
ST_1 : Operation 142 [1/1] (0.00ns)   --->   "%Ft_8_load = load i32 %Ft_8"   --->   Operation 142 'load' 'Ft_8_load' <Predicate = (icmp_ln30)> <Delay = 0.00>
ST_1 : Operation 143 [1/1] (0.00ns)   --->   "%Ft_9_load = load i32 %Ft_9"   --->   Operation 143 'load' 'Ft_9_load' <Predicate = (icmp_ln30)> <Delay = 0.00>
ST_1 : Operation 144 [1/1] (0.00ns)   --->   "%Ft_10_load = load i32 %Ft_10"   --->   Operation 144 'load' 'Ft_10_load' <Predicate = (icmp_ln30)> <Delay = 0.00>
ST_1 : Operation 145 [1/1] (0.00ns)   --->   "%Ft_11_load = load i32 %Ft_11"   --->   Operation 145 'load' 'Ft_11_load' <Predicate = (icmp_ln30)> <Delay = 0.00>
ST_1 : Operation 146 [1/1] (0.00ns)   --->   "%Ft_12_load = load i32 %Ft_12"   --->   Operation 146 'load' 'Ft_12_load' <Predicate = (icmp_ln30)> <Delay = 0.00>
ST_1 : Operation 147 [1/1] (0.00ns)   --->   "%Ft_13_load = load i32 %Ft_13"   --->   Operation 147 'load' 'Ft_13_load' <Predicate = (icmp_ln30)> <Delay = 0.00>
ST_1 : Operation 148 [1/1] (0.00ns)   --->   "%Ft_14_load = load i32 %Ft_14"   --->   Operation 148 'load' 'Ft_14_load' <Predicate = (icmp_ln30)> <Delay = 0.00>
ST_1 : Operation 149 [1/1] (0.00ns)   --->   "%Ft_15_load = load i32 %Ft_15"   --->   Operation 149 'load' 'Ft_15_load' <Predicate = (icmp_ln30)> <Delay = 0.00>
ST_1 : Operation 150 [1/1] (0.00ns)   --->   "%Ft_16_load = load i32 %Ft_16"   --->   Operation 150 'load' 'Ft_16_load' <Predicate = (icmp_ln30)> <Delay = 0.00>
ST_1 : Operation 151 [1/1] (0.00ns)   --->   "%Ft_17_load = load i32 %Ft_17"   --->   Operation 151 'load' 'Ft_17_load' <Predicate = (icmp_ln30)> <Delay = 0.00>
ST_1 : Operation 152 [1/1] (0.00ns)   --->   "%Ft_18_load = load i32 %Ft_18"   --->   Operation 152 'load' 'Ft_18_load' <Predicate = (icmp_ln30)> <Delay = 0.00>
ST_1 : Operation 153 [1/1] (0.00ns)   --->   "%Ft_19_load = load i32 %Ft_19"   --->   Operation 153 'load' 'Ft_19_load' <Predicate = (icmp_ln30)> <Delay = 0.00>
ST_1 : Operation 154 [1/1] (0.00ns)   --->   "%Ft_20_load = load i32 %Ft_20"   --->   Operation 154 'load' 'Ft_20_load' <Predicate = (icmp_ln30)> <Delay = 0.00>
ST_1 : Operation 155 [1/1] (0.00ns)   --->   "%Ft_21_load = load i32 %Ft_21"   --->   Operation 155 'load' 'Ft_21_load' <Predicate = (icmp_ln30)> <Delay = 0.00>
ST_1 : Operation 156 [1/1] (0.00ns)   --->   "%Ft_22_load = load i32 %Ft_22"   --->   Operation 156 'load' 'Ft_22_load' <Predicate = (icmp_ln30)> <Delay = 0.00>
ST_1 : Operation 157 [1/1] (0.00ns)   --->   "%Ft_23_load = load i32 %Ft_23"   --->   Operation 157 'load' 'Ft_23_load' <Predicate = (icmp_ln30)> <Delay = 0.00>
ST_1 : Operation 158 [1/1] (0.00ns)   --->   "%Ft_24_load = load i32 %Ft_24"   --->   Operation 158 'load' 'Ft_24_load' <Predicate = (icmp_ln30)> <Delay = 0.00>
ST_1 : Operation 159 [1/1] (0.00ns)   --->   "%Ft_25_load = load i32 %Ft_25"   --->   Operation 159 'load' 'Ft_25_load' <Predicate = (icmp_ln30)> <Delay = 0.00>
ST_1 : Operation 160 [1/1] (0.00ns)   --->   "%Ft_26_load = load i32 %Ft_26"   --->   Operation 160 'load' 'Ft_26_load' <Predicate = (icmp_ln30)> <Delay = 0.00>
ST_1 : Operation 161 [1/1] (0.00ns)   --->   "%Ft_27_load = load i32 %Ft_27"   --->   Operation 161 'load' 'Ft_27_load' <Predicate = (icmp_ln30)> <Delay = 0.00>
ST_1 : Operation 162 [1/1] (0.00ns)   --->   "%Ft_28_load = load i32 %Ft_28"   --->   Operation 162 'load' 'Ft_28_load' <Predicate = (icmp_ln30)> <Delay = 0.00>
ST_1 : Operation 163 [1/1] (0.00ns)   --->   "%Ft_29_load = load i32 %Ft_29"   --->   Operation 163 'load' 'Ft_29_load' <Predicate = (icmp_ln30)> <Delay = 0.00>
ST_1 : Operation 164 [1/1] (0.00ns)   --->   "%Ft_30_load = load i32 %Ft_30"   --->   Operation 164 'load' 'Ft_30_load' <Predicate = (icmp_ln30)> <Delay = 0.00>
ST_1 : Operation 165 [1/1] (0.00ns)   --->   "%Ft_31_load = load i32 %Ft_31"   --->   Operation 165 'load' 'Ft_31_load' <Predicate = (icmp_ln30)> <Delay = 0.00>
ST_1 : Operation 166 [1/1] (0.00ns)   --->   "%Ft_32_load = load i32 %Ft_32"   --->   Operation 166 'load' 'Ft_32_load' <Predicate = (icmp_ln30)> <Delay = 0.00>
ST_1 : Operation 167 [1/1] (0.00ns)   --->   "%Ft_33_load = load i32 %Ft_33"   --->   Operation 167 'load' 'Ft_33_load' <Predicate = (icmp_ln30)> <Delay = 0.00>
ST_1 : Operation 168 [1/1] (0.00ns)   --->   "%Ft_34_load = load i32 %Ft_34"   --->   Operation 168 'load' 'Ft_34_load' <Predicate = (icmp_ln30)> <Delay = 0.00>
ST_1 : Operation 169 [1/1] (0.00ns)   --->   "%Ft_35_load = load i32 %Ft_35"   --->   Operation 169 'load' 'Ft_35_load' <Predicate = (icmp_ln30)> <Delay = 0.00>
ST_1 : Operation 170 [1/1] (0.00ns)   --->   "%write_ln0 = write void @_ssdm_op_Write.ap_auto.floatP0A, i32 %Ft_35_out, i32 %Ft_35_load"   --->   Operation 170 'write' 'write_ln0' <Predicate = (icmp_ln30)> <Delay = 0.00>
ST_1 : Operation 171 [1/1] (0.00ns)   --->   "%write_ln0 = write void @_ssdm_op_Write.ap_auto.floatP0A, i32 %Ft_34_out, i32 %Ft_34_load"   --->   Operation 171 'write' 'write_ln0' <Predicate = (icmp_ln30)> <Delay = 0.00>
ST_1 : Operation 172 [1/1] (0.00ns)   --->   "%write_ln0 = write void @_ssdm_op_Write.ap_auto.floatP0A, i32 %Ft_33_out, i32 %Ft_33_load"   --->   Operation 172 'write' 'write_ln0' <Predicate = (icmp_ln30)> <Delay = 0.00>
ST_1 : Operation 173 [1/1] (0.00ns)   --->   "%write_ln0 = write void @_ssdm_op_Write.ap_auto.floatP0A, i32 %Ft_32_out, i32 %Ft_32_load"   --->   Operation 173 'write' 'write_ln0' <Predicate = (icmp_ln30)> <Delay = 0.00>
ST_1 : Operation 174 [1/1] (0.00ns)   --->   "%write_ln0 = write void @_ssdm_op_Write.ap_auto.floatP0A, i32 %Ft_31_out, i32 %Ft_31_load"   --->   Operation 174 'write' 'write_ln0' <Predicate = (icmp_ln30)> <Delay = 0.00>
ST_1 : Operation 175 [1/1] (0.00ns)   --->   "%write_ln0 = write void @_ssdm_op_Write.ap_auto.floatP0A, i32 %Ft_30_out, i32 %Ft_30_load"   --->   Operation 175 'write' 'write_ln0' <Predicate = (icmp_ln30)> <Delay = 0.00>
ST_1 : Operation 176 [1/1] (0.00ns)   --->   "%write_ln0 = write void @_ssdm_op_Write.ap_auto.floatP0A, i32 %Ft_29_out, i32 %Ft_29_load"   --->   Operation 176 'write' 'write_ln0' <Predicate = (icmp_ln30)> <Delay = 0.00>
ST_1 : Operation 177 [1/1] (0.00ns)   --->   "%write_ln0 = write void @_ssdm_op_Write.ap_auto.floatP0A, i32 %Ft_28_out, i32 %Ft_28_load"   --->   Operation 177 'write' 'write_ln0' <Predicate = (icmp_ln30)> <Delay = 0.00>
ST_1 : Operation 178 [1/1] (0.00ns)   --->   "%write_ln0 = write void @_ssdm_op_Write.ap_auto.floatP0A, i32 %Ft_27_out, i32 %Ft_27_load"   --->   Operation 178 'write' 'write_ln0' <Predicate = (icmp_ln30)> <Delay = 0.00>
ST_1 : Operation 179 [1/1] (0.00ns)   --->   "%write_ln0 = write void @_ssdm_op_Write.ap_auto.floatP0A, i32 %Ft_26_out, i32 %Ft_26_load"   --->   Operation 179 'write' 'write_ln0' <Predicate = (icmp_ln30)> <Delay = 0.00>
ST_1 : Operation 180 [1/1] (0.00ns)   --->   "%write_ln0 = write void @_ssdm_op_Write.ap_auto.floatP0A, i32 %Ft_25_out, i32 %Ft_25_load"   --->   Operation 180 'write' 'write_ln0' <Predicate = (icmp_ln30)> <Delay = 0.00>
ST_1 : Operation 181 [1/1] (0.00ns)   --->   "%write_ln0 = write void @_ssdm_op_Write.ap_auto.floatP0A, i32 %Ft_24_out, i32 %Ft_24_load"   --->   Operation 181 'write' 'write_ln0' <Predicate = (icmp_ln30)> <Delay = 0.00>
ST_1 : Operation 182 [1/1] (0.00ns)   --->   "%write_ln0 = write void @_ssdm_op_Write.ap_auto.floatP0A, i32 %Ft_23_out, i32 %Ft_23_load"   --->   Operation 182 'write' 'write_ln0' <Predicate = (icmp_ln30)> <Delay = 0.00>
ST_1 : Operation 183 [1/1] (0.00ns)   --->   "%write_ln0 = write void @_ssdm_op_Write.ap_auto.floatP0A, i32 %Ft_22_out, i32 %Ft_22_load"   --->   Operation 183 'write' 'write_ln0' <Predicate = (icmp_ln30)> <Delay = 0.00>
ST_1 : Operation 184 [1/1] (0.00ns)   --->   "%write_ln0 = write void @_ssdm_op_Write.ap_auto.floatP0A, i32 %Ft_21_out, i32 %Ft_21_load"   --->   Operation 184 'write' 'write_ln0' <Predicate = (icmp_ln30)> <Delay = 0.00>
ST_1 : Operation 185 [1/1] (0.00ns)   --->   "%write_ln0 = write void @_ssdm_op_Write.ap_auto.floatP0A, i32 %Ft_20_out, i32 %Ft_20_load"   --->   Operation 185 'write' 'write_ln0' <Predicate = (icmp_ln30)> <Delay = 0.00>
ST_1 : Operation 186 [1/1] (0.00ns)   --->   "%write_ln0 = write void @_ssdm_op_Write.ap_auto.floatP0A, i32 %Ft_19_out, i32 %Ft_19_load"   --->   Operation 186 'write' 'write_ln0' <Predicate = (icmp_ln30)> <Delay = 0.00>
ST_1 : Operation 187 [1/1] (0.00ns)   --->   "%write_ln0 = write void @_ssdm_op_Write.ap_auto.floatP0A, i32 %Ft_18_out, i32 %Ft_18_load"   --->   Operation 187 'write' 'write_ln0' <Predicate = (icmp_ln30)> <Delay = 0.00>
ST_1 : Operation 188 [1/1] (0.00ns)   --->   "%write_ln0 = write void @_ssdm_op_Write.ap_auto.floatP0A, i32 %Ft_17_out, i32 %Ft_17_load"   --->   Operation 188 'write' 'write_ln0' <Predicate = (icmp_ln30)> <Delay = 0.00>
ST_1 : Operation 189 [1/1] (0.00ns)   --->   "%write_ln0 = write void @_ssdm_op_Write.ap_auto.floatP0A, i32 %Ft_16_out, i32 %Ft_16_load"   --->   Operation 189 'write' 'write_ln0' <Predicate = (icmp_ln30)> <Delay = 0.00>
ST_1 : Operation 190 [1/1] (0.00ns)   --->   "%write_ln0 = write void @_ssdm_op_Write.ap_auto.floatP0A, i32 %Ft_15_out, i32 %Ft_15_load"   --->   Operation 190 'write' 'write_ln0' <Predicate = (icmp_ln30)> <Delay = 0.00>
ST_1 : Operation 191 [1/1] (0.00ns)   --->   "%write_ln0 = write void @_ssdm_op_Write.ap_auto.floatP0A, i32 %Ft_14_out, i32 %Ft_14_load"   --->   Operation 191 'write' 'write_ln0' <Predicate = (icmp_ln30)> <Delay = 0.00>
ST_1 : Operation 192 [1/1] (0.00ns)   --->   "%write_ln0 = write void @_ssdm_op_Write.ap_auto.floatP0A, i32 %Ft_13_out, i32 %Ft_13_load"   --->   Operation 192 'write' 'write_ln0' <Predicate = (icmp_ln30)> <Delay = 0.00>
ST_1 : Operation 193 [1/1] (0.00ns)   --->   "%write_ln0 = write void @_ssdm_op_Write.ap_auto.floatP0A, i32 %Ft_12_out, i32 %Ft_12_load"   --->   Operation 193 'write' 'write_ln0' <Predicate = (icmp_ln30)> <Delay = 0.00>
ST_1 : Operation 194 [1/1] (0.00ns)   --->   "%write_ln0 = write void @_ssdm_op_Write.ap_auto.floatP0A, i32 %Ft_11_out, i32 %Ft_11_load"   --->   Operation 194 'write' 'write_ln0' <Predicate = (icmp_ln30)> <Delay = 0.00>
ST_1 : Operation 195 [1/1] (0.00ns)   --->   "%write_ln0 = write void @_ssdm_op_Write.ap_auto.floatP0A, i32 %Ft_10_out, i32 %Ft_10_load"   --->   Operation 195 'write' 'write_ln0' <Predicate = (icmp_ln30)> <Delay = 0.00>
ST_1 : Operation 196 [1/1] (0.00ns)   --->   "%write_ln0 = write void @_ssdm_op_Write.ap_auto.floatP0A, i32 %Ft_9_out, i32 %Ft_9_load"   --->   Operation 196 'write' 'write_ln0' <Predicate = (icmp_ln30)> <Delay = 0.00>
ST_1 : Operation 197 [1/1] (0.00ns)   --->   "%write_ln0 = write void @_ssdm_op_Write.ap_auto.floatP0A, i32 %Ft_8_out, i32 %Ft_8_load"   --->   Operation 197 'write' 'write_ln0' <Predicate = (icmp_ln30)> <Delay = 0.00>
ST_1 : Operation 198 [1/1] (0.00ns)   --->   "%write_ln0 = write void @_ssdm_op_Write.ap_auto.floatP0A, i32 %Ft_7_out, i32 %Ft_7_load"   --->   Operation 198 'write' 'write_ln0' <Predicate = (icmp_ln30)> <Delay = 0.00>
ST_1 : Operation 199 [1/1] (0.00ns)   --->   "%write_ln0 = write void @_ssdm_op_Write.ap_auto.floatP0A, i32 %Ft_6_out, i32 %Ft_6_load"   --->   Operation 199 'write' 'write_ln0' <Predicate = (icmp_ln30)> <Delay = 0.00>
ST_1 : Operation 200 [1/1] (0.00ns)   --->   "%write_ln0 = write void @_ssdm_op_Write.ap_auto.floatP0A, i32 %Ft_5_out, i32 %Ft_5_load"   --->   Operation 200 'write' 'write_ln0' <Predicate = (icmp_ln30)> <Delay = 0.00>
ST_1 : Operation 201 [1/1] (0.00ns)   --->   "%write_ln0 = write void @_ssdm_op_Write.ap_auto.floatP0A, i32 %Ft_4_out, i32 %Ft_4_load"   --->   Operation 201 'write' 'write_ln0' <Predicate = (icmp_ln30)> <Delay = 0.00>
ST_1 : Operation 202 [1/1] (0.00ns)   --->   "%write_ln0 = write void @_ssdm_op_Write.ap_auto.floatP0A, i32 %Ft_3_out, i32 %Ft_3_load"   --->   Operation 202 'write' 'write_ln0' <Predicate = (icmp_ln30)> <Delay = 0.00>
ST_1 : Operation 203 [1/1] (0.00ns)   --->   "%write_ln0 = write void @_ssdm_op_Write.ap_auto.floatP0A, i32 %Ft_2_out, i32 %Ft_2_load"   --->   Operation 203 'write' 'write_ln0' <Predicate = (icmp_ln30)> <Delay = 0.00>
ST_1 : Operation 204 [1/1] (0.00ns)   --->   "%write_ln0 = write void @_ssdm_op_Write.ap_auto.floatP0A, i32 %Ft_1_out, i32 %Ft_1_load"   --->   Operation 204 'write' 'write_ln0' <Predicate = (icmp_ln30)> <Delay = 0.00>
ST_1 : Operation 205 [1/1] (0.00ns)   --->   "%write_ln0 = write void @_ssdm_op_Write.ap_auto.floatP0A, i32 %Ft_out, i32 %Ft_load"   --->   Operation 205 'write' 'write_ln0' <Predicate = (icmp_ln30)> <Delay = 0.00>
ST_1 : Operation 206 [1/1] (0.00ns)   --->   "%ret_ln0 = ret"   --->   Operation 206 'ret' 'ret_ln0' <Predicate = (icmp_ln30)> <Delay = 0.00>


============================================================
+ Verbose Summary: Timing violations
============================================================
Target clock period: 10.000ns, clock uncertainty: 2.700ns.

 <State 1>: 1.100ns
The critical path consists of the following:
	'alloca' operation ('i') [70]  (0.000 ns)
	'load' operation ('i', ekf_core.cpp:30->ekf_core.cpp:71->ekf_core.cpp:162) on local variable 'i' [143]  (0.000 ns)
	'add' operation ('add_ln30', ekf_core.cpp:30->ekf_core.cpp:71->ekf_core.cpp:162) [146]  (0.673 ns)
	'store' operation ('store_ln30', ekf_core.cpp:30->ekf_core.cpp:71->ekf_core.cpp:162) of variable 'add_ln30', ekf_core.cpp:30->ekf_core.cpp:71->ekf_core.cpp:162 on local variable 'i' [207]  (0.427 ns)


============================================================
+ Verbose Summary: Binding
============================================================
N/A
* FSMD analyzer results:
  - Output states:
 - Input state : 
  - Chain level:
	State 1


============================================================
+ Verbose Summary: Datapath Resource usage 
============================================================
N/A
