

================================================================
== Vitis HLS Report for 'ekf_batch_Pipeline_VITIS_LOOP_157_4'
================================================================
* Date:           Thu Sep  3 12:11:35 2026

* Version:        2023.1 (Build 3854077 on May  4 2023)
* Project:        EKF
* Solution:       solution1 (Vivado IP Flow Target)
* Product family: zynquplus
* Target device:  xczu9eg-ffvb1156-2-e


================================================================
== Performance Estimates
================================================================
+ Timing: 
    * Summary: 
    +--------+----------+----------+------------+
    |  Clock |  Target  | Estimated| Uncertainty|
    +--------+----------+----------+------------+
    |ap_clk  |  10.00 ns|  1.100 ns|     2.70 ns|
    +--------+----------+----------+------------+

+ Latency: 
    * Summary: 
    +---------+---------+-----------+-----------+-----+-----+---------+
    |  Latency (cycles) |   Latency (absolute)  |  Interval | Pipeline|
    |   min   |   max   |    min    |    max    | min | max |   Type  |
    +---------+---------+-----------+-----------+-----+-----+---------+
    |        8|        8|  80.000 ns|  80.000 ns|    8|    8|       no|
    +---------+---------+-----------+-----------+-----+-----+---------+

    + Detail: 
        * Instance: 
        N/A

        * Loop: 
        +--------------------+---------+---------+----------+-----------+-----------+------+----------+
        |                    |  Latency (cycles) | Iteration|  Initiation Interval  | Trip |          |
        |      Loop Name     |   min   |   max   |  Latency |  achieved |   target  | Count| Pipelined|
        +--------------------+---------+---------+----------+-----------+-----------+------+----------+
        |- VITIS_LOOP_157_4  |        6|        6|         1|          1|          1|     6|       yes|
        +--------------------+---------+---------+----------+-----------+-----------+------+----------+



================================================================
== Utilization Estimates
================================================================
* Summary: 
+-----------------+---------+------+--------+--------+-----+
|       Name      | BRAM_18K|  DSP |   FF   |   LUT  | URAM|
+-----------------+---------+------+--------+--------+-----+
|DSP              |        -|     -|       -|       -|    -|
|Expression       |        -|     -|       0|      20|    -|
|FIFO             |        -|     -|       -|       -|    -|
|Instance         |        -|     -|       0|      31|    -|
|Memory           |        -|     -|       -|       -|    -|
|Multiplexer      |        -|     -|       -|      27|    -|
|Register         |        -|     -|     197|       -|    -|
+-----------------+---------+------+--------+--------+-----+
|Total            |        0|     0|     197|      78|    0|
+-----------------+---------+------+--------+--------+-----+
|Available        |     1824|  2520|  548160|  274080|    0|
+-----------------+---------+------+--------+--------+-----+
|Utilization (%)  |        0|     0|      ~0|      ~0|    0|
+-----------------+---------+------+--------+--------+-----+

+ Detail: 
    * Instance: 
    +--------------------+----------------+---------+----+---+----+-----+
    |      Instance      |     Module     | BRAM_18K| DSP| FF| LUT| URAM|
    +--------------------+----------------+---------+----+---+----+-----+
    |mux_6_3_32_1_1_U11  |mux_6_3_32_1_1  |        0|   0|  0|  31|    0|
    +--------------------+----------------+---------+----+---+----+-----+
    |Total               |                |        0|   0|  0|  31|    0|
    +--------------------+----------------+---------+----+---+----+-----+

    * DSP: 
    N/A

    * Memory: 
    N/A

    * FIFO: 
    N/A

    * Expression: 
    +----------------------+----------+----+---+----+------------+------------+
    |     Variable Name    | Operation| DSP| FF| LUT| Bitwidth P0| Bitwidth P1|
    +----------------------+----------+----+---+----+------------+------------+
    |add_ln157_fu_180_p2   |         +|   0|  0|  10|           3|           1|
    |icmp_ln157_fu_174_p2  |      icmp|   0|  0|  10|           3|           3|
    +----------------------+----------+----+---+----+------------+------------+
    |Total                 |          |   0|  0|  20|           6|           4|
    +----------------------+----------+----+---+----+------------+------------+

    * Multiplexer: 
    +--------------------+----+-----------+-----+-----------+
    |        Name        | LUT| Input Size| Bits| Total Bits|
    +--------------------+----+-----------+-----+-----------+
    |ap_done_int         |   9|          2|    1|          2|
    |ap_sig_allocacmp_i  |   9|          2|    3|          6|
    |i_1_fu_60           |   9|          2|    3|          6|
    +--------------------+----+-----------+-----+-----------+
    |Total               |  27|          6|    7|         14|
    +--------------------+----+-----------+-----+-----------+

    * Register: 
    +-------------+----+----+-----+-----------+
    |     Name    | FF | LUT| Bits| Const Bits|
    +-------------+----+----+-----+-----------+
    |ap_CS_fsm    |   1|   0|    1|          0|
    |ap_done_reg  |   1|   0|    1|          0|
    |i_1_fu_60    |   3|   0|    3|          0|
    |x_1_fu_68    |  32|   0|   32|          0|
    |x_2_fu_72    |  32|   0|   32|          0|
    |x_3_fu_76    |  32|   0|   32|          0|
    |x_4_fu_80    |  32|   0|   32|          0|
    |x_5_fu_84    |  32|   0|   32|          0|
    |x_fu_64      |  32|   0|   32|          0|
    +-------------+----+----+-----+-----------+
    |Total        | 197|   0|  197|          0|
    +-------------+----+----+-----+-----------+



================================================================
== Interface
================================================================
* Summary: 
+----------------+-----+-----+------------+-------------------------------------+--------------+
|    RTL Ports   | Dir | Bits|  Protocol  |            Source Object            |    C Type    |
+----------------+-----+-----+------------+-------------------------------------+--------------+
|ap_clk          |   in|    1|  ap_ctrl_hs|  ekf_batch_Pipeline_VITIS_LOOP_157_4|  return value|
|ap_rst          |   in|    1|  ap_ctrl_hs|  ekf_batch_Pipeline_VITIS_LOOP_157_4|  return value|
|ap_start        |   in|    1|  ap_ctrl_hs|  ekf_batch_Pipeline_VITIS_LOOP_157_4|  return value|
|ap_done         |  out|    1|  ap_ctrl_hs|  ekf_batch_Pipeline_VITIS_LOOP_157_4|  return value|
|ap_idle         |  out|    1|  ap_ctrl_hs|  ekf_batch_Pipeline_VITIS_LOOP_157_4|  return value|
|ap_ready        |  out|    1|  ap_ctrl_hs|  ekf_batch_Pipeline_VITIS_LOOP_157_4|  return value|
|local_load_1    |   in|   32|     ap_none|                         local_load_1|        scalar|
|local_1_load_1  |   in|   32|     ap_none|                       local_1_load_1|        scalar|
|local_2_load_3  |   in|   32|     ap_none|                       local_2_load_3|        scalar|
|local_3_load_3  |   in|   32|     ap_none|                       local_3_load_3|        scalar|
|local_4_load_3  |   in|   32|     ap_none|                       local_4_load_3|        scalar|
|local_5_load_3  |   in|   32|     ap_none|                       local_5_load_3|        scalar|
|x_5_out         |  out|   32|      ap_vld|                              x_5_out|       pointer|
|x_5_out_ap_vld  |  out|    1|      ap_vld|                              x_5_out|       pointer|
|x_4_out         |  out|   32|      ap_vld|                              x_4_out|       pointer|
|x_4_out_ap_vld  |  out|    1|      ap_vld|                              x_4_out|       pointer|
|x_3_out         |  out|   32|      ap_vld|                              x_3_out|       pointer|
|x_3_out_ap_vld  |  out|    1|      ap_vld|                              x_3_out|       pointer|
|x_2_out         |  out|   32|      ap_vld|                              x_2_out|       pointer|
|x_2_out_ap_vld  |  out|    1|      ap_vld|                              x_2_out|       pointer|
|x_1_out         |  out|   32|      ap_vld|                              x_1_out|       pointer|
|x_1_out_ap_vld  |  out|    1|      ap_vld|                              x_1_out|       pointer|
|x_out           |  out|   32|      ap_vld|                                x_out|       pointer|
|x_out_ap_vld    |  out|    1|      ap_vld|                                x_out|       pointer|
+----------------+-----+-----+------------+-------------------------------------+--------------+

============================================================
+ Verbose Summary: Synthesis Manager
============================================================
InlineROM: 1
ExposeGlobal: 0
============================================================
+ Verbose Summary: CDFG Model
============================================================
IsTopModel: 0
ResetActiveHigh: 1
IsCombinational: 2
IsDatapathOnly: 2
HasWiredReturn: 1
HasMFsm: 2
HasVarLatency: 1
IsPipeline: 0
IsRtlPipelined: 0
IsInstanceOverlapped: 0
IsDontTouch: 0
HasImplIP: 0
IsGatedGlobalClock: 0

+ Individual pipeline summary: 
  * Pipeline-0: initiation interval (II) = 1, depth = 1


============================================================
+ Verbose Summary: Schedule
============================================================
* Number of FSM states : 1
* Pipeline : 1
  Pipeline-0 : II = 1, D = 1, States = { 1 }
* Dataflow Pipeline: 0

* FSM state transitions: 
1 --> 

* FSM state operations: 

State 1 <SV = 0> <Delay = 1.09>
ST_1 : Operation 4 [1/1] (0.00ns)   --->   "%i_1 = alloca i32 1"   --->   Operation 4 'alloca' 'i_1' <Predicate = true> <Delay = 0.00>
ST_1 : Operation 5 [1/1] (0.00ns)   --->   "%x = alloca i32 1"   --->   Operation 5 'alloca' 'x' <Predicate = true> <Delay = 0.00>
ST_1 : Operation 6 [1/1] (0.00ns)   --->   "%x_1 = alloca i32 1"   --->   Operation 6 'alloca' 'x_1' <Predicate = true> <Delay = 0.00>
ST_1 : Operation 7 [1/1] (0.00ns)   --->   "%x_2 = alloca i32 1"   --->   Operation 7 'alloca' 'x_2' <Predicate = true> <Delay = 0.00>
ST_1 : Operation 8 [1/1] (0.00ns)   --->   "%x_3 = alloca i32 1"   --->   Operation 8 'alloca' 'x_3' <Predicate = true> <Delay = 0.00>
ST_1 : Operation 9 [1/1] (0.00ns)   --->   "%x_4 = alloca i32 1"   --->   Operation 9 'alloca' 'x_4' <Predicate = true> <Delay = 0.00>
ST_1 : Operation 10 [1/1] (0.00ns)   --->   "%x_5 = alloca i32 1"   --->   Operation 10 'alloca' 'x_5' <Predicate = true> <Delay = 0.00>
ST_1 : Operation 11 [1/1] (0.00ns)   --->   "%local_5_load_3_read = read i32 @_ssdm_op_Read.ap_auto.float, i32 %local_5_load_3"   --->   Operation 11 'read' 'local_5_load_3_read' <Predicate = true> <Delay = 0.00>
ST_1 : Operation 12 [1/1] (0.00ns)   --->   "%local_4_load_3_read = read i32 @_ssdm_op_Read.ap_auto.float, i32 %local_4_load_3"   --->   Operation 12 'read' 'local_4_load_3_read' <Predicate = true> <Delay = 0.00>
ST_1 : Operation 13 [1/1] (0.00ns)   --->   "%local_3_load_3_read = read i32 @_ssdm_op_Read.ap_auto.float, i32 %local_3_load_3"   --->   Operation 13 'read' 'local_3_load_3_read' <Predicate = true> <Delay = 0.00>
ST_1 : Operation 14 [1/1] (0.00ns)   --->   "%local_2_load_3_read = read i32 @_ssdm_op_Read.ap_auto.float, i32 %local_2_load_3"   --->   Operation 14 'read' 'local_2_load_3_read' <Predicate = true> <Delay = 0.00>
ST_1 : Operation 15 [1/1] (0.00ns)   --->   "%local_1_load_1_read = read i32 @_ssdm_op_Read.ap_auto.float, i32 %local_1_load_1"   --->   Operation 15 'read' 'local_1_load_1_read' <Predicate = true> <Delay = 0.00>
ST_1 : Operation 16 [1/1] (0.00ns)   --->   "%local_load_1_read = read i32 @_ssdm_op_Read.ap_auto.float, i32 %local_load_1"   --->   Operation 16 'read' 'local_load_1_read' <Predicate = true> <Delay = 0.00>
ST_1 : Operation 17 [1/1] (0.42ns)   --->   "%store_ln0 = store i3 0, i3 %i_1"   --->   Operation 17 'store' 'store_ln0' <Predicate = true> <Delay = 0.42>
ST_1 : Operation 18 [1/1] (0.00ns)   --->   "%br_ln0 = br void %for.inc23"   --->   Operation 18 'br' 'br_ln0' <Predicate = true> <Delay = 0.00>
ST_1 : Operation 19 [1/1] (0.00ns)   --->   "%i = load i3 %i_1" [ekf_core.cpp:157]   --->   Operation 19 'load' 'i' <Predicate = true> <Delay = 0.00>
ST_1 : Operation 20 [1/1] (0.00ns)   --->   "%specpipeline_ln0 = specpipeline void @_ssdm_op_SpecPipeline, i32 4294967295, i32 0, i32 1, i32 0, void @p_str"   --->   Operation 20 'specpipeline' 'specpipeline_ln0' <Predicate = true> <Delay = 0.00>
ST_1 : Operation 21 [1/1] (0.67ns)   --->   "%icmp_ln157 = icmp_eq  i3 %i, i3 6" [ekf_core.cpp:157]   --->   Operation 21 'icmp' 'icmp_ln157' <Predicate = true> <Delay = 0.67> <CoreInst = "Cmp">   --->   Core 9 'Cmp' <Latency = 0> <II = 1> <Delay = 0.67> <FuncUnit> <Opcode : 'icmp'> <InPorts = 2> <OutPorts = 1>
ST_1 : Operation 22 [1/1] (0.67ns)   --->   "%add_ln157 = add i3 %i, i3 1" [ekf_core.cpp:157]   --->   Operation 22 'add' 'add_ln157' <Predicate = true> <Delay = 0.67> <CoreInst = "Adder">   --->   Core 1 'Adder' <Latency = 0> <II = 1> <Delay = 0.67> <FuncUnit> <Opcode : 'add' 'sub'> <InPorts = 2> <OutPorts = 1>
ST_1 : Operation 23 [1/1] (0.00ns)   --->   "%br_ln157 = br i1 %icmp_ln157, void %for.inc23.split, void %for.inc44.preheader.exitStub" [ekf_core.cpp:157]   --->   Operation 23 'br' 'br_ln157' <Predicate = true> <Delay = 0.00>
ST_1 : Operation 24 [1/1] (0.00ns)   --->   "%speclooptripcount_ln154 = speclooptripcount void @_ssdm_op_SpecLoopTripCount, i64 6, i64 6, i64 6" [ekf_core.cpp:154]   --->   Operation 24 'speclooptripcount' 'speclooptripcount_ln154' <Predicate = (!icmp_ln157)> <Delay = 0.00>
ST_1 : Operation 25 [1/1] (0.00ns)   --->   "%specloopname_ln157 = specloopname void @_ssdm_op_SpecLoopName, void @empty_4" [ekf_core.cpp:157]   --->   Operation 25 'specloopname' 'specloopname_ln157' <Predicate = (!icmp_ln157)> <Delay = 0.00>
ST_1 : Operation 26 [1/1] (0.62ns)   --->   "%x_6 = mux i32 @_ssdm_op_Mux.ap_auto.6float.i3, i32 %local_load_1_read, i32 %local_1_load_1_read, i32 %local_2_load_3_read, i32 %local_3_load_3_read, i32 %local_4_load_3_read, i32 %local_5_load_3_read, i3 %i" [ekf_core.cpp:157]   --->   Operation 26 'mux' 'x_6' <Predicate = (!icmp_ln157)> <Delay = 0.62> <CoreInst = "Multiplexer">   --->   Core 76 'Multiplexer' <Latency = 0> <II = 1> <Delay = 0.62> <FuncUnit> <Opcode : 'mux'> <InPorts = 2> <OutPorts = 1>
ST_1 : Operation 27 [1/1] (0.73ns)   --->   "%switch_ln157 = switch i3 %i, void %arrayidx22.case.5, i3 0, void %for.inc23.split.arrayidx22.exit_crit_edge7, i3 1, void %arrayidx22.case.1, i3 2, void %arrayidx22.case.2, i3 3, void %arrayidx22.case.3, i3 4, void %for.inc23.split.arrayidx22.exit_crit_edge" [ekf_core.cpp:157]   --->   Operation 27 'switch' 'switch_ln157' <Predicate = (!icmp_ln157)> <Delay = 0.73>
ST_1 : Operation 28 [1/1] (0.00ns)   --->   "%store_ln157 = store i32 %x_6, i32 %x_4" [ekf_core.cpp:157]   --->   Operation 28 'store' 'store_ln157' <Predicate = (!icmp_ln157 & i == 4)> <Delay = 0.00>
ST_1 : Operation 29 [1/1] (0.00ns)   --->   "%br_ln157 = br void %arrayidx22.exit" [ekf_core.cpp:157]   --->   Operation 29 'br' 'br_ln157' <Predicate = (!icmp_ln157 & i == 4)> <Delay = 0.00>
ST_1 : Operation 30 [1/1] (0.00ns)   --->   "%store_ln157 = store i32 %x_6, i32 %x_3" [ekf_core.cpp:157]   --->   Operation 30 'store' 'store_ln157' <Predicate = (!icmp_ln157 & i == 3)> <Delay = 0.00>
ST_1 : Operation 31 [1/1] (0.00ns)   --->   "%br_ln157 = br void %arrayidx22.exit" [ekf_core.cpp:157]   --->   Operation 31 'br' 'br_ln157' <Predicate = (!icmp_ln157 & i == 3)> <Delay = 0.00>
ST_1 : Operation 32 [1/1] (0.00ns)   --->   "%store_ln157 = store i32 %x_6, i32 %x_2" [ekf_core.cpp:157]   --->   Operation 32 'store' 'store_ln157' <Predicate = (!icmp_ln157 & i == 2)> <Delay = 0.00>
ST_1 : Operation 33 [1/1] (0.00ns)   --->   "%br_ln157 = br void %arrayidx22.exit" [ekf_core.cpp:157]   --->   Operation 33 'br' 'br_ln157' <Predicate = (!icmp_ln157 & i == 2)> <Delay = 0.00>
ST_1 : Operation 34 [1/1] (0.00ns)   --->   "%store_ln157 = store i32 %x_6, i32 %x_1" [ekf_core.cpp:157]   --->   Operation 34 'store' 'store_ln157' <Predicate = (!icmp_ln157 & i == 1)> <Delay = 0.00>
ST_1 : Operation 35 [1/1] (0.00ns)   --->   "%br_ln157 = br void %arrayidx22.exit" [ekf_core.cpp:157]   --->   Operation 35 'br' 'br_ln157' <Predicate = (!icmp_ln157 & i == 1)> <Delay = 0.00>
ST_1 : Operation 36 [1/1] (0.00ns)   --->   "%store_ln157 = store i32 %x_6, i32 %x" [ekf_core.cpp:157]   --->   Operation 36 'store' 'store_ln157' <Predicate = (!icmp_ln157 & i == 0)> <Delay = 0.00>
ST_1 : Operation 37 [1/1] (0.00ns)   --->   "%br_ln157 = br void %arrayidx22.exit" [ekf_core.cpp:157]   --->   Operation 37 'br' 'br_ln157' <Predicate = (!icmp_ln157 & i == 0)> <Delay = 0.00>
ST_1 : Operation 38 [1/1] (0.00ns)   --->   "%store_ln157 = store i32 %x_6, i32 %x_5" [ekf_core.cpp:157]   --->   Operation 38 'store' 'store_ln157' <Predicate = (!icmp_ln157 & i != 0 & i != 1 & i != 2 & i != 3 & i != 4)> <Delay = 0.00>
ST_1 : Operation 39 [1/1] (0.00ns)   --->   "%br_ln157 = br void %arrayidx22.exit" [ekf_core.cpp:157]   --->   Operation 39 'br' 'br_ln157' <Predicate = (!icmp_ln157 & i != 0 & i != 1 & i != 2 & i != 3 & i != 4)> <Delay = 0.00>
ST_1 : Operation 40 [1/1] (0.42ns)   --->   "%store_ln157 = store i3 %add_ln157, i3 %i_1" [ekf_core.cpp:157]   --->   Operation 40 'store' 'store_ln157' <Predicate = (!icmp_ln157)> <Delay = 0.42>
ST_1 : Operation 41 [1/1] (0.00ns)   --->   "%br_ln157 = br void %for.inc23" [ekf_core.cpp:157]   --->   Operation 41 'br' 'br_ln157' <Predicate = (!icmp_ln157)> <Delay = 0.00>
ST_1 : Operation 42 [1/1] (0.00ns)   --->   "%x_load = load i32 %x"   --->   Operation 42 'load' 'x_load' <Predicate = (icmp_ln157)> <Delay = 0.00>
ST_1 : Operation 43 [1/1] (0.00ns)   --->   "%x_1_load = load i32 %x_1"   --->   Operation 43 'load' 'x_1_load' <Predicate = (icmp_ln157)> <Delay = 0.00>
ST_1 : Operation 44 [1/1] (0.00ns)   --->   "%x_2_load = load i32 %x_2"   --->   Operation 44 'load' 'x_2_load' <Predicate = (icmp_ln157)> <Delay = 0.00>
ST_1 : Operation 45 [1/1] (0.00ns)   --->   "%x_3_load = load i32 %x_3"   --->   Operation 45 'load' 'x_3_load' <Predicate = (icmp_ln157)> <Delay = 0.00>
ST_1 : Operation 46 [1/1] (0.00ns)   --->   "%x_4_load = load i32 %x_4"   --->   Operation 46 'load' 'x_4_load' <Predicate = (icmp_ln157)> <Delay = 0.00>
ST_1 : Operation 47 [1/1] (0.00ns)   --->   "%x_5_load = load i32 %x_5"   --->   Operation 47 'load' 'x_5_load' <Predicate = (icmp_ln157)> <Delay = 0.00>
ST_1 : Operation 48 [1/1] (0.00ns)   --->   "%write_ln0 = write void @_ssdm_op_Write.ap_auto.floatP0A, i32 %x_5_out, i32 %x_5_load"   --->   Operation 48 'write' 'write_ln0' <Predicate = (icmp_ln157)> <Delay = 0.00>
ST_1 : Operation 49 [1/1] (0.00ns)   --->   "%write_ln0 = write void @_ssdm_op_Write.ap_auto.floatP0A, i32 %x_4_out, i32 %x_4_load"   --->   Operation 49 'write' 'write_ln0' <Predicate = (icmp_ln157)> <Delay = 0.00>
ST_1 : Operation 50 [1/1] (0.00ns)   --->   "%write_ln0 = write void @_ssdm_op_Write.ap_auto.floatP0A, i32 %x_3_out, i32 %x_3_load"   --->   Operation 50 'write' 'write_ln0' <Predicate = (icmp_ln157)> <Delay = 0.00>
ST_1 : Operation 51 [1/1] (0.00ns)   --->   "%write_ln0 = write void @_ssdm_op_Write.ap_auto.floatP0A, i32 %x_2_out, i32 %x_2_load"   --->   Operation 51 'write' 'write_ln0' <Predicate = (icmp_ln157)> <Delay = 0.00>
ST_1 : Operation 52 [1/1] (0.00ns)   --->   "%write_ln0 = write void @_ssdm_op_Write.ap_auto.floatP0A, i32 %x_1_out, i32 %x_1_load"   --->   Operation 52 'write' 'write_ln0' <Predicate = (icmp_ln157)> <Delay = 0.00>
ST_1 : Operation 53 [1/1] (0.00ns)   --->   "%write_ln0 = write void @_ssdm_op_Write.ap_auto.floatP0A, i32 %x_out, i32 %x_load"   --->   Operation 53 'write' 'write_ln0' <Predicate = (icmp_ln157)> <Delay = 0.00>
ST_1 : Operation 54 [1/1] (0.00ns)   --->   "%ret_ln0 = ret"   --->   Operation 54 'ret' 'ret_ln0' <Predicate = (icmp_ln157)> <Delay = 0.00>


============================================================
+ Verbose Summary: Binding
============================================================
STG Binding: 
---------------- STG Properties BEGIN ----------------
- Is combinational: 0
- Is one-state seq: 0
- Is datapath-only: 0
- Is pipelined: 0
- Is top level: 0
Port [ Return ] is wired: 1; IO mode=ap_ctrl_hs:ce=0
Port [ local_load_1]:  wired=1; compound=0; hidden=0; nouse=0; global=0; static=0; extern=0; dir=0; type=0; pingpong=0; private_global=0; IO mode=ap_none:ce=0
Port [ local_1_load_1]:  wired=1; compound=0; hidden=0; nouse=0; global=0; static=0; extern=0; dir=0; type=0; pingpong=0; private_global=0; IO mode=ap_none:ce=0
Port [ local_2_load_3]:  wired=1; compound=0; hidden=0; nouse=0; global=0; static=0; extern=0; dir=0; type=0; pingpong=0; private_global=0; IO mode=ap_none:ce=0
Port [ local_3_load_3]:  wired=1; compound=0; hidden=0; nouse=0; global=0; static=0; extern=0; dir=0; type=0; pingpong=0; private_global=0; IO mode=ap_none:ce=0
Port [ local_4_load_3]:  wired=1; compound=0; hidden=0; nouse=0; global=0; static=0; extern=0; dir=0; type=0; pingpong=0; private_global=0; IO mode=ap_none:ce=0
Port [ local_5_load_3]:  wired=1; compound=0; hidden=0; nouse=0; global=0; static=0; extern=0; dir=0; type=0; pingpong=0; private_global=0; IO mode=ap_none:ce=0
Port [ x_5_out]:  wired=1; compound=0; hidden=0; nouse=0; global=0; static=0; extern=0; dir=1; type=0; pingpong=0; private_global=0; IO mode=ap_vld:ce=0
Port [ x_4_out]:  wired=1; compound=0; hidden=0; nouse=0; global=0; static=0; extern=0; dir=1; type=0; pingpong=0; private_global=0; IO mode=ap_vld:ce=0
Port [ x_3_out]:  wired=1; compound=0; hidden=0; nouse=0; global=0; static=0; extern=0; dir=1; type=0; pingpong=0; private_global=0; IO mode=ap_vld:ce=0
Port [ x_2_out]:  wired=1; compound=0; hidden=0; nouse=0; global=0; static=0; extern=0; dir=1; type=0; pingpong=0; private_global=0; IO mode=ap_vld:ce=0
Port [ x_1_out]:  wired=1; compound=0; hidden=0; nouse=0; global=0; static=0; extern=0; dir=1; type=0; pingpong=0; private_global=0; IO mode=ap_vld:ce=0
Port [ x_out]:  wired=1; compound=0; hidden=0; nouse=0; global=0; static=0; extern=0; dir=1; type=0; pingpong=0; private_global=0; IO mode=ap_vld:ce=0
---------------- STG Properties END ------------------

---------------- Datapath Model BEGIN ----------------

<LifeTime>
<method=bitvector/>
i_1                     (alloca           ) [ 01]
x                       (alloca           ) [ 01]
x_1                     (alloca           ) [ 01]
x_2                     (alloca           ) [ 01]
x_3                     (alloca           ) [ 01]
x_4                     (alloca           ) [ 01]
x_5                     (alloca           ) [ 01]
local_5_load_3_read     (read             ) [ 00]
local_4_load_3_read     (read             ) [ 00]
local_3_load_3_read     (read             ) [ 00]
local_2_load_3_read     (read             ) [ 00]
local_1_load_1_read     (read             ) [ 00]
local_load_1_read       (read             ) [ 00]
store_ln0               (store            ) [ 00]
br_ln0                  (br               ) [ 00]
i                       (load             ) [ 01]
specpipeline_ln0        (specpipeline     ) [ 00]
icmp_ln157              (icmp             ) [ 01]
add_ln157               (add              ) [ 00]
br_ln157                (br               ) [ 00]
speclooptripcount_ln154 (speclooptripcount) [ 00]
specloopname_ln157      (specloopname     ) [ 00]
x_6                     (mux              ) [ 00]
switch_ln157            (switch           ) [ 00]
store_ln157             (store            ) [ 00]
br_ln157                (br               ) [ 00]
store_ln157             (store            ) [ 00]
br_ln157                (br               ) [ 00]
store_ln157             (store            ) [ 00]
br_ln157                (br               ) [ 00]
store_ln157             (store            ) [ 00]
br_ln157                (br               ) [ 00]
store_ln157             (store            ) [ 00]
br_ln157                (br               ) [ 00]
store_ln157             (store            ) [ 00]
br_ln157                (br               ) [ 00]
store_ln157             (store            ) [ 00]
br_ln157                (br               ) [ 00]
x_load                  (load             ) [ 00]
x_1_load                (load             ) [ 00]
x_2_load                (load             ) [ 00]
x_3_load                (load             ) [ 00]
x_4_load                (load             ) [ 00]
x_5_load                (load             ) [ 00]
write_ln0               (write            ) [ 00]
write_ln0               (write            ) [ 00]
write_ln0               (write            ) [ 00]
write_ln0               (write            ) [ 00]
write_ln0               (write            ) [ 00]
write_ln0               (write            ) [ 00]
ret_ln0                 (ret              ) [ 00]
</LifeTime>

<model>

<comp_list>
<comp id="0" class="1000" name="local_load_1">
<pin_list>
<pin id="1" dir="1" index="0" bw="1" slack="0"/>
</pin_list>
<bind>
<StgValue><ssdm name="local_load_1"/></StgValue>
</bind>
</comp>

<comp id="2" class="1000" name="local_1_load_1">
<pin_list>
<pin id="3" dir="1" index="0" bw="1" slack="0"/>
</pin_list>
<bind>
<StgValue><ssdm name="local_1_load_1"/></StgValue>
</bind>
</comp>

<comp id="4" class="1000" name="local_2_load_3">
<pin_list>
<pin id="5" dir="1" index="0" bw="1" slack="0"/>
</pin_list>
<bind>
<StgValue><ssdm name="local_2_load_3"/></StgValue>
</bind>
</comp>

<comp id="6" class="1000" name="local_3_load_3">
<pin_list>
<pin id="7" dir="1" index="0" bw="1" slack="0"/>
</pin_list>
<bind>
<StgValue><ssdm name="local_3_load_3"/></StgValue>
</bind>
</comp>

<comp id="8" class="1000" name="local_4_load_3">
<pin_list>
<pin id="9" dir="1" index="0" bw="1" slack="0"/>
</pin_list>
<bind>
<StgValue><ssdm name="local_4_load_3"/></StgValue>
</bind>
</comp>

<comp id="10" class="1000" name="local_5_load_3">
<pin_list>
<pin id="11" dir="1" index="0" bw="1" slack="0"/>
</pin_list>
<bind>
<StgValue><ssdm name="local_5_load_3"/></StgValue>
</bind>
</comp>

<comp id="12" class="1000" name="x_5_out">
<pin_list>
<pin id="13" dir="1" index="0" bw="1" slack="0"/>
</pin_list>
<bind>
<StgValue><ssdm name="x_5_out"/></StgValue>
</bind>
</comp>

<comp id="14" class="1000" name="x_4_out">
<pin_list>
<pin id="15" dir="1" index="0" bw="1" slack="0"/>
</pin_list>
<bind>
<StgValue><ssdm name="x_4_out"/></StgValue>
</bind>
</comp>

<comp id="16" class="1000" name="x_3_out">
<pin_list>
<pin id="17" dir="1" index="0" bw="1" slack="0"/>
</pin_list>
<bind>
<StgValue><ssdm name="x_3_out"/></StgValue>
</bind>
</comp>

<comp id="18" class="1000" name="x_2_out">
<pin_list>
<pin id="19" dir="1" index="0" bw="1" slack="0"/>
</pin_list>
<bind>
<StgValue><ssdm name="x_2_out"/></StgValue>
</bind>
</comp>

<comp id="20" class="1000" name="x_1_out">
<pin_list>
<pin id="21" dir="1" index="0" bw="1" slack="0"/>
</pin_list>
<bind>
<StgValue><ssdm name="x_1_out"/></StgValue>
</bind>
</comp>

<comp id="22" class="1000" name="x_out">
<pin_list>
<pin id="23" dir="1" index="0" bw="1" slack="0"/>
</pin_list>
<bind>
<StgValue><ssdm name="x_out"/></StgValue>
</bind>
</comp>

<comp id="24" class="1001" name="const_24">
<pin_list>
<pin id="25" dir="1" index="0" bw="1" slack="0"/>
</pin_list>
<bind>
<StgValue><ssdm name=""/></StgValue>
</bind>
</comp>

<comp id="26" class="1001" name="const_26">
<pin_list>
<pin id="27" dir="1" index="0" bw="1" slack="0"/>
</pin_list>
<bind>
<StgValue><ssdm name="_ssdm_op_Read.ap_auto.float"/></StgValue>
</bind>
</comp>

<comp id="28" class="1001" name="const_28">
<pin_list>
<pin id="29" dir="1" index="0" bw="1" slack="0"/>
</pin_list>
<bind>
<StgValue><ssdm name=""/></StgValue>
</bind>
</comp>

<comp id="30" class="1001" name="const_30">
<pin_list>
<pin id="31" dir="1" index="0" bw="1" slack="2147483647"/>
</pin_list>
<bind>
<StgValue><ssdm name="_ssdm_op_SpecPipeline"/></StgValue>
</bind>
</comp>

<comp id="32" class="1001" name="const_32">
<pin_list>
<pin id="33" dir="1" index="0" bw="1" slack="2147483647"/>
</pin_list>
<bind>
<StgValue><ssdm name=""/></StgValue>
</bind>
</comp>

<comp id="34" class="1001" name="const_34">
<pin_list>
<pin id="35" dir="1" index="0" bw="1" slack="2147483647"/>
</pin_list>
<bind>
<StgValue><ssdm name=""/></StgValue>
</bind>
</comp>

<comp id="36" class="1001" name="const_36">
<pin_list>
<pin id="37" dir="1" index="0" bw="1" slack="2147483647"/>
</pin_list>
<bind>
<StgValue><ssdm name="p_str"/></StgValue>
</bind>
</comp>

<comp id="38" class="1001" name="const_38">
<pin_list>
<pin id="39" dir="1" index="0" bw="1" slack="0"/>
</pin_list>
<bind>
<StgValue><ssdm name=""/></StgValue>
</bind>
</comp>

<comp id="40" class="1001" name="const_40">
<pin_list>
<pin id="41" dir="1" index="0" bw="1" slack="0"/>
</pin_list>
<bind>
<StgValue><ssdm name=""/></StgValue>
</bind>
</comp>

<comp id="42" class="1001" name="const_42">
<pin_list>
<pin id="43" dir="1" index="0" bw="1" slack="2147483647"/>
</pin_list>
<bind>
<StgValue><ssdm name="_ssdm_op_SpecLoopTripCount"/></StgValue>
</bind>
</comp>

<comp id="44" class="1001" name="const_44">
<pin_list>
<pin id="45" dir="1" index="0" bw="1" slack="2147483647"/>
</pin_list>
<bind>
<StgValue><ssdm name=""/></StgValue>
</bind>
</comp>

<comp id="46" class="1001" name="const_46">
<pin_list>
<pin id="47" dir="1" index="0" bw="1" slack="2147483647"/>
</pin_list>
<bind>
<StgValue><ssdm name="_ssdm_op_SpecLoopName"/></StgValue>
</bind>
</comp>

<comp id="48" class="1001" name="const_48">
<pin_list>
<pin id="49" dir="1" index="0" bw="1" slack="2147483647"/>
</pin_list>
<bind>
<StgValue><ssdm name="empty_4"/></StgValue>
</bind>
</comp>

<comp id="50" class="1001" name="const_50">
<pin_list>
<pin id="51" dir="1" index="0" bw="1" slack="0"/>
</pin_list>
<bind>
<StgValue><ssdm name="_ssdm_op_Mux.ap_auto.6float.i3"/></StgValue>
</bind>
</comp>

<comp id="52" class="1001" name="const_52">
<pin_list>
<pin id="53" dir="1" index="0" bw="1" slack="2147483647"/>
</pin_list>
<bind>
<StgValue><ssdm name=""/></StgValue>
</bind>
</comp>

<comp id="54" class="1001" name="const_54">
<pin_list>
<pin id="55" dir="1" index="0" bw="1" slack="2147483647"/>
</pin_list>
<bind>
<StgValue><ssdm name=""/></StgValue>
</bind>
</comp>

<comp id="56" class="1001" name="const_56">
<pin_list>
<pin id="57" dir="1" index="0" bw="1" slack="2147483647"/>
</pin_list>
<bind>
<StgValue><ssdm name=""/></StgValue>
</bind>
</comp>

<comp id="58" class="1001" name="const_58">
<pin_list>
<pin id="59" dir="1" index="0" bw="1" slack="0"/>
</pin_list>
<bind>
<StgValue><ssdm name="_ssdm_op_Write.ap_auto.floatP0A"/></StgValue>
</bind>
</comp>

<comp id="60" class="1004" name="i_1_fu_60">
<pin_list>
<pin id="61" dir="0" index="0" bw="1" slack="0"/>
<pin id="62" dir="1" index="1" bw="3" slack="0"/>
</pin_list>
<bind>
<opcode="alloca(26) " fcode="alloca"/>
<opset="i_1/1 "/>
</bind>
</comp>

<comp id="64" class="1004" name="x_fu_64">
<pin_list>
<pin id="65" dir="0" index="0" bw="1" slack="0"/>
<pin id="66" dir="1" index="1" bw="32" slack="0"/>
</pin_list>
<bind>
<opcode="alloca(26) " fcode="alloca"/>
<opset="x/1 "/>
</bind>
</comp>

<comp id="68" class="1004" name="x_1_fu_68">
<pin_list>
<pin id="69" dir="0" index="0" bw="1" slack="0"/>
<pin id="70" dir="1" index="1" bw="32" slack="0"/>
</pin_list>
<bind>
<opcode="alloca(26) " fcode="alloca"/>
<opset="x_1/1 "/>
</bind>
</comp>

<comp id="72" class="1004" name="x_2_fu_72">
<pin_list>
<pin id="73" dir="0" index="0" bw="1" slack="0"/>
<pin id="74" dir="1" index="1" bw="32" slack="0"/>
</pin_list>
<bind>
<opcode="alloca(26) " fcode="alloca"/>
<opset="x_2/1 "/>
</bind>
</comp>

<comp id="76" class="1004" name="x_3_fu_76">
<pin_list>
<pin id="77" dir="0" index="0" bw="1" slack="0"/>
<pin id="78" dir="1" index="1" bw="32" slack="0"/>
</pin_list>
<bind>
<opcode="alloca(26) " fcode="alloca"/>
<opset="x_3/1 "/>
</bind>
</comp>

<comp id="80" class="1004" name="x_4_fu_80">
<pin_list>
<pin id="81" dir="0" index="0" bw="1" slack="0"/>
<pin id="82" dir="1" index="1" bw="32" slack="0"/>
</pin_list>
<bind>
<opcode="alloca(26) " fcode="alloca"/>
<opset="x_4/1 "/>
</bind>
</comp>

<comp id="84" class="1004" name="x_5_fu_84">
<pin_list>
<pin id="85" dir="0" index="0" bw="1" slack="0"/>
<pin id="86" dir="1" index="1" bw="32" slack="0"/>
</pin_list>
<bind>
<opcode="alloca(26) " fcode="alloca"/>
<opset="x_5/1 "/>
</bind>
</comp>

<comp id="88" class="1004" name="local_5_load_3_read_read_fu_88">
<pin_list>
<pin id="89" dir="0" index="0" bw="32" slack="0"/>
<pin id="90" dir="0" index="1" bw="32" slack="0"/>
<pin id="91" dir="1" index="2" bw="32" slack="0"/>
</pin_list>
<bind>
<opcode="read(1150) " fcode="read"/>
<opset="local_5_load_3_read/1 "/>
</bind>
</comp>

<comp id="94" class="1004" name="local_4_load_3_read_read_fu_94">
<pin_list>
<pin id="95" dir="0" index="0" bw="32" slack="0"/>
<pin id="96" dir="0" index="1" bw="32" slack="0"/>
<pin id="97" dir="1" index="2" bw="32" slack="0"/>
</pin_list>
<bind>
<opcode="read(1150) " fcode="read"/>
<opset="local_4_load_3_read/1 "/>
</bind>
</comp>

<comp id="100" class="1004" name="local_3_load_3_read_read_fu_100">
<pin_list>
<pin id="101" dir="0" index="0" bw="32" slack="0"/>
<pin id="102" dir="0" index="1" bw="32" slack="0"/>
<pin id="103" dir="1" index="2" bw="32" slack="0"/>
</pin_list>
<bind>
<opcode="read(1150) " fcode="read"/>
<opset="local_3_load_3_read/1 "/>
</bind>
</comp>

<comp id="106" class="1004" name="local_2_load_3_read_read_fu_106">
<pin_list>
<pin id="107" dir="0" index="0" bw="32" slack="0"/>
<pin id="108" dir="0" index="1" bw="32" slack="0"/>
<pin id="109" dir="1" index="2" bw="32" slack="0"/>
</pin_list>
<bind>
<opcode="read(1150) " fcode="read"/>
<opset="local_2_load_3_read/1 "/>
</bind>
</comp>

<comp id="112" class="1004" name="local_1_load_1_read_read_fu_112">
<pin_list>
<pin id="113" dir="0" index="0" bw="32" slack="0"/>
<pin id="114" dir="0" index="1" bw="32" slack="0"/>
<pin id="115" dir="1" index="2" bw="32" slack="0"/>
</pin_list>
<bind>
<opcode="read(1150) " fcode="read"/>
<opset="local_1_load_1_read/1 "/>
</bind>
</comp>

<comp id="118" class="1004" name="local_load_1_read_read_fu_118">
<pin_list>
<pin id="119" dir="0" index="0" bw="32" slack="0"/>
<pin id="120" dir="0" index="1" bw="32" slack="0"/>
<pin id="121" dir="1" index="2" bw="32" slack="0"/>
</pin_list>
<bind>
<opcode="read(1150) " fcode="read"/>
<opset="local_load_1_read/1 "/>
</bind>
</comp>

<comp id="124" class="1004" name="write_ln0_write_fu_124">
<pin_list>
<pin id="125" dir="0" index="0" bw="0" slack="0"/>
<pin id="126" dir="0" index="1" bw="32" slack="0"/>
<pin id="127" dir="0" index="2" bw="32" slack="0"/>
<pin id="128" dir="1" index="3" bw="0" slack="2147483647"/>
</pin_list>
<bind>
<opcode="write(1151) " fcode="write"/>
<opset="write_ln0/1 "/>
</bind>
</comp>

<comp id="131" class="1004" name="write_ln0_write_fu_131">
<pin_list>
<pin id="132" dir="0" index="0" bw="0" slack="0"/>
<pin id="133" dir="0" index="1" bw="32" slack="0"/>
<pin id="134" dir="0" index="2" bw="32" slack="0"/>
<pin id="135" dir="1" index="3" bw="0" slack="2147483647"/>
</pin_list>
<bind>
<opcode="write(1151) " fcode="write"/>
<opset="write_ln0/1 "/>
</bind>
</comp>

<comp id="138" class="1004" name="write_ln0_write_fu_138">
<pin_list>
<pin id="139" dir="0" index="0" bw="0" slack="0"/>
<pin id="140" dir="0" index="1" bw="32" slack="0"/>
<pin id="141" dir="0" index="2" bw="32" slack="0"/>
<pin id="142" dir="1" index="3" bw="0" slack="2147483647"/>
</pin_list>
<bind>
<opcode="write(1151) " fcode="write"/>
<opset="write_ln0/1 "/>
</bind>
</comp>

<comp id="145" class="1004" name="write_ln0_write_fu_145">
<pin_list>
<pin id="146" dir="0" index="0" bw="0" slack="0"/>
<pin id="147" dir="0" index="1" bw="32" slack="0"/>
<pin id="148" dir="0" index="2" bw="32" slack="0"/>
<pin id="149" dir="1" index="3" bw="0" slack="2147483647"/>
</pin_list>
<bind>
<opcode="write(1151) " fcode="write"/>
<opset="write_ln0/1 "/>
</bind>
</comp>

<comp id="152" class="1004" name="write_ln0_write_fu_152">
<pin_list>
<pin id="153" dir="0" index="0" bw="0" slack="0"/>
<pin id="154" dir="0" index="1" bw="32" slack="0"/>
<pin id="155" dir="0" index="2" bw="32" slack="0"/>
<pin id="156" dir="1" index="3" bw="0" slack="2147483647"/>
</pin_list>
<bind>
<opcode="write(1151) " fcode="write"/>
<opset="write_ln0/1 "/>
</bind>
</comp>

<comp id="159" class="1004" name="write_ln0_write_fu_159">
<pin_list>
<pin id="160" dir="0" index="0" bw="0" slack="0"/>
<pin id="161" dir="0" index="1" bw="32" slack="0"/>
<pin id="162" dir="0" index="2" bw="32" slack="0"/>
<pin id="163" dir="1" index="3" bw="0" slack="2147483647"/>
</pin_list>
<bind>
<opcode="write(1151) " fcode="write"/>
<opset="write_ln0/1 "/>
</bind>
</comp>

<comp id="166" class="1004" name="store_ln0_store_fu_166">
<pin_list>
<pin id="167" dir="0" index="0" bw="1" slack="0"/>
<pin id="168" dir="0" index="1" bw="3" slack="0"/>
<pin id="169" dir="1" index="2" bw="0" slack="2147483647"/>
</pin_list>
<bind>
<opcode="store(28) " fcode="store"/>
<opset="store_ln0/1 "/>
</bind>
</comp>

<comp id="171" class="1004" name="i_load_fu_171">
<pin_list>
<pin id="172" dir="0" index="0" bw="3" slack="0"/>
<pin id="173" dir="1" index="1" bw="3" slack="0"/>
</pin_list>
<bind>
<opcode="load(27) " fcode="load"/>
<opset="i/1 "/>
</bind>
</comp>

<comp id="174" class="1004" name="icmp_ln157_fu_174">
<pin_list>
<pin id="175" dir="0" index="0" bw="3" slack="0"/>
<pin id="176" dir="0" index="1" bw="3" slack="0"/>
<pin id="177" dir="1" index="2" bw="1" slack="2147483647"/>
</pin_list>
<bind>
<opcode="icmp(45) " fcode="icmp"/>
<opset="icmp_ln157/1 "/>
</bind>
</comp>

<comp id="180" class="1004" name="add_ln157_fu_180">
<pin_list>
<pin id="181" dir="0" index="0" bw="3" slack="0"/>
<pin id="182" dir="0" index="1" bw="1" slack="0"/>
<pin id="183" dir="1" index="2" bw="3" slack="0"/>
</pin_list>
<bind>
<opcode="add(8) " fcode="add"/>
<opset="add_ln157/1 "/>
</bind>
</comp>

<comp id="186" class="1004" name="x_6_fu_186">
<pin_list>
<pin id="187" dir="0" index="0" bw="32" slack="0"/>
<pin id="188" dir="0" index="1" bw="32" slack="0"/>
<pin id="189" dir="0" index="2" bw="32" slack="0"/>
<pin id="190" dir="0" index="3" bw="32" slack="0"/>
<pin id="191" dir="0" index="4" bw="32" slack="0"/>
<pin id="192" dir="0" index="5" bw="32" slack="0"/>
<pin id="193" dir="0" index="6" bw="32" slack="0"/>
<pin id="194" dir="0" index="7" bw="3" slack="0"/>
<pin id="195" dir="1" index="8" bw="32" slack="0"/>
</pin_list>
<bind>
<opcode="mux(1196) " fcode="mux"/>
<opset="x_6/1 "/>
</bind>
</comp>

<comp id="204" class="1004" name="store_ln157_store_fu_204">
<pin_list>
<pin id="205" dir="0" index="0" bw="32" slack="0"/>
<pin id="206" dir="0" index="1" bw="32" slack="0"/>
<pin id="207" dir="1" index="2" bw="0" slack="2147483647"/>
</pin_list>
<bind>
<opcode="store(28) " fcode="store"/>
<opset="store_ln157/1 "/>
</bind>
</comp>

<comp id="209" class="1004" name="store_ln157_store_fu_209">
<pin_list>
<pin id="210" dir="0" index="0" bw="32" slack="0"/>
<pin id="211" dir="0" index="1" bw="32" slack="0"/>
<pin id="212" dir="1" index="2" bw="0" slack="2147483647"/>
</pin_list>
<bind>
<opcode="store(28) " fcode="store"/>
<opset="store_ln157/1 "/>
</bind>
</comp>

<comp id="214" class="1004" name="store_ln157_store_fu_214">
<pin_list>
<pin id="215" dir="0" index="0" bw="32" slack="0"/>
<pin id="216" dir="0" index="1" bw="32" slack="0"/>
<pin id="217" dir="1" index="2" bw="0" slack="2147483647"/>
</pin_list>
<bind>
<opcode="store(28) " fcode="store"/>
<opset="store_ln157/1 "/>
</bind>
</comp>

<comp id="219" class="1004" name="store_ln157_store_fu_219">
<pin_list>
<pin id="220" dir="0" index="0" bw="32" slack="0"/>
<pin id="221" dir="0" index="1" bw="32" slack="0"/>
<pin id="222" dir="1" index="2" bw="0" slack="2147483647"/>
</pin_list>
<bind>
<opcode="store(28) " fcode="store"/>
<opset="store_ln157/1 "/>
</bind>
</comp>

<comp id="224" class="1004" name="store_ln157_store_fu_224">
<pin_list>
<pin id="225" dir="0" index="0" bw="32" slack="0"/>
<pin id="226" dir="0" index="1" bw="32" slack="0"/>
<pin id="227" dir="1" index="2" bw="0" slack="2147483647"/>
</pin_list>
<bind>
<opcode="store(28) " fcode="store"/>
<opset="store_ln157/1 "/>
</bind>
</comp>

<comp id="229" class="1004" name="store_ln157_store_fu_229">
<pin_list>
<pin id="230" dir="0" index="0" bw="32" slack="0"/>
<pin id="231" dir="0" index="1" bw="32" slack="0"/>
<pin id="232" dir="1" index="2" bw="0" slack="2147483647"/>
</pin_list>
<bind>
<opcode="store(28) " fcode="store"/>
<opset="store_ln157/1 "/>
</bind>
</comp>

<comp id="234" class="1004" name="store_ln157_store_fu_234">
<pin_list>
<pin id="235" dir="0" index="0" bw="3" slack="0"/>
<pin id="236" dir="0" index="1" bw="3" slack="0"/>
<pin id="237" dir="1" index="2" bw="0" slack="2147483647"/>
</pin_list>
<bind>
<opcode="store(28) " fcode="store"/>
<opset="store_ln157/1 "/>
</bind>
</comp>

<comp id="239" class="1004" name="x_load_load_fu_239">
<pin_list>
<pin id="240" dir="0" index="0" bw="32" slack="0"/>
<pin id="241" dir="1" index="1" bw="32" slack="0"/>
</pin_list>
<bind>
<opcode="load(27) " fcode="load"/>
<opset="x_load/1 "/>
</bind>
</comp>

<comp id="243" class="1004" name="x_1_load_load_fu_243">
<pin_list>
<pin id="244" dir="0" index="0" bw="32" slack="0"/>
<pin id="245" dir="1" index="1" bw="32" slack="0"/>
</pin_list>
<bind>
<opcode="load(27) " fcode="load"/>
<opset="x_1_load/1 "/>
</bind>
</comp>

<comp id="247" class="1004" name="x_2_load_load_fu_247">
<pin_list>
<pin id="248" dir="0" index="0" bw="32" slack="0"/>
<pin id="249" dir="1" index="1" bw="32" slack="0"/>
</pin_list>
<bind>
<opcode="load(27) " fcode="load"/>
<opset="x_2_load/1 "/>
</bind>
</comp>

<comp id="251" class="1004" name="x_3_load_load_fu_251">
<pin_list>
<pin id="252" dir="0" index="0" bw="32" slack="0"/>
<pin id="253" dir="1" index="1" bw="32" slack="0"/>
</pin_list>
<bind>
<opcode="load(27) " fcode="load"/>
<opset="x_3_load/1 "/>
</bind>
</comp>

<comp id="255" class="1004" name="x_4_load_load_fu_255">
<pin_list>
<pin id="256" dir="0" index="0" bw="32" slack="0"/>
<pin id="257" dir="1" index="1" bw="32" slack="0"/>
</pin_list>
<bind>
<opcode="load(27) " fcode="load"/>
<opset="x_4_load/1 "/>
</bind>
</comp>

<comp id="259" class="1004" name="x_5_load_load_fu_259">
<pin_list>
<pin id="260" dir="0" index="0" bw="32" slack="0"/>
<pin id="261" dir="1" index="1" bw="32" slack="0"/>
</pin_list>
<bind>
<opcode="load(27) " fcode="load"/>
<opset="x_5_load/1 "/>
</bind>
</comp>

<comp id="263" class="1005" name="i_1_reg_263">
<pin_list>
<pin id="264" dir="0" index="0" bw="3" slack="0"/>
<pin id="265" dir="1" index="1" bw="3" slack="0"/>
</pin_list>
<bind>
<opset="i_1 "/>
</bind>
</comp>

<comp id="270" class="1005" name="x_reg_270">
<pin_list>
<pin id="271" dir="0" index="0" bw="32" slack="0"/>
<pin id="272" dir="1" index="1" bw="32" slack="0"/>
</pin_list>
<bind>
<opset="x "/>
</bind>
</comp>

<comp id="276" class="1005" name="x_1_reg_276">
<pin_list>
<pin id="277" dir="0" index="0" bw="32" slack="0"/>
<pin id="278" dir="1" index="1" bw="32" slack="0"/>
</pin_list>
<bind>
<opset="x_1 "/>
</bind>
</comp>

<comp id="282" class="1005" name="x_2_reg_282">
<pin_list>
<pin id="283" dir="0" index="0" bw="32" slack="0"/>
<pin id="284" dir="1" index="1" bw="32" slack="0"/>
</pin_list>
<bind>
<opset="x_2 "/>
</bind>
</comp>

<comp id="288" class="1005" name="x_3_reg_288">
<pin_list>
<pin id="289" dir="0" index="0" bw="32" slack="0"/>
<pin id="290" dir="1" index="1" bw="32" slack="0"/>
</pin_list>
<bind>
<opset="x_3 "/>
</bind>
</comp>

<comp id="294" class="1005" name="x_4_reg_294">
<pin_list>
<pin id="295" dir="0" index="0" bw="32" slack="0"/>
<pin id="296" dir="1" index="1" bw="32" slack="0"/>
</pin_list>
<bind>
<opset="x_4 "/>
</bind>
</comp>

<comp id="300" class="1005" name="x_5_reg_300">
<pin_list>
<pin id="301" dir="0" index="0" bw="32" slack="0"/>
<pin id="302" dir="1" index="1" bw="32" slack="0"/>
</pin_list>
<bind>
<opset="x_5 "/>
</bind>
</comp>

</comp_list>

<net_list>
<net id="63"><net_src comp="24" pin="0"/><net_sink comp="60" pin=0"/></net>

<net id="67"><net_src comp="24" pin="0"/><net_sink comp="64" pin=0"/></net>

<net id="71"><net_src comp="24" pin="0"/><net_sink comp="68" pin=0"/></net>

<net id="75"><net_src comp="24" pin="0"/><net_sink comp="72" pin=0"/></net>

<net id="79"><net_src comp="24" pin="0"/><net_sink comp="76" pin=0"/></net>

<net id="83"><net_src comp="24" pin="0"/><net_sink comp="80" pin=0"/></net>

<net id="87"><net_src comp="24" pin="0"/><net_sink comp="84" pin=0"/></net>

<net id="92"><net_src comp="26" pin="0"/><net_sink comp="88" pin=0"/></net>

<net id="93"><net_src comp="10" pin="0"/><net_sink comp="88" pin=1"/></net>

<net id="98"><net_src comp="26" pin="0"/><net_sink comp="94" pin=0"/></net>

<net id="99"><net_src comp="8" pin="0"/><net_sink comp="94" pin=1"/></net>

<net id="104"><net_src comp="26" pin="0"/><net_sink comp="100" pin=0"/></net>

<net id="105"><net_src comp="6" pin="0"/><net_sink comp="100" pin=1"/></net>

<net id="110"><net_src comp="26" pin="0"/><net_sink comp="106" pin=0"/></net>

<net id="111"><net_src comp="4" pin="0"/><net_sink comp="106" pin=1"/></net>

<net id="116"><net_src comp="26" pin="0"/><net_sink comp="112" pin=0"/></net>

<net id="117"><net_src comp="2" pin="0"/><net_sink comp="112" pin=1"/></net>

<net id="122"><net_src comp="26" pin="0"/><net_sink comp="118" pin=0"/></net>

<net id="123"><net_src comp="0" pin="0"/><net_sink comp="118" pin=1"/></net>

<net id="129"><net_src comp="58" pin="0"/><net_sink comp="124" pin=0"/></net>

<net id="130"><net_src comp="12" pin="0"/><net_sink comp="124" pin=1"/></net>

<net id="136"><net_src comp="58" pin="0"/><net_sink comp="131" pin=0"/></net>

<net id="137"><net_src comp="14" pin="0"/><net_sink comp="131" pin=1"/></net>

<net id="143"><net_src comp="58" pin="0"/><net_sink comp="138" pin=0"/></net>

<net id="144"><net_src comp="16" pin="0"/><net_sink comp="138" pin=1"/></net>

<net id="150"><net_src comp="58" pin="0"/><net_sink comp="145" pin=0"/></net>

<net id="151"><net_src comp="18" pin="0"/><net_sink comp="145" pin=1"/></net>

<net id="157"><net_src comp="58" pin="0"/><net_sink comp="152" pin=0"/></net>

<net id="158"><net_src comp="20" pin="0"/><net_sink comp="152" pin=1"/></net>

<net id="164"><net_src comp="58" pin="0"/><net_sink comp="159" pin=0"/></net>

<net id="165"><net_src comp="22" pin="0"/><net_sink comp="159" pin=1"/></net>

<net id="170"><net_src comp="28" pin="0"/><net_sink comp="166" pin=0"/></net>

<net id="178"><net_src comp="171" pin="1"/><net_sink comp="174" pin=0"/></net>

<net id="179"><net_src comp="38" pin="0"/><net_sink comp="174" pin=1"/></net>

<net id="184"><net_src comp="171" pin="1"/><net_sink comp="180" pin=0"/></net>

<net id="185"><net_src comp="40" pin="0"/><net_sink comp="180" pin=1"/></net>

<net id="196"><net_src comp="50" pin="0"/><net_sink comp="186" pin=0"/></net>

<net id="197"><net_src comp="118" pin="2"/><net_sink comp="186" pin=1"/></net>

<net id="198"><net_src comp="112" pin="2"/><net_sink comp="186" pin=2"/></net>

<net id="199"><net_src comp="106" pin="2"/><net_sink comp="186" pin=3"/></net>

<net id="200"><net_src comp="100" pin="2"/><net_sink comp="186" pin=4"/></net>

<net id="201"><net_src comp="94" pin="2"/><net_sink comp="186" pin=5"/></net>

<net id="202"><net_src comp="88" pin="2"/><net_sink comp="186" pin=6"/></net>

<net id="203"><net_src comp="171" pin="1"/><net_sink comp="186" pin=7"/></net>

<net id="208"><net_src comp="186" pin="8"/><net_sink comp="204" pin=0"/></net>

<net id="213"><net_src comp="186" pin="8"/><net_sink comp="209" pin=0"/></net>

<net id="218"><net_src comp="186" pin="8"/><net_sink comp="214" pin=0"/></net>

<net id="223"><net_src comp="186" pin="8"/><net_sink comp="219" pin=0"/></net>

<net id="228"><net_src comp="186" pin="8"/><net_sink comp="224" pin=0"/></net>

<net id="233"><net_src comp="186" pin="8"/><net_sink comp="229" pin=0"/></net>

<net id="238"><net_src comp="180" pin="2"/><net_sink comp="234" pin=0"/></net>

<net id="242"><net_src comp="239" pin="1"/><net_sink comp="159" pin=2"/></net>

<net id="246"><net_src comp="243" pin="1"/><net_sink comp="152" pin=2"/></net>

<net id="250"><net_src comp="247" pin="1"/><net_sink comp="145" pin=2"/></net>

<net id="254"><net_src comp="251" pin="1"/><net_sink comp="138" pin=2"/></net>

<net id="258"><net_src comp="255" pin="1"/><net_sink comp="131" pin=2"/></net>

<net id="262"><net_src comp="259" pin="1"/><net_sink comp="124" pin=2"/></net>

<net id="266"><net_src comp="60" pin="1"/><net_sink comp="263" pin=0"/></net>

<net id="267"><net_src comp="263" pin="1"/><net_sink comp="166" pin=1"/></net>

<net id="268"><net_src comp="263" pin="1"/><net_sink comp="171" pin=0"/></net>

<net id="269"><net_src comp="263" pin="1"/><net_sink comp="234" pin=1"/></net>

<net id="273"><net_src comp="64" pin="1"/><net_sink comp="270" pin=0"/></net>

<net id="274"><net_src comp="270" pin="1"/><net_sink comp="224" pin=1"/></net>

<net id="275"><net_src comp="270" pin="1"/><net_sink comp="239" pin=0"/></net>

<net id="279"><net_src comp="68" pin="1"/><net_sink comp="276" pin=0"/></net>

<net id="280"><net_src comp="276" pin="1"/><net_sink comp="219" pin=1"/></net>

<net id="281"><net_src comp="276" pin="1"/><net_sink comp="243" pin=0"/></net>

<net id="285"><net_src comp="72" pin="1"/><net_sink comp="282" pin=0"/></net>

<net id="286"><net_src comp="282" pin="1"/><net_sink comp="214" pin=1"/></net>

<net id="287"><net_src comp="282" pin="1"/><net_sink comp="247" pin=0"/></net>

<net id="291"><net_src comp="76" pin="1"/><net_sink comp="288" pin=0"/></net>

<net id="292"><net_src comp="288" pin="1"/><net_sink comp="209" pin=1"/></net>

<net id="293"><net_src comp="288" pin="1"/><net_sink comp="251" pin=0"/></net>

<net id="297"><net_src comp="80" pin="1"/><net_sink comp="294" pin=0"/></net>

<net id="298"><net_src comp="294" pin="1"/><net_sink comp="204" pin=1"/></net>

<net id="299"><net_src comp="294" pin="1"/><net_sink comp="255" pin=0"/></net>

<net id="303"><net_src comp="84" pin="1"/><net_sink comp="300" pin=0"/></net>

<net id="304"><net_src comp="300" pin="1"/><net_sink comp="229" pin=1"/></net>

<net id="305"><net_src comp="300" pin="1"/><net_sink comp="259" pin=0"/></net>

</net_list>

</model> 
---------------- Datapath Model END ------------------

* FSMD analyzer results:
  - Output states:
	Port: x_5_out | {1 }
	Port: x_4_out | {1 }
	Port: x_3_out | {1 }
	Port: x_2_out | {1 }
	Port: x_1_out | {1 }
	Port: x_out | {1 }
 - Input state : 
	Port: ekf_batch_Pipeline_VITIS_LOOP_157_4 : local_load_1 | {1 }
	Port: ekf_batch_Pipeline_VITIS_LOOP_157_4 : local_1_load_1 | {1 }
	Port: ekf_batch_Pipeline_VITIS_LOOP_157_4 : local_2_load_3 | {1 }
	Port: ekf_batch_Pipeline_VITIS_LOOP_157_4 : local_3_load_3 | {1 }
	Port: ekf_batch_Pipeline_VITIS_LOOP_157_4 : local_4_load_3 | {1 }
	Port: ekf_batch_Pipeline_VITIS_LOOP_157_4 : local_5_load_3 | {1 }
  - Chain level:
	State 1
		store_ln0 : 1
		i : 1
		icmp_ln157 : 2
		add_ln157 : 2
		br_ln157 : 3
		x_6 : 2
		switch_ln157 : 2
		store_ln157 : 3
		store_ln157 : 3
		store_ln157 : 3
		store_ln157 : 3
		store_ln157 : 3
		store_ln157 : 3
		store_ln157 : 3
		x_load : 1
		x_1_load : 1
		x_2_load : 1
		x_3_load : 1
		x_4_load : 1
		x_5_load : 1
		write_ln0 : 2
		write_ln0 : 2
		write_ln0 : 2
		write_ln0 : 2
		write_ln0 : 2
		write_ln0 : 2


============================================================
+ Verbose Summary: Datapath Resource usage 
============================================================

* Functional unit list:
|----------|---------------------------------|---------|---------|
| Operation|         Functional Unit         |    FF   |   LUT   |
|----------|---------------------------------|---------|---------|
|    mux   |            x_6_fu_186           |    0    |    31   |
|----------|---------------------------------|---------|---------|
|   icmp   |        icmp_ln157_fu_174        |    0    |    10   |
|----------|---------------------------------|---------|---------|
|    add   |         add_ln157_fu_180        |    0    |    10   |
|----------|---------------------------------|---------|---------|
|          |  local_5_load_3_read_read_fu_88 |    0    |    0    |
|          |  local_4_load_3_read_read_fu_94 |    0    |    0    |
|   read   | local_3_load_3_read_read_fu_100 |    0    |    0    |
|          | local_2_load_3_read_read_fu_106 |    0    |    0    |
|          | local_1_load_1_read_read_fu_112 |    0    |    0    |
|          |  local_load_1_read_read_fu_118  |    0    |    0    |
|----------|---------------------------------|---------|---------|
|          |      write_ln0_write_fu_124     |    0    |    0    |
|          |      write_ln0_write_fu_131     |    0    |    0    |
|   write  |      write_ln0_write_fu_138     |    0    |    0    |
|          |      write_ln0_write_fu_145     |    0    |    0    |
|          |      write_ln0_write_fu_152     |    0    |    0    |
|          |      write_ln0_write_fu_159     |    0    |    0    |
|----------|---------------------------------|---------|---------|
|   Total  |                                 |    0    |    51   |
|----------|---------------------------------|---------|---------|

Memories:
N/A

* Register list:
+-----------+--------+
|           |   FF   |
+-----------+--------+
|i_1_reg_263|    3   |
|x_1_reg_276|   32   |
|x_2_reg_282|   32   |
|x_3_reg_288|   32   |
|x_4_reg_294|   32   |
|x_5_reg_300|   32   |
| x_reg_270 |   32   |
+-----------+--------+
|   Total   |   195  |
+-----------+--------+

* Multiplexer (MUX) list: 
|--------|------|------|------|--------|
|  Comp  |  Pin | Size |  BW  | S x BW |
|--------|------|------|------|--------|
|  Total |      |      |      |    0   |
|--------|------|------|------|--------|



* Summary:
+-----------+--------+--------+
|           |   FF   |   LUT  |
+-----------+--------+--------+
|  Function |    0   |   51   |
|   Memory  |    -   |    -   |
|Multiplexer|    -   |    -   |
|  Register |   195  |    -   |
+-----------+--------+--------+
|   Total   |   195  |   51   |
+-----------+--------+--------+
