

================================================================
== Vitis HLS Report for 'ekf_batch_Pipeline_VITIS_LOOP_117_8'
================================================================
* Date:           Thu Sep  3 12:11:29 2026

* Version:        2023.1 (Build 3854077 on May  4 2023)
* Project:        EKF
* Solution:       solution1 (Vivado IP Flow Target)
* Product family: zynquplus
* Target device:  xczu9eg-ffvb1156-2-e


================================================================
== Performance Estimates
================================================================
+ Timing: 
    * Summary: 
    +--------+----------+----------+------------+
    |  Clock |  Target  | Estimated| Uncertainty|
    +--------+----------+----------+------------+
    |ap_clk  |  10.00 ns|  7.060 ns|     2.70 ns|
    +--------+----------+----------+------------+

+ Latency: 
    * Summary: 
    +---------+---------+----------+----------+-----+-----+---------+
    |  Latency (cycles) |  Latency (absolute) |  Interval | Pipeline|
    |   min   |   max   |    min   |    max   | min | max |   Type  |
    +---------+---------+----------+----------+-----+-----+---------+
    |       17|       17|  0.170 us|  0.170 us|   17|   17|       no|
    +---------+---------+----------+----------+-----+-----+---------+

    + Detail: 
        * Instance: 
        N/A

        * Loop: 
        +--------------------+---------+---------+----------+-----------+-----------+------+----------+
        |                    |  Latency (cycles) | Iteration|  Initiation Interval  | Trip |          |
        |      Loop Name     |   min   |   max   |  Latency |  achieved |   target  | Count| Pipelined|
        +--------------------+---------+---------+----------+-----------+-----------+------+----------+
        |- VITIS_LOOP_117_8  |       15|       15|        11|          1|          1|     6|       yes|
        +--------------------+---------+---------+----------+-----------+-----------+------+----------+

============================================================
+ Verbose Summary: Synthesis Manager
============================================================
InlineROM: 1
ExposeGlobal: 0
============================================================
+ Verbose Summary: CDFG Model
============================================================
IsTopModel: 0
ResetActiveHigh: 1
IsCombinational: 0
IsDatapathOnly: 0
HasWiredReturn: 1
HasMFsm: 2
HasVarLatency: 1
IsPipeline: 0
IsRtlPipelined: 0
IsInstanceOverlapped: 0
IsDontTouch: 0
HasImplIP: 0
IsGatedGlobalClock: 0

+ Individual pipeline summary: 
  * Pipeline-0: initiation interval (II) = 1, depth = 11


============================================================
+ Verbose Summary: Schedule
============================================================
* Number of FSM states : 11
* Pipeline : 1
  Pipeline-0 : II = 1, D = 11, States = { 1 2 3 4 5 6 7 8 9 10 11 }
* Dataflow Pipeline: 0

* FSM state transitions: 
1 --> 2 
2 --> 3 
3 --> 4 
4 --> 5 
5 --> 6 
6 --> 7 
7 --> 8 
8 --> 9 
9 --> 10 
10 --> 11 
11 --> 

* FSM state operations: 

State 1 <SV = 0> <Delay = 1.09>
ST_1 : Operation 14 [1/1] (0.00ns)   --->   "%i = alloca i32 1"   --->   Operation 14 'alloca' 'i' <Predicate = true> <Delay = 0.00>
ST_1 : Operation 15 [1/1] (0.00ns)   --->   "%P = alloca i32 1"   --->   Operation 15 'alloca' 'P' <Predicate = true> <Delay = 0.00>
ST_1 : Operation 16 [1/1] (0.00ns)   --->   "%P_38 = alloca i32 1"   --->   Operation 16 'alloca' 'P_38' <Predicate = true> <Delay = 0.00>
ST_1 : Operation 17 [1/1] (0.00ns)   --->   "%P_39 = alloca i32 1"   --->   Operation 17 'alloca' 'P_39' <Predicate = true> <Delay = 0.00>
ST_1 : Operation 18 [1/1] (0.00ns)   --->   "%P_40 = alloca i32 1"   --->   Operation 18 'alloca' 'P_40' <Predicate = true> <Delay = 0.00>
ST_1 : Operation 19 [1/1] (0.00ns)   --->   "%P_41 = alloca i32 1"   --->   Operation 19 'alloca' 'P_41' <Predicate = true> <Delay = 0.00>
ST_1 : Operation 20 [1/1] (0.00ns)   --->   "%P_42 = alloca i32 1"   --->   Operation 20 'alloca' 'P_42' <Predicate = true> <Delay = 0.00>
ST_1 : Operation 21 [1/1] (0.00ns)   --->   "%P_43 = alloca i32 1"   --->   Operation 21 'alloca' 'P_43' <Predicate = true> <Delay = 0.00>
ST_1 : Operation 22 [1/1] (0.00ns)   --->   "%P_44 = alloca i32 1"   --->   Operation 22 'alloca' 'P_44' <Predicate = true> <Delay = 0.00>
ST_1 : Operation 23 [1/1] (0.00ns)   --->   "%P_45 = alloca i32 1"   --->   Operation 23 'alloca' 'P_45' <Predicate = true> <Delay = 0.00>
ST_1 : Operation 24 [1/1] (0.00ns)   --->   "%P_46 = alloca i32 1"   --->   Operation 24 'alloca' 'P_46' <Predicate = true> <Delay = 0.00>
ST_1 : Operation 25 [1/1] (0.00ns)   --->   "%P_47 = alloca i32 1"   --->   Operation 25 'alloca' 'P_47' <Predicate = true> <Delay = 0.00>
ST_1 : Operation 26 [1/1] (0.00ns)   --->   "%P_48 = alloca i32 1"   --->   Operation 26 'alloca' 'P_48' <Predicate = true> <Delay = 0.00>
ST_1 : Operation 27 [1/1] (0.00ns)   --->   "%P_49 = alloca i32 1"   --->   Operation 27 'alloca' 'P_49' <Predicate = true> <Delay = 0.00>
ST_1 : Operation 28 [1/1] (0.00ns)   --->   "%P_50 = alloca i32 1"   --->   Operation 28 'alloca' 'P_50' <Predicate = true> <Delay = 0.00>
ST_1 : Operation 29 [1/1] (0.00ns)   --->   "%P_51 = alloca i32 1"   --->   Operation 29 'alloca' 'P_51' <Predicate = true> <Delay = 0.00>
ST_1 : Operation 30 [1/1] (0.00ns)   --->   "%P_52 = alloca i32 1"   --->   Operation 30 'alloca' 'P_52' <Predicate = true> <Delay = 0.00>
ST_1 : Operation 31 [1/1] (0.00ns)   --->   "%P_53 = alloca i32 1"   --->   Operation 31 'alloca' 'P_53' <Predicate = true> <Delay = 0.00>
ST_1 : Operation 32 [1/1] (0.00ns)   --->   "%P_54 = alloca i32 1"   --->   Operation 32 'alloca' 'P_54' <Predicate = true> <Delay = 0.00>
ST_1 : Operation 33 [1/1] (0.00ns)   --->   "%P_55 = alloca i32 1"   --->   Operation 33 'alloca' 'P_55' <Predicate = true> <Delay = 0.00>
ST_1 : Operation 34 [1/1] (0.00ns)   --->   "%P_56 = alloca i32 1"   --->   Operation 34 'alloca' 'P_56' <Predicate = true> <Delay = 0.00>
ST_1 : Operation 35 [1/1] (0.00ns)   --->   "%P_57 = alloca i32 1"   --->   Operation 35 'alloca' 'P_57' <Predicate = true> <Delay = 0.00>
ST_1 : Operation 36 [1/1] (0.00ns)   --->   "%P_58 = alloca i32 1"   --->   Operation 36 'alloca' 'P_58' <Predicate = true> <Delay = 0.00>
ST_1 : Operation 37 [1/1] (0.00ns)   --->   "%P_59 = alloca i32 1"   --->   Operation 37 'alloca' 'P_59' <Predicate = true> <Delay = 0.00>
ST_1 : Operation 38 [1/1] (0.00ns)   --->   "%P_60 = alloca i32 1"   --->   Operation 38 'alloca' 'P_60' <Predicate = true> <Delay = 0.00>
ST_1 : Operation 39 [1/1] (0.00ns)   --->   "%P_61 = alloca i32 1"   --->   Operation 39 'alloca' 'P_61' <Predicate = true> <Delay = 0.00>
ST_1 : Operation 40 [1/1] (0.00ns)   --->   "%P_62 = alloca i32 1"   --->   Operation 40 'alloca' 'P_62' <Predicate = true> <Delay = 0.00>
ST_1 : Operation 41 [1/1] (0.00ns)   --->   "%P_63 = alloca i32 1"   --->   Operation 41 'alloca' 'P_63' <Predicate = true> <Delay = 0.00>
ST_1 : Operation 42 [1/1] (0.00ns)   --->   "%P_64 = alloca i32 1"   --->   Operation 42 'alloca' 'P_64' <Predicate = true> <Delay = 0.00>
ST_1 : Operation 43 [1/1] (0.00ns)   --->   "%P_65 = alloca i32 1"   --->   Operation 43 'alloca' 'P_65' <Predicate = true> <Delay = 0.00>
ST_1 : Operation 44 [1/1] (0.00ns)   --->   "%P_66 = alloca i32 1"   --->   Operation 44 'alloca' 'P_66' <Predicate = true> <Delay = 0.00>
ST_1 : Operation 45 [1/1] (0.00ns)   --->   "%P_67 = alloca i32 1"   --->   Operation 45 'alloca' 'P_67' <Predicate = true> <Delay = 0.00>
ST_1 : Operation 46 [1/1] (0.00ns)   --->   "%P_68 = alloca i32 1"   --->   Operation 46 'alloca' 'P_68' <Predicate = true> <Delay = 0.00>
ST_1 : Operation 47 [1/1] (0.00ns)   --->   "%P_69 = alloca i32 1"   --->   Operation 47 'alloca' 'P_69' <Predicate = true> <Delay = 0.00>
ST_1 : Operation 48 [1/1] (0.00ns)   --->   "%P_70 = alloca i32 1"   --->   Operation 48 'alloca' 'P_70' <Predicate = true> <Delay = 0.00>
ST_1 : Operation 49 [1/1] (0.00ns)   --->   "%P_71 = alloca i32 1"   --->   Operation 49 'alloca' 'P_71' <Predicate = true> <Delay = 0.00>
ST_1 : Operation 50 [1/1] (0.00ns)   --->   "%P_72 = alloca i32 1"   --->   Operation 50 'alloca' 'P_72' <Predicate = true> <Delay = 0.00>
ST_1 : Operation 51 [1/1] (0.00ns)   --->   "%mux_case_022143363_reload_read = read i32 @_ssdm_op_Read.ap_auto.float, i32 %mux_case_022143363_reload"   --->   Operation 51 'read' 'mux_case_022143363_reload_read' <Predicate = true> <Delay = 0.00>
ST_1 : Operation 52 [1/1] (0.00ns)   --->   "%mux_case_022013327_reload_read = read i32 @_ssdm_op_Read.ap_auto.float, i32 %mux_case_022013327_reload"   --->   Operation 52 'read' 'mux_case_022013327_reload_read' <Predicate = true> <Delay = 0.00>
ST_1 : Operation 53 [1/1] (0.00ns)   --->   "%mux_case_021883291_reload_read = read i32 @_ssdm_op_Read.ap_auto.float, i32 %mux_case_021883291_reload"   --->   Operation 53 'read' 'mux_case_021883291_reload_read' <Predicate = true> <Delay = 0.00>
ST_1 : Operation 54 [1/1] (0.00ns)   --->   "%mux_case_021753255_reload_read = read i32 @_ssdm_op_Read.ap_auto.float, i32 %mux_case_021753255_reload"   --->   Operation 54 'read' 'mux_case_021753255_reload_read' <Predicate = true> <Delay = 0.00>
ST_1 : Operation 55 [1/1] (0.00ns)   --->   "%mux_case_021623219_reload_read = read i32 @_ssdm_op_Read.ap_auto.float, i32 %mux_case_021623219_reload"   --->   Operation 55 'read' 'mux_case_021623219_reload_read' <Predicate = true> <Delay = 0.00>
ST_1 : Operation 56 [1/1] (0.00ns)   --->   "%mux_case_021493182_reload_read = read i32 @_ssdm_op_Read.ap_auto.float, i32 %mux_case_021493182_reload"   --->   Operation 56 'read' 'mux_case_021493182_reload_read' <Predicate = true> <Delay = 0.00>
ST_1 : Operation 57 [1/1] (0.00ns)   --->   "%s_2_read = read i32 @_ssdm_op_Read.ap_auto.float, i32 %s_2"   --->   Operation 57 'read' 's_2_read' <Predicate = true> <Delay = 0.00>
ST_1 : Operation 58 [1/1] (0.00ns)   --->   "%K_reload_read = read i32 @_ssdm_op_Read.ap_auto.float, i32 %K_reload"   --->   Operation 58 'read' 'K_reload_read' <Predicate = true> <Delay = 0.00>
ST_1 : Operation 59 [1/1] (0.00ns)   --->   "%K_1_reload_read = read i32 @_ssdm_op_Read.ap_auto.float, i32 %K_1_reload"   --->   Operation 59 'read' 'K_1_reload_read' <Predicate = true> <Delay = 0.00>
ST_1 : Operation 60 [1/1] (0.00ns)   --->   "%mux_case_122163369_reload_read = read i32 @_ssdm_op_Read.ap_auto.float, i32 %mux_case_122163369_reload"   --->   Operation 60 'read' 'mux_case_122163369_reload_read' <Predicate = true> <Delay = 0.00>
ST_1 : Operation 61 [1/1] (0.00ns)   --->   "%mux_case_122033333_reload_read = read i32 @_ssdm_op_Read.ap_auto.float, i32 %mux_case_122033333_reload"   --->   Operation 61 'read' 'mux_case_122033333_reload_read' <Predicate = true> <Delay = 0.00>
ST_1 : Operation 62 [1/1] (0.00ns)   --->   "%mux_case_121903297_reload_read = read i32 @_ssdm_op_Read.ap_auto.float, i32 %mux_case_121903297_reload"   --->   Operation 62 'read' 'mux_case_121903297_reload_read' <Predicate = true> <Delay = 0.00>
ST_1 : Operation 63 [1/1] (0.00ns)   --->   "%mux_case_121773261_reload_read = read i32 @_ssdm_op_Read.ap_auto.float, i32 %mux_case_121773261_reload"   --->   Operation 63 'read' 'mux_case_121773261_reload_read' <Predicate = true> <Delay = 0.00>
ST_1 : Operation 64 [1/1] (0.00ns)   --->   "%mux_case_121643225_reload_read = read i32 @_ssdm_op_Read.ap_auto.float, i32 %mux_case_121643225_reload"   --->   Operation 64 'read' 'mux_case_121643225_reload_read' <Predicate = true> <Delay = 0.00>
ST_1 : Operation 65 [1/1] (0.00ns)   --->   "%mux_case_121513188_reload_read = read i32 @_ssdm_op_Read.ap_auto.float, i32 %mux_case_121513188_reload"   --->   Operation 65 'read' 'mux_case_121513188_reload_read' <Predicate = true> <Delay = 0.00>
ST_1 : Operation 66 [1/1] (0.00ns)   --->   "%K_2_reload_read = read i32 @_ssdm_op_Read.ap_auto.float, i32 %K_2_reload"   --->   Operation 66 'read' 'K_2_reload_read' <Predicate = true> <Delay = 0.00>
ST_1 : Operation 67 [1/1] (0.00ns)   --->   "%mux_case_222183375_reload_read = read i32 @_ssdm_op_Read.ap_auto.float, i32 %mux_case_222183375_reload"   --->   Operation 67 'read' 'mux_case_222183375_reload_read' <Predicate = true> <Delay = 0.00>
ST_1 : Operation 68 [1/1] (0.00ns)   --->   "%mux_case_222053339_reload_read = read i32 @_ssdm_op_Read.ap_auto.float, i32 %mux_case_222053339_reload"   --->   Operation 68 'read' 'mux_case_222053339_reload_read' <Predicate = true> <Delay = 0.00>
ST_1 : Operation 69 [1/1] (0.00ns)   --->   "%mux_case_221923303_reload_read = read i32 @_ssdm_op_Read.ap_auto.float, i32 %mux_case_221923303_reload"   --->   Operation 69 'read' 'mux_case_221923303_reload_read' <Predicate = true> <Delay = 0.00>
ST_1 : Operation 70 [1/1] (0.00ns)   --->   "%mux_case_221793267_reload_read = read i32 @_ssdm_op_Read.ap_auto.float, i32 %mux_case_221793267_reload"   --->   Operation 70 'read' 'mux_case_221793267_reload_read' <Predicate = true> <Delay = 0.00>
ST_1 : Operation 71 [1/1] (0.00ns)   --->   "%mux_case_221663231_reload_read = read i32 @_ssdm_op_Read.ap_auto.float, i32 %mux_case_221663231_reload"   --->   Operation 71 'read' 'mux_case_221663231_reload_read' <Predicate = true> <Delay = 0.00>
ST_1 : Operation 72 [1/1] (0.00ns)   --->   "%mux_case_221533194_reload_read = read i32 @_ssdm_op_Read.ap_auto.float, i32 %mux_case_221533194_reload"   --->   Operation 72 'read' 'mux_case_221533194_reload_read' <Predicate = true> <Delay = 0.00>
ST_1 : Operation 73 [1/1] (0.00ns)   --->   "%K_3_reload_read = read i32 @_ssdm_op_Read.ap_auto.float, i32 %K_3_reload"   --->   Operation 73 'read' 'K_3_reload_read' <Predicate = true> <Delay = 0.00>
ST_1 : Operation 74 [1/1] (0.00ns)   --->   "%mux_case_322203381_reload_read = read i32 @_ssdm_op_Read.ap_auto.float, i32 %mux_case_322203381_reload"   --->   Operation 74 'read' 'mux_case_322203381_reload_read' <Predicate = true> <Delay = 0.00>
ST_1 : Operation 75 [1/1] (0.00ns)   --->   "%mux_case_322073345_reload_read = read i32 @_ssdm_op_Read.ap_auto.float, i32 %mux_case_322073345_reload"   --->   Operation 75 'read' 'mux_case_322073345_reload_read' <Predicate = true> <Delay = 0.00>
ST_1 : Operation 76 [1/1] (0.00ns)   --->   "%mux_case_321943309_reload_read = read i32 @_ssdm_op_Read.ap_auto.float, i32 %mux_case_321943309_reload"   --->   Operation 76 'read' 'mux_case_321943309_reload_read' <Predicate = true> <Delay = 0.00>
ST_1 : Operation 77 [1/1] (0.00ns)   --->   "%mux_case_321813273_reload_read = read i32 @_ssdm_op_Read.ap_auto.float, i32 %mux_case_321813273_reload"   --->   Operation 77 'read' 'mux_case_321813273_reload_read' <Predicate = true> <Delay = 0.00>
ST_1 : Operation 78 [1/1] (0.00ns)   --->   "%mux_case_321683237_reload_read = read i32 @_ssdm_op_Read.ap_auto.float, i32 %mux_case_321683237_reload"   --->   Operation 78 'read' 'mux_case_321683237_reload_read' <Predicate = true> <Delay = 0.00>
ST_1 : Operation 79 [1/1] (0.00ns)   --->   "%mux_case_321553200_reload_read = read i32 @_ssdm_op_Read.ap_auto.float, i32 %mux_case_321553200_reload"   --->   Operation 79 'read' 'mux_case_321553200_reload_read' <Predicate = true> <Delay = 0.00>
ST_1 : Operation 80 [1/1] (0.00ns)   --->   "%K_4_reload_read = read i32 @_ssdm_op_Read.ap_auto.float, i32 %K_4_reload"   --->   Operation 80 'read' 'K_4_reload_read' <Predicate = true> <Delay = 0.00>
ST_1 : Operation 81 [1/1] (0.00ns)   --->   "%mux_case_422223387_reload_read = read i32 @_ssdm_op_Read.ap_auto.float, i32 %mux_case_422223387_reload"   --->   Operation 81 'read' 'mux_case_422223387_reload_read' <Predicate = true> <Delay = 0.00>
ST_1 : Operation 82 [1/1] (0.00ns)   --->   "%mux_case_422093351_reload_read = read i32 @_ssdm_op_Read.ap_auto.float, i32 %mux_case_422093351_reload"   --->   Operation 82 'read' 'mux_case_422093351_reload_read' <Predicate = true> <Delay = 0.00>
ST_1 : Operation 83 [1/1] (0.00ns)   --->   "%mux_case_421963315_reload_read = read i32 @_ssdm_op_Read.ap_auto.float, i32 %mux_case_421963315_reload"   --->   Operation 83 'read' 'mux_case_421963315_reload_read' <Predicate = true> <Delay = 0.00>
ST_1 : Operation 84 [1/1] (0.00ns)   --->   "%mux_case_421833279_reload_read = read i32 @_ssdm_op_Read.ap_auto.float, i32 %mux_case_421833279_reload"   --->   Operation 84 'read' 'mux_case_421833279_reload_read' <Predicate = true> <Delay = 0.00>
ST_1 : Operation 85 [1/1] (0.00ns)   --->   "%mux_case_421703243_reload_read = read i32 @_ssdm_op_Read.ap_auto.float, i32 %mux_case_421703243_reload"   --->   Operation 85 'read' 'mux_case_421703243_reload_read' <Predicate = true> <Delay = 0.00>
ST_1 : Operation 86 [1/1] (0.00ns)   --->   "%mux_case_421573206_reload_read = read i32 @_ssdm_op_Read.ap_auto.float, i32 %mux_case_421573206_reload"   --->   Operation 86 'read' 'mux_case_421573206_reload_read' <Predicate = true> <Delay = 0.00>
ST_1 : Operation 87 [1/1] (0.00ns)   --->   "%K_5_reload_read = read i32 @_ssdm_op_Read.ap_auto.float, i32 %K_5_reload"   --->   Operation 87 'read' 'K_5_reload_read' <Predicate = true> <Delay = 0.00>
ST_1 : Operation 88 [1/1] (0.00ns)   --->   "%mux_case_522243393_reload_read = read i32 @_ssdm_op_Read.ap_auto.float, i32 %mux_case_522243393_reload"   --->   Operation 88 'read' 'mux_case_522243393_reload_read' <Predicate = true> <Delay = 0.00>
ST_1 : Operation 89 [1/1] (0.00ns)   --->   "%mux_case_522113357_reload_read = read i32 @_ssdm_op_Read.ap_auto.float, i32 %mux_case_522113357_reload"   --->   Operation 89 'read' 'mux_case_522113357_reload_read' <Predicate = true> <Delay = 0.00>
ST_1 : Operation 90 [1/1] (0.00ns)   --->   "%mux_case_521983321_reload_read = read i32 @_ssdm_op_Read.ap_auto.float, i32 %mux_case_521983321_reload"   --->   Operation 90 'read' 'mux_case_521983321_reload_read' <Predicate = true> <Delay = 0.00>
ST_1 : Operation 91 [1/1] (0.00ns)   --->   "%mux_case_521853285_reload_read = read i32 @_ssdm_op_Read.ap_auto.float, i32 %mux_case_521853285_reload"   --->   Operation 91 'read' 'mux_case_521853285_reload_read' <Predicate = true> <Delay = 0.00>
ST_1 : Operation 92 [1/1] (0.00ns)   --->   "%mux_case_521723249_reload_read = read i32 @_ssdm_op_Read.ap_auto.float, i32 %mux_case_521723249_reload"   --->   Operation 92 'read' 'mux_case_521723249_reload_read' <Predicate = true> <Delay = 0.00>
ST_1 : Operation 93 [1/1] (0.00ns)   --->   "%mux_case_521593212_reload_read = read i32 @_ssdm_op_Read.ap_auto.float, i32 %mux_case_521593212_reload"   --->   Operation 93 'read' 'mux_case_521593212_reload_read' <Predicate = true> <Delay = 0.00>
ST_1 : Operation 94 [1/1] (0.00ns)   --->   "%P_216_read = read i32 @_ssdm_op_Read.ap_auto.float, i32 %P_216"   --->   Operation 94 'read' 'P_216_read' <Predicate = true> <Delay = 0.00>
ST_1 : Operation 95 [1/1] (0.00ns)   --->   "%P_215_read = read i32 @_ssdm_op_Read.ap_auto.float, i32 %P_215"   --->   Operation 95 'read' 'P_215_read' <Predicate = true> <Delay = 0.00>
ST_1 : Operation 96 [1/1] (0.00ns)   --->   "%P_214_read = read i32 @_ssdm_op_Read.ap_auto.float, i32 %P_214"   --->   Operation 96 'read' 'P_214_read' <Predicate = true> <Delay = 0.00>
ST_1 : Operation 97 [1/1] (0.00ns)   --->   "%P_213_read = read i32 @_ssdm_op_Read.ap_auto.float, i32 %P_213"   --->   Operation 97 'read' 'P_213_read' <Predicate = true> <Delay = 0.00>
ST_1 : Operation 98 [1/1] (0.00ns)   --->   "%P_212_read = read i32 @_ssdm_op_Read.ap_auto.float, i32 %P_212"   --->   Operation 98 'read' 'P_212_read' <Predicate = true> <Delay = 0.00>
ST_1 : Operation 99 [1/1] (0.00ns)   --->   "%P_211_read = read i32 @_ssdm_op_Read.ap_auto.float, i32 %P_211"   --->   Operation 99 'read' 'P_211_read' <Predicate = true> <Delay = 0.00>
ST_1 : Operation 100 [1/1] (0.00ns)   --->   "%P_210_read = read i32 @_ssdm_op_Read.ap_auto.float, i32 %P_210"   --->   Operation 100 'read' 'P_210_read' <Predicate = true> <Delay = 0.00>
ST_1 : Operation 101 [1/1] (0.00ns)   --->   "%P_209_read = read i32 @_ssdm_op_Read.ap_auto.float, i32 %P_209"   --->   Operation 101 'read' 'P_209_read' <Predicate = true> <Delay = 0.00>
ST_1 : Operation 102 [1/1] (0.00ns)   --->   "%P_208_read = read i32 @_ssdm_op_Read.ap_auto.float, i32 %P_208"   --->   Operation 102 'read' 'P_208_read' <Predicate = true> <Delay = 0.00>
ST_1 : Operation 103 [1/1] (0.00ns)   --->   "%P_207_read = read i32 @_ssdm_op_Read.ap_auto.float, i32 %P_207"   --->   Operation 103 'read' 'P_207_read' <Predicate = true> <Delay = 0.00>
ST_1 : Operation 104 [1/1] (0.00ns)   --->   "%P_206_read = read i32 @_ssdm_op_Read.ap_auto.float, i32 %P_206"   --->   Operation 104 'read' 'P_206_read' <Predicate = true> <Delay = 0.00>
ST_1 : Operation 105 [1/1] (0.00ns)   --->   "%P_205_read = read i32 @_ssdm_op_Read.ap_auto.float, i32 %P_205"   --->   Operation 105 'read' 'P_205_read' <Predicate = true> <Delay = 0.00>
ST_1 : Operation 106 [1/1] (0.00ns)   --->   "%P_204_read = read i32 @_ssdm_op_Read.ap_auto.float, i32 %P_204"   --->   Operation 106 'read' 'P_204_read' <Predicate = true> <Delay = 0.00>
ST_1 : Operation 107 [1/1] (0.00ns)   --->   "%P_203_read = read i32 @_ssdm_op_Read.ap_auto.float, i32 %P_203"   --->   Operation 107 'read' 'P_203_read' <Predicate = true> <Delay = 0.00>
ST_1 : Operation 108 [1/1] (0.00ns)   --->   "%P_202_read = read i32 @_ssdm_op_Read.ap_auto.float, i32 %P_202"   --->   Operation 108 'read' 'P_202_read' <Predicate = true> <Delay = 0.00>
ST_1 : Operation 109 [1/1] (0.00ns)   --->   "%P_201_read = read i32 @_ssdm_op_Read.ap_auto.float, i32 %P_201"   --->   Operation 109 'read' 'P_201_read' <Predicate = true> <Delay = 0.00>
ST_1 : Operation 110 [1/1] (0.00ns)   --->   "%P_200_read = read i32 @_ssdm_op_Read.ap_auto.float, i32 %P_200"   --->   Operation 110 'read' 'P_200_read' <Predicate = true> <Delay = 0.00>
ST_1 : Operation 111 [1/1] (0.00ns)   --->   "%P_199_read = read i32 @_ssdm_op_Read.ap_auto.float, i32 %P_199"   --->   Operation 111 'read' 'P_199_read' <Predicate = true> <Delay = 0.00>
ST_1 : Operation 112 [1/1] (0.00ns)   --->   "%P_198_read = read i32 @_ssdm_op_Read.ap_auto.float, i32 %P_198"   --->   Operation 112 'read' 'P_198_read' <Predicate = true> <Delay = 0.00>
ST_1 : Operation 113 [1/1] (0.00ns)   --->   "%P_197_read = read i32 @_ssdm_op_Read.ap_auto.float, i32 %P_197"   --->   Operation 113 'read' 'P_197_read' <Predicate = true> <Delay = 0.00>
ST_1 : Operation 114 [1/1] (0.00ns)   --->   "%P_196_read = read i32 @_ssdm_op_Read.ap_auto.float, i32 %P_196"   --->   Operation 114 'read' 'P_196_read' <Predicate = true> <Delay = 0.00>
ST_1 : Operation 115 [1/1] (0.00ns)   --->   "%P_195_read = read i32 @_ssdm_op_Read.ap_auto.float, i32 %P_195"   --->   Operation 115 'read' 'P_195_read' <Predicate = true> <Delay = 0.00>
ST_1 : Operation 116 [1/1] (0.00ns)   --->   "%P_194_read = read i32 @_ssdm_op_Read.ap_auto.float, i32 %P_194"   --->   Operation 116 'read' 'P_194_read' <Predicate = true> <Delay = 0.00>
ST_1 : Operation 117 [1/1] (0.00ns)   --->   "%P_193_read = read i32 @_ssdm_op_Read.ap_auto.float, i32 %P_193"   --->   Operation 117 'read' 'P_193_read' <Predicate = true> <Delay = 0.00>
ST_1 : Operation 118 [1/1] (0.00ns)   --->   "%P_192_read = read i32 @_ssdm_op_Read.ap_auto.float, i32 %P_192"   --->   Operation 118 'read' 'P_192_read' <Predicate = true> <Delay = 0.00>
ST_1 : Operation 119 [1/1] (0.00ns)   --->   "%P_191_read = read i32 @_ssdm_op_Read.ap_auto.float, i32 %P_191"   --->   Operation 119 'read' 'P_191_read' <Predicate = true> <Delay = 0.00>
ST_1 : Operation 120 [1/1] (0.00ns)   --->   "%P_190_read = read i32 @_ssdm_op_Read.ap_auto.float, i32 %P_190"   --->   Operation 120 'read' 'P_190_read' <Predicate = true> <Delay = 0.00>
ST_1 : Operation 121 [1/1] (0.00ns)   --->   "%P_189_read = read i32 @_ssdm_op_Read.ap_auto.float, i32 %P_189"   --->   Operation 121 'read' 'P_189_read' <Predicate = true> <Delay = 0.00>
ST_1 : Operation 122 [1/1] (0.00ns)   --->   "%P_188_read = read i32 @_ssdm_op_Read.ap_auto.float, i32 %P_188"   --->   Operation 122 'read' 'P_188_read' <Predicate = true> <Delay = 0.00>
ST_1 : Operation 123 [1/1] (0.00ns)   --->   "%P_187_read = read i32 @_ssdm_op_Read.ap_auto.float, i32 %P_187"   --->   Operation 123 'read' 'P_187_read' <Predicate = true> <Delay = 0.00>
ST_1 : Operation 124 [1/1] (0.00ns)   --->   "%P_186_read = read i32 @_ssdm_op_Read.ap_auto.float, i32 %P_186"   --->   Operation 124 'read' 'P_186_read' <Predicate = true> <Delay = 0.00>
ST_1 : Operation 125 [1/1] (0.00ns)   --->   "%P_185_read = read i32 @_ssdm_op_Read.ap_auto.float, i32 %P_185"   --->   Operation 125 'read' 'P_185_read' <Predicate = true> <Delay = 0.00>
ST_1 : Operation 126 [1/1] (0.00ns)   --->   "%P_184_read = read i32 @_ssdm_op_Read.ap_auto.float, i32 %P_184"   --->   Operation 126 'read' 'P_184_read' <Predicate = true> <Delay = 0.00>
ST_1 : Operation 127 [1/1] (0.00ns)   --->   "%P_183_read = read i32 @_ssdm_op_Read.ap_auto.float, i32 %P_183"   --->   Operation 127 'read' 'P_183_read' <Predicate = true> <Delay = 0.00>
ST_1 : Operation 128 [1/1] (0.00ns)   --->   "%P_182_read = read i32 @_ssdm_op_Read.ap_auto.float, i32 %P_182"   --->   Operation 128 'read' 'P_182_read' <Predicate = true> <Delay = 0.00>
ST_1 : Operation 129 [1/1] (0.00ns)   --->   "%P_181_read = read i32 @_ssdm_op_Read.ap_auto.float, i32 %P_181"   --->   Operation 129 'read' 'P_181_read' <Predicate = true> <Delay = 0.00>
ST_1 : Operation 130 [1/1] (0.42ns)   --->   "%store_ln0 = store i32 %P_181_read, i32 %P_72"   --->   Operation 130 'store' 'store_ln0' <Predicate = true> <Delay = 0.42>
ST_1 : Operation 131 [1/1] (0.42ns)   --->   "%store_ln0 = store i32 %P_182_read, i32 %P_71"   --->   Operation 131 'store' 'store_ln0' <Predicate = true> <Delay = 0.42>
ST_1 : Operation 132 [1/1] (0.42ns)   --->   "%store_ln0 = store i32 %P_183_read, i32 %P_70"   --->   Operation 132 'store' 'store_ln0' <Predicate = true> <Delay = 0.42>
ST_1 : Operation 133 [1/1] (0.42ns)   --->   "%store_ln0 = store i32 %P_184_read, i32 %P_69"   --->   Operation 133 'store' 'store_ln0' <Predicate = true> <Delay = 0.42>
ST_1 : Operation 134 [1/1] (0.42ns)   --->   "%store_ln0 = store i32 %P_185_read, i32 %P_68"   --->   Operation 134 'store' 'store_ln0' <Predicate = true> <Delay = 0.42>
ST_1 : Operation 135 [1/1] (0.42ns)   --->   "%store_ln0 = store i32 %P_186_read, i32 %P_67"   --->   Operation 135 'store' 'store_ln0' <Predicate = true> <Delay = 0.42>
ST_1 : Operation 136 [1/1] (0.42ns)   --->   "%store_ln0 = store i32 %P_187_read, i32 %P_66"   --->   Operation 136 'store' 'store_ln0' <Predicate = true> <Delay = 0.42>
ST_1 : Operation 137 [1/1] (0.42ns)   --->   "%store_ln0 = store i32 %P_188_read, i32 %P_65"   --->   Operation 137 'store' 'store_ln0' <Predicate = true> <Delay = 0.42>
ST_1 : Operation 138 [1/1] (0.42ns)   --->   "%store_ln0 = store i32 %P_189_read, i32 %P_64"   --->   Operation 138 'store' 'store_ln0' <Predicate = true> <Delay = 0.42>
ST_1 : Operation 139 [1/1] (0.42ns)   --->   "%store_ln0 = store i32 %P_190_read, i32 %P_63"   --->   Operation 139 'store' 'store_ln0' <Predicate = true> <Delay = 0.42>
ST_1 : Operation 140 [1/1] (0.42ns)   --->   "%store_ln0 = store i32 %P_191_read, i32 %P_62"   --->   Operation 140 'store' 'store_ln0' <Predicate = true> <Delay = 0.42>
ST_1 : Operation 141 [1/1] (0.42ns)   --->   "%store_ln0 = store i32 %P_192_read, i32 %P_61"   --->   Operation 141 'store' 'store_ln0' <Predicate = true> <Delay = 0.42>
ST_1 : Operation 142 [1/1] (0.42ns)   --->   "%store_ln0 = store i32 %P_193_read, i32 %P_60"   --->   Operation 142 'store' 'store_ln0' <Predicate = true> <Delay = 0.42>
ST_1 : Operation 143 [1/1] (0.42ns)   --->   "%store_ln0 = store i32 %P_194_read, i32 %P_59"   --->   Operation 143 'store' 'store_ln0' <Predicate = true> <Delay = 0.42>
ST_1 : Operation 144 [1/1] (0.42ns)   --->   "%store_ln0 = store i32 %P_195_read, i32 %P_58"   --->   Operation 144 'store' 'store_ln0' <Predicate = true> <Delay = 0.42>
ST_1 : Operation 145 [1/1] (0.42ns)   --->   "%store_ln0 = store i32 %P_196_read, i32 %P_57"   --->   Operation 145 'store' 'store_ln0' <Predicate = true> <Delay = 0.42>
ST_1 : Operation 146 [1/1] (0.42ns)   --->   "%store_ln0 = store i32 %P_197_read, i32 %P_56"   --->   Operation 146 'store' 'store_ln0' <Predicate = true> <Delay = 0.42>
ST_1 : Operation 147 [1/1] (0.42ns)   --->   "%store_ln0 = store i32 %P_198_read, i32 %P_55"   --->   Operation 147 'store' 'store_ln0' <Predicate = true> <Delay = 0.42>
ST_1 : Operation 148 [1/1] (0.42ns)   --->   "%store_ln0 = store i32 %P_199_read, i32 %P_54"   --->   Operation 148 'store' 'store_ln0' <Predicate = true> <Delay = 0.42>
ST_1 : Operation 149 [1/1] (0.42ns)   --->   "%store_ln0 = store i32 %P_200_read, i32 %P_53"   --->   Operation 149 'store' 'store_ln0' <Predicate = true> <Delay = 0.42>
ST_1 : Operation 150 [1/1] (0.42ns)   --->   "%store_ln0 = store i32 %P_201_read, i32 %P_52"   --->   Operation 150 'store' 'store_ln0' <Predicate = true> <Delay = 0.42>
ST_1 : Operation 151 [1/1] (0.42ns)   --->   "%store_ln0 = store i32 %P_202_read, i32 %P_51"   --->   Operation 151 'store' 'store_ln0' <Predicate = true> <Delay = 0.42>
ST_1 : Operation 152 [1/1] (0.42ns)   --->   "%store_ln0 = store i32 %P_203_read, i32 %P_50"   --->   Operation 152 'store' 'store_ln0' <Predicate = true> <Delay = 0.42>
ST_1 : Operation 153 [1/1] (0.42ns)   --->   "%store_ln0 = store i32 %P_204_read, i32 %P_49"   --->   Operation 153 'store' 'store_ln0' <Predicate = true> <Delay = 0.42>
ST_1 : Operation 154 [1/1] (0.42ns)   --->   "%store_ln0 = store i32 %P_205_read, i32 %P_48"   --->   Operation 154 'store' 'store_ln0' <Predicate = true> <Delay = 0.42>
ST_1 : Operation 155 [1/1] (0.42ns)   --->   "%store_ln0 = store i32 %P_206_read, i32 %P_47"   --->   Operation 155 'store' 'store_ln0' <Predicate = true> <Delay = 0.42>
ST_1 : Operation 156 [1/1] (0.42ns)   --->   "%store_ln0 = store i32 %P_207_read, i32 %P_46"   --->   Operation 156 'store' 'store_ln0' <Predicate = true> <Delay = 0.42>
ST_1 : Operation 157 [1/1] (0.42ns)   --->   "%store_ln0 = store i32 %P_208_read, i32 %P_45"   --->   Operation 157 'store' 'store_ln0' <Predicate = true> <Delay = 0.42>
ST_1 : Operation 158 [1/1] (0.42ns)   --->   "%store_ln0 = store i32 %P_209_read, i32 %P_44"   --->   Operation 158 'store' 'store_ln0' <Predicate = true> <Delay = 0.42>
ST_1 : Operation 159 [1/1] (0.42ns)   --->   "%store_ln0 = store i32 %P_210_read, i32 %P_43"   --->   Operation 159 'store' 'store_ln0' <Predicate = true> <Delay = 0.42>
ST_1 : Operation 160 [1/1] (0.42ns)   --->   "%store_ln0 = store i32 %P_211_read, i32 %P_42"   --->   Operation 160 'store' 'store_ln0' <Predicate = true> <Delay = 0.42>
ST_1 : Operation 161 [1/1] (0.42ns)   --->   "%store_ln0 = store i32 %P_212_read, i32 %P_41"   --->   Operation 161 'store' 'store_ln0' <Predicate = true> <Delay = 0.42>
ST_1 : Operation 162 [1/1] (0.42ns)   --->   "%store_ln0 = store i32 %P_213_read, i32 %P_40"   --->   Operation 162 'store' 'store_ln0' <Predicate = true> <Delay = 0.42>
ST_1 : Operation 163 [1/1] (0.42ns)   --->   "%store_ln0 = store i32 %P_214_read, i32 %P_39"   --->   Operation 163 'store' 'store_ln0' <Predicate = true> <Delay = 0.42>
ST_1 : Operation 164 [1/1] (0.42ns)   --->   "%store_ln0 = store i32 %P_215_read, i32 %P_38"   --->   Operation 164 'store' 'store_ln0' <Predicate = true> <Delay = 0.42>
ST_1 : Operation 165 [1/1] (0.42ns)   --->   "%store_ln0 = store i32 %P_216_read, i32 %P"   --->   Operation 165 'store' 'store_ln0' <Predicate = true> <Delay = 0.42>
ST_1 : Operation 166 [1/1] (0.42ns)   --->   "%store_ln0 = store i3 0, i3 %i"   --->   Operation 166 'store' 'store_ln0' <Predicate = true> <Delay = 0.42>
ST_1 : Operation 167 [1/1] (0.00ns)   --->   "%br_ln0 = br void %for.body90.i"   --->   Operation 167 'br' 'br_ln0' <Predicate = true> <Delay = 0.00>
ST_1 : Operation 168 [1/1] (0.00ns)   --->   "%i_12 = load i3 %i" [ekf_core.cpp:117->ekf_core.cpp:169]   --->   Operation 168 'load' 'i_12' <Predicate = true> <Delay = 0.00>
ST_1 : Operation 169 [1/1] (0.00ns)   --->   "%specpipeline_ln0 = specpipeline void @_ssdm_op_SpecPipeline, i32 4294967295, i32 0, i32 1, i32 0, void @p_str"   --->   Operation 169 'specpipeline' 'specpipeline_ln0' <Predicate = true> <Delay = 0.00>
ST_1 : Operation 170 [1/1] (0.67ns)   --->   "%icmp_ln117 = icmp_eq  i3 %i_12, i3 6" [ekf_core.cpp:117->ekf_core.cpp:169]   --->   Operation 170 'icmp' 'icmp_ln117' <Predicate = true> <Delay = 0.67> <CoreInst = "Cmp">   --->   Core 9 'Cmp' <Latency = 0> <II = 1> <Delay = 0.67> <FuncUnit> <Opcode : 'icmp'> <InPorts = 2> <OutPorts = 1>
ST_1 : Operation 171 [1/1] (0.67ns)   --->   "%add_ln117 = add i3 %i_12, i3 1" [ekf_core.cpp:117->ekf_core.cpp:169]   --->   Operation 171 'add' 'add_ln117' <Predicate = true> <Delay = 0.67> <CoreInst = "Adder">   --->   Core 1 'Adder' <Latency = 0> <II = 1> <Delay = 0.67> <FuncUnit> <Opcode : 'add' 'sub'> <InPorts = 2> <OutPorts = 1>
ST_1 : Operation 172 [1/1] (0.00ns)   --->   "%br_ln117 = br i1 %icmp_ln117, void %for.body90.i.split, void %for.body127.i.lr.ph.preheader.exitStub" [ekf_core.cpp:117->ekf_core.cpp:169]   --->   Operation 172 'br' 'br_ln117' <Predicate = true> <Delay = 0.00>
ST_1 : Operation 173 [1/1] (0.62ns)   --->   "%tmp_s = mux i32 @_ssdm_op_Mux.ap_auto.6f32.i3, i32 %K_reload_read, i32 %K_1_reload_read, i32 %K_2_reload_read, i32 %K_3_reload_read, i32 %K_4_reload_read, i32 %K_5_reload_read, i3 %i_12" [ekf_core.cpp:117->ekf_core.cpp:169]   --->   Operation 173 'mux' 'tmp_s' <Predicate = (!icmp_ln117)> <Delay = 0.62> <CoreInst = "Multiplexer">   --->   Core 76 'Multiplexer' <Latency = 0> <II = 1> <Delay = 0.62> <FuncUnit> <Opcode : 'mux'> <InPorts = 2> <OutPorts = 1>
ST_1 : Operation 174 [1/1] (0.73ns)   --->   "%switch_ln118 = switch i3 %i_12, void %arrayidx1106.i67.case.5.0, i3 0, void %for.body90.i.split.for.body95.i.split.1_crit_edge, i3 1, void %for.body90.i.split.for.body95.i.split.1_crit_edge85, i3 2, void %arrayidx1106.i67.case.02346.0, i3 3, void %arrayidx1106.i67.case.02354.0, i3 4, void %arrayidx1106.i67.case.02362.0" [ekf_core.cpp:118->ekf_core.cpp:169]   --->   Operation 174 'switch' 'switch_ln118' <Predicate = (!icmp_ln117)> <Delay = 0.73>
ST_1 : Operation 175 [1/1] (0.42ns)   --->   "%store_ln117 = store i3 %add_ln117, i3 %i" [ekf_core.cpp:117->ekf_core.cpp:169]   --->   Operation 175 'store' 'store_ln117' <Predicate = (!icmp_ln117)> <Delay = 0.42>
ST_1 : Operation 176 [1/1] (0.00ns)   --->   "%br_ln117 = br void %for.body90.i" [ekf_core.cpp:117->ekf_core.cpp:169]   --->   Operation 176 'br' 'br_ln117' <Predicate = (!icmp_ln117)> <Delay = 0.00>

State 2 <SV = 1> <Delay = 7.01>
ST_2 : [1/1] (0.96ns)   --->   Input mux for Operation 177 '%mul102_i = fmul i32 %s_2_read, i32 %tmp_s'
ST_2 : Operation 177 [3/3] (6.04ns)   --->   "%mul102_i = fmul i32 %s_2_read, i32 %tmp_s" [ekf_core.cpp:117->ekf_core.cpp:169]   --->   Operation 177 'fmul' 'mul102_i' <Predicate = true> <Delay = 6.04> <CoreInst = "FMul_maxdsp">   --->   Core 30 'FMul_maxdsp' <Latency = 2> <II = 1> <Delay = 7.01> <FuncUnit> <Opcode : 'fmul'> <InPorts = 2> <OutPorts = 1>

State 3 <SV = 2> <Delay = 7.01>
ST_3 : Operation 178 [2/3] (7.01ns)   --->   "%mul102_i = fmul i32 %s_2_read, i32 %tmp_s" [ekf_core.cpp:117->ekf_core.cpp:169]   --->   Operation 178 'fmul' 'mul102_i' <Predicate = true> <Delay = 7.01> <CoreInst = "FMul_maxdsp">   --->   Core 30 'FMul_maxdsp' <Latency = 2> <II = 1> <Delay = 7.01> <FuncUnit> <Opcode : 'fmul'> <InPorts = 2> <OutPorts = 1>

State 4 <SV = 3> <Delay = 7.01>
ST_4 : Operation 179 [1/3] (7.01ns)   --->   "%mul102_i = fmul i32 %s_2_read, i32 %tmp_s" [ekf_core.cpp:117->ekf_core.cpp:169]   --->   Operation 179 'fmul' 'mul102_i' <Predicate = true> <Delay = 7.01> <CoreInst = "FMul_maxdsp">   --->   Core 30 'FMul_maxdsp' <Latency = 2> <II = 1> <Delay = 7.01> <FuncUnit> <Opcode : 'fmul'> <InPorts = 2> <OutPorts = 1>

State 5 <SV = 4> <Delay = 7.01>
ST_5 : [1/1] (0.96ns)   --->   Input mux for Operation 180 '%mul105_i = fmul i32 %mul102_i, i32 %K_reload_read'
ST_5 : Operation 180 [3/3] (6.04ns)   --->   "%mul105_i = fmul i32 %mul102_i, i32 %K_reload_read" [ekf_core.cpp:118->ekf_core.cpp:169]   --->   Operation 180 'fmul' 'mul105_i' <Predicate = true> <Delay = 6.04> <CoreInst = "FMul_maxdsp">   --->   Core 30 'FMul_maxdsp' <Latency = 2> <II = 1> <Delay = 7.01> <FuncUnit> <Opcode : 'fmul'> <InPorts = 2> <OutPorts = 1>
ST_5 : [1/1] (0.96ns)   --->   Input mux for Operation 181 '%mul105_i_1 = fmul i32 %mul102_i, i32 %K_1_reload_read'
ST_5 : Operation 181 [3/3] (6.04ns)   --->   "%mul105_i_1 = fmul i32 %mul102_i, i32 %K_1_reload_read" [ekf_core.cpp:118->ekf_core.cpp:169]   --->   Operation 181 'fmul' 'mul105_i_1' <Predicate = true> <Delay = 6.04> <CoreInst = "FMul_maxdsp">   --->   Core 30 'FMul_maxdsp' <Latency = 2> <II = 1> <Delay = 7.01> <FuncUnit> <Opcode : 'fmul'> <InPorts = 2> <OutPorts = 1>
ST_5 : [1/1] (0.96ns)   --->   Input mux for Operation 182 '%mul105_i_2 = fmul i32 %mul102_i, i32 %K_2_reload_read'
ST_5 : Operation 182 [3/3] (6.04ns)   --->   "%mul105_i_2 = fmul i32 %mul102_i, i32 %K_2_reload_read" [ekf_core.cpp:118->ekf_core.cpp:169]   --->   Operation 182 'fmul' 'mul105_i_2' <Predicate = true> <Delay = 6.04> <CoreInst = "FMul_maxdsp">   --->   Core 30 'FMul_maxdsp' <Latency = 2> <II = 1> <Delay = 7.01> <FuncUnit> <Opcode : 'fmul'> <InPorts = 2> <OutPorts = 1>
ST_5 : [1/1] (0.96ns)   --->   Input mux for Operation 183 '%mul105_i_3 = fmul i32 %mul102_i, i32 %K_3_reload_read'
ST_5 : Operation 183 [3/3] (6.04ns)   --->   "%mul105_i_3 = fmul i32 %mul102_i, i32 %K_3_reload_read" [ekf_core.cpp:118->ekf_core.cpp:169]   --->   Operation 183 'fmul' 'mul105_i_3' <Predicate = true> <Delay = 6.04> <CoreInst = "FMul_maxdsp">   --->   Core 30 'FMul_maxdsp' <Latency = 2> <II = 1> <Delay = 7.01> <FuncUnit> <Opcode : 'fmul'> <InPorts = 2> <OutPorts = 1>
ST_5 : [1/1] (0.96ns)   --->   Input mux for Operation 184 '%mul105_i_4 = fmul i32 %mul102_i, i32 %K_4_reload_read'
ST_5 : Operation 184 [3/3] (6.04ns)   --->   "%mul105_i_4 = fmul i32 %mul102_i, i32 %K_4_reload_read" [ekf_core.cpp:118->ekf_core.cpp:169]   --->   Operation 184 'fmul' 'mul105_i_4' <Predicate = true> <Delay = 6.04> <CoreInst = "FMul_maxdsp">   --->   Core 30 'FMul_maxdsp' <Latency = 2> <II = 1> <Delay = 7.01> <FuncUnit> <Opcode : 'fmul'> <InPorts = 2> <OutPorts = 1>
ST_5 : [1/1] (0.96ns)   --->   Input mux for Operation 185 '%mul105_i_5 = fmul i32 %mul102_i, i32 %K_5_reload_read'
ST_5 : Operation 185 [3/3] (6.04ns)   --->   "%mul105_i_5 = fmul i32 %mul102_i, i32 %K_5_reload_read" [ekf_core.cpp:118->ekf_core.cpp:169]   --->   Operation 185 'fmul' 'mul105_i_5' <Predicate = true> <Delay = 6.04> <CoreInst = "FMul_maxdsp">   --->   Core 30 'FMul_maxdsp' <Latency = 2> <II = 1> <Delay = 7.01> <FuncUnit> <Opcode : 'fmul'> <InPorts = 2> <OutPorts = 1>

State 6 <SV = 5> <Delay = 7.01>
ST_6 : Operation 186 [2/3] (7.01ns)   --->   "%mul105_i = fmul i32 %mul102_i, i32 %K_reload_read" [ekf_core.cpp:118->ekf_core.cpp:169]   --->   Operation 186 'fmul' 'mul105_i' <Predicate = true> <Delay = 7.01> <CoreInst = "FMul_maxdsp">   --->   Core 30 'FMul_maxdsp' <Latency = 2> <II = 1> <Delay = 7.01> <FuncUnit> <Opcode : 'fmul'> <InPorts = 2> <OutPorts = 1>
ST_6 : Operation 187 [2/3] (7.01ns)   --->   "%mul105_i_1 = fmul i32 %mul102_i, i32 %K_1_reload_read" [ekf_core.cpp:118->ekf_core.cpp:169]   --->   Operation 187 'fmul' 'mul105_i_1' <Predicate = true> <Delay = 7.01> <CoreInst = "FMul_maxdsp">   --->   Core 30 'FMul_maxdsp' <Latency = 2> <II = 1> <Delay = 7.01> <FuncUnit> <Opcode : 'fmul'> <InPorts = 2> <OutPorts = 1>
ST_6 : Operation 188 [2/3] (7.01ns)   --->   "%mul105_i_2 = fmul i32 %mul102_i, i32 %K_2_reload_read" [ekf_core.cpp:118->ekf_core.cpp:169]   --->   Operation 188 'fmul' 'mul105_i_2' <Predicate = true> <Delay = 7.01> <CoreInst = "FMul_maxdsp">   --->   Core 30 'FMul_maxdsp' <Latency = 2> <II = 1> <Delay = 7.01> <FuncUnit> <Opcode : 'fmul'> <InPorts = 2> <OutPorts = 1>
ST_6 : Operation 189 [2/3] (7.01ns)   --->   "%mul105_i_3 = fmul i32 %mul102_i, i32 %K_3_reload_read" [ekf_core.cpp:118->ekf_core.cpp:169]   --->   Operation 189 'fmul' 'mul105_i_3' <Predicate = true> <Delay = 7.01> <CoreInst = "FMul_maxdsp">   --->   Core 30 'FMul_maxdsp' <Latency = 2> <II = 1> <Delay = 7.01> <FuncUnit> <Opcode : 'fmul'> <InPorts = 2> <OutPorts = 1>
ST_6 : Operation 190 [2/3] (7.01ns)   --->   "%mul105_i_4 = fmul i32 %mul102_i, i32 %K_4_reload_read" [ekf_core.cpp:118->ekf_core.cpp:169]   --->   Operation 190 'fmul' 'mul105_i_4' <Predicate = true> <Delay = 7.01> <CoreInst = "FMul_maxdsp">   --->   Core 30 'FMul_maxdsp' <Latency = 2> <II = 1> <Delay = 7.01> <FuncUnit> <Opcode : 'fmul'> <InPorts = 2> <OutPorts = 1>
ST_6 : Operation 191 [2/3] (7.01ns)   --->   "%mul105_i_5 = fmul i32 %mul102_i, i32 %K_5_reload_read" [ekf_core.cpp:118->ekf_core.cpp:169]   --->   Operation 191 'fmul' 'mul105_i_5' <Predicate = true> <Delay = 7.01> <CoreInst = "FMul_maxdsp">   --->   Core 30 'FMul_maxdsp' <Latency = 2> <II = 1> <Delay = 7.01> <FuncUnit> <Opcode : 'fmul'> <InPorts = 2> <OutPorts = 1>

State 7 <SV = 6> <Delay = 7.01>
ST_7 : Operation 192 [1/3] (7.01ns)   --->   "%mul105_i = fmul i32 %mul102_i, i32 %K_reload_read" [ekf_core.cpp:118->ekf_core.cpp:169]   --->   Operation 192 'fmul' 'mul105_i' <Predicate = true> <Delay = 7.01> <CoreInst = "FMul_maxdsp">   --->   Core 30 'FMul_maxdsp' <Latency = 2> <II = 1> <Delay = 7.01> <FuncUnit> <Opcode : 'fmul'> <InPorts = 2> <OutPorts = 1>
ST_7 : Operation 193 [1/3] (7.01ns)   --->   "%mul105_i_1 = fmul i32 %mul102_i, i32 %K_1_reload_read" [ekf_core.cpp:118->ekf_core.cpp:169]   --->   Operation 193 'fmul' 'mul105_i_1' <Predicate = true> <Delay = 7.01> <CoreInst = "FMul_maxdsp">   --->   Core 30 'FMul_maxdsp' <Latency = 2> <II = 1> <Delay = 7.01> <FuncUnit> <Opcode : 'fmul'> <InPorts = 2> <OutPorts = 1>
ST_7 : Operation 194 [1/3] (7.01ns)   --->   "%mul105_i_2 = fmul i32 %mul102_i, i32 %K_2_reload_read" [ekf_core.cpp:118->ekf_core.cpp:169]   --->   Operation 194 'fmul' 'mul105_i_2' <Predicate = true> <Delay = 7.01> <CoreInst = "FMul_maxdsp">   --->   Core 30 'FMul_maxdsp' <Latency = 2> <II = 1> <Delay = 7.01> <FuncUnit> <Opcode : 'fmul'> <InPorts = 2> <OutPorts = 1>
ST_7 : Operation 195 [1/3] (7.01ns)   --->   "%mul105_i_3 = fmul i32 %mul102_i, i32 %K_3_reload_read" [ekf_core.cpp:118->ekf_core.cpp:169]   --->   Operation 195 'fmul' 'mul105_i_3' <Predicate = true> <Delay = 7.01> <CoreInst = "FMul_maxdsp">   --->   Core 30 'FMul_maxdsp' <Latency = 2> <II = 1> <Delay = 7.01> <FuncUnit> <Opcode : 'fmul'> <InPorts = 2> <OutPorts = 1>
ST_7 : Operation 196 [1/3] (7.01ns)   --->   "%mul105_i_4 = fmul i32 %mul102_i, i32 %K_4_reload_read" [ekf_core.cpp:118->ekf_core.cpp:169]   --->   Operation 196 'fmul' 'mul105_i_4' <Predicate = true> <Delay = 7.01> <CoreInst = "FMul_maxdsp">   --->   Core 30 'FMul_maxdsp' <Latency = 2> <II = 1> <Delay = 7.01> <FuncUnit> <Opcode : 'fmul'> <InPorts = 2> <OutPorts = 1>
ST_7 : Operation 197 [1/3] (7.01ns)   --->   "%mul105_i_5 = fmul i32 %mul102_i, i32 %K_5_reload_read" [ekf_core.cpp:118->ekf_core.cpp:169]   --->   Operation 197 'fmul' 'mul105_i_5' <Predicate = true> <Delay = 7.01> <CoreInst = "FMul_maxdsp">   --->   Core 30 'FMul_maxdsp' <Latency = 2> <II = 1> <Delay = 7.01> <FuncUnit> <Opcode : 'fmul'> <InPorts = 2> <OutPorts = 1>

State 8 <SV = 7> <Delay = 7.06>
ST_8 : Operation 198 [1/1] (0.62ns)   --->   "%tmp_58 = mux i32 @_ssdm_op_Mux.ap_auto.6f32.i3, i32 %mux_case_021493182_reload_read, i32 %mux_case_021623219_reload_read, i32 %mux_case_021753255_reload_read, i32 %mux_case_021883291_reload_read, i32 %mux_case_022013327_reload_read, i32 %mux_case_022143363_reload_read, i3 %i_12" [ekf_core.cpp:118->ekf_core.cpp:169]   --->   Operation 198 'mux' 'tmp_58' <Predicate = true> <Delay = 0.62> <CoreInst = "Multiplexer">   --->   Core 76 'Multiplexer' <Latency = 0> <II = 1> <Delay = 0.62> <FuncUnit> <Opcode : 'mux'> <InPorts = 2> <OutPorts = 1>
ST_8 : [1/1] (1.04ns)   --->   Input mux for Operation 199 '%P_s = fadd i32 %tmp_58, i32 %mul105_i'
ST_8 : Operation 199 [4/4] (5.38ns)   --->   "%P_s = fadd i32 %tmp_58, i32 %mul105_i" [ekf_core.cpp:118->ekf_core.cpp:169]   --->   Operation 199 'fadd' 'P_s' <Predicate = true> <Delay = 5.38> <CoreInst = "FAddSub_fulldsp">   --->   Core 18 'FAddSub_fulldsp' <Latency = 3> <II = 1> <Delay = 6.43> <FuncUnit> <Opcode : 'fadd' 'fsub'> <InPorts = 2> <OutPorts = 1>
ST_8 : Operation 200 [1/1] (0.62ns)   --->   "%tmp_108_1 = mux i32 @_ssdm_op_Mux.ap_auto.6f32.i3, i32 %mux_case_121513188_reload_read, i32 %mux_case_121643225_reload_read, i32 %mux_case_121773261_reload_read, i32 %mux_case_121903297_reload_read, i32 %mux_case_122033333_reload_read, i32 %mux_case_122163369_reload_read, i3 %i_12" [ekf_core.cpp:118->ekf_core.cpp:169]   --->   Operation 200 'mux' 'tmp_108_1' <Predicate = true> <Delay = 0.62> <CoreInst = "Multiplexer">   --->   Core 76 'Multiplexer' <Latency = 0> <II = 1> <Delay = 0.62> <FuncUnit> <Opcode : 'mux'> <InPorts = 2> <OutPorts = 1>
ST_8 : [1/1] (1.04ns)   --->   Input mux for Operation 201 '%P_497_1 = fadd i32 %tmp_108_1, i32 %mul105_i_1'
ST_8 : Operation 201 [4/4] (5.38ns)   --->   "%P_497_1 = fadd i32 %tmp_108_1, i32 %mul105_i_1" [ekf_core.cpp:118->ekf_core.cpp:169]   --->   Operation 201 'fadd' 'P_497_1' <Predicate = true> <Delay = 5.38> <CoreInst = "FAddSub_fulldsp">   --->   Core 18 'FAddSub_fulldsp' <Latency = 3> <II = 1> <Delay = 6.43> <FuncUnit> <Opcode : 'fadd' 'fsub'> <InPorts = 2> <OutPorts = 1>
ST_8 : Operation 202 [1/1] (0.62ns)   --->   "%tmp_108_2 = mux i32 @_ssdm_op_Mux.ap_auto.6f32.i3, i32 %mux_case_221533194_reload_read, i32 %mux_case_221663231_reload_read, i32 %mux_case_221793267_reload_read, i32 %mux_case_221923303_reload_read, i32 %mux_case_222053339_reload_read, i32 %mux_case_222183375_reload_read, i3 %i_12" [ekf_core.cpp:118->ekf_core.cpp:169]   --->   Operation 202 'mux' 'tmp_108_2' <Predicate = true> <Delay = 0.62> <CoreInst = "Multiplexer">   --->   Core 76 'Multiplexer' <Latency = 0> <II = 1> <Delay = 0.62> <FuncUnit> <Opcode : 'mux'> <InPorts = 2> <OutPorts = 1>
ST_8 : [1/1] (1.04ns)   --->   Input mux for Operation 203 '%P_497_2 = fadd i32 %tmp_108_2, i32 %mul105_i_2'
ST_8 : Operation 203 [4/4] (5.38ns)   --->   "%P_497_2 = fadd i32 %tmp_108_2, i32 %mul105_i_2" [ekf_core.cpp:118->ekf_core.cpp:169]   --->   Operation 203 'fadd' 'P_497_2' <Predicate = true> <Delay = 5.38> <CoreInst = "FAddSub_fulldsp">   --->   Core 18 'FAddSub_fulldsp' <Latency = 3> <II = 1> <Delay = 6.43> <FuncUnit> <Opcode : 'fadd' 'fsub'> <InPorts = 2> <OutPorts = 1>
ST_8 : Operation 204 [1/1] (0.62ns)   --->   "%tmp_108_3 = mux i32 @_ssdm_op_Mux.ap_auto.6f32.i3, i32 %mux_case_321553200_reload_read, i32 %mux_case_321683237_reload_read, i32 %mux_case_321813273_reload_read, i32 %mux_case_321943309_reload_read, i32 %mux_case_322073345_reload_read, i32 %mux_case_322203381_reload_read, i3 %i_12" [ekf_core.cpp:118->ekf_core.cpp:169]   --->   Operation 204 'mux' 'tmp_108_3' <Predicate = true> <Delay = 0.62> <CoreInst = "Multiplexer">   --->   Core 76 'Multiplexer' <Latency = 0> <II = 1> <Delay = 0.62> <FuncUnit> <Opcode : 'mux'> <InPorts = 2> <OutPorts = 1>
ST_8 : [1/1] (1.04ns)   --->   Input mux for Operation 205 '%P_497_3 = fadd i32 %tmp_108_3, i32 %mul105_i_3'
ST_8 : Operation 205 [4/4] (5.38ns)   --->   "%P_497_3 = fadd i32 %tmp_108_3, i32 %mul105_i_3" [ekf_core.cpp:118->ekf_core.cpp:169]   --->   Operation 205 'fadd' 'P_497_3' <Predicate = true> <Delay = 5.38> <CoreInst = "FAddSub_fulldsp">   --->   Core 18 'FAddSub_fulldsp' <Latency = 3> <II = 1> <Delay = 6.43> <FuncUnit> <Opcode : 'fadd' 'fsub'> <InPorts = 2> <OutPorts = 1>
ST_8 : Operation 206 [1/1] (0.62ns)   --->   "%tmp_108_4 = mux i32 @_ssdm_op_Mux.ap_auto.6f32.i3, i32 %mux_case_421573206_reload_read, i32 %mux_case_421703243_reload_read, i32 %mux_case_421833279_reload_read, i32 %mux_case_421963315_reload_read, i32 %mux_case_422093351_reload_read, i32 %mux_case_422223387_reload_read, i3 %i_12" [ekf_core.cpp:118->ekf_core.cpp:169]   --->   Operation 206 'mux' 'tmp_108_4' <Predicate = true> <Delay = 0.62> <CoreInst = "Multiplexer">   --->   Core 76 'Multiplexer' <Latency = 0> <II = 1> <Delay = 0.62> <FuncUnit> <Opcode : 'mux'> <InPorts = 2> <OutPorts = 1>
ST_8 : [1/1] (1.04ns)   --->   Input mux for Operation 207 '%P_497_4 = fadd i32 %tmp_108_4, i32 %mul105_i_4'
ST_8 : Operation 207 [4/4] (5.38ns)   --->   "%P_497_4 = fadd i32 %tmp_108_4, i32 %mul105_i_4" [ekf_core.cpp:118->ekf_core.cpp:169]   --->   Operation 207 'fadd' 'P_497_4' <Predicate = true> <Delay = 5.38> <CoreInst = "FAddSub_fulldsp">   --->   Core 18 'FAddSub_fulldsp' <Latency = 3> <II = 1> <Delay = 6.43> <FuncUnit> <Opcode : 'fadd' 'fsub'> <InPorts = 2> <OutPorts = 1>
ST_8 : Operation 208 [1/1] (0.62ns)   --->   "%tmp_108_5 = mux i32 @_ssdm_op_Mux.ap_auto.6f32.i3, i32 %mux_case_521593212_reload_read, i32 %mux_case_521723249_reload_read, i32 %mux_case_521853285_reload_read, i32 %mux_case_521983321_reload_read, i32 %mux_case_522113357_reload_read, i32 %mux_case_522243393_reload_read, i3 %i_12" [ekf_core.cpp:118->ekf_core.cpp:169]   --->   Operation 208 'mux' 'tmp_108_5' <Predicate = true> <Delay = 0.62> <CoreInst = "Multiplexer">   --->   Core 76 'Multiplexer' <Latency = 0> <II = 1> <Delay = 0.62> <FuncUnit> <Opcode : 'mux'> <InPorts = 2> <OutPorts = 1>
ST_8 : [1/1] (1.04ns)   --->   Input mux for Operation 209 '%P_497_5 = fadd i32 %tmp_108_5, i32 %mul105_i_5'
ST_8 : Operation 209 [4/4] (5.38ns)   --->   "%P_497_5 = fadd i32 %tmp_108_5, i32 %mul105_i_5" [ekf_core.cpp:118->ekf_core.cpp:169]   --->   Operation 209 'fadd' 'P_497_5' <Predicate = true> <Delay = 5.38> <CoreInst = "FAddSub_fulldsp">   --->   Core 18 'FAddSub_fulldsp' <Latency = 3> <II = 1> <Delay = 6.43> <FuncUnit> <Opcode : 'fadd' 'fsub'> <InPorts = 2> <OutPorts = 1>

State 9 <SV = 8> <Delay = 6.43>
ST_9 : Operation 210 [3/4] (6.43ns)   --->   "%P_s = fadd i32 %tmp_58, i32 %mul105_i" [ekf_core.cpp:118->ekf_core.cpp:169]   --->   Operation 210 'fadd' 'P_s' <Predicate = true> <Delay = 6.43> <CoreInst = "FAddSub_fulldsp">   --->   Core 18 'FAddSub_fulldsp' <Latency = 3> <II = 1> <Delay = 6.43> <FuncUnit> <Opcode : 'fadd' 'fsub'> <InPorts = 2> <OutPorts = 1>
ST_9 : Operation 211 [3/4] (6.43ns)   --->   "%P_497_1 = fadd i32 %tmp_108_1, i32 %mul105_i_1" [ekf_core.cpp:118->ekf_core.cpp:169]   --->   Operation 211 'fadd' 'P_497_1' <Predicate = true> <Delay = 6.43> <CoreInst = "FAddSub_fulldsp">   --->   Core 18 'FAddSub_fulldsp' <Latency = 3> <II = 1> <Delay = 6.43> <FuncUnit> <Opcode : 'fadd' 'fsub'> <InPorts = 2> <OutPorts = 1>
ST_9 : Operation 212 [3/4] (6.43ns)   --->   "%P_497_2 = fadd i32 %tmp_108_2, i32 %mul105_i_2" [ekf_core.cpp:118->ekf_core.cpp:169]   --->   Operation 212 'fadd' 'P_497_2' <Predicate = true> <Delay = 6.43> <CoreInst = "FAddSub_fulldsp">   --->   Core 18 'FAddSub_fulldsp' <Latency = 3> <II = 1> <Delay = 6.43> <FuncUnit> <Opcode : 'fadd' 'fsub'> <InPorts = 2> <OutPorts = 1>
ST_9 : Operation 213 [3/4] (6.43ns)   --->   "%P_497_3 = fadd i32 %tmp_108_3, i32 %mul105_i_3" [ekf_core.cpp:118->ekf_core.cpp:169]   --->   Operation 213 'fadd' 'P_497_3' <Predicate = true> <Delay = 6.43> <CoreInst = "FAddSub_fulldsp">   --->   Core 18 'FAddSub_fulldsp' <Latency = 3> <II = 1> <Delay = 6.43> <FuncUnit> <Opcode : 'fadd' 'fsub'> <InPorts = 2> <OutPorts = 1>
ST_9 : Operation 214 [3/4] (6.43ns)   --->   "%P_497_4 = fadd i32 %tmp_108_4, i32 %mul105_i_4" [ekf_core.cpp:118->ekf_core.cpp:169]   --->   Operation 214 'fadd' 'P_497_4' <Predicate = true> <Delay = 6.43> <CoreInst = "FAddSub_fulldsp">   --->   Core 18 'FAddSub_fulldsp' <Latency = 3> <II = 1> <Delay = 6.43> <FuncUnit> <Opcode : 'fadd' 'fsub'> <InPorts = 2> <OutPorts = 1>
ST_9 : Operation 215 [3/4] (6.43ns)   --->   "%P_497_5 = fadd i32 %tmp_108_5, i32 %mul105_i_5" [ekf_core.cpp:118->ekf_core.cpp:169]   --->   Operation 215 'fadd' 'P_497_5' <Predicate = true> <Delay = 6.43> <CoreInst = "FAddSub_fulldsp">   --->   Core 18 'FAddSub_fulldsp' <Latency = 3> <II = 1> <Delay = 6.43> <FuncUnit> <Opcode : 'fadd' 'fsub'> <InPorts = 2> <OutPorts = 1>

State 10 <SV = 9> <Delay = 6.43>
ST_10 : Operation 216 [2/4] (6.43ns)   --->   "%P_s = fadd i32 %tmp_58, i32 %mul105_i" [ekf_core.cpp:118->ekf_core.cpp:169]   --->   Operation 216 'fadd' 'P_s' <Predicate = true> <Delay = 6.43> <CoreInst = "FAddSub_fulldsp">   --->   Core 18 'FAddSub_fulldsp' <Latency = 3> <II = 1> <Delay = 6.43> <FuncUnit> <Opcode : 'fadd' 'fsub'> <InPorts = 2> <OutPorts = 1>
ST_10 : Operation 217 [2/4] (6.43ns)   --->   "%P_497_1 = fadd i32 %tmp_108_1, i32 %mul105_i_1" [ekf_core.cpp:118->ekf_core.cpp:169]   --->   Operation 217 'fadd' 'P_497_1' <Predicate = true> <Delay = 6.43> <CoreInst = "FAddSub_fulldsp">   --->   Core 18 'FAddSub_fulldsp' <Latency = 3> <II = 1> <Delay = 6.43> <FuncUnit> <Opcode : 'fadd' 'fsub'> <InPorts = 2> <OutPorts = 1>
ST_10 : Operation 218 [2/4] (6.43ns)   --->   "%P_497_2 = fadd i32 %tmp_108_2, i32 %mul105_i_2" [ekf_core.cpp:118->ekf_core.cpp:169]   --->   Operation 218 'fadd' 'P_497_2' <Predicate = true> <Delay = 6.43> <CoreInst = "FAddSub_fulldsp">   --->   Core 18 'FAddSub_fulldsp' <Latency = 3> <II = 1> <Delay = 6.43> <FuncUnit> <Opcode : 'fadd' 'fsub'> <InPorts = 2> <OutPorts = 1>
ST_10 : Operation 219 [2/4] (6.43ns)   --->   "%P_497_3 = fadd i32 %tmp_108_3, i32 %mul105_i_3" [ekf_core.cpp:118->ekf_core.cpp:169]   --->   Operation 219 'fadd' 'P_497_3' <Predicate = true> <Delay = 6.43> <CoreInst = "FAddSub_fulldsp">   --->   Core 18 'FAddSub_fulldsp' <Latency = 3> <II = 1> <Delay = 6.43> <FuncUnit> <Opcode : 'fadd' 'fsub'> <InPorts = 2> <OutPorts = 1>
ST_10 : Operation 220 [2/4] (6.43ns)   --->   "%P_497_4 = fadd i32 %tmp_108_4, i32 %mul105_i_4" [ekf_core.cpp:118->ekf_core.cpp:169]   --->   Operation 220 'fadd' 'P_497_4' <Predicate = true> <Delay = 6.43> <CoreInst = "FAddSub_fulldsp">   --->   Core 18 'FAddSub_fulldsp' <Latency = 3> <II = 1> <Delay = 6.43> <FuncUnit> <Opcode : 'fadd' 'fsub'> <InPorts = 2> <OutPorts = 1>
ST_10 : Operation 221 [2/4] (6.43ns)   --->   "%P_497_5 = fadd i32 %tmp_108_5, i32 %mul105_i_5" [ekf_core.cpp:118->ekf_core.cpp:169]   --->   Operation 221 'fadd' 'P_497_5' <Predicate = true> <Delay = 6.43> <CoreInst = "FAddSub_fulldsp">   --->   Core 18 'FAddSub_fulldsp' <Latency = 3> <II = 1> <Delay = 6.43> <FuncUnit> <Opcode : 'fadd' 'fsub'> <InPorts = 2> <OutPorts = 1>
ST_10 : Operation 272 [1/1] (0.00ns)   --->   "%P_load = load i32 %P"   --->   Operation 272 'load' 'P_load' <Predicate = (icmp_ln117)> <Delay = 0.00>
ST_10 : Operation 273 [1/1] (0.00ns)   --->   "%P_38_load = load i32 %P_38"   --->   Operation 273 'load' 'P_38_load' <Predicate = (icmp_ln117)> <Delay = 0.00>
ST_10 : Operation 274 [1/1] (0.00ns)   --->   "%P_39_load = load i32 %P_39"   --->   Operation 274 'load' 'P_39_load' <Predicate = (icmp_ln117)> <Delay = 0.00>
ST_10 : Operation 275 [1/1] (0.00ns)   --->   "%P_40_load = load i32 %P_40"   --->   Operation 275 'load' 'P_40_load' <Predicate = (icmp_ln117)> <Delay = 0.00>
ST_10 : Operation 276 [1/1] (0.00ns)   --->   "%P_41_load = load i32 %P_41"   --->   Operation 276 'load' 'P_41_load' <Predicate = (icmp_ln117)> <Delay = 0.00>
ST_10 : Operation 277 [1/1] (0.00ns)   --->   "%P_42_load = load i32 %P_42"   --->   Operation 277 'load' 'P_42_load' <Predicate = (icmp_ln117)> <Delay = 0.00>
ST_10 : Operation 278 [1/1] (0.00ns)   --->   "%P_43_load = load i32 %P_43"   --->   Operation 278 'load' 'P_43_load' <Predicate = (icmp_ln117)> <Delay = 0.00>
ST_10 : Operation 279 [1/1] (0.00ns)   --->   "%P_44_load = load i32 %P_44"   --->   Operation 279 'load' 'P_44_load' <Predicate = (icmp_ln117)> <Delay = 0.00>
ST_10 : Operation 280 [1/1] (0.00ns)   --->   "%P_45_load = load i32 %P_45"   --->   Operation 280 'load' 'P_45_load' <Predicate = (icmp_ln117)> <Delay = 0.00>
ST_10 : Operation 281 [1/1] (0.00ns)   --->   "%P_46_load = load i32 %P_46"   --->   Operation 281 'load' 'P_46_load' <Predicate = (icmp_ln117)> <Delay = 0.00>
ST_10 : Operation 282 [1/1] (0.00ns)   --->   "%P_47_load = load i32 %P_47"   --->   Operation 282 'load' 'P_47_load' <Predicate = (icmp_ln117)> <Delay = 0.00>
ST_10 : Operation 283 [1/1] (0.00ns)   --->   "%P_48_load = load i32 %P_48"   --->   Operation 283 'load' 'P_48_load' <Predicate = (icmp_ln117)> <Delay = 0.00>
ST_10 : Operation 284 [1/1] (0.00ns)   --->   "%P_49_load = load i32 %P_49"   --->   Operation 284 'load' 'P_49_load' <Predicate = (icmp_ln117)> <Delay = 0.00>
ST_10 : Operation 285 [1/1] (0.00ns)   --->   "%P_50_load = load i32 %P_50"   --->   Operation 285 'load' 'P_50_load' <Predicate = (icmp_ln117)> <Delay = 0.00>
ST_10 : Operation 286 [1/1] (0.00ns)   --->   "%P_51_load = load i32 %P_51"   --->   Operation 286 'load' 'P_51_load' <Predicate = (icmp_ln117)> <Delay = 0.00>
ST_10 : Operation 287 [1/1] (0.00ns)   --->   "%P_52_load = load i32 %P_52"   --->   Operation 287 'load' 'P_52_load' <Predicate = (icmp_ln117)> <Delay = 0.00>
ST_10 : Operation 288 [1/1] (0.00ns)   --->   "%P_53_load = load i32 %P_53"   --->   Operation 288 'load' 'P_53_load' <Predicate = (icmp_ln117)> <Delay = 0.00>
ST_10 : Operation 289 [1/1] (0.00ns)   --->   "%P_54_load = load i32 %P_54"   --->   Operation 289 'load' 'P_54_load' <Predicate = (icmp_ln117)> <Delay = 0.00>
ST_10 : Operation 290 [1/1] (0.00ns)   --->   "%P_55_load = load i32 %P_55"   --->   Operation 290 'load' 'P_55_load' <Predicate = (icmp_ln117)> <Delay = 0.00>
ST_10 : Operation 291 [1/1] (0.00ns)   --->   "%P_56_load = load i32 %P_56"   --->   Operation 291 'load' 'P_56_load' <Predicate = (icmp_ln117)> <Delay = 0.00>
ST_10 : Operation 292 [1/1] (0.00ns)   --->   "%P_57_load = load i32 %P_57"   --->   Operation 292 'load' 'P_57_load' <Predicate = (icmp_ln117)> <Delay = 0.00>
ST_10 : Operation 293 [1/1] (0.00ns)   --->   "%P_58_load = load i32 %P_58"   --->   Operation 293 'load' 'P_58_load' <Predicate = (icmp_ln117)> <Delay = 0.00>
ST_10 : Operation 294 [1/1] (0.00ns)   --->   "%P_59_load = load i32 %P_59"   --->   Operation 294 'load' 'P_59_load' <Predicate = (icmp_ln117)> <Delay = 0.00>
ST_10 : Operation 295 [1/1] (0.00ns)   --->   "%P_60_load = load i32 %P_60"   --->   Operation 295 'load' 'P_60_load' <Predicate = (icmp_ln117)> <Delay = 0.00>
ST_10 : Operation 296 [1/1] (0.00ns)   --->   "%P_61_load = load i32 %P_61"   --->   Operation 296 'load' 'P_61_load' <Predicate = (icmp_ln117)> <Delay = 0.00>
ST_10 : Operation 297 [1/1] (0.00ns)   --->   "%P_62_load = load i32 %P_62"   --->   Operation 297 'load' 'P_62_load' <Predicate = (icmp_ln117)> <Delay = 0.00>
ST_10 : Operation 298 [1/1] (0.00ns)   --->   "%P_63_load = load i32 %P_63"   --->   Operation 298 'load' 'P_63_load' <Predicate = (icmp_ln117)> <Delay = 0.00>
ST_10 : Operation 299 [1/1] (0.00ns)   --->   "%P_64_load = load i32 %P_64"   --->   Operation 299 'load' 'P_64_load' <Predicate = (icmp_ln117)> <Delay = 0.00>
ST_10 : Operation 300 [1/1] (0.00ns)   --->   "%P_65_load = load i32 %P_65"   --->   Operation 300 'load' 'P_65_load' <Predicate = (icmp_ln117)> <Delay = 0.00>
ST_10 : Operation 301 [1/1] (0.00ns)   --->   "%P_66_load = load i32 %P_66"   --->   Operation 301 'load' 'P_66_load' <Predicate = (icmp_ln117)> <Delay = 0.00>
ST_10 : Operation 302 [1/1] (0.00ns)   --->   "%P_67_load = load i32 %P_67"   --->   Operation 302 'load' 'P_67_load' <Predicate = (icmp_ln117)> <Delay = 0.00>
ST_10 : Operation 303 [1/1] (0.00ns)   --->   "%P_68_load = load i32 %P_68"   --->   Operation 303 'load' 'P_68_load' <Predicate = (icmp_ln117)> <Delay = 0.00>
ST_10 : Operation 304 [1/1] (0.00ns)   --->   "%P_69_load = load i32 %P_69"   --->   Operation 304 'load' 'P_69_load' <Predicate = (icmp_ln117)> <Delay = 0.00>
ST_10 : Operation 305 [1/1] (0.00ns)   --->   "%P_70_load = load i32 %P_70"   --->   Operation 305 'load' 'P_70_load' <Predicate = (icmp_ln117)> <Delay = 0.00>
ST_10 : Operation 306 [1/1] (0.00ns)   --->   "%P_71_load = load i32 %P_71"   --->   Operation 306 'load' 'P_71_load' <Predicate = (icmp_ln117)> <Delay = 0.00>
ST_10 : Operation 307 [1/1] (0.00ns)   --->   "%P_72_load = load i32 %P_72"   --->   Operation 307 'load' 'P_72_load' <Predicate = (icmp_ln117)> <Delay = 0.00>
ST_10 : Operation 308 [1/1] (0.00ns)   --->   "%write_ln0 = write void @_ssdm_op_Write.ap_auto.floatP0A, i32 %P_318_out, i32 %P_72_load"   --->   Operation 308 'write' 'write_ln0' <Predicate = (icmp_ln117)> <Delay = 0.00>
ST_10 : Operation 309 [1/1] (0.00ns)   --->   "%write_ln0 = write void @_ssdm_op_Write.ap_auto.floatP0A, i32 %P_317_out, i32 %P_71_load"   --->   Operation 309 'write' 'write_ln0' <Predicate = (icmp_ln117)> <Delay = 0.00>
ST_10 : Operation 310 [1/1] (0.00ns)   --->   "%write_ln0 = write void @_ssdm_op_Write.ap_auto.floatP0A, i32 %P_316_out, i32 %P_70_load"   --->   Operation 310 'write' 'write_ln0' <Predicate = (icmp_ln117)> <Delay = 0.00>
ST_10 : Operation 311 [1/1] (0.00ns)   --->   "%write_ln0 = write void @_ssdm_op_Write.ap_auto.floatP0A, i32 %P_315_out, i32 %P_69_load"   --->   Operation 311 'write' 'write_ln0' <Predicate = (icmp_ln117)> <Delay = 0.00>
ST_10 : Operation 312 [1/1] (0.00ns)   --->   "%write_ln0 = write void @_ssdm_op_Write.ap_auto.floatP0A, i32 %P_314_out, i32 %P_68_load"   --->   Operation 312 'write' 'write_ln0' <Predicate = (icmp_ln117)> <Delay = 0.00>
ST_10 : Operation 313 [1/1] (0.00ns)   --->   "%write_ln0 = write void @_ssdm_op_Write.ap_auto.floatP0A, i32 %P_313_out, i32 %P_67_load"   --->   Operation 313 'write' 'write_ln0' <Predicate = (icmp_ln117)> <Delay = 0.00>
ST_10 : Operation 314 [1/1] (0.00ns)   --->   "%write_ln0 = write void @_ssdm_op_Write.ap_auto.floatP0A, i32 %P_312_out, i32 %P_66_load"   --->   Operation 314 'write' 'write_ln0' <Predicate = (icmp_ln117)> <Delay = 0.00>
ST_10 : Operation 315 [1/1] (0.00ns)   --->   "%write_ln0 = write void @_ssdm_op_Write.ap_auto.floatP0A, i32 %P_311_out, i32 %P_65_load"   --->   Operation 315 'write' 'write_ln0' <Predicate = (icmp_ln117)> <Delay = 0.00>
ST_10 : Operation 316 [1/1] (0.00ns)   --->   "%write_ln0 = write void @_ssdm_op_Write.ap_auto.floatP0A, i32 %P_310_out, i32 %P_64_load"   --->   Operation 316 'write' 'write_ln0' <Predicate = (icmp_ln117)> <Delay = 0.00>
ST_10 : Operation 317 [1/1] (0.00ns)   --->   "%write_ln0 = write void @_ssdm_op_Write.ap_auto.floatP0A, i32 %P_309_out, i32 %P_63_load"   --->   Operation 317 'write' 'write_ln0' <Predicate = (icmp_ln117)> <Delay = 0.00>
ST_10 : Operation 318 [1/1] (0.00ns)   --->   "%write_ln0 = write void @_ssdm_op_Write.ap_auto.floatP0A, i32 %P_308_out, i32 %P_62_load"   --->   Operation 318 'write' 'write_ln0' <Predicate = (icmp_ln117)> <Delay = 0.00>
ST_10 : Operation 319 [1/1] (0.00ns)   --->   "%write_ln0 = write void @_ssdm_op_Write.ap_auto.floatP0A, i32 %P_307_out, i32 %P_61_load"   --->   Operation 319 'write' 'write_ln0' <Predicate = (icmp_ln117)> <Delay = 0.00>
ST_10 : Operation 320 [1/1] (0.00ns)   --->   "%write_ln0 = write void @_ssdm_op_Write.ap_auto.floatP0A, i32 %P_306_out, i32 %P_60_load"   --->   Operation 320 'write' 'write_ln0' <Predicate = (icmp_ln117)> <Delay = 0.00>
ST_10 : Operation 321 [1/1] (0.00ns)   --->   "%write_ln0 = write void @_ssdm_op_Write.ap_auto.floatP0A, i32 %P_305_out, i32 %P_59_load"   --->   Operation 321 'write' 'write_ln0' <Predicate = (icmp_ln117)> <Delay = 0.00>
ST_10 : Operation 322 [1/1] (0.00ns)   --->   "%write_ln0 = write void @_ssdm_op_Write.ap_auto.floatP0A, i32 %P_304_out, i32 %P_58_load"   --->   Operation 322 'write' 'write_ln0' <Predicate = (icmp_ln117)> <Delay = 0.00>
ST_10 : Operation 323 [1/1] (0.00ns)   --->   "%write_ln0 = write void @_ssdm_op_Write.ap_auto.floatP0A, i32 %P_303_out, i32 %P_57_load"   --->   Operation 323 'write' 'write_ln0' <Predicate = (icmp_ln117)> <Delay = 0.00>
ST_10 : Operation 324 [1/1] (0.00ns)   --->   "%write_ln0 = write void @_ssdm_op_Write.ap_auto.floatP0A, i32 %P_302_out, i32 %P_56_load"   --->   Operation 324 'write' 'write_ln0' <Predicate = (icmp_ln117)> <Delay = 0.00>
ST_10 : Operation 325 [1/1] (0.00ns)   --->   "%write_ln0 = write void @_ssdm_op_Write.ap_auto.floatP0A, i32 %P_301_out, i32 %P_55_load"   --->   Operation 325 'write' 'write_ln0' <Predicate = (icmp_ln117)> <Delay = 0.00>
ST_10 : Operation 326 [1/1] (0.00ns)   --->   "%write_ln0 = write void @_ssdm_op_Write.ap_auto.floatP0A, i32 %P_300_out, i32 %P_54_load"   --->   Operation 326 'write' 'write_ln0' <Predicate = (icmp_ln117)> <Delay = 0.00>
ST_10 : Operation 327 [1/1] (0.00ns)   --->   "%write_ln0 = write void @_ssdm_op_Write.ap_auto.floatP0A, i32 %P_299_out, i32 %P_53_load"   --->   Operation 327 'write' 'write_ln0' <Predicate = (icmp_ln117)> <Delay = 0.00>
ST_10 : Operation 328 [1/1] (0.00ns)   --->   "%write_ln0 = write void @_ssdm_op_Write.ap_auto.floatP0A, i32 %P_298_out, i32 %P_52_load"   --->   Operation 328 'write' 'write_ln0' <Predicate = (icmp_ln117)> <Delay = 0.00>
ST_10 : Operation 329 [1/1] (0.00ns)   --->   "%write_ln0 = write void @_ssdm_op_Write.ap_auto.floatP0A, i32 %P_297_out, i32 %P_51_load"   --->   Operation 329 'write' 'write_ln0' <Predicate = (icmp_ln117)> <Delay = 0.00>
ST_10 : Operation 330 [1/1] (0.00ns)   --->   "%write_ln0 = write void @_ssdm_op_Write.ap_auto.floatP0A, i32 %P_296_out, i32 %P_50_load"   --->   Operation 330 'write' 'write_ln0' <Predicate = (icmp_ln117)> <Delay = 0.00>
ST_10 : Operation 331 [1/1] (0.00ns)   --->   "%write_ln0 = write void @_ssdm_op_Write.ap_auto.floatP0A, i32 %P_295_out, i32 %P_49_load"   --->   Operation 331 'write' 'write_ln0' <Predicate = (icmp_ln117)> <Delay = 0.00>
ST_10 : Operation 332 [1/1] (0.00ns)   --->   "%write_ln0 = write void @_ssdm_op_Write.ap_auto.floatP0A, i32 %P_294_out, i32 %P_48_load"   --->   Operation 332 'write' 'write_ln0' <Predicate = (icmp_ln117)> <Delay = 0.00>
ST_10 : Operation 333 [1/1] (0.00ns)   --->   "%write_ln0 = write void @_ssdm_op_Write.ap_auto.floatP0A, i32 %P_293_out, i32 %P_47_load"   --->   Operation 333 'write' 'write_ln0' <Predicate = (icmp_ln117)> <Delay = 0.00>
ST_10 : Operation 334 [1/1] (0.00ns)   --->   "%write_ln0 = write void @_ssdm_op_Write.ap_auto.floatP0A, i32 %P_292_out, i32 %P_46_load"   --->   Operation 334 'write' 'write_ln0' <Predicate = (icmp_ln117)> <Delay = 0.00>
ST_10 : Operation 335 [1/1] (0.00ns)   --->   "%write_ln0 = write void @_ssdm_op_Write.ap_auto.floatP0A, i32 %P_291_out, i32 %P_45_load"   --->   Operation 335 'write' 'write_ln0' <Predicate = (icmp_ln117)> <Delay = 0.00>
ST_10 : Operation 336 [1/1] (0.00ns)   --->   "%write_ln0 = write void @_ssdm_op_Write.ap_auto.floatP0A, i32 %P_290_out, i32 %P_44_load"   --->   Operation 336 'write' 'write_ln0' <Predicate = (icmp_ln117)> <Delay = 0.00>
ST_10 : Operation 337 [1/1] (0.00ns)   --->   "%write_ln0 = write void @_ssdm_op_Write.ap_auto.floatP0A, i32 %P_289_out, i32 %P_43_load"   --->   Operation 337 'write' 'write_ln0' <Predicate = (icmp_ln117)> <Delay = 0.00>
ST_10 : Operation 338 [1/1] (0.00ns)   --->   "%write_ln0 = write void @_ssdm_op_Write.ap_auto.floatP0A, i32 %P_288_out, i32 %P_42_load"   --->   Operation 338 'write' 'write_ln0' <Predicate = (icmp_ln117)> <Delay = 0.00>
ST_10 : Operation 339 [1/1] (0.00ns)   --->   "%write_ln0 = write void @_ssdm_op_Write.ap_auto.floatP0A, i32 %P_287_out, i32 %P_41_load"   --->   Operation 339 'write' 'write_ln0' <Predicate = (icmp_ln117)> <Delay = 0.00>
ST_10 : Operation 340 [1/1] (0.00ns)   --->   "%write_ln0 = write void @_ssdm_op_Write.ap_auto.floatP0A, i32 %P_286_out, i32 %P_40_load"   --->   Operation 340 'write' 'write_ln0' <Predicate = (icmp_ln117)> <Delay = 0.00>
ST_10 : Operation 341 [1/1] (0.00ns)   --->   "%write_ln0 = write void @_ssdm_op_Write.ap_auto.floatP0A, i32 %P_285_out, i32 %P_39_load"   --->   Operation 341 'write' 'write_ln0' <Predicate = (icmp_ln117)> <Delay = 0.00>
ST_10 : Operation 342 [1/1] (0.00ns)   --->   "%write_ln0 = write void @_ssdm_op_Write.ap_auto.floatP0A, i32 %P_284_out, i32 %P_38_load"   --->   Operation 342 'write' 'write_ln0' <Predicate = (icmp_ln117)> <Delay = 0.00>
ST_10 : Operation 343 [1/1] (0.00ns)   --->   "%write_ln0 = write void @_ssdm_op_Write.ap_auto.floatP0A, i32 %P_283_out, i32 %P_load"   --->   Operation 343 'write' 'write_ln0' <Predicate = (icmp_ln117)> <Delay = 0.00>
ST_10 : Operation 344 [1/1] (0.00ns)   --->   "%ret_ln0 = ret"   --->   Operation 344 'ret' 'ret_ln0' <Predicate = (icmp_ln117)> <Delay = 0.00>

State 11 <SV = 10> <Delay = 6.86>
ST_11 : Operation 222 [1/1] (0.00ns)   --->   "%speclooptripcount_ln154 = speclooptripcount void @_ssdm_op_SpecLoopTripCount, i64 6, i64 6, i64 6" [ekf_core.cpp:154]   --->   Operation 222 'speclooptripcount' 'speclooptripcount_ln154' <Predicate = true> <Delay = 0.00>
ST_11 : Operation 223 [1/1] (0.00ns)   --->   "%specloopname_ln117 = specloopname void @_ssdm_op_SpecLoopName, void @empty_21" [ekf_core.cpp:117->ekf_core.cpp:169]   --->   Operation 223 'specloopname' 'specloopname_ln117' <Predicate = true> <Delay = 0.00>
ST_11 : Operation 224 [1/4] (6.43ns)   --->   "%P_s = fadd i32 %tmp_58, i32 %mul105_i" [ekf_core.cpp:118->ekf_core.cpp:169]   --->   Operation 224 'fadd' 'P_s' <Predicate = true> <Delay = 6.43> <CoreInst = "FAddSub_fulldsp">   --->   Core 18 'FAddSub_fulldsp' <Latency = 3> <II = 1> <Delay = 6.43> <FuncUnit> <Opcode : 'fadd' 'fsub'> <InPorts = 2> <OutPorts = 1>
ST_11 : Operation 225 [1/4] (6.43ns)   --->   "%P_497_1 = fadd i32 %tmp_108_1, i32 %mul105_i_1" [ekf_core.cpp:118->ekf_core.cpp:169]   --->   Operation 225 'fadd' 'P_497_1' <Predicate = true> <Delay = 6.43> <CoreInst = "FAddSub_fulldsp">   --->   Core 18 'FAddSub_fulldsp' <Latency = 3> <II = 1> <Delay = 6.43> <FuncUnit> <Opcode : 'fadd' 'fsub'> <InPorts = 2> <OutPorts = 1>
ST_11 : Operation 226 [1/4] (6.43ns)   --->   "%P_497_2 = fadd i32 %tmp_108_2, i32 %mul105_i_2" [ekf_core.cpp:118->ekf_core.cpp:169]   --->   Operation 226 'fadd' 'P_497_2' <Predicate = true> <Delay = 6.43> <CoreInst = "FAddSub_fulldsp">   --->   Core 18 'FAddSub_fulldsp' <Latency = 3> <II = 1> <Delay = 6.43> <FuncUnit> <Opcode : 'fadd' 'fsub'> <InPorts = 2> <OutPorts = 1>
ST_11 : Operation 227 [1/4] (6.43ns)   --->   "%P_497_3 = fadd i32 %tmp_108_3, i32 %mul105_i_3" [ekf_core.cpp:118->ekf_core.cpp:169]   --->   Operation 227 'fadd' 'P_497_3' <Predicate = true> <Delay = 6.43> <CoreInst = "FAddSub_fulldsp">   --->   Core 18 'FAddSub_fulldsp' <Latency = 3> <II = 1> <Delay = 6.43> <FuncUnit> <Opcode : 'fadd' 'fsub'> <InPorts = 2> <OutPorts = 1>
ST_11 : Operation 228 [1/4] (6.43ns)   --->   "%P_497_4 = fadd i32 %tmp_108_4, i32 %mul105_i_4" [ekf_core.cpp:118->ekf_core.cpp:169]   --->   Operation 228 'fadd' 'P_497_4' <Predicate = true> <Delay = 6.43> <CoreInst = "FAddSub_fulldsp">   --->   Core 18 'FAddSub_fulldsp' <Latency = 3> <II = 1> <Delay = 6.43> <FuncUnit> <Opcode : 'fadd' 'fsub'> <InPorts = 2> <OutPorts = 1>
ST_11 : Operation 229 [1/4] (6.43ns)   --->   "%P_497_5 = fadd i32 %tmp_108_5, i32 %mul105_i_5" [ekf_core.cpp:118->ekf_core.cpp:169]   --->   Operation 229 'fadd' 'P_497_5' <Predicate = true> <Delay = 6.43> <CoreInst = "FAddSub_fulldsp">   --->   Core 18 'FAddSub_fulldsp' <Latency = 3> <II = 1> <Delay = 6.43> <FuncUnit> <Opcode : 'fadd' 'fsub'> <InPorts = 2> <OutPorts = 1>
ST_11 : Operation 230 [1/1] (0.42ns)   --->   "%store_ln118 = store i32 %P_s, i32 %P_48" [ekf_core.cpp:118->ekf_core.cpp:169]   --->   Operation 230 'store' 'store_ln118' <Predicate = (i_12 == 4)> <Delay = 0.42>
ST_11 : Operation 231 [1/1] (0.42ns)   --->   "%store_ln118 = store i32 %P_497_1, i32 %P_47" [ekf_core.cpp:118->ekf_core.cpp:169]   --->   Operation 231 'store' 'store_ln118' <Predicate = (i_12 == 4)> <Delay = 0.42>
ST_11 : Operation 232 [1/1] (0.42ns)   --->   "%store_ln118 = store i32 %P_497_2, i32 %P_46" [ekf_core.cpp:118->ekf_core.cpp:169]   --->   Operation 232 'store' 'store_ln118' <Predicate = (i_12 == 4)> <Delay = 0.42>
ST_11 : Operation 233 [1/1] (0.42ns)   --->   "%store_ln118 = store i32 %P_497_3, i32 %P_45" [ekf_core.cpp:118->ekf_core.cpp:169]   --->   Operation 233 'store' 'store_ln118' <Predicate = (i_12 == 4)> <Delay = 0.42>
ST_11 : Operation 234 [1/1] (0.42ns)   --->   "%store_ln118 = store i32 %P_497_4, i32 %P_44" [ekf_core.cpp:118->ekf_core.cpp:169]   --->   Operation 234 'store' 'store_ln118' <Predicate = (i_12 == 4)> <Delay = 0.42>
ST_11 : Operation 235 [1/1] (0.42ns)   --->   "%store_ln118 = store i32 %P_497_5, i32 %P_43" [ekf_core.cpp:118->ekf_core.cpp:169]   --->   Operation 235 'store' 'store_ln118' <Predicate = (i_12 == 4)> <Delay = 0.42>
ST_11 : Operation 236 [1/1] (0.00ns)   --->   "%br_ln0 = br void %for.cond.cleanup94.i"   --->   Operation 236 'br' 'br_ln0' <Predicate = (i_12 == 4)> <Delay = 0.00>
ST_11 : Operation 237 [1/1] (0.42ns)   --->   "%store_ln118 = store i32 %P_s, i32 %P_54" [ekf_core.cpp:118->ekf_core.cpp:169]   --->   Operation 237 'store' 'store_ln118' <Predicate = (i_12 == 3)> <Delay = 0.42>
ST_11 : Operation 238 [1/1] (0.42ns)   --->   "%store_ln118 = store i32 %P_497_1, i32 %P_53" [ekf_core.cpp:118->ekf_core.cpp:169]   --->   Operation 238 'store' 'store_ln118' <Predicate = (i_12 == 3)> <Delay = 0.42>
ST_11 : Operation 239 [1/1] (0.42ns)   --->   "%store_ln118 = store i32 %P_497_2, i32 %P_52" [ekf_core.cpp:118->ekf_core.cpp:169]   --->   Operation 239 'store' 'store_ln118' <Predicate = (i_12 == 3)> <Delay = 0.42>
ST_11 : Operation 240 [1/1] (0.42ns)   --->   "%store_ln118 = store i32 %P_497_3, i32 %P_51" [ekf_core.cpp:118->ekf_core.cpp:169]   --->   Operation 240 'store' 'store_ln118' <Predicate = (i_12 == 3)> <Delay = 0.42>
ST_11 : Operation 241 [1/1] (0.42ns)   --->   "%store_ln118 = store i32 %P_497_4, i32 %P_50" [ekf_core.cpp:118->ekf_core.cpp:169]   --->   Operation 241 'store' 'store_ln118' <Predicate = (i_12 == 3)> <Delay = 0.42>
ST_11 : Operation 242 [1/1] (0.42ns)   --->   "%store_ln118 = store i32 %P_497_5, i32 %P_49" [ekf_core.cpp:118->ekf_core.cpp:169]   --->   Operation 242 'store' 'store_ln118' <Predicate = (i_12 == 3)> <Delay = 0.42>
ST_11 : Operation 243 [1/1] (0.00ns)   --->   "%br_ln0 = br void %for.cond.cleanup94.i"   --->   Operation 243 'br' 'br_ln0' <Predicate = (i_12 == 3)> <Delay = 0.00>
ST_11 : Operation 244 [1/1] (0.42ns)   --->   "%store_ln118 = store i32 %P_s, i32 %P_67" [ekf_core.cpp:118->ekf_core.cpp:169]   --->   Operation 244 'store' 'store_ln118' <Predicate = (i_12 == 2)> <Delay = 0.42>
ST_11 : Operation 245 [1/1] (0.42ns)   --->   "%store_ln118 = store i32 %P_497_1, i32 %P_68" [ekf_core.cpp:118->ekf_core.cpp:169]   --->   Operation 245 'store' 'store_ln118' <Predicate = (i_12 == 2)> <Delay = 0.42>
ST_11 : Operation 246 [1/1] (0.42ns)   --->   "%store_ln118 = store i32 %P_497_2, i32 %P_69" [ekf_core.cpp:118->ekf_core.cpp:169]   --->   Operation 246 'store' 'store_ln118' <Predicate = (i_12 == 2)> <Delay = 0.42>
ST_11 : Operation 247 [1/1] (0.42ns)   --->   "%store_ln118 = store i32 %P_497_3, i32 %P_70" [ekf_core.cpp:118->ekf_core.cpp:169]   --->   Operation 247 'store' 'store_ln118' <Predicate = (i_12 == 2)> <Delay = 0.42>
ST_11 : Operation 248 [1/1] (0.42ns)   --->   "%store_ln118 = store i32 %P_497_4, i32 %P_71" [ekf_core.cpp:118->ekf_core.cpp:169]   --->   Operation 248 'store' 'store_ln118' <Predicate = (i_12 == 2)> <Delay = 0.42>
ST_11 : Operation 249 [1/1] (0.42ns)   --->   "%store_ln118 = store i32 %P_497_5, i32 %P_72" [ekf_core.cpp:118->ekf_core.cpp:169]   --->   Operation 249 'store' 'store_ln118' <Predicate = (i_12 == 2)> <Delay = 0.42>
ST_11 : Operation 250 [1/1] (0.00ns)   --->   "%br_ln0 = br void %for.cond.cleanup94.i"   --->   Operation 250 'br' 'br_ln0' <Predicate = (i_12 == 2)> <Delay = 0.00>
ST_11 : Operation 251 [1/1] (0.42ns)   --->   "%store_ln118 = store i32 %P_s, i32 %P_61" [ekf_core.cpp:118->ekf_core.cpp:169]   --->   Operation 251 'store' 'store_ln118' <Predicate = (i_12 == 1)> <Delay = 0.42>
ST_11 : Operation 252 [1/1] (0.42ns)   --->   "%store_ln118 = store i32 %P_497_1, i32 %P_62" [ekf_core.cpp:118->ekf_core.cpp:169]   --->   Operation 252 'store' 'store_ln118' <Predicate = (i_12 == 1)> <Delay = 0.42>
ST_11 : Operation 253 [1/1] (0.42ns)   --->   "%store_ln118 = store i32 %P_497_2, i32 %P_63" [ekf_core.cpp:118->ekf_core.cpp:169]   --->   Operation 253 'store' 'store_ln118' <Predicate = (i_12 == 1)> <Delay = 0.42>
ST_11 : Operation 254 [1/1] (0.42ns)   --->   "%store_ln118 = store i32 %P_497_3, i32 %P_64" [ekf_core.cpp:118->ekf_core.cpp:169]   --->   Operation 254 'store' 'store_ln118' <Predicate = (i_12 == 1)> <Delay = 0.42>
ST_11 : Operation 255 [1/1] (0.42ns)   --->   "%store_ln118 = store i32 %P_497_4, i32 %P_65" [ekf_core.cpp:118->ekf_core.cpp:169]   --->   Operation 255 'store' 'store_ln118' <Predicate = (i_12 == 1)> <Delay = 0.42>
ST_11 : Operation 256 [1/1] (0.42ns)   --->   "%store_ln118 = store i32 %P_497_5, i32 %P_66" [ekf_core.cpp:118->ekf_core.cpp:169]   --->   Operation 256 'store' 'store_ln118' <Predicate = (i_12 == 1)> <Delay = 0.42>
ST_11 : Operation 257 [1/1] (0.00ns)   --->   "%br_ln0 = br void %for.cond.cleanup94.i"   --->   Operation 257 'br' 'br_ln0' <Predicate = (i_12 == 1)> <Delay = 0.00>
ST_11 : Operation 258 [1/1] (0.42ns)   --->   "%store_ln118 = store i32 %P_s, i32 %P_55" [ekf_core.cpp:118->ekf_core.cpp:169]   --->   Operation 258 'store' 'store_ln118' <Predicate = (i_12 == 0)> <Delay = 0.42>
ST_11 : Operation 259 [1/1] (0.42ns)   --->   "%store_ln118 = store i32 %P_497_1, i32 %P_56" [ekf_core.cpp:118->ekf_core.cpp:169]   --->   Operation 259 'store' 'store_ln118' <Predicate = (i_12 == 0)> <Delay = 0.42>
ST_11 : Operation 260 [1/1] (0.42ns)   --->   "%store_ln118 = store i32 %P_497_2, i32 %P_57" [ekf_core.cpp:118->ekf_core.cpp:169]   --->   Operation 260 'store' 'store_ln118' <Predicate = (i_12 == 0)> <Delay = 0.42>
ST_11 : Operation 261 [1/1] (0.42ns)   --->   "%store_ln118 = store i32 %P_497_3, i32 %P_58" [ekf_core.cpp:118->ekf_core.cpp:169]   --->   Operation 261 'store' 'store_ln118' <Predicate = (i_12 == 0)> <Delay = 0.42>
ST_11 : Operation 262 [1/1] (0.42ns)   --->   "%store_ln118 = store i32 %P_497_4, i32 %P_59" [ekf_core.cpp:118->ekf_core.cpp:169]   --->   Operation 262 'store' 'store_ln118' <Predicate = (i_12 == 0)> <Delay = 0.42>
ST_11 : Operation 263 [1/1] (0.42ns)   --->   "%store_ln118 = store i32 %P_497_5, i32 %P_60" [ekf_core.cpp:118->ekf_core.cpp:169]   --->   Operation 263 'store' 'store_ln118' <Predicate = (i_12 == 0)> <Delay = 0.42>
ST_11 : Operation 264 [1/1] (0.00ns)   --->   "%br_ln0 = br void %for.cond.cleanup94.i"   --->   Operation 264 'br' 'br_ln0' <Predicate = (i_12 == 0)> <Delay = 0.00>
ST_11 : Operation 265 [1/1] (0.42ns)   --->   "%store_ln118 = store i32 %P_s, i32 %P_42" [ekf_core.cpp:118->ekf_core.cpp:169]   --->   Operation 265 'store' 'store_ln118' <Predicate = (i_12 == 7) | (i_12 == 6) | (i_12 == 5)> <Delay = 0.42>
ST_11 : Operation 266 [1/1] (0.42ns)   --->   "%store_ln118 = store i32 %P_497_1, i32 %P_41" [ekf_core.cpp:118->ekf_core.cpp:169]   --->   Operation 266 'store' 'store_ln118' <Predicate = (i_12 == 7) | (i_12 == 6) | (i_12 == 5)> <Delay = 0.42>
ST_11 : Operation 267 [1/1] (0.42ns)   --->   "%store_ln118 = store i32 %P_497_2, i32 %P_40" [ekf_core.cpp:118->ekf_core.cpp:169]   --->   Operation 267 'store' 'store_ln118' <Predicate = (i_12 == 7) | (i_12 == 6) | (i_12 == 5)> <Delay = 0.42>
ST_11 : Operation 268 [1/1] (0.42ns)   --->   "%store_ln118 = store i32 %P_497_3, i32 %P_39" [ekf_core.cpp:118->ekf_core.cpp:169]   --->   Operation 268 'store' 'store_ln118' <Predicate = (i_12 == 7) | (i_12 == 6) | (i_12 == 5)> <Delay = 0.42>
ST_11 : Operation 269 [1/1] (0.42ns)   --->   "%store_ln118 = store i32 %P_497_4, i32 %P_38" [ekf_core.cpp:118->ekf_core.cpp:169]   --->   Operation 269 'store' 'store_ln118' <Predicate = (i_12 == 7) | (i_12 == 6) | (i_12 == 5)> <Delay = 0.42>
ST_11 : Operation 270 [1/1] (0.42ns)   --->   "%store_ln118 = store i32 %P_497_5, i32 %P" [ekf_core.cpp:118->ekf_core.cpp:169]   --->   Operation 270 'store' 'store_ln118' <Predicate = (i_12 == 7) | (i_12 == 6) | (i_12 == 5)> <Delay = 0.42>
ST_11 : Operation 271 [1/1] (0.00ns)   --->   "%br_ln0 = br void %for.cond.cleanup94.i"   --->   Operation 271 'br' 'br_ln0' <Predicate = (i_12 == 7) | (i_12 == 6) | (i_12 == 5)> <Delay = 0.00>


============================================================
+ Verbose Summary: Timing violations
============================================================
Target clock period: 10.000ns, clock uncertainty: 2.700ns.

 <State 1>: 1.100ns
The critical path consists of the following:
	'alloca' operation ('i') [116]  (0.000 ns)
	'load' operation ('i', ekf_core.cpp:117->ekf_core.cpp:169) on local variable 'i' [271]  (0.000 ns)
	'add' operation ('add_ln117', ekf_core.cpp:117->ekf_core.cpp:169) [274]  (0.673 ns)
	'store' operation ('store_ln117', ekf_core.cpp:117->ekf_core.cpp:169) of variable 'add_ln117', ekf_core.cpp:117->ekf_core.cpp:169 on local variable 'i' [349]  (0.427 ns)

 <State 2>: 7.016ns
The critical path consists of the following:
	multiplexor before operation 'fmul' with delay (0.968 ns)
'fmul' operation ('mul102_i', ekf_core.cpp:117->ekf_core.cpp:169) [280]  (6.048 ns)

 <State 3>: 7.016ns
The critical path consists of the following:
	'fmul' operation ('mul102_i', ekf_core.cpp:117->ekf_core.cpp:169) [280]  (7.016 ns)

 <State 4>: 7.016ns
The critical path consists of the following:
	'fmul' operation ('mul102_i', ekf_core.cpp:117->ekf_core.cpp:169) [280]  (7.016 ns)

 <State 5>: 7.016ns
The critical path consists of the following:
	multiplexor before operation 'fmul' with delay (0.968 ns)
'fmul' operation ('mul105_i', ekf_core.cpp:118->ekf_core.cpp:169) [282]  (6.048 ns)

 <State 6>: 7.016ns
The critical path consists of the following:
	'fmul' operation ('mul105_i', ekf_core.cpp:118->ekf_core.cpp:169) [282]  (7.016 ns)

 <State 7>: 7.016ns
The critical path consists of the following:
	'fmul' operation ('mul105_i', ekf_core.cpp:118->ekf_core.cpp:169) [282]  (7.016 ns)

 <State 8>: 7.060ns
The critical path consists of the following:
	'mux' operation ('tmp_58', ekf_core.cpp:118->ekf_core.cpp:169) [281]  (0.623 ns)
	multiplexor before operation 'fadd' with delay (1.047 ns)
'fadd' operation ('P_s', ekf_core.cpp:118->ekf_core.cpp:169) [283]  (5.390 ns)

 <State 9>: 6.437ns
The critical path consists of the following:
	'fadd' operation ('P_s', ekf_core.cpp:118->ekf_core.cpp:169) [283]  (6.437 ns)

 <State 10>: 6.437ns
The critical path consists of the following:
	'fadd' operation ('P_s', ekf_core.cpp:118->ekf_core.cpp:169) [283]  (6.437 ns)

 <State 11>: 6.864ns
The critical path consists of the following:
	'fadd' operation ('P_s', ekf_core.cpp:118->ekf_core.cpp:169) [283]  (6.437 ns)
	'store' operation ('store_ln118', ekf_core.cpp:118->ekf_core.cpp:169) of variable 'P_s', ekf_core.cpp:118->ekf_core.cpp:169 on local variable 'P' [301]  (0.427 ns)


============================================================
+ Verbose Summary: Binding
============================================================
N/A
* FSMD analyzer results:
  - Output states:
 - Input state : 
  - Chain level:
	State 1
	State 2
	State 3
	State 4
	State 5
	State 6
	State 7
	State 8
	State 9
	State 10
	State 11


============================================================
+ Verbose Summary: Datapath Resource usage 
============================================================
N/A
