

================================================================
== Vitis HLS Report for 'ekf_batch_Pipeline_VITIS_LOOP_45_3'
================================================================
* Date:           Thu Sep  3 12:11:16 2026

* Version:        2023.1 (Build 3854077 on May  4 2023)
* Project:        EKF
* Solution:       solution1 (Vivado IP Flow Target)
* Product family: zynquplus
* Target device:  xczu9eg-ffvb1156-2-e


================================================================
== Performance Estimates
================================================================
+ Timing: 
    * Summary: 
    +--------+----------+----------+------------+
    |  Clock |  Target  | Estimated| Uncertainty|
    +--------+----------+----------+------------+
    |ap_clk  |  10.00 ns|  0.975 ns|     2.70 ns|
    +--------+----------+----------+------------+

+ Latency: 
    * Summary: 
    +---------+---------+-----------+-----------+-----+-----+---------+
    |  Latency (cycles) |   Latency (absolute)  |  Interval | Pipeline|
    |   min   |   max   |    min    |    max    | min | max |   Type  |
    +---------+---------+-----------+-----------+-----+-----+---------+
    |        5|        5|  50.000 ns|  50.000 ns|    5|    5|       no|
    +---------+---------+-----------+-----------+-----+-----+---------+

    + Detail: 
        * Instance: 
        N/A

        * Loop: 
        +-------------------+---------+---------+----------+-----------+-----------+------+----------+
        |                   |  Latency (cycles) | Iteration|  Initiation Interval  | Trip |          |
        |     Loop Name     |   min   |   max   |  Latency |  achieved |   target  | Count| Pipelined|
        +-------------------+---------+---------+----------+-----------+-----------+------+----------+
        |- VITIS_LOOP_45_3  |        3|        3|         1|          1|          1|     3|       yes|
        +-------------------+---------+---------+----------+-----------+-----------+------+----------+

============================================================
+ Verbose Summary: Synthesis Manager
============================================================
InlineROM: 1
ExposeGlobal: 0
============================================================
+ Verbose Summary: CDFG Model
============================================================
IsTopModel: 0
ResetActiveHigh: 1
IsCombinational: 0
IsDatapathOnly: 0
HasWiredReturn: 1
HasMFsm: 2
HasVarLatency: 1
IsPipeline: 0
IsRtlPipelined: 0
IsInstanceOverlapped: 0
IsDontTouch: 0
HasImplIP: 0
IsGatedGlobalClock: 0

+ Individual pipeline summary: 
  * Pipeline-0: initiation interval (II) = 1, depth = 1


============================================================
+ Verbose Summary: Schedule
============================================================
* Number of FSM states : 1
* Pipeline : 1
  Pipeline-0 : II = 1, D = 1, States = { 1 }
* Dataflow Pipeline: 0

* FSM state transitions: 
1 --> 

* FSM state operations: 

State 1 <SV = 0> <Delay = 0.97>
ST_1 : Operation 4 [1/1] (0.00ns)   --->   "%i_4 = alloca i32 1"   --->   Operation 4 'alloca' 'i_4' <Predicate = true> <Delay = 0.00>
ST_1 : Operation 5 [1/1] (0.00ns)   --->   "%Q = alloca i32 1"   --->   Operation 5 'alloca' 'Q' <Predicate = true> <Delay = 0.00>
ST_1 : Operation 6 [1/1] (0.00ns)   --->   "%Q_1 = alloca i32 1"   --->   Operation 6 'alloca' 'Q_1' <Predicate = true> <Delay = 0.00>
ST_1 : Operation 7 [1/1] (0.00ns)   --->   "%Q_2 = alloca i32 1"   --->   Operation 7 'alloca' 'Q_2' <Predicate = true> <Delay = 0.00>
ST_1 : Operation 8 [1/1] (0.00ns)   --->   "%Q_3 = alloca i32 1"   --->   Operation 8 'alloca' 'Q_3' <Predicate = true> <Delay = 0.00>
ST_1 : Operation 9 [1/1] (0.00ns)   --->   "%Q_4 = alloca i32 1"   --->   Operation 9 'alloca' 'Q_4' <Predicate = true> <Delay = 0.00>
ST_1 : Operation 10 [1/1] (0.00ns)   --->   "%Q_5 = alloca i32 1"   --->   Operation 10 'alloca' 'Q_5' <Predicate = true> <Delay = 0.00>
ST_1 : Operation 11 [1/1] (0.00ns)   --->   "%Q_6 = alloca i32 1"   --->   Operation 11 'alloca' 'Q_6' <Predicate = true> <Delay = 0.00>
ST_1 : Operation 12 [1/1] (0.00ns)   --->   "%Q_7 = alloca i32 1"   --->   Operation 12 'alloca' 'Q_7' <Predicate = true> <Delay = 0.00>
ST_1 : Operation 13 [1/1] (0.00ns)   --->   "%Q_8 = alloca i32 1"   --->   Operation 13 'alloca' 'Q_8' <Predicate = true> <Delay = 0.00>
ST_1 : Operation 14 [1/1] (0.00ns)   --->   "%Q_9 = alloca i32 1"   --->   Operation 14 'alloca' 'Q_9' <Predicate = true> <Delay = 0.00>
ST_1 : Operation 15 [1/1] (0.00ns)   --->   "%Q_10 = alloca i32 1"   --->   Operation 15 'alloca' 'Q_10' <Predicate = true> <Delay = 0.00>
ST_1 : Operation 16 [1/1] (0.00ns)   --->   "%Q_11 = alloca i32 1"   --->   Operation 16 'alloca' 'Q_11' <Predicate = true> <Delay = 0.00>
ST_1 : Operation 17 [1/1] (0.42ns)   --->   "%store_ln0 = store i32 0, i32 %Q_11"   --->   Operation 17 'store' 'store_ln0' <Predicate = true> <Delay = 0.42>
ST_1 : Operation 18 [1/1] (0.42ns)   --->   "%store_ln0 = store i32 0, i32 %Q_10"   --->   Operation 18 'store' 'store_ln0' <Predicate = true> <Delay = 0.42>
ST_1 : Operation 19 [1/1] (0.42ns)   --->   "%store_ln0 = store i32 0, i32 %Q_9"   --->   Operation 19 'store' 'store_ln0' <Predicate = true> <Delay = 0.42>
ST_1 : Operation 20 [1/1] (0.42ns)   --->   "%store_ln0 = store i32 0, i32 %Q_8"   --->   Operation 20 'store' 'store_ln0' <Predicate = true> <Delay = 0.42>
ST_1 : Operation 21 [1/1] (0.42ns)   --->   "%store_ln0 = store i32 0, i32 %Q_7"   --->   Operation 21 'store' 'store_ln0' <Predicate = true> <Delay = 0.42>
ST_1 : Operation 22 [1/1] (0.42ns)   --->   "%store_ln0 = store i32 0, i32 %Q_6"   --->   Operation 22 'store' 'store_ln0' <Predicate = true> <Delay = 0.42>
ST_1 : Operation 23 [1/1] (0.42ns)   --->   "%store_ln0 = store i32 0, i32 %Q_5"   --->   Operation 23 'store' 'store_ln0' <Predicate = true> <Delay = 0.42>
ST_1 : Operation 24 [1/1] (0.42ns)   --->   "%store_ln0 = store i32 0, i32 %Q_4"   --->   Operation 24 'store' 'store_ln0' <Predicate = true> <Delay = 0.42>
ST_1 : Operation 25 [1/1] (0.42ns)   --->   "%store_ln0 = store i32 0, i32 %Q_3"   --->   Operation 25 'store' 'store_ln0' <Predicate = true> <Delay = 0.42>
ST_1 : Operation 26 [1/1] (0.42ns)   --->   "%store_ln0 = store i32 0, i32 %Q_2"   --->   Operation 26 'store' 'store_ln0' <Predicate = true> <Delay = 0.42>
ST_1 : Operation 27 [1/1] (0.42ns)   --->   "%store_ln0 = store i32 0, i32 %Q_1"   --->   Operation 27 'store' 'store_ln0' <Predicate = true> <Delay = 0.42>
ST_1 : Operation 28 [1/1] (0.42ns)   --->   "%store_ln0 = store i32 0, i32 %Q"   --->   Operation 28 'store' 'store_ln0' <Predicate = true> <Delay = 0.42>
ST_1 : Operation 29 [1/1] (0.42ns)   --->   "%store_ln0 = store i2 0, i2 %i_4"   --->   Operation 29 'store' 'store_ln0' <Predicate = true> <Delay = 0.42>
ST_1 : Operation 30 [1/1] (0.00ns)   --->   "%br_ln0 = br void %for.body25.i.i"   --->   Operation 30 'br' 'br_ln0' <Predicate = true> <Delay = 0.00>
ST_1 : Operation 31 [1/1] (0.00ns)   --->   "%i = load i2 %i_4" [ekf_core.cpp:45->ekf_core.cpp:54->ekf_core.cpp:162]   --->   Operation 31 'load' 'i' <Predicate = true> <Delay = 0.00>
ST_1 : Operation 32 [1/1] (0.00ns)   --->   "%specpipeline_ln0 = specpipeline void @_ssdm_op_SpecPipeline, i32 4294967295, i32 0, i32 1, i32 0, void @p_str"   --->   Operation 32 'specpipeline' 'specpipeline_ln0' <Predicate = true> <Delay = 0.00>
ST_1 : Operation 33 [1/1] (0.54ns)   --->   "%icmp_ln45 = icmp_eq  i2 %i, i2 3" [ekf_core.cpp:45->ekf_core.cpp:54->ekf_core.cpp:162]   --->   Operation 33 'icmp' 'icmp_ln45' <Predicate = true> <Delay = 0.54> <CoreInst = "Cmp">   --->   Core 9 'Cmp' <Latency = 0> <II = 1> <Delay = 0.54> <FuncUnit> <Opcode : 'icmp'> <InPorts = 2> <OutPorts = 1>
ST_1 : Operation 34 [1/1] (0.54ns)   --->   "%add_ln45 = add i2 %i, i2 1" [ekf_core.cpp:45->ekf_core.cpp:54->ekf_core.cpp:162]   --->   Operation 34 'add' 'add_ln45' <Predicate = true> <Delay = 0.54> <CoreInst = "Adder">   --->   Core 1 'Adder' <Latency = 0> <II = 1> <Delay = 0.54> <FuncUnit> <Opcode : 'add' 'sub'> <InPorts = 2> <OutPorts = 1>
ST_1 : Operation 35 [1/1] (0.00ns)   --->   "%br_ln45 = br i1 %icmp_ln45, void %for.body25.i.i.split, void %for.body5.i.preheader.exitStub" [ekf_core.cpp:45->ekf_core.cpp:54->ekf_core.cpp:162]   --->   Operation 35 'br' 'br_ln45' <Predicate = true> <Delay = 0.00>
ST_1 : Operation 36 [1/1] (0.00ns)   --->   "%speclooptripcount_ln51 = speclooptripcount void @_ssdm_op_SpecLoopTripCount, i64 3, i64 3, i64 3" [ekf_core.cpp:51->ekf_core.cpp:162]   --->   Operation 36 'speclooptripcount' 'speclooptripcount_ln51' <Predicate = (!icmp_ln45)> <Delay = 0.00>
ST_1 : Operation 37 [1/1] (0.00ns)   --->   "%specloopname_ln45 = specloopname void @_ssdm_op_SpecLoopName, void @empty_7" [ekf_core.cpp:45->ekf_core.cpp:54->ekf_core.cpp:162]   --->   Operation 37 'specloopname' 'specloopname_ln45' <Predicate = (!icmp_ln45)> <Delay = 0.00>
ST_1 : Operation 38 [1/1] (0.73ns)   --->   "%switch_ln45 = switch i2 %i, void %arrayidx447.i.i99.case.5, i2 0, void %for.body25.i.i.split.arrayidx447.i.i99.exit_crit_edge1, i2 1, void %for.body25.i.i.split.arrayidx447.i.i99.exit_crit_edge" [ekf_core.cpp:45->ekf_core.cpp:54->ekf_core.cpp:162]   --->   Operation 38 'switch' 'switch_ln45' <Predicate = (!icmp_ln45)> <Delay = 0.73>
ST_1 : Operation 39 [1/1] (0.42ns)   --->   "%store_ln45 = store i32 4, i32 %Q_9" [ekf_core.cpp:45->ekf_core.cpp:54->ekf_core.cpp:162]   --->   Operation 39 'store' 'store_ln45' <Predicate = (!icmp_ln45 & i == 1)> <Delay = 0.42>
ST_1 : Operation 40 [1/1] (0.42ns)   --->   "%store_ln45 = store i32 0.2, i32 %Q_8" [ekf_core.cpp:45->ekf_core.cpp:54->ekf_core.cpp:162]   --->   Operation 40 'store' 'store_ln45' <Predicate = (!icmp_ln45 & i == 1)> <Delay = 0.42>
ST_1 : Operation 41 [1/1] (0.42ns)   --->   "%store_ln45 = store i32 0.2, i32 %Q_3" [ekf_core.cpp:45->ekf_core.cpp:54->ekf_core.cpp:162]   --->   Operation 41 'store' 'store_ln45' <Predicate = (!icmp_ln45 & i == 1)> <Delay = 0.42>
ST_1 : Operation 42 [1/1] (0.42ns)   --->   "%store_ln45 = store i32 0.0133333, i32 %Q_2" [ekf_core.cpp:45->ekf_core.cpp:54->ekf_core.cpp:162]   --->   Operation 42 'store' 'store_ln45' <Predicate = (!icmp_ln45 & i == 1)> <Delay = 0.42>
ST_1 : Operation 43 [1/1] (0.00ns)   --->   "%br_ln45 = br void %arrayidx447.i.i99.exit" [ekf_core.cpp:45->ekf_core.cpp:54->ekf_core.cpp:162]   --->   Operation 43 'br' 'br_ln45' <Predicate = (!icmp_ln45 & i == 1)> <Delay = 0.00>
ST_1 : Operation 44 [1/1] (0.42ns)   --->   "%store_ln45 = store i32 4, i32 %Q_7" [ekf_core.cpp:45->ekf_core.cpp:54->ekf_core.cpp:162]   --->   Operation 44 'store' 'store_ln45' <Predicate = (!icmp_ln45 & i == 0)> <Delay = 0.42>
ST_1 : Operation 45 [1/1] (0.42ns)   --->   "%store_ln45 = store i32 0.2, i32 %Q_6" [ekf_core.cpp:45->ekf_core.cpp:54->ekf_core.cpp:162]   --->   Operation 45 'store' 'store_ln45' <Predicate = (!icmp_ln45 & i == 0)> <Delay = 0.42>
ST_1 : Operation 46 [1/1] (0.42ns)   --->   "%store_ln45 = store i32 0.2, i32 %Q_1" [ekf_core.cpp:45->ekf_core.cpp:54->ekf_core.cpp:162]   --->   Operation 46 'store' 'store_ln45' <Predicate = (!icmp_ln45 & i == 0)> <Delay = 0.42>
ST_1 : Operation 47 [1/1] (0.42ns)   --->   "%store_ln45 = store i32 0.0133333, i32 %Q" [ekf_core.cpp:45->ekf_core.cpp:54->ekf_core.cpp:162]   --->   Operation 47 'store' 'store_ln45' <Predicate = (!icmp_ln45 & i == 0)> <Delay = 0.42>
ST_1 : Operation 48 [1/1] (0.00ns)   --->   "%br_ln45 = br void %arrayidx447.i.i99.exit" [ekf_core.cpp:45->ekf_core.cpp:54->ekf_core.cpp:162]   --->   Operation 48 'br' 'br_ln45' <Predicate = (!icmp_ln45 & i == 0)> <Delay = 0.00>
ST_1 : Operation 49 [1/1] (0.42ns)   --->   "%store_ln45 = store i32 4, i32 %Q_11" [ekf_core.cpp:45->ekf_core.cpp:54->ekf_core.cpp:162]   --->   Operation 49 'store' 'store_ln45' <Predicate = (!icmp_ln45 & i != 0 & i != 1)> <Delay = 0.42>
ST_1 : Operation 50 [1/1] (0.42ns)   --->   "%store_ln45 = store i32 0.2, i32 %Q_10" [ekf_core.cpp:45->ekf_core.cpp:54->ekf_core.cpp:162]   --->   Operation 50 'store' 'store_ln45' <Predicate = (!icmp_ln45 & i != 0 & i != 1)> <Delay = 0.42>
ST_1 : Operation 51 [1/1] (0.42ns)   --->   "%store_ln45 = store i32 0.2, i32 %Q_5" [ekf_core.cpp:45->ekf_core.cpp:54->ekf_core.cpp:162]   --->   Operation 51 'store' 'store_ln45' <Predicate = (!icmp_ln45 & i != 0 & i != 1)> <Delay = 0.42>
ST_1 : Operation 52 [1/1] (0.42ns)   --->   "%store_ln45 = store i32 0.0133333, i32 %Q_4" [ekf_core.cpp:45->ekf_core.cpp:54->ekf_core.cpp:162]   --->   Operation 52 'store' 'store_ln45' <Predicate = (!icmp_ln45 & i != 0 & i != 1)> <Delay = 0.42>
ST_1 : Operation 53 [1/1] (0.00ns)   --->   "%br_ln45 = br void %arrayidx447.i.i99.exit" [ekf_core.cpp:45->ekf_core.cpp:54->ekf_core.cpp:162]   --->   Operation 53 'br' 'br_ln45' <Predicate = (!icmp_ln45 & i != 0 & i != 1)> <Delay = 0.00>
ST_1 : Operation 54 [1/1] (0.42ns)   --->   "%store_ln45 = store i2 %add_ln45, i2 %i_4" [ekf_core.cpp:45->ekf_core.cpp:54->ekf_core.cpp:162]   --->   Operation 54 'store' 'store_ln45' <Predicate = (!icmp_ln45)> <Delay = 0.42>
ST_1 : Operation 55 [1/1] (0.00ns)   --->   "%br_ln45 = br void %for.body25.i.i" [ekf_core.cpp:45->ekf_core.cpp:54->ekf_core.cpp:162]   --->   Operation 55 'br' 'br_ln45' <Predicate = (!icmp_ln45)> <Delay = 0.00>
ST_1 : Operation 56 [1/1] (0.00ns)   --->   "%Q_load = load i32 %Q"   --->   Operation 56 'load' 'Q_load' <Predicate = (icmp_ln45)> <Delay = 0.00>
ST_1 : Operation 57 [1/1] (0.00ns)   --->   "%Q_1_load = load i32 %Q_1"   --->   Operation 57 'load' 'Q_1_load' <Predicate = (icmp_ln45)> <Delay = 0.00>
ST_1 : Operation 58 [1/1] (0.00ns)   --->   "%Q_2_load = load i32 %Q_2"   --->   Operation 58 'load' 'Q_2_load' <Predicate = (icmp_ln45)> <Delay = 0.00>
ST_1 : Operation 59 [1/1] (0.00ns)   --->   "%Q_3_load = load i32 %Q_3"   --->   Operation 59 'load' 'Q_3_load' <Predicate = (icmp_ln45)> <Delay = 0.00>
ST_1 : Operation 60 [1/1] (0.00ns)   --->   "%Q_4_load = load i32 %Q_4"   --->   Operation 60 'load' 'Q_4_load' <Predicate = (icmp_ln45)> <Delay = 0.00>
ST_1 : Operation 61 [1/1] (0.00ns)   --->   "%Q_5_load = load i32 %Q_5"   --->   Operation 61 'load' 'Q_5_load' <Predicate = (icmp_ln45)> <Delay = 0.00>
ST_1 : Operation 62 [1/1] (0.00ns)   --->   "%Q_6_load = load i32 %Q_6"   --->   Operation 62 'load' 'Q_6_load' <Predicate = (icmp_ln45)> <Delay = 0.00>
ST_1 : Operation 63 [1/1] (0.00ns)   --->   "%Q_7_load = load i32 %Q_7"   --->   Operation 63 'load' 'Q_7_load' <Predicate = (icmp_ln45)> <Delay = 0.00>
ST_1 : Operation 64 [1/1] (0.00ns)   --->   "%Q_8_load = load i32 %Q_8"   --->   Operation 64 'load' 'Q_8_load' <Predicate = (icmp_ln45)> <Delay = 0.00>
ST_1 : Operation 65 [1/1] (0.00ns)   --->   "%Q_9_load = load i32 %Q_9"   --->   Operation 65 'load' 'Q_9_load' <Predicate = (icmp_ln45)> <Delay = 0.00>
ST_1 : Operation 66 [1/1] (0.00ns)   --->   "%Q_10_load = load i32 %Q_10"   --->   Operation 66 'load' 'Q_10_load' <Predicate = (icmp_ln45)> <Delay = 0.00>
ST_1 : Operation 67 [1/1] (0.00ns)   --->   "%Q_11_load = load i32 %Q_11"   --->   Operation 67 'load' 'Q_11_load' <Predicate = (icmp_ln45)> <Delay = 0.00>
ST_1 : Operation 68 [1/1] (0.00ns)   --->   "%write_ln0 = write void @_ssdm_op_Write.ap_auto.floatP0A, i32 %Q_11_out, i32 %Q_11_load"   --->   Operation 68 'write' 'write_ln0' <Predicate = (icmp_ln45)> <Delay = 0.00>
ST_1 : Operation 69 [1/1] (0.00ns)   --->   "%write_ln0 = write void @_ssdm_op_Write.ap_auto.floatP0A, i32 %Q_10_out, i32 %Q_10_load"   --->   Operation 69 'write' 'write_ln0' <Predicate = (icmp_ln45)> <Delay = 0.00>
ST_1 : Operation 70 [1/1] (0.00ns)   --->   "%write_ln0 = write void @_ssdm_op_Write.ap_auto.floatP0A, i32 %Q_9_out, i32 %Q_9_load"   --->   Operation 70 'write' 'write_ln0' <Predicate = (icmp_ln45)> <Delay = 0.00>
ST_1 : Operation 71 [1/1] (0.00ns)   --->   "%write_ln0 = write void @_ssdm_op_Write.ap_auto.floatP0A, i32 %Q_8_out, i32 %Q_8_load"   --->   Operation 71 'write' 'write_ln0' <Predicate = (icmp_ln45)> <Delay = 0.00>
ST_1 : Operation 72 [1/1] (0.00ns)   --->   "%write_ln0 = write void @_ssdm_op_Write.ap_auto.floatP0A, i32 %Q_7_out, i32 %Q_7_load"   --->   Operation 72 'write' 'write_ln0' <Predicate = (icmp_ln45)> <Delay = 0.00>
ST_1 : Operation 73 [1/1] (0.00ns)   --->   "%write_ln0 = write void @_ssdm_op_Write.ap_auto.floatP0A, i32 %Q_6_out, i32 %Q_6_load"   --->   Operation 73 'write' 'write_ln0' <Predicate = (icmp_ln45)> <Delay = 0.00>
ST_1 : Operation 74 [1/1] (0.00ns)   --->   "%write_ln0 = write void @_ssdm_op_Write.ap_auto.floatP0A, i32 %Q_5_out, i32 %Q_5_load"   --->   Operation 74 'write' 'write_ln0' <Predicate = (icmp_ln45)> <Delay = 0.00>
ST_1 : Operation 75 [1/1] (0.00ns)   --->   "%write_ln0 = write void @_ssdm_op_Write.ap_auto.floatP0A, i32 %Q_4_out, i32 %Q_4_load"   --->   Operation 75 'write' 'write_ln0' <Predicate = (icmp_ln45)> <Delay = 0.00>
ST_1 : Operation 76 [1/1] (0.00ns)   --->   "%write_ln0 = write void @_ssdm_op_Write.ap_auto.floatP0A, i32 %Q_3_out, i32 %Q_3_load"   --->   Operation 76 'write' 'write_ln0' <Predicate = (icmp_ln45)> <Delay = 0.00>
ST_1 : Operation 77 [1/1] (0.00ns)   --->   "%write_ln0 = write void @_ssdm_op_Write.ap_auto.floatP0A, i32 %Q_2_out, i32 %Q_2_load"   --->   Operation 77 'write' 'write_ln0' <Predicate = (icmp_ln45)> <Delay = 0.00>
ST_1 : Operation 78 [1/1] (0.00ns)   --->   "%write_ln0 = write void @_ssdm_op_Write.ap_auto.floatP0A, i32 %Q_1_out, i32 %Q_1_load"   --->   Operation 78 'write' 'write_ln0' <Predicate = (icmp_ln45)> <Delay = 0.00>
ST_1 : Operation 79 [1/1] (0.00ns)   --->   "%write_ln0 = write void @_ssdm_op_Write.ap_auto.floatP0A, i32 %Q_out, i32 %Q_load"   --->   Operation 79 'write' 'write_ln0' <Predicate = (icmp_ln45)> <Delay = 0.00>
ST_1 : Operation 80 [1/1] (0.00ns)   --->   "%ret_ln0 = ret"   --->   Operation 80 'ret' 'ret_ln0' <Predicate = (icmp_ln45)> <Delay = 0.00>


============================================================
+ Verbose Summary: Binding
============================================================
STG Binding: 
---------------- STG Properties BEGIN ----------------
- Is combinational: 0
- Is one-state seq: 0
- Is datapath-only: 0
- Is pipelined: 0
- Is top level: 0
Port [ Return ] is wired: 1; IO mode=ap_ctrl_hs:ce=0
Port [ Q_11_out]:  wired=1; compound=0; hidden=0; nouse=0; global=0; static=0; extern=0; dir=1; type=0; pingpong=0; private_global=0; IO mode=ap_vld:ce=0
Port [ Q_10_out]:  wired=1; compound=0; hidden=0; nouse=0; global=0; static=0; extern=0; dir=1; type=0; pingpong=0; private_global=0; IO mode=ap_vld:ce=0
Port [ Q_9_out]:  wired=1; compound=0; hidden=0; nouse=0; global=0; static=0; extern=0; dir=1; type=0; pingpong=0; private_global=0; IO mode=ap_vld:ce=0
Port [ Q_8_out]:  wired=1; compound=0; hidden=0; nouse=0; global=0; static=0; extern=0; dir=1; type=0; pingpong=0; private_global=0; IO mode=ap_vld:ce=0
Port [ Q_7_out]:  wired=1; compound=0; hidden=0; nouse=0; global=0; static=0; extern=0; dir=1; type=0; pingpong=0; private_global=0; IO mode=ap_vld:ce=0
Port [ Q_6_out]:  wired=1; compound=0; hidden=0; nouse=0; global=0; static=0; extern=0; dir=1; type=0; pingpong=0; private_global=0; IO mode=ap_vld:ce=0
Port [ Q_5_out]:  wired=1; compound=0; hidden=0; nouse=0; global=0; static=0; extern=0; dir=1; type=0; pingpong=0; private_global=0; IO mode=ap_vld:ce=0
Port [ Q_4_out]:  wired=1; compound=0; hidden=0; nouse=0; global=0; static=0; extern=0; dir=1; type=0; pingpong=0; private_global=0; IO mode=ap_vld:ce=0
Port [ Q_3_out]:  wired=1; compound=0; hidden=0; nouse=0; global=0; static=0; extern=0; dir=1; type=0; pingpong=0; private_global=0; IO mode=ap_vld:ce=0
Port [ Q_2_out]:  wired=1; compound=0; hidden=0; nouse=0; global=0; static=0; extern=0; dir=1; type=0; pingpong=0; private_global=0; IO mode=ap_vld:ce=0
Port [ Q_1_out]:  wired=1; compound=0; hidden=0; nouse=0; global=0; static=0; extern=0; dir=1; type=0; pingpong=0; private_global=0; IO mode=ap_vld:ce=0
Port [ Q_out]:  wired=1; compound=0; hidden=0; nouse=0; global=0; static=0; extern=0; dir=1; type=0; pingpong=0; private_global=0; IO mode=ap_vld:ce=0
---------------- STG Properties END ------------------

---------------- Datapath Model BEGIN ----------------

<LifeTime>
<method=bitvector/>
i_4                    (alloca           ) [ 01]
Q                      (alloca           ) [ 01]
Q_1                    (alloca           ) [ 01]
Q_2                    (alloca           ) [ 01]
Q_3                    (alloca           ) [ 01]
Q_4                    (alloca           ) [ 01]
Q_5                    (alloca           ) [ 01]
Q_6                    (alloca           ) [ 01]
Q_7                    (alloca           ) [ 01]
Q_8                    (alloca           ) [ 01]
Q_9                    (alloca           ) [ 01]
Q_10                   (alloca           ) [ 01]
Q_11                   (alloca           ) [ 01]
store_ln0              (store            ) [ 00]
store_ln0              (store            ) [ 00]
store_ln0              (store            ) [ 00]
store_ln0              (store            ) [ 00]
store_ln0              (store            ) [ 00]
store_ln0              (store            ) [ 00]
store_ln0              (store            ) [ 00]
store_ln0              (store            ) [ 00]
store_ln0              (store            ) [ 00]
store_ln0              (store            ) [ 00]
store_ln0              (store            ) [ 00]
store_ln0              (store            ) [ 00]
store_ln0              (store            ) [ 00]
br_ln0                 (br               ) [ 00]
i                      (load             ) [ 01]
specpipeline_ln0       (specpipeline     ) [ 00]
icmp_ln45              (icmp             ) [ 01]
add_ln45               (add              ) [ 00]
br_ln45                (br               ) [ 00]
speclooptripcount_ln51 (speclooptripcount) [ 00]
specloopname_ln45      (specloopname     ) [ 00]
switch_ln45            (switch           ) [ 00]
store_ln45             (store            ) [ 00]
store_ln45             (store            ) [ 00]
store_ln45             (store            ) [ 00]
store_ln45             (store            ) [ 00]
br_ln45                (br               ) [ 00]
store_ln45             (store            ) [ 00]
store_ln45             (store            ) [ 00]
store_ln45             (store            ) [ 00]
store_ln45             (store            ) [ 00]
br_ln45                (br               ) [ 00]
store_ln45             (store            ) [ 00]
store_ln45             (store            ) [ 00]
store_ln45             (store            ) [ 00]
store_ln45             (store            ) [ 00]
br_ln45                (br               ) [ 00]
store_ln45             (store            ) [ 00]
br_ln45                (br               ) [ 00]
Q_load                 (load             ) [ 00]
Q_1_load               (load             ) [ 00]
Q_2_load               (load             ) [ 00]
Q_3_load               (load             ) [ 00]
Q_4_load               (load             ) [ 00]
Q_5_load               (load             ) [ 00]
Q_6_load               (load             ) [ 00]
Q_7_load               (load             ) [ 00]
Q_8_load               (load             ) [ 00]
Q_9_load               (load             ) [ 00]
Q_10_load              (load             ) [ 00]
Q_11_load              (load             ) [ 00]
write_ln0              (write            ) [ 00]
write_ln0              (write            ) [ 00]
write_ln0              (write            ) [ 00]
write_ln0              (write            ) [ 00]
write_ln0              (write            ) [ 00]
write_ln0              (write            ) [ 00]
write_ln0              (write            ) [ 00]
write_ln0              (write            ) [ 00]
write_ln0              (write            ) [ 00]
write_ln0              (write            ) [ 00]
write_ln0              (write            ) [ 00]
write_ln0              (write            ) [ 00]
ret_ln0                (ret              ) [ 00]
</LifeTime>

<model>

<comp_list>
<comp id="0" class="1000" name="Q_11_out">
<pin_list>
<pin id="1" dir="1" index="0" bw="1" slack="0"/>
</pin_list>
<bind>
<StgValue><ssdm name="Q_11_out"/></StgValue>
</bind>
</comp>

<comp id="2" class="1000" name="Q_10_out">
<pin_list>
<pin id="3" dir="1" index="0" bw="1" slack="0"/>
</pin_list>
<bind>
<StgValue><ssdm name="Q_10_out"/></StgValue>
</bind>
</comp>

<comp id="4" class="1000" name="Q_9_out">
<pin_list>
<pin id="5" dir="1" index="0" bw="1" slack="0"/>
</pin_list>
<bind>
<StgValue><ssdm name="Q_9_out"/></StgValue>
</bind>
</comp>

<comp id="6" class="1000" name="Q_8_out">
<pin_list>
<pin id="7" dir="1" index="0" bw="1" slack="0"/>
</pin_list>
<bind>
<StgValue><ssdm name="Q_8_out"/></StgValue>
</bind>
</comp>

<comp id="8" class="1000" name="Q_7_out">
<pin_list>
<pin id="9" dir="1" index="0" bw="1" slack="0"/>
</pin_list>
<bind>
<StgValue><ssdm name="Q_7_out"/></StgValue>
</bind>
</comp>

<comp id="10" class="1000" name="Q_6_out">
<pin_list>
<pin id="11" dir="1" index="0" bw="1" slack="0"/>
</pin_list>
<bind>
<StgValue><ssdm name="Q_6_out"/></StgValue>
</bind>
</comp>

<comp id="12" class="1000" name="Q_5_out">
<pin_list>
<pin id="13" dir="1" index="0" bw="1" slack="0"/>
</pin_list>
<bind>
<StgValue><ssdm name="Q_5_out"/></StgValue>
</bind>
</comp>

<comp id="14" class="1000" name="Q_4_out">
<pin_list>
<pin id="15" dir="1" index="0" bw="1" slack="0"/>
</pin_list>
<bind>
<StgValue><ssdm name="Q_4_out"/></StgValue>
</bind>
</comp>

<comp id="16" class="1000" name="Q_3_out">
<pin_list>
<pin id="17" dir="1" index="0" bw="1" slack="0"/>
</pin_list>
<bind>
<StgValue><ssdm name="Q_3_out"/></StgValue>
</bind>
</comp>

<comp id="18" class="1000" name="Q_2_out">
<pin_list>
<pin id="19" dir="1" index="0" bw="1" slack="0"/>
</pin_list>
<bind>
<StgValue><ssdm name="Q_2_out"/></StgValue>
</bind>
</comp>

<comp id="20" class="1000" name="Q_1_out">
<pin_list>
<pin id="21" dir="1" index="0" bw="1" slack="0"/>
</pin_list>
<bind>
<StgValue><ssdm name="Q_1_out"/></StgValue>
</bind>
</comp>

<comp id="22" class="1000" name="Q_out">
<pin_list>
<pin id="23" dir="1" index="0" bw="1" slack="0"/>
</pin_list>
<bind>
<StgValue><ssdm name="Q_out"/></StgValue>
</bind>
</comp>

<comp id="24" class="1001" name="const_24">
<pin_list>
<pin id="25" dir="1" index="0" bw="1" slack="0"/>
</pin_list>
<bind>
<StgValue><ssdm name=""/></StgValue>
</bind>
</comp>

<comp id="26" class="1001" name="const_26">
<pin_list>
<pin id="27" dir="1" index="0" bw="1" slack="0"/>
</pin_list>
<bind>
<StgValue><ssdm name=""/></StgValue>
</bind>
</comp>

<comp id="28" class="1001" name="const_28">
<pin_list>
<pin id="29" dir="1" index="0" bw="1" slack="0"/>
</pin_list>
<bind>
<StgValue><ssdm name=""/></StgValue>
</bind>
</comp>

<comp id="30" class="1001" name="const_30">
<pin_list>
<pin id="31" dir="1" index="0" bw="1" slack="2147483647"/>
</pin_list>
<bind>
<StgValue><ssdm name="_ssdm_op_SpecPipeline"/></StgValue>
</bind>
</comp>

<comp id="32" class="1001" name="const_32">
<pin_list>
<pin id="33" dir="1" index="0" bw="1" slack="2147483647"/>
</pin_list>
<bind>
<StgValue><ssdm name=""/></StgValue>
</bind>
</comp>

<comp id="34" class="1001" name="const_34">
<pin_list>
<pin id="35" dir="1" index="0" bw="1" slack="2147483647"/>
</pin_list>
<bind>
<StgValue><ssdm name=""/></StgValue>
</bind>
</comp>

<comp id="36" class="1001" name="const_36">
<pin_list>
<pin id="37" dir="1" index="0" bw="1" slack="2147483647"/>
</pin_list>
<bind>
<StgValue><ssdm name="p_str"/></StgValue>
</bind>
</comp>

<comp id="38" class="1001" name="const_38">
<pin_list>
<pin id="39" dir="1" index="0" bw="1" slack="0"/>
</pin_list>
<bind>
<StgValue><ssdm name=""/></StgValue>
</bind>
</comp>

<comp id="40" class="1001" name="const_40">
<pin_list>
<pin id="41" dir="1" index="0" bw="1" slack="0"/>
</pin_list>
<bind>
<StgValue><ssdm name=""/></StgValue>
</bind>
</comp>

<comp id="42" class="1001" name="const_42">
<pin_list>
<pin id="43" dir="1" index="0" bw="1" slack="2147483647"/>
</pin_list>
<bind>
<StgValue><ssdm name="_ssdm_op_SpecLoopTripCount"/></StgValue>
</bind>
</comp>

<comp id="44" class="1001" name="const_44">
<pin_list>
<pin id="45" dir="1" index="0" bw="1" slack="2147483647"/>
</pin_list>
<bind>
<StgValue><ssdm name=""/></StgValue>
</bind>
</comp>

<comp id="46" class="1001" name="const_46">
<pin_list>
<pin id="47" dir="1" index="0" bw="1" slack="2147483647"/>
</pin_list>
<bind>
<StgValue><ssdm name="_ssdm_op_SpecLoopName"/></StgValue>
</bind>
</comp>

<comp id="48" class="1001" name="const_48">
<pin_list>
<pin id="49" dir="1" index="0" bw="1" slack="2147483647"/>
</pin_list>
<bind>
<StgValue><ssdm name="empty_7"/></StgValue>
</bind>
</comp>

<comp id="50" class="1001" name="const_50">
<pin_list>
<pin id="51" dir="1" index="0" bw="1" slack="0"/>
</pin_list>
<bind>
<StgValue><ssdm name=""/></StgValue>
</bind>
</comp>

<comp id="52" class="1001" name="const_52">
<pin_list>
<pin id="53" dir="1" index="0" bw="1" slack="0"/>
</pin_list>
<bind>
<StgValue><ssdm name=""/></StgValue>
</bind>
</comp>

<comp id="54" class="1001" name="const_54">
<pin_list>
<pin id="55" dir="1" index="0" bw="1" slack="0"/>
</pin_list>
<bind>
<StgValue><ssdm name=""/></StgValue>
</bind>
</comp>

<comp id="56" class="1001" name="const_56">
<pin_list>
<pin id="57" dir="1" index="0" bw="1" slack="0"/>
</pin_list>
<bind>
<StgValue><ssdm name="_ssdm_op_Write.ap_auto.floatP0A"/></StgValue>
</bind>
</comp>

<comp id="58" class="1004" name="i_4_fu_58">
<pin_list>
<pin id="59" dir="0" index="0" bw="1" slack="0"/>
<pin id="60" dir="1" index="1" bw="2" slack="0"/>
</pin_list>
<bind>
<opcode="alloca(26) " fcode="alloca"/>
<opset="i_4/1 "/>
</bind>
</comp>

<comp id="62" class="1004" name="Q_fu_62">
<pin_list>
<pin id="63" dir="0" index="0" bw="1" slack="0"/>
<pin id="64" dir="1" index="1" bw="32" slack="0"/>
</pin_list>
<bind>
<opcode="alloca(26) " fcode="alloca"/>
<opset="Q/1 "/>
</bind>
</comp>

<comp id="66" class="1004" name="Q_1_fu_66">
<pin_list>
<pin id="67" dir="0" index="0" bw="1" slack="0"/>
<pin id="68" dir="1" index="1" bw="32" slack="0"/>
</pin_list>
<bind>
<opcode="alloca(26) " fcode="alloca"/>
<opset="Q_1/1 "/>
</bind>
</comp>

<comp id="70" class="1004" name="Q_2_fu_70">
<pin_list>
<pin id="71" dir="0" index="0" bw="1" slack="0"/>
<pin id="72" dir="1" index="1" bw="32" slack="0"/>
</pin_list>
<bind>
<opcode="alloca(26) " fcode="alloca"/>
<opset="Q_2/1 "/>
</bind>
</comp>

<comp id="74" class="1004" name="Q_3_fu_74">
<pin_list>
<pin id="75" dir="0" index="0" bw="1" slack="0"/>
<pin id="76" dir="1" index="1" bw="32" slack="0"/>
</pin_list>
<bind>
<opcode="alloca(26) " fcode="alloca"/>
<opset="Q_3/1 "/>
</bind>
</comp>

<comp id="78" class="1004" name="Q_4_fu_78">
<pin_list>
<pin id="79" dir="0" index="0" bw="1" slack="0"/>
<pin id="80" dir="1" index="1" bw="32" slack="0"/>
</pin_list>
<bind>
<opcode="alloca(26) " fcode="alloca"/>
<opset="Q_4/1 "/>
</bind>
</comp>

<comp id="82" class="1004" name="Q_5_fu_82">
<pin_list>
<pin id="83" dir="0" index="0" bw="1" slack="0"/>
<pin id="84" dir="1" index="1" bw="32" slack="0"/>
</pin_list>
<bind>
<opcode="alloca(26) " fcode="alloca"/>
<opset="Q_5/1 "/>
</bind>
</comp>

<comp id="86" class="1004" name="Q_6_fu_86">
<pin_list>
<pin id="87" dir="0" index="0" bw="1" slack="0"/>
<pin id="88" dir="1" index="1" bw="32" slack="0"/>
</pin_list>
<bind>
<opcode="alloca(26) " fcode="alloca"/>
<opset="Q_6/1 "/>
</bind>
</comp>

<comp id="90" class="1004" name="Q_7_fu_90">
<pin_list>
<pin id="91" dir="0" index="0" bw="1" slack="0"/>
<pin id="92" dir="1" index="1" bw="32" slack="0"/>
</pin_list>
<bind>
<opcode="alloca(26) " fcode="alloca"/>
<opset="Q_7/1 "/>
</bind>
</comp>

<comp id="94" class="1004" name="Q_8_fu_94">
<pin_list>
<pin id="95" dir="0" index="0" bw="1" slack="0"/>
<pin id="96" dir="1" index="1" bw="32" slack="0"/>
</pin_list>
<bind>
<opcode="alloca(26) " fcode="alloca"/>
<opset="Q_8/1 "/>
</bind>
</comp>

<comp id="98" class="1004" name="Q_9_fu_98">
<pin_list>
<pin id="99" dir="0" index="0" bw="1" slack="0"/>
<pin id="100" dir="1" index="1" bw="32" slack="0"/>
</pin_list>
<bind>
<opcode="alloca(26) " fcode="alloca"/>
<opset="Q_9/1 "/>
</bind>
</comp>

<comp id="102" class="1004" name="Q_10_fu_102">
<pin_list>
<pin id="103" dir="0" index="0" bw="1" slack="0"/>
<pin id="104" dir="1" index="1" bw="32" slack="0"/>
</pin_list>
<bind>
<opcode="alloca(26) " fcode="alloca"/>
<opset="Q_10/1 "/>
</bind>
</comp>

<comp id="106" class="1004" name="Q_11_fu_106">
<pin_list>
<pin id="107" dir="0" index="0" bw="1" slack="0"/>
<pin id="108" dir="1" index="1" bw="32" slack="0"/>
</pin_list>
<bind>
<opcode="alloca(26) " fcode="alloca"/>
<opset="Q_11/1 "/>
</bind>
</comp>

<comp id="110" class="1004" name="write_ln0_write_fu_110">
<pin_list>
<pin id="111" dir="0" index="0" bw="0" slack="0"/>
<pin id="112" dir="0" index="1" bw="32" slack="0"/>
<pin id="113" dir="0" index="2" bw="32" slack="0"/>
<pin id="114" dir="1" index="3" bw="0" slack="2147483647"/>
</pin_list>
<bind>
<opcode="write(1151) " fcode="write"/>
<opset="write_ln0/1 "/>
</bind>
</comp>

<comp id="117" class="1004" name="write_ln0_write_fu_117">
<pin_list>
<pin id="118" dir="0" index="0" bw="0" slack="0"/>
<pin id="119" dir="0" index="1" bw="32" slack="0"/>
<pin id="120" dir="0" index="2" bw="32" slack="0"/>
<pin id="121" dir="1" index="3" bw="0" slack="2147483647"/>
</pin_list>
<bind>
<opcode="write(1151) " fcode="write"/>
<opset="write_ln0/1 "/>
</bind>
</comp>

<comp id="124" class="1004" name="write_ln0_write_fu_124">
<pin_list>
<pin id="125" dir="0" index="0" bw="0" slack="0"/>
<pin id="126" dir="0" index="1" bw="32" slack="0"/>
<pin id="127" dir="0" index="2" bw="32" slack="0"/>
<pin id="128" dir="1" index="3" bw="0" slack="2147483647"/>
</pin_list>
<bind>
<opcode="write(1151) " fcode="write"/>
<opset="write_ln0/1 "/>
</bind>
</comp>

<comp id="131" class="1004" name="write_ln0_write_fu_131">
<pin_list>
<pin id="132" dir="0" index="0" bw="0" slack="0"/>
<pin id="133" dir="0" index="1" bw="32" slack="0"/>
<pin id="134" dir="0" index="2" bw="32" slack="0"/>
<pin id="135" dir="1" index="3" bw="0" slack="2147483647"/>
</pin_list>
<bind>
<opcode="write(1151) " fcode="write"/>
<opset="write_ln0/1 "/>
</bind>
</comp>

<comp id="138" class="1004" name="write_ln0_write_fu_138">
<pin_list>
<pin id="139" dir="0" index="0" bw="0" slack="0"/>
<pin id="140" dir="0" index="1" bw="32" slack="0"/>
<pin id="141" dir="0" index="2" bw="32" slack="0"/>
<pin id="142" dir="1" index="3" bw="0" slack="2147483647"/>
</pin_list>
<bind>
<opcode="write(1151) " fcode="write"/>
<opset="write_ln0/1 "/>
</bind>
</comp>

<comp id="145" class="1004" name="write_ln0_write_fu_145">
<pin_list>
<pin id="146" dir="0" index="0" bw="0" slack="0"/>
<pin id="147" dir="0" index="1" bw="32" slack="0"/>
<pin id="148" dir="0" index="2" bw="32" slack="0"/>
<pin id="149" dir="1" index="3" bw="0" slack="2147483647"/>
</pin_list>
<bind>
<opcode="write(1151) " fcode="write"/>
<opset="write_ln0/1 "/>
</bind>
</comp>

<comp id="152" class="1004" name="write_ln0_write_fu_152">
<pin_list>
<pin id="153" dir="0" index="0" bw="0" slack="0"/>
<pin id="154" dir="0" index="1" bw="32" slack="0"/>
<pin id="155" dir="0" index="2" bw="32" slack="0"/>
<pin id="156" dir="1" index="3" bw="0" slack="2147483647"/>
</pin_list>
<bind>
<opcode="write(1151) " fcode="write"/>
<opset="write_ln0/1 "/>
</bind>
</comp>

<comp id="159" class="1004" name="write_ln0_write_fu_159">
<pin_list>
<pin id="160" dir="0" index="0" bw="0" slack="0"/>
<pin id="161" dir="0" index="1" bw="32" slack="0"/>
<pin id="162" dir="0" index="2" bw="32" slack="0"/>
<pin id="163" dir="1" index="3" bw="0" slack="2147483647"/>
</pin_list>
<bind>
<opcode="write(1151) " fcode="write"/>
<opset="write_ln0/1 "/>
</bind>
</comp>

<comp id="166" class="1004" name="write_ln0_write_fu_166">
<pin_list>
<pin id="167" dir="0" index="0" bw="0" slack="0"/>
<pin id="168" dir="0" index="1" bw="32" slack="0"/>
<pin id="169" dir="0" index="2" bw="32" slack="0"/>
<pin id="170" dir="1" index="3" bw="0" slack="2147483647"/>
</pin_list>
<bind>
<opcode="write(1151) " fcode="write"/>
<opset="write_ln0/1 "/>
</bind>
</comp>

<comp id="173" class="1004" name="write_ln0_write_fu_173">
<pin_list>
<pin id="174" dir="0" index="0" bw="0" slack="0"/>
<pin id="175" dir="0" index="1" bw="32" slack="0"/>
<pin id="176" dir="0" index="2" bw="32" slack="0"/>
<pin id="177" dir="1" index="3" bw="0" slack="2147483647"/>
</pin_list>
<bind>
<opcode="write(1151) " fcode="write"/>
<opset="write_ln0/1 "/>
</bind>
</comp>

<comp id="180" class="1004" name="write_ln0_write_fu_180">
<pin_list>
<pin id="181" dir="0" index="0" bw="0" slack="0"/>
<pin id="182" dir="0" index="1" bw="32" slack="0"/>
<pin id="183" dir="0" index="2" bw="32" slack="0"/>
<pin id="184" dir="1" index="3" bw="0" slack="2147483647"/>
</pin_list>
<bind>
<opcode="write(1151) " fcode="write"/>
<opset="write_ln0/1 "/>
</bind>
</comp>

<comp id="187" class="1004" name="write_ln0_write_fu_187">
<pin_list>
<pin id="188" dir="0" index="0" bw="0" slack="0"/>
<pin id="189" dir="0" index="1" bw="32" slack="0"/>
<pin id="190" dir="0" index="2" bw="32" slack="0"/>
<pin id="191" dir="1" index="3" bw="0" slack="2147483647"/>
</pin_list>
<bind>
<opcode="write(1151) " fcode="write"/>
<opset="write_ln0/1 "/>
</bind>
</comp>

<comp id="194" class="1004" name="store_ln0_store_fu_194">
<pin_list>
<pin id="195" dir="0" index="0" bw="32" slack="0"/>
<pin id="196" dir="0" index="1" bw="32" slack="0"/>
<pin id="197" dir="1" index="2" bw="0" slack="2147483647"/>
</pin_list>
<bind>
<opcode="store(28) " fcode="store"/>
<opset="store_ln0/1 "/>
</bind>
</comp>

<comp id="199" class="1004" name="store_ln0_store_fu_199">
<pin_list>
<pin id="200" dir="0" index="0" bw="32" slack="0"/>
<pin id="201" dir="0" index="1" bw="32" slack="0"/>
<pin id="202" dir="1" index="2" bw="0" slack="2147483647"/>
</pin_list>
<bind>
<opcode="store(28) " fcode="store"/>
<opset="store_ln0/1 "/>
</bind>
</comp>

<comp id="204" class="1004" name="store_ln0_store_fu_204">
<pin_list>
<pin id="205" dir="0" index="0" bw="32" slack="0"/>
<pin id="206" dir="0" index="1" bw="32" slack="0"/>
<pin id="207" dir="1" index="2" bw="0" slack="2147483647"/>
</pin_list>
<bind>
<opcode="store(28) " fcode="store"/>
<opset="store_ln0/1 "/>
</bind>
</comp>

<comp id="209" class="1004" name="store_ln0_store_fu_209">
<pin_list>
<pin id="210" dir="0" index="0" bw="32" slack="0"/>
<pin id="211" dir="0" index="1" bw="32" slack="0"/>
<pin id="212" dir="1" index="2" bw="0" slack="2147483647"/>
</pin_list>
<bind>
<opcode="store(28) " fcode="store"/>
<opset="store_ln0/1 "/>
</bind>
</comp>

<comp id="214" class="1004" name="store_ln0_store_fu_214">
<pin_list>
<pin id="215" dir="0" index="0" bw="32" slack="0"/>
<pin id="216" dir="0" index="1" bw="32" slack="0"/>
<pin id="217" dir="1" index="2" bw="0" slack="2147483647"/>
</pin_list>
<bind>
<opcode="store(28) " fcode="store"/>
<opset="store_ln0/1 "/>
</bind>
</comp>

<comp id="219" class="1004" name="store_ln0_store_fu_219">
<pin_list>
<pin id="220" dir="0" index="0" bw="32" slack="0"/>
<pin id="221" dir="0" index="1" bw="32" slack="0"/>
<pin id="222" dir="1" index="2" bw="0" slack="2147483647"/>
</pin_list>
<bind>
<opcode="store(28) " fcode="store"/>
<opset="store_ln0/1 "/>
</bind>
</comp>

<comp id="224" class="1004" name="store_ln0_store_fu_224">
<pin_list>
<pin id="225" dir="0" index="0" bw="32" slack="0"/>
<pin id="226" dir="0" index="1" bw="32" slack="0"/>
<pin id="227" dir="1" index="2" bw="0" slack="2147483647"/>
</pin_list>
<bind>
<opcode="store(28) " fcode="store"/>
<opset="store_ln0/1 "/>
</bind>
</comp>

<comp id="229" class="1004" name="store_ln0_store_fu_229">
<pin_list>
<pin id="230" dir="0" index="0" bw="32" slack="0"/>
<pin id="231" dir="0" index="1" bw="32" slack="0"/>
<pin id="232" dir="1" index="2" bw="0" slack="2147483647"/>
</pin_list>
<bind>
<opcode="store(28) " fcode="store"/>
<opset="store_ln0/1 "/>
</bind>
</comp>

<comp id="234" class="1004" name="store_ln0_store_fu_234">
<pin_list>
<pin id="235" dir="0" index="0" bw="32" slack="0"/>
<pin id="236" dir="0" index="1" bw="32" slack="0"/>
<pin id="237" dir="1" index="2" bw="0" slack="2147483647"/>
</pin_list>
<bind>
<opcode="store(28) " fcode="store"/>
<opset="store_ln0/1 "/>
</bind>
</comp>

<comp id="239" class="1004" name="store_ln0_store_fu_239">
<pin_list>
<pin id="240" dir="0" index="0" bw="32" slack="0"/>
<pin id="241" dir="0" index="1" bw="32" slack="0"/>
<pin id="242" dir="1" index="2" bw="0" slack="2147483647"/>
</pin_list>
<bind>
<opcode="store(28) " fcode="store"/>
<opset="store_ln0/1 "/>
</bind>
</comp>

<comp id="244" class="1004" name="store_ln0_store_fu_244">
<pin_list>
<pin id="245" dir="0" index="0" bw="32" slack="0"/>
<pin id="246" dir="0" index="1" bw="32" slack="0"/>
<pin id="247" dir="1" index="2" bw="0" slack="2147483647"/>
</pin_list>
<bind>
<opcode="store(28) " fcode="store"/>
<opset="store_ln0/1 "/>
</bind>
</comp>

<comp id="249" class="1004" name="store_ln0_store_fu_249">
<pin_list>
<pin id="250" dir="0" index="0" bw="32" slack="0"/>
<pin id="251" dir="0" index="1" bw="32" slack="0"/>
<pin id="252" dir="1" index="2" bw="0" slack="2147483647"/>
</pin_list>
<bind>
<opcode="store(28) " fcode="store"/>
<opset="store_ln0/1 "/>
</bind>
</comp>

<comp id="254" class="1004" name="store_ln0_store_fu_254">
<pin_list>
<pin id="255" dir="0" index="0" bw="1" slack="0"/>
<pin id="256" dir="0" index="1" bw="2" slack="0"/>
<pin id="257" dir="1" index="2" bw="0" slack="2147483647"/>
</pin_list>
<bind>
<opcode="store(28) " fcode="store"/>
<opset="store_ln0/1 "/>
</bind>
</comp>

<comp id="259" class="1004" name="i_load_fu_259">
<pin_list>
<pin id="260" dir="0" index="0" bw="2" slack="0"/>
<pin id="261" dir="1" index="1" bw="2" slack="0"/>
</pin_list>
<bind>
<opcode="load(27) " fcode="load"/>
<opset="i/1 "/>
</bind>
</comp>

<comp id="262" class="1004" name="icmp_ln45_fu_262">
<pin_list>
<pin id="263" dir="0" index="0" bw="2" slack="0"/>
<pin id="264" dir="0" index="1" bw="1" slack="0"/>
<pin id="265" dir="1" index="2" bw="1" slack="2147483647"/>
</pin_list>
<bind>
<opcode="icmp(45) " fcode="icmp"/>
<opset="icmp_ln45/1 "/>
</bind>
</comp>

<comp id="268" class="1004" name="add_ln45_fu_268">
<pin_list>
<pin id="269" dir="0" index="0" bw="2" slack="0"/>
<pin id="270" dir="0" index="1" bw="1" slack="0"/>
<pin id="271" dir="1" index="2" bw="2" slack="0"/>
</pin_list>
<bind>
<opcode="add(8) " fcode="add"/>
<opset="add_ln45/1 "/>
</bind>
</comp>

<comp id="274" class="1004" name="store_ln45_store_fu_274">
<pin_list>
<pin id="275" dir="0" index="0" bw="32" slack="0"/>
<pin id="276" dir="0" index="1" bw="32" slack="0"/>
<pin id="277" dir="1" index="2" bw="0" slack="2147483647"/>
</pin_list>
<bind>
<opcode="store(28) " fcode="store"/>
<opset="store_ln45/1 "/>
</bind>
</comp>

<comp id="279" class="1004" name="store_ln45_store_fu_279">
<pin_list>
<pin id="280" dir="0" index="0" bw="32" slack="0"/>
<pin id="281" dir="0" index="1" bw="32" slack="0"/>
<pin id="282" dir="1" index="2" bw="0" slack="2147483647"/>
</pin_list>
<bind>
<opcode="store(28) " fcode="store"/>
<opset="store_ln45/1 "/>
</bind>
</comp>

<comp id="284" class="1004" name="store_ln45_store_fu_284">
<pin_list>
<pin id="285" dir="0" index="0" bw="32" slack="0"/>
<pin id="286" dir="0" index="1" bw="32" slack="0"/>
<pin id="287" dir="1" index="2" bw="0" slack="2147483647"/>
</pin_list>
<bind>
<opcode="store(28) " fcode="store"/>
<opset="store_ln45/1 "/>
</bind>
</comp>

<comp id="289" class="1004" name="store_ln45_store_fu_289">
<pin_list>
<pin id="290" dir="0" index="0" bw="32" slack="0"/>
<pin id="291" dir="0" index="1" bw="32" slack="0"/>
<pin id="292" dir="1" index="2" bw="0" slack="2147483647"/>
</pin_list>
<bind>
<opcode="store(28) " fcode="store"/>
<opset="store_ln45/1 "/>
</bind>
</comp>

<comp id="294" class="1004" name="store_ln45_store_fu_294">
<pin_list>
<pin id="295" dir="0" index="0" bw="32" slack="0"/>
<pin id="296" dir="0" index="1" bw="32" slack="0"/>
<pin id="297" dir="1" index="2" bw="0" slack="2147483647"/>
</pin_list>
<bind>
<opcode="store(28) " fcode="store"/>
<opset="store_ln45/1 "/>
</bind>
</comp>

<comp id="299" class="1004" name="store_ln45_store_fu_299">
<pin_list>
<pin id="300" dir="0" index="0" bw="32" slack="0"/>
<pin id="301" dir="0" index="1" bw="32" slack="0"/>
<pin id="302" dir="1" index="2" bw="0" slack="2147483647"/>
</pin_list>
<bind>
<opcode="store(28) " fcode="store"/>
<opset="store_ln45/1 "/>
</bind>
</comp>

<comp id="304" class="1004" name="store_ln45_store_fu_304">
<pin_list>
<pin id="305" dir="0" index="0" bw="32" slack="0"/>
<pin id="306" dir="0" index="1" bw="32" slack="0"/>
<pin id="307" dir="1" index="2" bw="0" slack="2147483647"/>
</pin_list>
<bind>
<opcode="store(28) " fcode="store"/>
<opset="store_ln45/1 "/>
</bind>
</comp>

<comp id="309" class="1004" name="store_ln45_store_fu_309">
<pin_list>
<pin id="310" dir="0" index="0" bw="32" slack="0"/>
<pin id="311" dir="0" index="1" bw="32" slack="0"/>
<pin id="312" dir="1" index="2" bw="0" slack="2147483647"/>
</pin_list>
<bind>
<opcode="store(28) " fcode="store"/>
<opset="store_ln45/1 "/>
</bind>
</comp>

<comp id="314" class="1004" name="store_ln45_store_fu_314">
<pin_list>
<pin id="315" dir="0" index="0" bw="32" slack="0"/>
<pin id="316" dir="0" index="1" bw="32" slack="0"/>
<pin id="317" dir="1" index="2" bw="0" slack="2147483647"/>
</pin_list>
<bind>
<opcode="store(28) " fcode="store"/>
<opset="store_ln45/1 "/>
</bind>
</comp>

<comp id="319" class="1004" name="store_ln45_store_fu_319">
<pin_list>
<pin id="320" dir="0" index="0" bw="32" slack="0"/>
<pin id="321" dir="0" index="1" bw="32" slack="0"/>
<pin id="322" dir="1" index="2" bw="0" slack="2147483647"/>
</pin_list>
<bind>
<opcode="store(28) " fcode="store"/>
<opset="store_ln45/1 "/>
</bind>
</comp>

<comp id="324" class="1004" name="store_ln45_store_fu_324">
<pin_list>
<pin id="325" dir="0" index="0" bw="32" slack="0"/>
<pin id="326" dir="0" index="1" bw="32" slack="0"/>
<pin id="327" dir="1" index="2" bw="0" slack="2147483647"/>
</pin_list>
<bind>
<opcode="store(28) " fcode="store"/>
<opset="store_ln45/1 "/>
</bind>
</comp>

<comp id="329" class="1004" name="store_ln45_store_fu_329">
<pin_list>
<pin id="330" dir="0" index="0" bw="32" slack="0"/>
<pin id="331" dir="0" index="1" bw="32" slack="0"/>
<pin id="332" dir="1" index="2" bw="0" slack="2147483647"/>
</pin_list>
<bind>
<opcode="store(28) " fcode="store"/>
<opset="store_ln45/1 "/>
</bind>
</comp>

<comp id="334" class="1004" name="store_ln45_store_fu_334">
<pin_list>
<pin id="335" dir="0" index="0" bw="2" slack="0"/>
<pin id="336" dir="0" index="1" bw="2" slack="0"/>
<pin id="337" dir="1" index="2" bw="0" slack="2147483647"/>
</pin_list>
<bind>
<opcode="store(28) " fcode="store"/>
<opset="store_ln45/1 "/>
</bind>
</comp>

<comp id="339" class="1004" name="Q_load_load_fu_339">
<pin_list>
<pin id="340" dir="0" index="0" bw="32" slack="0"/>
<pin id="341" dir="1" index="1" bw="32" slack="0"/>
</pin_list>
<bind>
<opcode="load(27) " fcode="load"/>
<opset="Q_load/1 "/>
</bind>
</comp>

<comp id="343" class="1004" name="Q_1_load_load_fu_343">
<pin_list>
<pin id="344" dir="0" index="0" bw="32" slack="0"/>
<pin id="345" dir="1" index="1" bw="32" slack="0"/>
</pin_list>
<bind>
<opcode="load(27) " fcode="load"/>
<opset="Q_1_load/1 "/>
</bind>
</comp>

<comp id="347" class="1004" name="Q_2_load_load_fu_347">
<pin_list>
<pin id="348" dir="0" index="0" bw="32" slack="0"/>
<pin id="349" dir="1" index="1" bw="32" slack="0"/>
</pin_list>
<bind>
<opcode="load(27) " fcode="load"/>
<opset="Q_2_load/1 "/>
</bind>
</comp>

<comp id="351" class="1004" name="Q_3_load_load_fu_351">
<pin_list>
<pin id="352" dir="0" index="0" bw="32" slack="0"/>
<pin id="353" dir="1" index="1" bw="32" slack="0"/>
</pin_list>
<bind>
<opcode="load(27) " fcode="load"/>
<opset="Q_3_load/1 "/>
</bind>
</comp>

<comp id="355" class="1004" name="Q_4_load_load_fu_355">
<pin_list>
<pin id="356" dir="0" index="0" bw="32" slack="0"/>
<pin id="357" dir="1" index="1" bw="32" slack="0"/>
</pin_list>
<bind>
<opcode="load(27) " fcode="load"/>
<opset="Q_4_load/1 "/>
</bind>
</comp>

<comp id="359" class="1004" name="Q_5_load_load_fu_359">
<pin_list>
<pin id="360" dir="0" index="0" bw="32" slack="0"/>
<pin id="361" dir="1" index="1" bw="32" slack="0"/>
</pin_list>
<bind>
<opcode="load(27) " fcode="load"/>
<opset="Q_5_load/1 "/>
</bind>
</comp>

<comp id="363" class="1004" name="Q_6_load_load_fu_363">
<pin_list>
<pin id="364" dir="0" index="0" bw="32" slack="0"/>
<pin id="365" dir="1" index="1" bw="32" slack="0"/>
</pin_list>
<bind>
<opcode="load(27) " fcode="load"/>
<opset="Q_6_load/1 "/>
</bind>
</comp>

<comp id="367" class="1004" name="Q_7_load_load_fu_367">
<pin_list>
<pin id="368" dir="0" index="0" bw="32" slack="0"/>
<pin id="369" dir="1" index="1" bw="32" slack="0"/>
</pin_list>
<bind>
<opcode="load(27) " fcode="load"/>
<opset="Q_7_load/1 "/>
</bind>
</comp>

<comp id="371" class="1004" name="Q_8_load_load_fu_371">
<pin_list>
<pin id="372" dir="0" index="0" bw="32" slack="0"/>
<pin id="373" dir="1" index="1" bw="32" slack="0"/>
</pin_list>
<bind>
<opcode="load(27) " fcode="load"/>
<opset="Q_8_load/1 "/>
</bind>
</comp>

<comp id="375" class="1004" name="Q_9_load_load_fu_375">
<pin_list>
<pin id="376" dir="0" index="0" bw="32" slack="0"/>
<pin id="377" dir="1" index="1" bw="32" slack="0"/>
</pin_list>
<bind>
<opcode="load(27) " fcode="load"/>
<opset="Q_9_load/1 "/>
</bind>
</comp>

<comp id="379" class="1004" name="Q_10_load_load_fu_379">
<pin_list>
<pin id="380" dir="0" index="0" bw="32" slack="0"/>
<pin id="381" dir="1" index="1" bw="32" slack="0"/>
</pin_list>
<bind>
<opcode="load(27) " fcode="load"/>
<opset="Q_10_load/1 "/>
</bind>
</comp>

<comp id="383" class="1004" name="Q_11_load_load_fu_383">
<pin_list>
<pin id="384" dir="0" index="0" bw="32" slack="0"/>
<pin id="385" dir="1" index="1" bw="32" slack="0"/>
</pin_list>
<bind>
<opcode="load(27) " fcode="load"/>
<opset="Q_11_load/1 "/>
</bind>
</comp>

<comp id="387" class="1005" name="i_4_reg_387">
<pin_list>
<pin id="388" dir="0" index="0" bw="2" slack="0"/>
<pin id="389" dir="1" index="1" bw="2" slack="0"/>
</pin_list>
<bind>
<opset="i_4 "/>
</bind>
</comp>

<comp id="394" class="1005" name="Q_reg_394">
<pin_list>
<pin id="395" dir="0" index="0" bw="32" slack="0"/>
<pin id="396" dir="1" index="1" bw="32" slack="0"/>
</pin_list>
<bind>
<opset="Q "/>
</bind>
</comp>

<comp id="401" class="1005" name="Q_1_reg_401">
<pin_list>
<pin id="402" dir="0" index="0" bw="32" slack="0"/>
<pin id="403" dir="1" index="1" bw="32" slack="0"/>
</pin_list>
<bind>
<opset="Q_1 "/>
</bind>
</comp>

<comp id="408" class="1005" name="Q_2_reg_408">
<pin_list>
<pin id="409" dir="0" index="0" bw="32" slack="0"/>
<pin id="410" dir="1" index="1" bw="32" slack="0"/>
</pin_list>
<bind>
<opset="Q_2 "/>
</bind>
</comp>

<comp id="415" class="1005" name="Q_3_reg_415">
<pin_list>
<pin id="416" dir="0" index="0" bw="32" slack="0"/>
<pin id="417" dir="1" index="1" bw="32" slack="0"/>
</pin_list>
<bind>
<opset="Q_3 "/>
</bind>
</comp>

<comp id="422" class="1005" name="Q_4_reg_422">
<pin_list>
<pin id="423" dir="0" index="0" bw="32" slack="0"/>
<pin id="424" dir="1" index="1" bw="32" slack="0"/>
</pin_list>
<bind>
<opset="Q_4 "/>
</bind>
</comp>

<comp id="429" class="1005" name="Q_5_reg_429">
<pin_list>
<pin id="430" dir="0" index="0" bw="32" slack="0"/>
<pin id="431" dir="1" index="1" bw="32" slack="0"/>
</pin_list>
<bind>
<opset="Q_5 "/>
</bind>
</comp>

<comp id="436" class="1005" name="Q_6_reg_436">
<pin_list>
<pin id="437" dir="0" index="0" bw="32" slack="0"/>
<pin id="438" dir="1" index="1" bw="32" slack="0"/>
</pin_list>
<bind>
<opset="Q_6 "/>
</bind>
</comp>

<comp id="443" class="1005" name="Q_7_reg_443">
<pin_list>
<pin id="444" dir="0" index="0" bw="32" slack="0"/>
<pin id="445" dir="1" index="1" bw="32" slack="0"/>
</pin_list>
<bind>
<opset="Q_7 "/>
</bind>
</comp>

<comp id="450" class="1005" name="Q_8_reg_450">
<pin_list>
<pin id="451" dir="0" index="0" bw="32" slack="0"/>
<pin id="452" dir="1" index="1" bw="32" slack="0"/>
</pin_list>
<bind>
<opset="Q_8 "/>
</bind>
</comp>

<comp id="457" class="1005" name="Q_9_reg_457">
<pin_list>
<pin id="458" dir="0" index="0" bw="32" slack="0"/>
<pin id="459" dir="1" index="1" bw="32" slack="0"/>
</pin_list>
<bind>
<opset="Q_9 "/>
</bind>
</comp>

<comp id="464" class="1005" name="Q_10_reg_464">
<pin_list>
<pin id="465" dir="0" index="0" bw="32" slack="0"/>
<pin id="466" dir="1" index="1" bw="32" slack="0"/>
</pin_list>
<bind>
<opset="Q_10 "/>
</bind>
</comp>

<comp id="471" class="1005" name="Q_11_reg_471">
<pin_list>
<pin id="472" dir="0" index="0" bw="32" slack="0"/>
<pin id="473" dir="1" index="1" bw="32" slack="0"/>
</pin_list>
<bind>
<opset="Q_11 "/>
</bind>
</comp>

</comp_list>

<net_list>
<net id="61"><net_src comp="24" pin="0"/><net_sink comp="58" pin=0"/></net>

<net id="65"><net_src comp="24" pin="0"/><net_sink comp="62" pin=0"/></net>

<net id="69"><net_src comp="24" pin="0"/><net_sink comp="66" pin=0"/></net>

<net id="73"><net_src comp="24" pin="0"/><net_sink comp="70" pin=0"/></net>

<net id="77"><net_src comp="24" pin="0"/><net_sink comp="74" pin=0"/></net>

<net id="81"><net_src comp="24" pin="0"/><net_sink comp="78" pin=0"/></net>

<net id="85"><net_src comp="24" pin="0"/><net_sink comp="82" pin=0"/></net>

<net id="89"><net_src comp="24" pin="0"/><net_sink comp="86" pin=0"/></net>

<net id="93"><net_src comp="24" pin="0"/><net_sink comp="90" pin=0"/></net>

<net id="97"><net_src comp="24" pin="0"/><net_sink comp="94" pin=0"/></net>

<net id="101"><net_src comp="24" pin="0"/><net_sink comp="98" pin=0"/></net>

<net id="105"><net_src comp="24" pin="0"/><net_sink comp="102" pin=0"/></net>

<net id="109"><net_src comp="24" pin="0"/><net_sink comp="106" pin=0"/></net>

<net id="115"><net_src comp="56" pin="0"/><net_sink comp="110" pin=0"/></net>

<net id="116"><net_src comp="0" pin="0"/><net_sink comp="110" pin=1"/></net>

<net id="122"><net_src comp="56" pin="0"/><net_sink comp="117" pin=0"/></net>

<net id="123"><net_src comp="2" pin="0"/><net_sink comp="117" pin=1"/></net>

<net id="129"><net_src comp="56" pin="0"/><net_sink comp="124" pin=0"/></net>

<net id="130"><net_src comp="4" pin="0"/><net_sink comp="124" pin=1"/></net>

<net id="136"><net_src comp="56" pin="0"/><net_sink comp="131" pin=0"/></net>

<net id="137"><net_src comp="6" pin="0"/><net_sink comp="131" pin=1"/></net>

<net id="143"><net_src comp="56" pin="0"/><net_sink comp="138" pin=0"/></net>

<net id="144"><net_src comp="8" pin="0"/><net_sink comp="138" pin=1"/></net>

<net id="150"><net_src comp="56" pin="0"/><net_sink comp="145" pin=0"/></net>

<net id="151"><net_src comp="10" pin="0"/><net_sink comp="145" pin=1"/></net>

<net id="157"><net_src comp="56" pin="0"/><net_sink comp="152" pin=0"/></net>

<net id="158"><net_src comp="12" pin="0"/><net_sink comp="152" pin=1"/></net>

<net id="164"><net_src comp="56" pin="0"/><net_sink comp="159" pin=0"/></net>

<net id="165"><net_src comp="14" pin="0"/><net_sink comp="159" pin=1"/></net>

<net id="171"><net_src comp="56" pin="0"/><net_sink comp="166" pin=0"/></net>

<net id="172"><net_src comp="16" pin="0"/><net_sink comp="166" pin=1"/></net>

<net id="178"><net_src comp="56" pin="0"/><net_sink comp="173" pin=0"/></net>

<net id="179"><net_src comp="18" pin="0"/><net_sink comp="173" pin=1"/></net>

<net id="185"><net_src comp="56" pin="0"/><net_sink comp="180" pin=0"/></net>

<net id="186"><net_src comp="20" pin="0"/><net_sink comp="180" pin=1"/></net>

<net id="192"><net_src comp="56" pin="0"/><net_sink comp="187" pin=0"/></net>

<net id="193"><net_src comp="22" pin="0"/><net_sink comp="187" pin=1"/></net>

<net id="198"><net_src comp="26" pin="0"/><net_sink comp="194" pin=0"/></net>

<net id="203"><net_src comp="26" pin="0"/><net_sink comp="199" pin=0"/></net>

<net id="208"><net_src comp="26" pin="0"/><net_sink comp="204" pin=0"/></net>

<net id="213"><net_src comp="26" pin="0"/><net_sink comp="209" pin=0"/></net>

<net id="218"><net_src comp="26" pin="0"/><net_sink comp="214" pin=0"/></net>

<net id="223"><net_src comp="26" pin="0"/><net_sink comp="219" pin=0"/></net>

<net id="228"><net_src comp="26" pin="0"/><net_sink comp="224" pin=0"/></net>

<net id="233"><net_src comp="26" pin="0"/><net_sink comp="229" pin=0"/></net>

<net id="238"><net_src comp="26" pin="0"/><net_sink comp="234" pin=0"/></net>

<net id="243"><net_src comp="26" pin="0"/><net_sink comp="239" pin=0"/></net>

<net id="248"><net_src comp="26" pin="0"/><net_sink comp="244" pin=0"/></net>

<net id="253"><net_src comp="26" pin="0"/><net_sink comp="249" pin=0"/></net>

<net id="258"><net_src comp="28" pin="0"/><net_sink comp="254" pin=0"/></net>

<net id="266"><net_src comp="259" pin="1"/><net_sink comp="262" pin=0"/></net>

<net id="267"><net_src comp="38" pin="0"/><net_sink comp="262" pin=1"/></net>

<net id="272"><net_src comp="259" pin="1"/><net_sink comp="268" pin=0"/></net>

<net id="273"><net_src comp="40" pin="0"/><net_sink comp="268" pin=1"/></net>

<net id="278"><net_src comp="50" pin="0"/><net_sink comp="274" pin=0"/></net>

<net id="283"><net_src comp="52" pin="0"/><net_sink comp="279" pin=0"/></net>

<net id="288"><net_src comp="52" pin="0"/><net_sink comp="284" pin=0"/></net>

<net id="293"><net_src comp="54" pin="0"/><net_sink comp="289" pin=0"/></net>

<net id="298"><net_src comp="50" pin="0"/><net_sink comp="294" pin=0"/></net>

<net id="303"><net_src comp="52" pin="0"/><net_sink comp="299" pin=0"/></net>

<net id="308"><net_src comp="52" pin="0"/><net_sink comp="304" pin=0"/></net>

<net id="313"><net_src comp="54" pin="0"/><net_sink comp="309" pin=0"/></net>

<net id="318"><net_src comp="50" pin="0"/><net_sink comp="314" pin=0"/></net>

<net id="323"><net_src comp="52" pin="0"/><net_sink comp="319" pin=0"/></net>

<net id="328"><net_src comp="52" pin="0"/><net_sink comp="324" pin=0"/></net>

<net id="333"><net_src comp="54" pin="0"/><net_sink comp="329" pin=0"/></net>

<net id="338"><net_src comp="268" pin="2"/><net_sink comp="334" pin=0"/></net>

<net id="342"><net_src comp="339" pin="1"/><net_sink comp="187" pin=2"/></net>

<net id="346"><net_src comp="343" pin="1"/><net_sink comp="180" pin=2"/></net>

<net id="350"><net_src comp="347" pin="1"/><net_sink comp="173" pin=2"/></net>

<net id="354"><net_src comp="351" pin="1"/><net_sink comp="166" pin=2"/></net>

<net id="358"><net_src comp="355" pin="1"/><net_sink comp="159" pin=2"/></net>

<net id="362"><net_src comp="359" pin="1"/><net_sink comp="152" pin=2"/></net>

<net id="366"><net_src comp="363" pin="1"/><net_sink comp="145" pin=2"/></net>

<net id="370"><net_src comp="367" pin="1"/><net_sink comp="138" pin=2"/></net>

<net id="374"><net_src comp="371" pin="1"/><net_sink comp="131" pin=2"/></net>

<net id="378"><net_src comp="375" pin="1"/><net_sink comp="124" pin=2"/></net>

<net id="382"><net_src comp="379" pin="1"/><net_sink comp="117" pin=2"/></net>

<net id="386"><net_src comp="383" pin="1"/><net_sink comp="110" pin=2"/></net>

<net id="390"><net_src comp="58" pin="1"/><net_sink comp="387" pin=0"/></net>

<net id="391"><net_src comp="387" pin="1"/><net_sink comp="254" pin=1"/></net>

<net id="392"><net_src comp="387" pin="1"/><net_sink comp="259" pin=0"/></net>

<net id="393"><net_src comp="387" pin="1"/><net_sink comp="334" pin=1"/></net>

<net id="397"><net_src comp="62" pin="1"/><net_sink comp="394" pin=0"/></net>

<net id="398"><net_src comp="394" pin="1"/><net_sink comp="249" pin=1"/></net>

<net id="399"><net_src comp="394" pin="1"/><net_sink comp="309" pin=1"/></net>

<net id="400"><net_src comp="394" pin="1"/><net_sink comp="339" pin=0"/></net>

<net id="404"><net_src comp="66" pin="1"/><net_sink comp="401" pin=0"/></net>

<net id="405"><net_src comp="401" pin="1"/><net_sink comp="244" pin=1"/></net>

<net id="406"><net_src comp="401" pin="1"/><net_sink comp="304" pin=1"/></net>

<net id="407"><net_src comp="401" pin="1"/><net_sink comp="343" pin=0"/></net>

<net id="411"><net_src comp="70" pin="1"/><net_sink comp="408" pin=0"/></net>

<net id="412"><net_src comp="408" pin="1"/><net_sink comp="239" pin=1"/></net>

<net id="413"><net_src comp="408" pin="1"/><net_sink comp="289" pin=1"/></net>

<net id="414"><net_src comp="408" pin="1"/><net_sink comp="347" pin=0"/></net>

<net id="418"><net_src comp="74" pin="1"/><net_sink comp="415" pin=0"/></net>

<net id="419"><net_src comp="415" pin="1"/><net_sink comp="234" pin=1"/></net>

<net id="420"><net_src comp="415" pin="1"/><net_sink comp="284" pin=1"/></net>

<net id="421"><net_src comp="415" pin="1"/><net_sink comp="351" pin=0"/></net>

<net id="425"><net_src comp="78" pin="1"/><net_sink comp="422" pin=0"/></net>

<net id="426"><net_src comp="422" pin="1"/><net_sink comp="229" pin=1"/></net>

<net id="427"><net_src comp="422" pin="1"/><net_sink comp="329" pin=1"/></net>

<net id="428"><net_src comp="422" pin="1"/><net_sink comp="355" pin=0"/></net>

<net id="432"><net_src comp="82" pin="1"/><net_sink comp="429" pin=0"/></net>

<net id="433"><net_src comp="429" pin="1"/><net_sink comp="224" pin=1"/></net>

<net id="434"><net_src comp="429" pin="1"/><net_sink comp="324" pin=1"/></net>

<net id="435"><net_src comp="429" pin="1"/><net_sink comp="359" pin=0"/></net>

<net id="439"><net_src comp="86" pin="1"/><net_sink comp="436" pin=0"/></net>

<net id="440"><net_src comp="436" pin="1"/><net_sink comp="219" pin=1"/></net>

<net id="441"><net_src comp="436" pin="1"/><net_sink comp="299" pin=1"/></net>

<net id="442"><net_src comp="436" pin="1"/><net_sink comp="363" pin=0"/></net>

<net id="446"><net_src comp="90" pin="1"/><net_sink comp="443" pin=0"/></net>

<net id="447"><net_src comp="443" pin="1"/><net_sink comp="214" pin=1"/></net>

<net id="448"><net_src comp="443" pin="1"/><net_sink comp="294" pin=1"/></net>

<net id="449"><net_src comp="443" pin="1"/><net_sink comp="367" pin=0"/></net>

<net id="453"><net_src comp="94" pin="1"/><net_sink comp="450" pin=0"/></net>

<net id="454"><net_src comp="450" pin="1"/><net_sink comp="209" pin=1"/></net>

<net id="455"><net_src comp="450" pin="1"/><net_sink comp="279" pin=1"/></net>

<net id="456"><net_src comp="450" pin="1"/><net_sink comp="371" pin=0"/></net>

<net id="460"><net_src comp="98" pin="1"/><net_sink comp="457" pin=0"/></net>

<net id="461"><net_src comp="457" pin="1"/><net_sink comp="204" pin=1"/></net>

<net id="462"><net_src comp="457" pin="1"/><net_sink comp="274" pin=1"/></net>

<net id="463"><net_src comp="457" pin="1"/><net_sink comp="375" pin=0"/></net>

<net id="467"><net_src comp="102" pin="1"/><net_sink comp="464" pin=0"/></net>

<net id="468"><net_src comp="464" pin="1"/><net_sink comp="199" pin=1"/></net>

<net id="469"><net_src comp="464" pin="1"/><net_sink comp="319" pin=1"/></net>

<net id="470"><net_src comp="464" pin="1"/><net_sink comp="379" pin=0"/></net>

<net id="474"><net_src comp="106" pin="1"/><net_sink comp="471" pin=0"/></net>

<net id="475"><net_src comp="471" pin="1"/><net_sink comp="194" pin=1"/></net>

<net id="476"><net_src comp="471" pin="1"/><net_sink comp="314" pin=1"/></net>

<net id="477"><net_src comp="471" pin="1"/><net_sink comp="383" pin=0"/></net>

</net_list>

</model> 
---------------- Datapath Model END ------------------

* FSMD analyzer results:
  - Output states:
	Port: Q_11_out | {1 }
	Port: Q_10_out | {1 }
	Port: Q_9_out | {1 }
	Port: Q_8_out | {1 }
	Port: Q_7_out | {1 }
	Port: Q_6_out | {1 }
	Port: Q_5_out | {1 }
	Port: Q_4_out | {1 }
	Port: Q_3_out | {1 }
	Port: Q_2_out | {1 }
	Port: Q_1_out | {1 }
	Port: Q_out | {1 }
 - Input state : 
  - Chain level:
	State 1
		store_ln0 : 1
		store_ln0 : 1
		store_ln0 : 1
		store_ln0 : 1
		store_ln0 : 1
		store_ln0 : 1
		store_ln0 : 1
		store_ln0 : 1
		store_ln0 : 1
		store_ln0 : 1
		store_ln0 : 1
		store_ln0 : 1
		store_ln0 : 1
		i : 1
		icmp_ln45 : 2
		add_ln45 : 2
		br_ln45 : 3
		switch_ln45 : 2
		store_ln45 : 1
		store_ln45 : 1
		store_ln45 : 1
		store_ln45 : 1
		store_ln45 : 1
		store_ln45 : 1
		store_ln45 : 1
		store_ln45 : 1
		store_ln45 : 1
		store_ln45 : 1
		store_ln45 : 1
		store_ln45 : 1
		store_ln45 : 3
		Q_load : 1
		Q_1_load : 1
		Q_2_load : 1
		Q_3_load : 1
		Q_4_load : 1
		Q_5_load : 1
		Q_6_load : 1
		Q_7_load : 1
		Q_8_load : 1
		Q_9_load : 1
		Q_10_load : 1
		Q_11_load : 1
		write_ln0 : 2
		write_ln0 : 2
		write_ln0 : 2
		write_ln0 : 2
		write_ln0 : 2
		write_ln0 : 2
		write_ln0 : 2
		write_ln0 : 2
		write_ln0 : 2
		write_ln0 : 2
		write_ln0 : 2
		write_ln0 : 2


============================================================
+ Verbose Summary: Datapath Resource usage 
============================================================

* Functional unit list:
|----------|------------------------|---------|---------|
| Operation|     Functional Unit    |    FF   |   LUT   |
|----------|------------------------|---------|---------|
|   icmp   |    icmp_ln45_fu_262    |    0    |    9    |
|----------|------------------------|---------|---------|
|    add   |     add_ln45_fu_268    |    0    |    9    |
|----------|------------------------|---------|---------|
|          | write_ln0_write_fu_110 |    0    |    0    |
|          | write_ln0_write_fu_117 |    0    |    0    |
|          | write_ln0_write_fu_124 |    0    |    0    |
|          | write_ln0_write_fu_131 |    0    |    0    |
|          | write_ln0_write_fu_138 |    0    |    0    |
|   write  | write_ln0_write_fu_145 |    0    |    0    |
|          | write_ln0_write_fu_152 |    0    |    0    |
|          | write_ln0_write_fu_159 |    0    |    0    |
|          | write_ln0_write_fu_166 |    0    |    0    |
|          | write_ln0_write_fu_173 |    0    |    0    |
|          | write_ln0_write_fu_180 |    0    |    0    |
|          | write_ln0_write_fu_187 |    0    |    0    |
|----------|------------------------|---------|---------|
|   Total  |                        |    0    |    18   |
|----------|------------------------|---------|---------|

Memories:
N/A

* Register list:
+------------+--------+
|            |   FF   |
+------------+--------+
|Q_10_reg_464|   32   |
|Q_11_reg_471|   32   |
| Q_1_reg_401|   32   |
| Q_2_reg_408|   32   |
| Q_3_reg_415|   32   |
| Q_4_reg_422|   32   |
| Q_5_reg_429|   32   |
| Q_6_reg_436|   32   |
| Q_7_reg_443|   32   |
| Q_8_reg_450|   32   |
| Q_9_reg_457|   32   |
|  Q_reg_394 |   32   |
| i_4_reg_387|    2   |
+------------+--------+
|    Total   |   386  |
+------------+--------+

* Multiplexer (MUX) list: 
|--------|------|------|------|--------|
|  Comp  |  Pin | Size |  BW  | S x BW |
|--------|------|------|------|--------|
|  Total |      |      |      |    0   |
|--------|------|------|------|--------|



* Summary:
+-----------+--------+--------+
|           |   FF   |   LUT  |
+-----------+--------+--------+
|  Function |    0   |   18   |
|   Memory  |    -   |    -   |
|Multiplexer|    -   |    -   |
|  Register |   386  |    -   |
+-----------+--------+--------+
|   Total   |   386  |   18   |
+-----------+--------+--------+
