

================================================================
== Vitis HLS Report for 'ekf_batch_Pipeline_VITIS_LOOP_173_9'
================================================================
* Date:           Thu Sep  3 12:11:29 2026

* Version:        2023.1 (Build 3854077 on May  4 2023)
* Project:        EKF
* Solution:       solution1 (Vivado IP Flow Target)
* Product family: zynquplus
* Target device:  xczu9eg-ffvb1156-2-e


================================================================
== Performance Estimates
================================================================
+ Timing: 
    * Summary: 
    +--------+----------+----------+------------+
    |  Clock |  Target  | Estimated| Uncertainty|
    +--------+----------+----------+------------+
    |ap_clk  |  10.00 ns|  1.100 ns|     2.70 ns|
    +--------+----------+----------+------------+

+ Latency: 
    * Summary: 
    +---------+---------+-----------+-----------+-----+-----+---------+
    |  Latency (cycles) |   Latency (absolute)  |  Interval | Pipeline|
    |   min   |   max   |    min    |    max    | min | max |   Type  |
    +---------+---------+-----------+-----------+-----+-----+---------+
    |        8|        8|  80.000 ns|  80.000 ns|    8|    8|       no|
    +---------+---------+-----------+-----------+-----+-----+---------+

    + Detail: 
        * Instance: 
        N/A

        * Loop: 
        +--------------------+---------+---------+----------+-----------+-----------+------+----------+
        |                    |  Latency (cycles) | Iteration|  Initiation Interval  | Trip |          |
        |      Loop Name     |   min   |   max   |  Latency |  achieved |   target  | Count| Pipelined|
        +--------------------+---------+---------+----------+-----------+-----------+------+----------+
        |- VITIS_LOOP_173_9  |        6|        6|         1|          1|          1|     6|       yes|
        +--------------------+---------+---------+----------+-----------+-----------+------+----------+

============================================================
+ Verbose Summary: Synthesis Manager
============================================================
InlineROM: 1
ExposeGlobal: 0
============================================================
+ Verbose Summary: CDFG Model
============================================================
IsTopModel: 0
ResetActiveHigh: 1
IsCombinational: 0
IsDatapathOnly: 0
HasWiredReturn: 1
HasMFsm: 2
HasVarLatency: 1
IsPipeline: 0
IsRtlPipelined: 0
IsInstanceOverlapped: 0
IsDontTouch: 0
HasImplIP: 0
IsGatedGlobalClock: 0

+ Individual pipeline summary: 
  * Pipeline-0: initiation interval (II) = 1, depth = 1


============================================================
+ Verbose Summary: Schedule
============================================================
* Number of FSM states : 1
* Pipeline : 1
  Pipeline-0 : II = 1, D = 1, States = { 1 }
* Dataflow Pipeline: 0

* FSM state transitions: 
1 --> 

* FSM state operations: 

State 1 <SV = 0> <Delay = 1.09>
ST_1 : Operation 4 [1/1] (0.00ns)   --->   "%i = alloca i32 1"   --->   Operation 4 'alloca' 'i' <Predicate = true> <Delay = 0.00>
ST_1 : Operation 5 [1/1] (0.00ns)   --->   "%empty = alloca i32 1"   --->   Operation 5 'alloca' 'empty' <Predicate = true> <Delay = 0.00>
ST_1 : Operation 6 [1/1] (0.00ns)   --->   "%empty_47 = alloca i32 1"   --->   Operation 6 'alloca' 'empty_47' <Predicate = true> <Delay = 0.00>
ST_1 : Operation 7 [1/1] (0.00ns)   --->   "%empty_48 = alloca i32 1"   --->   Operation 7 'alloca' 'empty_48' <Predicate = true> <Delay = 0.00>
ST_1 : Operation 8 [1/1] (0.00ns)   --->   "%empty_49 = alloca i32 1"   --->   Operation 8 'alloca' 'empty_49' <Predicate = true> <Delay = 0.00>
ST_1 : Operation 9 [1/1] (0.00ns)   --->   "%empty_50 = alloca i32 1"   --->   Operation 9 'alloca' 'empty_50' <Predicate = true> <Delay = 0.00>
ST_1 : Operation 10 [1/1] (0.00ns)   --->   "%empty_51 = alloca i32 1"   --->   Operation 10 'alloca' 'empty_51' <Predicate = true> <Delay = 0.00>
ST_1 : Operation 11 [1/1] (0.00ns)   --->   "%x_26_read = read i32 @_ssdm_op_Read.ap_auto.float, i32 %x_26"   --->   Operation 11 'read' 'x_26_read' <Predicate = true> <Delay = 0.00>
ST_1 : Operation 12 [1/1] (0.00ns)   --->   "%x_27_read = read i32 @_ssdm_op_Read.ap_auto.float, i32 %x_27"   --->   Operation 12 'read' 'x_27_read' <Predicate = true> <Delay = 0.00>
ST_1 : Operation 13 [1/1] (0.00ns)   --->   "%x_28_read = read i32 @_ssdm_op_Read.ap_auto.float, i32 %x_28"   --->   Operation 13 'read' 'x_28_read' <Predicate = true> <Delay = 0.00>
ST_1 : Operation 14 [1/1] (0.00ns)   --->   "%x_29_read = read i32 @_ssdm_op_Read.ap_auto.float, i32 %x_29"   --->   Operation 14 'read' 'x_29_read' <Predicate = true> <Delay = 0.00>
ST_1 : Operation 15 [1/1] (0.00ns)   --->   "%x_30_read = read i32 @_ssdm_op_Read.ap_auto.float, i32 %x_30"   --->   Operation 15 'read' 'x_30_read' <Predicate = true> <Delay = 0.00>
ST_1 : Operation 16 [1/1] (0.00ns)   --->   "%x_31_read = read i32 @_ssdm_op_Read.ap_auto.float, i32 %x_31"   --->   Operation 16 'read' 'x_31_read' <Predicate = true> <Delay = 0.00>
ST_1 : Operation 17 [1/1] (0.00ns)   --->   "%local_4_load_3_read = read i32 @_ssdm_op_Read.ap_auto.float, i32 %local_4_load_3"   --->   Operation 17 'read' 'local_4_load_3_read' <Predicate = true> <Delay = 0.00>
ST_1 : Operation 18 [1/1] (0.00ns)   --->   "%local_3_load_3_read = read i32 @_ssdm_op_Read.ap_auto.float, i32 %local_3_load_3"   --->   Operation 18 'read' 'local_3_load_3_read' <Predicate = true> <Delay = 0.00>
ST_1 : Operation 19 [1/1] (0.00ns)   --->   "%local_2_load_3_read = read i32 @_ssdm_op_Read.ap_auto.float, i32 %local_2_load_3"   --->   Operation 19 'read' 'local_2_load_3_read' <Predicate = true> <Delay = 0.00>
ST_1 : Operation 20 [1/1] (0.00ns)   --->   "%local_1_load_1_read = read i32 @_ssdm_op_Read.ap_auto.float, i32 %local_1_load_1"   --->   Operation 20 'read' 'local_1_load_1_read' <Predicate = true> <Delay = 0.00>
ST_1 : Operation 21 [1/1] (0.00ns)   --->   "%local_load_1_read = read i32 @_ssdm_op_Read.ap_auto.float, i32 %local_load_1"   --->   Operation 21 'read' 'local_load_1_read' <Predicate = true> <Delay = 0.00>
ST_1 : Operation 22 [1/1] (0.00ns)   --->   "%local_5_load_3_read = read i32 @_ssdm_op_Read.ap_auto.float, i32 %local_5_load_3"   --->   Operation 22 'read' 'local_5_load_3_read' <Predicate = true> <Delay = 0.00>
ST_1 : Operation 23 [1/1] (0.42ns)   --->   "%store_ln0 = store i32 %local_5_load_3_read, i32 %empty_51"   --->   Operation 23 'store' 'store_ln0' <Predicate = true> <Delay = 0.42>
ST_1 : Operation 24 [1/1] (0.42ns)   --->   "%store_ln0 = store i32 %local_load_1_read, i32 %empty_50"   --->   Operation 24 'store' 'store_ln0' <Predicate = true> <Delay = 0.42>
ST_1 : Operation 25 [1/1] (0.42ns)   --->   "%store_ln0 = store i32 %local_1_load_1_read, i32 %empty_49"   --->   Operation 25 'store' 'store_ln0' <Predicate = true> <Delay = 0.42>
ST_1 : Operation 26 [1/1] (0.42ns)   --->   "%store_ln0 = store i32 %local_2_load_3_read, i32 %empty_48"   --->   Operation 26 'store' 'store_ln0' <Predicate = true> <Delay = 0.42>
ST_1 : Operation 27 [1/1] (0.42ns)   --->   "%store_ln0 = store i32 %local_3_load_3_read, i32 %empty_47"   --->   Operation 27 'store' 'store_ln0' <Predicate = true> <Delay = 0.42>
ST_1 : Operation 28 [1/1] (0.42ns)   --->   "%store_ln0 = store i32 %local_4_load_3_read, i32 %empty"   --->   Operation 28 'store' 'store_ln0' <Predicate = true> <Delay = 0.42>
ST_1 : Operation 29 [1/1] (0.42ns)   --->   "%store_ln0 = store i3 0, i3 %i"   --->   Operation 29 'store' 'store_ln0' <Predicate = true> <Delay = 0.42>
ST_1 : Operation 30 [1/1] (0.00ns)   --->   "%br_ln0 = br void %for.inc98"   --->   Operation 30 'br' 'br_ln0' <Predicate = true> <Delay = 0.00>
ST_1 : Operation 31 [1/1] (0.00ns)   --->   "%i_9 = load i3 %i" [ekf_core.cpp:173]   --->   Operation 31 'load' 'i_9' <Predicate = true> <Delay = 0.00>
ST_1 : Operation 32 [1/1] (0.00ns)   --->   "%specpipeline_ln0 = specpipeline void @_ssdm_op_SpecPipeline, i32 4294967295, i32 0, i32 1, i32 0, void @p_str"   --->   Operation 32 'specpipeline' 'specpipeline_ln0' <Predicate = true> <Delay = 0.00>
ST_1 : Operation 33 [1/1] (0.67ns)   --->   "%icmp_ln173 = icmp_eq  i3 %i_9, i3 6" [ekf_core.cpp:173]   --->   Operation 33 'icmp' 'icmp_ln173' <Predicate = true> <Delay = 0.67> <CoreInst = "Cmp">   --->   Core 9 'Cmp' <Latency = 0> <II = 1> <Delay = 0.67> <FuncUnit> <Opcode : 'icmp'> <InPorts = 2> <OutPorts = 1>
ST_1 : Operation 34 [1/1] (0.67ns)   --->   "%add_ln173 = add i3 %i_9, i3 1" [ekf_core.cpp:173]   --->   Operation 34 'add' 'add_ln173' <Predicate = true> <Delay = 0.67> <CoreInst = "Adder">   --->   Core 1 'Adder' <Latency = 0> <II = 1> <Delay = 0.67> <FuncUnit> <Opcode : 'add' 'sub'> <InPorts = 2> <OutPorts = 1>
ST_1 : Operation 35 [1/1] (0.00ns)   --->   "%br_ln173 = br i1 %icmp_ln173, void %for.inc98.split, void %VITIS_LOOP_174_10.exitStub" [ekf_core.cpp:173]   --->   Operation 35 'br' 'br_ln173' <Predicate = true> <Delay = 0.00>
ST_1 : Operation 36 [1/1] (0.00ns)   --->   "%speclooptripcount_ln173 = speclooptripcount void @_ssdm_op_SpecLoopTripCount, i64 6, i64 6, i64 6" [ekf_core.cpp:173]   --->   Operation 36 'speclooptripcount' 'speclooptripcount_ln173' <Predicate = (!icmp_ln173)> <Delay = 0.00>
ST_1 : Operation 37 [1/1] (0.00ns)   --->   "%specloopname_ln173 = specloopname void @_ssdm_op_SpecLoopName, void @empty_1" [ekf_core.cpp:173]   --->   Operation 37 'specloopname' 'specloopname_ln173' <Predicate = (!icmp_ln173)> <Delay = 0.00>
ST_1 : Operation 38 [1/1] (0.62ns)   --->   "%tmp_56 = mux i32 @_ssdm_op_Mux.ap_auto.6f32.i3, i32 %x_31_read, i32 %x_30_read, i32 %x_29_read, i32 %x_28_read, i32 %x_27_read, i32 %x_26_read, i3 %i_9" [ekf_core.cpp:173]   --->   Operation 38 'mux' 'tmp_56' <Predicate = (!icmp_ln173)> <Delay = 0.62> <CoreInst = "Multiplexer">   --->   Core 76 'Multiplexer' <Latency = 0> <II = 1> <Delay = 0.62> <FuncUnit> <Opcode : 'mux'> <InPorts = 2> <OutPorts = 1>
ST_1 : Operation 39 [1/1] (0.73ns)   --->   "%switch_ln173 = switch i3 %i_9, void %arrayidx97.case.5, i3 0, void %for.inc98.split.arrayidx97.exit_crit_edge18, i3 1, void %arrayidx97.case.1, i3 2, void %arrayidx97.case.2, i3 3, void %arrayidx97.case.3, i3 4, void %for.inc98.split.arrayidx97.exit_crit_edge" [ekf_core.cpp:173]   --->   Operation 39 'switch' 'switch_ln173' <Predicate = (!icmp_ln173)> <Delay = 0.73>
ST_1 : Operation 40 [1/1] (0.42ns)   --->   "%store_ln173 = store i32 %tmp_56, i32 %empty" [ekf_core.cpp:173]   --->   Operation 40 'store' 'store_ln173' <Predicate = (!icmp_ln173 & i_9 == 4)> <Delay = 0.42>
ST_1 : Operation 41 [1/1] (0.00ns)   --->   "%br_ln173 = br void %arrayidx97.exit" [ekf_core.cpp:173]   --->   Operation 41 'br' 'br_ln173' <Predicate = (!icmp_ln173 & i_9 == 4)> <Delay = 0.00>
ST_1 : Operation 42 [1/1] (0.42ns)   --->   "%store_ln173 = store i32 %tmp_56, i32 %empty_47" [ekf_core.cpp:173]   --->   Operation 42 'store' 'store_ln173' <Predicate = (!icmp_ln173 & i_9 == 3)> <Delay = 0.42>
ST_1 : Operation 43 [1/1] (0.00ns)   --->   "%br_ln173 = br void %arrayidx97.exit" [ekf_core.cpp:173]   --->   Operation 43 'br' 'br_ln173' <Predicate = (!icmp_ln173 & i_9 == 3)> <Delay = 0.00>
ST_1 : Operation 44 [1/1] (0.42ns)   --->   "%store_ln173 = store i32 %tmp_56, i32 %empty_48" [ekf_core.cpp:173]   --->   Operation 44 'store' 'store_ln173' <Predicate = (!icmp_ln173 & i_9 == 2)> <Delay = 0.42>
ST_1 : Operation 45 [1/1] (0.00ns)   --->   "%br_ln173 = br void %arrayidx97.exit" [ekf_core.cpp:173]   --->   Operation 45 'br' 'br_ln173' <Predicate = (!icmp_ln173 & i_9 == 2)> <Delay = 0.00>
ST_1 : Operation 46 [1/1] (0.42ns)   --->   "%store_ln173 = store i32 %tmp_56, i32 %empty_49" [ekf_core.cpp:173]   --->   Operation 46 'store' 'store_ln173' <Predicate = (!icmp_ln173 & i_9 == 1)> <Delay = 0.42>
ST_1 : Operation 47 [1/1] (0.00ns)   --->   "%br_ln173 = br void %arrayidx97.exit" [ekf_core.cpp:173]   --->   Operation 47 'br' 'br_ln173' <Predicate = (!icmp_ln173 & i_9 == 1)> <Delay = 0.00>
ST_1 : Operation 48 [1/1] (0.42ns)   --->   "%store_ln173 = store i32 %tmp_56, i32 %empty_50" [ekf_core.cpp:173]   --->   Operation 48 'store' 'store_ln173' <Predicate = (!icmp_ln173 & i_9 == 0)> <Delay = 0.42>
ST_1 : Operation 49 [1/1] (0.00ns)   --->   "%br_ln173 = br void %arrayidx97.exit" [ekf_core.cpp:173]   --->   Operation 49 'br' 'br_ln173' <Predicate = (!icmp_ln173 & i_9 == 0)> <Delay = 0.00>
ST_1 : Operation 50 [1/1] (0.42ns)   --->   "%store_ln173 = store i32 %tmp_56, i32 %empty_51" [ekf_core.cpp:173]   --->   Operation 50 'store' 'store_ln173' <Predicate = (!icmp_ln173 & i_9 != 0 & i_9 != 1 & i_9 != 2 & i_9 != 3 & i_9 != 4)> <Delay = 0.42>
ST_1 : Operation 51 [1/1] (0.00ns)   --->   "%br_ln173 = br void %arrayidx97.exit" [ekf_core.cpp:173]   --->   Operation 51 'br' 'br_ln173' <Predicate = (!icmp_ln173 & i_9 != 0 & i_9 != 1 & i_9 != 2 & i_9 != 3 & i_9 != 4)> <Delay = 0.00>
ST_1 : Operation 52 [1/1] (0.42ns)   --->   "%store_ln173 = store i3 %add_ln173, i3 %i" [ekf_core.cpp:173]   --->   Operation 52 'store' 'store_ln173' <Predicate = (!icmp_ln173)> <Delay = 0.42>
ST_1 : Operation 53 [1/1] (0.00ns)   --->   "%br_ln173 = br void %for.inc98" [ekf_core.cpp:173]   --->   Operation 53 'br' 'br_ln173' <Predicate = (!icmp_ln173)> <Delay = 0.00>
ST_1 : Operation 54 [1/1] (0.00ns)   --->   "%p_load23 = load i32 %empty"   --->   Operation 54 'load' 'p_load23' <Predicate = (icmp_ln173)> <Delay = 0.00>
ST_1 : Operation 55 [1/1] (0.00ns)   --->   "%p_load22 = load i32 %empty_47"   --->   Operation 55 'load' 'p_load22' <Predicate = (icmp_ln173)> <Delay = 0.00>
ST_1 : Operation 56 [1/1] (0.00ns)   --->   "%p_load21 = load i32 %empty_48"   --->   Operation 56 'load' 'p_load21' <Predicate = (icmp_ln173)> <Delay = 0.00>
ST_1 : Operation 57 [1/1] (0.00ns)   --->   "%p_load20 = load i32 %empty_49"   --->   Operation 57 'load' 'p_load20' <Predicate = (icmp_ln173)> <Delay = 0.00>
ST_1 : Operation 58 [1/1] (0.00ns)   --->   "%p_load19 = load i32 %empty_50"   --->   Operation 58 'load' 'p_load19' <Predicate = (icmp_ln173)> <Delay = 0.00>
ST_1 : Operation 59 [1/1] (0.00ns)   --->   "%p_load = load i32 %empty_51"   --->   Operation 59 'load' 'p_load' <Predicate = (icmp_ln173)> <Delay = 0.00>
ST_1 : Operation 60 [1/1] (0.00ns)   --->   "%write_ln0 = write void @_ssdm_op_Write.ap_auto.floatP0A, i32 %p_out, i32 %p_load"   --->   Operation 60 'write' 'write_ln0' <Predicate = (icmp_ln173)> <Delay = 0.00>
ST_1 : Operation 61 [1/1] (0.00ns)   --->   "%write_ln0 = write void @_ssdm_op_Write.ap_auto.floatP0A, i32 %p_out1, i32 %p_load19"   --->   Operation 61 'write' 'write_ln0' <Predicate = (icmp_ln173)> <Delay = 0.00>
ST_1 : Operation 62 [1/1] (0.00ns)   --->   "%write_ln0 = write void @_ssdm_op_Write.ap_auto.floatP0A, i32 %p_out2, i32 %p_load20"   --->   Operation 62 'write' 'write_ln0' <Predicate = (icmp_ln173)> <Delay = 0.00>
ST_1 : Operation 63 [1/1] (0.00ns)   --->   "%write_ln0 = write void @_ssdm_op_Write.ap_auto.floatP0A, i32 %p_out3, i32 %p_load21"   --->   Operation 63 'write' 'write_ln0' <Predicate = (icmp_ln173)> <Delay = 0.00>
ST_1 : Operation 64 [1/1] (0.00ns)   --->   "%write_ln0 = write void @_ssdm_op_Write.ap_auto.floatP0A, i32 %p_out4, i32 %p_load22"   --->   Operation 64 'write' 'write_ln0' <Predicate = (icmp_ln173)> <Delay = 0.00>
ST_1 : Operation 65 [1/1] (0.00ns)   --->   "%write_ln0 = write void @_ssdm_op_Write.ap_auto.floatP0A, i32 %p_out5, i32 %p_load23"   --->   Operation 65 'write' 'write_ln0' <Predicate = (icmp_ln173)> <Delay = 0.00>
ST_1 : Operation 66 [1/1] (0.00ns)   --->   "%ret_ln0 = ret"   --->   Operation 66 'ret' 'ret_ln0' <Predicate = (icmp_ln173)> <Delay = 0.00>


============================================================
+ Verbose Summary: Timing violations
============================================================
Target clock period: 10.000ns, clock uncertainty: 2.700ns.

 <State 1>: 1.100ns
The critical path consists of the following:
	'alloca' operation ('i') [19]  (0.000 ns)
	'load' operation ('i', ekf_core.cpp:173) on local variable 'i' [47]  (0.000 ns)
	'add' operation ('add_ln173', ekf_core.cpp:173) [50]  (0.673 ns)
	'store' operation ('store_ln173', ekf_core.cpp:173) of variable 'add_ln173', ekf_core.cpp:173 on local variable 'i' [76]  (0.427 ns)


============================================================
+ Verbose Summary: Binding
============================================================
N/A
* FSMD analyzer results:
  - Output states:
 - Input state : 
  - Chain level:
	State 1


============================================================
+ Verbose Summary: Datapath Resource usage 
============================================================
N/A
