

================================================================
== Vitis HLS Report for 'ekf_batch_Pipeline_VITIS_LOOP_168_8'
================================================================
* Date:           Thu Sep  3 12:11:20 2026

* Version:        2023.1 (Build 3854077 on May  4 2023)
* Project:        EKF
* Solution:       solution1 (Vivado IP Flow Target)
* Product family: zynquplus
* Target device:  xczu9eg-ffvb1156-2-e


================================================================
== Performance Estimates
================================================================
+ Timing: 
    * Summary: 
    +--------+----------+----------+------------+
    |  Clock |  Target  | Estimated| Uncertainty|
    +--------+----------+----------+------------+
    |ap_clk  |  10.00 ns|  2.239 ns|     2.70 ns|
    +--------+----------+----------+------------+

+ Latency: 
    * Summary: 
    +---------+---------+-----------+-----------+-----+-----+---------+
    |  Latency (cycles) |   Latency (absolute)  |  Interval | Pipeline|
    |   min   |   max   |    min    |    max    | min | max |   Type  |
    +---------+---------+-----------+-----------+-----+-----+---------+
    |        8|        8|  80.000 ns|  80.000 ns|    8|    8|       no|
    +---------+---------+-----------+-----------+-----+-----+---------+

    + Detail: 
        * Instance: 
        N/A

        * Loop: 
        +--------------------+---------+---------+----------+-----------+-----------+------+----------+
        |                    |  Latency (cycles) | Iteration|  Initiation Interval  | Trip |          |
        |      Loop Name     |   min   |   max   |  Latency |  achieved |   target  | Count| Pipelined|
        +--------------------+---------+---------+----------+-----------+-----------+------+----------+
        |- VITIS_LOOP_168_8  |        6|        6|         2|          1|          1|     6|       yes|
        +--------------------+---------+---------+----------+-----------+-----------+------+----------+

============================================================
+ Verbose Summary: Synthesis Manager
============================================================
InlineROM: 1
ExposeGlobal: 0
============================================================
+ Verbose Summary: CDFG Model
============================================================
IsTopModel: 0
ResetActiveHigh: 1
IsCombinational: 0
IsDatapathOnly: 0
HasWiredReturn: 1
HasMFsm: 2
HasVarLatency: 1
IsPipeline: 0
IsRtlPipelined: 0
IsInstanceOverlapped: 0
IsDontTouch: 0
HasImplIP: 0
IsGatedGlobalClock: 0

+ Individual pipeline summary: 
  * Pipeline-0: initiation interval (II) = 1, depth = 2


============================================================
+ Verbose Summary: Schedule
============================================================
* Number of FSM states : 2
* Pipeline : 1
  Pipeline-0 : II = 1, D = 2, States = { 1 2 }
* Dataflow Pipeline: 0

* FSM state transitions: 
1 --> 2 
2 --> 

* FSM state operations: 

State 1 <SV = 0> <Delay = 2.23>
ST_1 : Operation 5 [1/1] (0.00ns)   --->   "%i = alloca i32 1"   --->   Operation 5 'alloca' 'i' <Predicate = true> <Delay = 0.00>
ST_1 : Operation 6 [1/1] (0.00ns)   --->   "%H = alloca i32 1"   --->   Operation 6 'alloca' 'H' <Predicate = true> <Delay = 0.00>
ST_1 : Operation 7 [1/1] (0.00ns)   --->   "%H_1 = alloca i32 1"   --->   Operation 7 'alloca' 'H_1' <Predicate = true> <Delay = 0.00>
ST_1 : Operation 8 [1/1] (0.00ns)   --->   "%H_2 = alloca i32 1"   --->   Operation 8 'alloca' 'H_2' <Predicate = true> <Delay = 0.00>
ST_1 : Operation 9 [1/1] (0.00ns)   --->   "%H_3 = alloca i32 1"   --->   Operation 9 'alloca' 'H_3' <Predicate = true> <Delay = 0.00>
ST_1 : Operation 10 [1/1] (0.00ns)   --->   "%H_4 = alloca i32 1"   --->   Operation 10 'alloca' 'H_4' <Predicate = true> <Delay = 0.00>
ST_1 : Operation 11 [1/1] (0.00ns)   --->   "%H_5 = alloca i32 1"   --->   Operation 11 'alloca' 'H_5' <Predicate = true> <Delay = 0.00>
ST_1 : Operation 12 [1/1] (0.00ns)   --->   "%zext_ln168_read = read i6 @_ssdm_op_Read.ap_auto.i6, i6 %zext_ln168"   --->   Operation 12 'read' 'zext_ln168_read' <Predicate = true> <Delay = 0.00>
ST_1 : Operation 13 [1/1] (0.00ns)   --->   "%zext_ln168_cast = zext i6 %zext_ln168_read"   --->   Operation 13 'zext' 'zext_ln168_cast' <Predicate = true> <Delay = 0.00>
ST_1 : Operation 14 [1/1] (0.42ns)   --->   "%store_ln0 = store i3 0, i3 %i"   --->   Operation 14 'store' 'store_ln0' <Predicate = true> <Delay = 0.42>
ST_1 : Operation 15 [1/1] (0.00ns)   --->   "%br_ln0 = br void %for.inc72"   --->   Operation 15 'br' 'br_ln0' <Predicate = true> <Delay = 0.00>
ST_1 : Operation 16 [1/1] (0.00ns)   --->   "%i_10 = load i3 %i" [ekf_core.cpp:168]   --->   Operation 16 'load' 'i_10' <Predicate = true> <Delay = 0.00>
ST_1 : Operation 17 [1/1] (0.00ns)   --->   "%specpipeline_ln0 = specpipeline void @_ssdm_op_SpecPipeline, i32 4294967295, i32 0, i32 1, i32 0, void @p_str"   --->   Operation 17 'specpipeline' 'specpipeline_ln0' <Predicate = true> <Delay = 0.00>
ST_1 : Operation 18 [1/1] (0.67ns)   --->   "%icmp_ln168 = icmp_eq  i3 %i_10, i3 6" [ekf_core.cpp:168]   --->   Operation 18 'icmp' 'icmp_ln168' <Predicate = true> <Delay = 0.67> <CoreInst = "Cmp">   --->   Core 9 'Cmp' <Latency = 0> <II = 1> <Delay = 0.67> <FuncUnit> <Opcode : 'icmp'> <InPorts = 2> <OutPorts = 1>
ST_1 : Operation 19 [1/1] (0.67ns)   --->   "%add_ln168_1 = add i3 %i_10, i3 1" [ekf_core.cpp:168]   --->   Operation 19 'add' 'add_ln168_1' <Predicate = true> <Delay = 0.67> <CoreInst = "Adder">   --->   Core 1 'Adder' <Latency = 0> <II = 1> <Delay = 0.67> <FuncUnit> <Opcode : 'add' 'sub'> <InPorts = 2> <OutPorts = 1>
ST_1 : Operation 20 [1/1] (0.00ns)   --->   "%br_ln168 = br i1 %icmp_ln168, void %for.inc72.split, void %for.end74.exitStub" [ekf_core.cpp:168]   --->   Operation 20 'br' 'br_ln168' <Predicate = true> <Delay = 0.00>
ST_1 : Operation 21 [1/1] (0.00ns)   --->   "%trunc_ln168_cast = zext i3 %i_10" [ekf_core.cpp:168]   --->   Operation 21 'zext' 'trunc_ln168_cast' <Predicate = (!icmp_ln168)> <Delay = 0.00>
ST_1 : Operation 22 [1/1] (0.78ns)   --->   "%add_ln168_2 = add i6 %trunc_ln168_cast, i6 42" [ekf_core.cpp:168]   --->   Operation 22 'add' 'add_ln168_2' <Predicate = (!icmp_ln168)> <Delay = 0.78> <CoreInst = "Adder">   --->   Core 1 'Adder' <Latency = 0> <II = 1> <Delay = 0.78> <FuncUnit> <Opcode : 'add' 'sub'> <InPorts = 2> <OutPorts = 1>
ST_1 : Operation 23 [1/1] (0.00ns)   --->   "%zext_ln168_1 = zext i6 %add_ln168_2" [ekf_core.cpp:168]   --->   Operation 23 'zext' 'zext_ln168_1' <Predicate = (!icmp_ln168)> <Delay = 0.00>
ST_1 : Operation 24 [1/1] (0.78ns)   --->   "%add_ln168 = add i7 %zext_ln168_1, i7 %zext_ln168_cast" [ekf_core.cpp:168]   --->   Operation 24 'add' 'add_ln168' <Predicate = (!icmp_ln168)> <Delay = 0.78> <CoreInst = "Adder">   --->   Core 1 'Adder' <Latency = 0> <II = 1> <Delay = 0.78> <FuncUnit> <Opcode : 'add' 'sub'> <InPorts = 2> <OutPorts = 1>
ST_1 : Operation 25 [1/1] (0.00ns)   --->   "%lshr_ln2 = partselect i4 @_ssdm_op_PartSelect.i4.i7.i32.i32, i7 %add_ln168, i32 3, i32 6" [ekf_core.cpp:168]   --->   Operation 25 'partselect' 'lshr_ln2' <Predicate = (!icmp_ln168)> <Delay = 0.00>
ST_1 : Operation 26 [1/1] (0.00ns)   --->   "%zext_ln168_2 = zext i4 %lshr_ln2" [ekf_core.cpp:168]   --->   Operation 26 'zext' 'zext_ln168_2' <Predicate = (!icmp_ln168)> <Delay = 0.00>
ST_1 : Operation 27 [1/1] (0.00ns)   --->   "%local_2_addr = getelementptr i32 %local_2, i64 0, i64 %zext_ln168_2" [ekf_core.cpp:168]   --->   Operation 27 'getelementptr' 'local_2_addr' <Predicate = (!icmp_ln168)> <Delay = 0.00>
ST_1 : Operation 28 [1/1] (0.00ns)   --->   "%local_3_addr = getelementptr i32 %local_3, i64 0, i64 %zext_ln168_2" [ekf_core.cpp:168]   --->   Operation 28 'getelementptr' 'local_3_addr' <Predicate = (!icmp_ln168)> <Delay = 0.00>
ST_1 : Operation 29 [1/1] (0.00ns)   --->   "%local_4_addr = getelementptr i32 %local_4, i64 0, i64 %zext_ln168_2" [ekf_core.cpp:168]   --->   Operation 29 'getelementptr' 'local_4_addr' <Predicate = (!icmp_ln168)> <Delay = 0.00>
ST_1 : Operation 30 [1/1] (0.00ns)   --->   "%local_5_addr = getelementptr i32 %local_5, i64 0, i64 %zext_ln168_2" [ekf_core.cpp:168]   --->   Operation 30 'getelementptr' 'local_5_addr' <Predicate = (!icmp_ln168)> <Delay = 0.00>
ST_1 : Operation 31 [1/1] (0.00ns)   --->   "%local_6_addr = getelementptr i32 %local_6, i64 0, i64 %zext_ln168_2" [ekf_core.cpp:168]   --->   Operation 31 'getelementptr' 'local_6_addr' <Predicate = (!icmp_ln168)> <Delay = 0.00>
ST_1 : Operation 32 [1/1] (0.00ns)   --->   "%local_7_addr = getelementptr i32 %local_7, i64 0, i64 %zext_ln168_2" [ekf_core.cpp:168]   --->   Operation 32 'getelementptr' 'local_7_addr' <Predicate = (!icmp_ln168)> <Delay = 0.00>
ST_1 : Operation 33 [2/2] (0.67ns)   --->   "%local_2_load = load i4 %local_2_addr" [ekf_core.cpp:168]   --->   Operation 33 'load' 'local_2_load' <Predicate = (!icmp_ln168)> <Delay = 0.67> <CoreInst = "RAM">   --->   Core 83 'RAM' <Latency = 1> <II = 1> <Delay = 0.67> <Storage> <Opcode : 'load' 'store'> <Ports = 2> <Width = 32> <Depth = 13> <RAM>
ST_1 : Operation 34 [2/2] (0.67ns)   --->   "%local_3_load = load i4 %local_3_addr" [ekf_core.cpp:168]   --->   Operation 34 'load' 'local_3_load' <Predicate = (!icmp_ln168)> <Delay = 0.67> <CoreInst = "RAM">   --->   Core 83 'RAM' <Latency = 1> <II = 1> <Delay = 0.67> <Storage> <Opcode : 'load' 'store'> <Ports = 2> <Width = 32> <Depth = 13> <RAM>
ST_1 : Operation 35 [2/2] (0.67ns)   --->   "%local_4_load = load i4 %local_4_addr" [ekf_core.cpp:168]   --->   Operation 35 'load' 'local_4_load' <Predicate = (!icmp_ln168)> <Delay = 0.67> <CoreInst = "RAM">   --->   Core 83 'RAM' <Latency = 1> <II = 1> <Delay = 0.67> <Storage> <Opcode : 'load' 'store'> <Ports = 2> <Width = 32> <Depth = 13> <RAM>
ST_1 : Operation 36 [2/2] (0.67ns)   --->   "%local_5_load = load i4 %local_5_addr" [ekf_core.cpp:168]   --->   Operation 36 'load' 'local_5_load' <Predicate = (!icmp_ln168)> <Delay = 0.67> <CoreInst = "RAM">   --->   Core 83 'RAM' <Latency = 1> <II = 1> <Delay = 0.67> <Storage> <Opcode : 'load' 'store'> <Ports = 2> <Width = 32> <Depth = 13> <RAM>
ST_1 : Operation 37 [2/2] (0.67ns)   --->   "%local_6_load = load i4 %local_6_addr" [ekf_core.cpp:168]   --->   Operation 37 'load' 'local_6_load' <Predicate = (!icmp_ln168)> <Delay = 0.67> <CoreInst = "RAM">   --->   Core 83 'RAM' <Latency = 1> <II = 1> <Delay = 0.67> <Storage> <Opcode : 'load' 'store'> <Ports = 2> <Width = 32> <Depth = 13> <RAM>
ST_1 : Operation 38 [2/2] (0.67ns)   --->   "%local_7_load = load i4 %local_7_addr" [ekf_core.cpp:168]   --->   Operation 38 'load' 'local_7_load' <Predicate = (!icmp_ln168)> <Delay = 0.67> <CoreInst = "RAM">   --->   Core 83 'RAM' <Latency = 1> <II = 1> <Delay = 0.67> <Storage> <Opcode : 'load' 'store'> <Ports = 2> <Width = 32> <Depth = 13> <RAM>
ST_1 : Operation 39 [1/1] (0.73ns)   --->   "%switch_ln168 = switch i3 %i_10, void %arrayidx71.case.5, i3 0, void %for.inc72.split.arrayidx71.exit_crit_edge3, i3 1, void %arrayidx71.case.1, i3 2, void %arrayidx71.case.2, i3 3, void %arrayidx71.case.3, i3 4, void %for.inc72.split.arrayidx71.exit_crit_edge" [ekf_core.cpp:168]   --->   Operation 39 'switch' 'switch_ln168' <Predicate = (!icmp_ln168)> <Delay = 0.73>
ST_1 : Operation 40 [1/1] (0.42ns)   --->   "%store_ln168 = store i3 %add_ln168_1, i3 %i" [ekf_core.cpp:168]   --->   Operation 40 'store' 'store_ln168' <Predicate = (!icmp_ln168)> <Delay = 0.42>
ST_1 : Operation 41 [1/1] (0.00ns)   --->   "%br_ln168 = br void %for.inc72" [ekf_core.cpp:168]   --->   Operation 41 'br' 'br_ln168' <Predicate = (!icmp_ln168)> <Delay = 0.00>
ST_1 : Operation 63 [1/1] (0.00ns)   --->   "%H_load = load i32 %H"   --->   Operation 63 'load' 'H_load' <Predicate = (icmp_ln168)> <Delay = 0.00>
ST_1 : Operation 64 [1/1] (0.00ns)   --->   "%H_1_load = load i32 %H_1"   --->   Operation 64 'load' 'H_1_load' <Predicate = (icmp_ln168)> <Delay = 0.00>
ST_1 : Operation 65 [1/1] (0.00ns)   --->   "%H_2_load = load i32 %H_2"   --->   Operation 65 'load' 'H_2_load' <Predicate = (icmp_ln168)> <Delay = 0.00>
ST_1 : Operation 66 [1/1] (0.00ns)   --->   "%H_3_load = load i32 %H_3"   --->   Operation 66 'load' 'H_3_load' <Predicate = (icmp_ln168)> <Delay = 0.00>
ST_1 : Operation 67 [1/1] (0.00ns)   --->   "%H_4_load = load i32 %H_4"   --->   Operation 67 'load' 'H_4_load' <Predicate = (icmp_ln168)> <Delay = 0.00>
ST_1 : Operation 68 [1/1] (0.00ns)   --->   "%H_5_load = load i32 %H_5"   --->   Operation 68 'load' 'H_5_load' <Predicate = (icmp_ln168)> <Delay = 0.00>
ST_1 : Operation 69 [1/1] (0.00ns)   --->   "%write_ln0 = write void @_ssdm_op_Write.ap_auto.floatP0A, i32 %H_5_out, i32 %H_5_load"   --->   Operation 69 'write' 'write_ln0' <Predicate = (icmp_ln168)> <Delay = 0.00>
ST_1 : Operation 70 [1/1] (0.00ns)   --->   "%write_ln0 = write void @_ssdm_op_Write.ap_auto.floatP0A, i32 %H_4_out, i32 %H_4_load"   --->   Operation 70 'write' 'write_ln0' <Predicate = (icmp_ln168)> <Delay = 0.00>
ST_1 : Operation 71 [1/1] (0.00ns)   --->   "%write_ln0 = write void @_ssdm_op_Write.ap_auto.floatP0A, i32 %H_3_out, i32 %H_3_load"   --->   Operation 71 'write' 'write_ln0' <Predicate = (icmp_ln168)> <Delay = 0.00>
ST_1 : Operation 72 [1/1] (0.00ns)   --->   "%write_ln0 = write void @_ssdm_op_Write.ap_auto.floatP0A, i32 %H_2_out, i32 %H_2_load"   --->   Operation 72 'write' 'write_ln0' <Predicate = (icmp_ln168)> <Delay = 0.00>
ST_1 : Operation 73 [1/1] (0.00ns)   --->   "%write_ln0 = write void @_ssdm_op_Write.ap_auto.floatP0A, i32 %H_1_out, i32 %H_1_load"   --->   Operation 73 'write' 'write_ln0' <Predicate = (icmp_ln168)> <Delay = 0.00>
ST_1 : Operation 74 [1/1] (0.00ns)   --->   "%write_ln0 = write void @_ssdm_op_Write.ap_auto.floatP0A, i32 %H_out, i32 %H_load"   --->   Operation 74 'write' 'write_ln0' <Predicate = (icmp_ln168)> <Delay = 0.00>
ST_1 : Operation 75 [1/1] (0.00ns)   --->   "%ret_ln0 = ret"   --->   Operation 75 'ret' 'ret_ln0' <Predicate = (icmp_ln168)> <Delay = 0.00>

State 2 <SV = 1> <Delay = 1.30>
ST_2 : Operation 42 [1/1] (0.00ns)   --->   "%speclooptripcount_ln166 = speclooptripcount void @_ssdm_op_SpecLoopTripCount, i64 6, i64 6, i64 6" [ekf_core.cpp:166]   --->   Operation 42 'speclooptripcount' 'speclooptripcount_ln166' <Predicate = true> <Delay = 0.00>
ST_2 : Operation 43 [1/1] (0.00ns)   --->   "%specloopname_ln168 = specloopname void @_ssdm_op_SpecLoopName, void @empty_32" [ekf_core.cpp:168]   --->   Operation 43 'specloopname' 'specloopname_ln168' <Predicate = true> <Delay = 0.00>
ST_2 : Operation 44 [1/2] (0.67ns)   --->   "%local_2_load = load i4 %local_2_addr" [ekf_core.cpp:168]   --->   Operation 44 'load' 'local_2_load' <Predicate = true> <Delay = 0.67> <CoreInst = "RAM">   --->   Core 83 'RAM' <Latency = 1> <II = 1> <Delay = 0.67> <Storage> <Opcode : 'load' 'store'> <Ports = 2> <Width = 32> <Depth = 13> <RAM>
ST_2 : Operation 45 [1/2] (0.67ns)   --->   "%local_3_load = load i4 %local_3_addr" [ekf_core.cpp:168]   --->   Operation 45 'load' 'local_3_load' <Predicate = true> <Delay = 0.67> <CoreInst = "RAM">   --->   Core 83 'RAM' <Latency = 1> <II = 1> <Delay = 0.67> <Storage> <Opcode : 'load' 'store'> <Ports = 2> <Width = 32> <Depth = 13> <RAM>
ST_2 : Operation 46 [1/2] (0.67ns)   --->   "%local_4_load = load i4 %local_4_addr" [ekf_core.cpp:168]   --->   Operation 46 'load' 'local_4_load' <Predicate = true> <Delay = 0.67> <CoreInst = "RAM">   --->   Core 83 'RAM' <Latency = 1> <II = 1> <Delay = 0.67> <Storage> <Opcode : 'load' 'store'> <Ports = 2> <Width = 32> <Depth = 13> <RAM>
ST_2 : Operation 47 [1/2] (0.67ns)   --->   "%local_5_load = load i4 %local_5_addr" [ekf_core.cpp:168]   --->   Operation 47 'load' 'local_5_load' <Predicate = true> <Delay = 0.67> <CoreInst = "RAM">   --->   Core 83 'RAM' <Latency = 1> <II = 1> <Delay = 0.67> <Storage> <Opcode : 'load' 'store'> <Ports = 2> <Width = 32> <Depth = 13> <RAM>
ST_2 : Operation 48 [1/2] (0.67ns)   --->   "%local_6_load = load i4 %local_6_addr" [ekf_core.cpp:168]   --->   Operation 48 'load' 'local_6_load' <Predicate = true> <Delay = 0.67> <CoreInst = "RAM">   --->   Core 83 'RAM' <Latency = 1> <II = 1> <Delay = 0.67> <Storage> <Opcode : 'load' 'store'> <Ports = 2> <Width = 32> <Depth = 13> <RAM>
ST_2 : Operation 49 [1/2] (0.67ns)   --->   "%local_7_load = load i4 %local_7_addr" [ekf_core.cpp:168]   --->   Operation 49 'load' 'local_7_load' <Predicate = true> <Delay = 0.67> <CoreInst = "RAM">   --->   Core 83 'RAM' <Latency = 1> <II = 1> <Delay = 0.67> <Storage> <Opcode : 'load' 'store'> <Ports = 2> <Width = 32> <Depth = 13> <RAM>
ST_2 : Operation 50 [1/1] (0.62ns)   --->   "%H_6 = mux i32 @_ssdm_op_Mux.ap_auto.6float.i3, i32 %local_2_load, i32 %local_3_load, i32 %local_4_load, i32 %local_5_load, i32 %local_6_load, i32 %local_7_load, i3 %i_10" [ekf_core.cpp:168]   --->   Operation 50 'mux' 'H_6' <Predicate = true> <Delay = 0.62> <CoreInst = "Multiplexer">   --->   Core 76 'Multiplexer' <Latency = 0> <II = 1> <Delay = 0.62> <FuncUnit> <Opcode : 'mux'> <InPorts = 2> <OutPorts = 1>
ST_2 : Operation 51 [1/1] (0.00ns)   --->   "%store_ln168 = store i32 %H_6, i32 %H_1" [ekf_core.cpp:168]   --->   Operation 51 'store' 'store_ln168' <Predicate = (i_10 == 4)> <Delay = 0.00>
ST_2 : Operation 52 [1/1] (0.00ns)   --->   "%br_ln168 = br void %arrayidx71.exit" [ekf_core.cpp:168]   --->   Operation 52 'br' 'br_ln168' <Predicate = (i_10 == 4)> <Delay = 0.00>
ST_2 : Operation 53 [1/1] (0.00ns)   --->   "%store_ln168 = store i32 %H_6, i32 %H_2" [ekf_core.cpp:168]   --->   Operation 53 'store' 'store_ln168' <Predicate = (i_10 == 3)> <Delay = 0.00>
ST_2 : Operation 54 [1/1] (0.00ns)   --->   "%br_ln168 = br void %arrayidx71.exit" [ekf_core.cpp:168]   --->   Operation 54 'br' 'br_ln168' <Predicate = (i_10 == 3)> <Delay = 0.00>
ST_2 : Operation 55 [1/1] (0.00ns)   --->   "%store_ln168 = store i32 %H_6, i32 %H_3" [ekf_core.cpp:168]   --->   Operation 55 'store' 'store_ln168' <Predicate = (i_10 == 2)> <Delay = 0.00>
ST_2 : Operation 56 [1/1] (0.00ns)   --->   "%br_ln168 = br void %arrayidx71.exit" [ekf_core.cpp:168]   --->   Operation 56 'br' 'br_ln168' <Predicate = (i_10 == 2)> <Delay = 0.00>
ST_2 : Operation 57 [1/1] (0.00ns)   --->   "%store_ln168 = store i32 %H_6, i32 %H_4" [ekf_core.cpp:168]   --->   Operation 57 'store' 'store_ln168' <Predicate = (i_10 == 1)> <Delay = 0.00>
ST_2 : Operation 58 [1/1] (0.00ns)   --->   "%br_ln168 = br void %arrayidx71.exit" [ekf_core.cpp:168]   --->   Operation 58 'br' 'br_ln168' <Predicate = (i_10 == 1)> <Delay = 0.00>
ST_2 : Operation 59 [1/1] (0.00ns)   --->   "%store_ln168 = store i32 %H_6, i32 %H_5" [ekf_core.cpp:168]   --->   Operation 59 'store' 'store_ln168' <Predicate = (i_10 == 0)> <Delay = 0.00>
ST_2 : Operation 60 [1/1] (0.00ns)   --->   "%br_ln168 = br void %arrayidx71.exit" [ekf_core.cpp:168]   --->   Operation 60 'br' 'br_ln168' <Predicate = (i_10 == 0)> <Delay = 0.00>
ST_2 : Operation 61 [1/1] (0.00ns)   --->   "%store_ln168 = store i32 %H_6, i32 %H" [ekf_core.cpp:168]   --->   Operation 61 'store' 'store_ln168' <Predicate = (i_10 == 7) | (i_10 == 6) | (i_10 == 5)> <Delay = 0.00>
ST_2 : Operation 62 [1/1] (0.00ns)   --->   "%br_ln168 = br void %arrayidx71.exit" [ekf_core.cpp:168]   --->   Operation 62 'br' 'br_ln168' <Predicate = (i_10 == 7) | (i_10 == 6) | (i_10 == 5)> <Delay = 0.00>


============================================================
+ Verbose Summary: Timing violations
============================================================
Target clock period: 10.000ns, clock uncertainty: 2.700ns.

 <State 1>: 2.239ns
The critical path consists of the following:
	'alloca' operation ('i') [14]  (0.000 ns)
	'load' operation ('i', ekf_core.cpp:168) on local variable 'i' [26]  (0.000 ns)
	'add' operation ('add_ln168_2', ekf_core.cpp:168) [35]  (0.781 ns)
	'add' operation ('add_ln168', ekf_core.cpp:168) [37]  (0.781 ns)
	'getelementptr' operation ('local_2_addr', ekf_core.cpp:168) [40]  (0.000 ns)
	'load' operation ('local_2_load', ekf_core.cpp:168) on array 'local_2' [46]  (0.677 ns)

 <State 2>: 1.300ns
The critical path consists of the following:
	'load' operation ('local_2_load', ekf_core.cpp:168) on array 'local_2' [46]  (0.677 ns)
	'mux' operation ('H', ekf_core.cpp:168) [52]  (0.623 ns)
	'store' operation ('store_ln168', ekf_core.cpp:168) of variable 'H', ekf_core.cpp:168 on local variable 'H' [61]  (0.000 ns)


============================================================
+ Verbose Summary: Binding
============================================================
N/A
* FSMD analyzer results:
  - Output states:
 - Input state : 
  - Chain level:
	State 1
	State 2


============================================================
+ Verbose Summary: Datapath Resource usage 
============================================================
N/A
