

================================================================
== Vitis HLS Report for 'ekf_batch_Pipeline_VITIS_LOOP_102_5'
================================================================
* Date:           Thu Sep  3 12:11:24 2026

* Version:        2023.1 (Build 3854077 on May  4 2023)
* Project:        EKF
* Solution:       solution1 (Vivado IP Flow Target)
* Product family: zynquplus
* Target device:  xczu9eg-ffvb1156-2-e


================================================================
== Performance Estimates
================================================================
+ Timing: 
    * Summary: 
    +--------+----------+----------+------------+
    |  Clock |  Target  | Estimated| Uncertainty|
    +--------+----------+----------+------------+
    |ap_clk  |  10.00 ns|  7.060 ns|     2.70 ns|
    +--------+----------+----------+------------+

+ Latency: 
    * Summary: 
    +---------+---------+----------+----------+-----+-----+---------+
    |  Latency (cycles) |  Latency (absolute) |  Interval | Pipeline|
    |   min   |   max   |    min   |    max   | min | max |   Type  |
    +---------+---------+----------+----------+-----+-----+---------+
    |       29|       29|  0.290 us|  0.290 us|   29|   29|       no|
    +---------+---------+----------+----------+-----+-----+---------+

    + Detail: 
        * Instance: 
        N/A

        * Loop: 
        +--------------------+---------+---------+----------+-----------+-----------+------+----------+
        |                    |  Latency (cycles) | Iteration|  Initiation Interval  | Trip |          |
        |      Loop Name     |   min   |   max   |  Latency |  achieved |   target  | Count| Pipelined|
        +--------------------+---------+---------+----------+-----------+-----------+------+----------+
        |- VITIS_LOOP_102_5  |       27|       27|         8|          4|          1|     6|       yes|
        +--------------------+---------+---------+----------+-----------+-----------+------+----------+

============================================================
+ Verbose Summary: Synthesis Manager
============================================================
InlineROM: 1
ExposeGlobal: 0
============================================================
+ Verbose Summary: CDFG Model
============================================================
IsTopModel: 0
ResetActiveHigh: 1
IsCombinational: 0
IsDatapathOnly: 0
HasWiredReturn: 1
HasMFsm: 2
HasVarLatency: 1
IsPipeline: 0
IsRtlPipelined: 0
IsInstanceOverlapped: 0
IsDontTouch: 0
HasImplIP: 0
IsGatedGlobalClock: 0

+ Individual pipeline summary: 
  * Pipeline-0: initiation interval (II) = 4, depth = 8


============================================================
+ Verbose Summary: Schedule
============================================================
* Number of FSM states : 8
* Pipeline : 1
  Pipeline-0 : II = 4, D = 8, States = { 1 2 3 4 5 6 7 8 }
* Dataflow Pipeline: 0

* FSM state transitions: 
1 --> 2 
2 --> 3 
3 --> 4 
4 --> 5 
5 --> 6 
6 --> 7 
7 --> 8 
8 --> 

* FSM state operations: 

State 1 <SV = 0> <Delay = 0.73>
ST_1 : Operation 11 [1/1] (0.00ns)   --->   "%i = alloca i32 1"   --->   Operation 11 'alloca' 'i' <Predicate = true> <Delay = 0.00>
ST_1 : Operation 12 [1/1] (0.00ns)   --->   "%x = alloca i32 1"   --->   Operation 12 'alloca' 'x' <Predicate = true> <Delay = 0.00>
ST_1 : Operation 13 [1/1] (0.00ns)   --->   "%x_7 = alloca i32 1"   --->   Operation 13 'alloca' 'x_7' <Predicate = true> <Delay = 0.00>
ST_1 : Operation 14 [1/1] (0.00ns)   --->   "%x_8 = alloca i32 1"   --->   Operation 14 'alloca' 'x_8' <Predicate = true> <Delay = 0.00>
ST_1 : Operation 15 [1/1] (0.00ns)   --->   "%x_9 = alloca i32 1"   --->   Operation 15 'alloca' 'x_9' <Predicate = true> <Delay = 0.00>
ST_1 : Operation 16 [1/1] (0.00ns)   --->   "%x_10 = alloca i32 1"   --->   Operation 16 'alloca' 'x_10' <Predicate = true> <Delay = 0.00>
ST_1 : Operation 17 [1/1] (0.00ns)   --->   "%x_11 = alloca i32 1"   --->   Operation 17 'alloca' 'x_11' <Predicate = true> <Delay = 0.00>
ST_1 : Operation 18 [1/1] (0.00ns)   --->   "%local_load_3_read = read i32 @_ssdm_op_Read.ap_auto.float, i32 %local_load_3"   --->   Operation 18 'read' 'local_load_3_read' <Predicate = true> <Delay = 0.00>
ST_1 : Operation 19 [1/1] (0.00ns)   --->   "%K_5_reload_read = read i32 @_ssdm_op_Read.ap_auto.float, i32 %K_5_reload"   --->   Operation 19 'read' 'K_5_reload_read' <Predicate = true> <Delay = 0.00>
ST_1 : Operation 20 [1/1] (0.00ns)   --->   "%K_4_reload_read = read i32 @_ssdm_op_Read.ap_auto.float, i32 %K_4_reload"   --->   Operation 20 'read' 'K_4_reload_read' <Predicate = true> <Delay = 0.00>
ST_1 : Operation 21 [1/1] (0.00ns)   --->   "%K_3_reload_read = read i32 @_ssdm_op_Read.ap_auto.float, i32 %K_3_reload"   --->   Operation 21 'read' 'K_3_reload_read' <Predicate = true> <Delay = 0.00>
ST_1 : Operation 22 [1/1] (0.00ns)   --->   "%K_2_reload_read = read i32 @_ssdm_op_Read.ap_auto.float, i32 %K_2_reload"   --->   Operation 22 'read' 'K_2_reload_read' <Predicate = true> <Delay = 0.00>
ST_1 : Operation 23 [1/1] (0.00ns)   --->   "%K_1_reload_read = read i32 @_ssdm_op_Read.ap_auto.float, i32 %K_1_reload"   --->   Operation 23 'read' 'K_1_reload_read' <Predicate = true> <Delay = 0.00>
ST_1 : Operation 24 [1/1] (0.00ns)   --->   "%K_reload_read = read i32 @_ssdm_op_Read.ap_auto.float, i32 %K_reload"   --->   Operation 24 'read' 'K_reload_read' <Predicate = true> <Delay = 0.00>
ST_1 : Operation 25 [1/1] (0.00ns)   --->   "%x_31_read = read i32 @_ssdm_op_Read.ap_auto.float, i32 %x_31"   --->   Operation 25 'read' 'x_31_read' <Predicate = true> <Delay = 0.00>
ST_1 : Operation 26 [1/1] (0.00ns)   --->   "%x_30_read = read i32 @_ssdm_op_Read.ap_auto.float, i32 %x_30"   --->   Operation 26 'read' 'x_30_read' <Predicate = true> <Delay = 0.00>
ST_1 : Operation 27 [1/1] (0.00ns)   --->   "%x_29_read = read i32 @_ssdm_op_Read.ap_auto.float, i32 %x_29"   --->   Operation 27 'read' 'x_29_read' <Predicate = true> <Delay = 0.00>
ST_1 : Operation 28 [1/1] (0.00ns)   --->   "%x_28_read = read i32 @_ssdm_op_Read.ap_auto.float, i32 %x_28"   --->   Operation 28 'read' 'x_28_read' <Predicate = true> <Delay = 0.00>
ST_1 : Operation 29 [1/1] (0.00ns)   --->   "%x_27_read = read i32 @_ssdm_op_Read.ap_auto.float, i32 %x_27"   --->   Operation 29 'read' 'x_27_read' <Predicate = true> <Delay = 0.00>
ST_1 : Operation 30 [1/1] (0.00ns)   --->   "%x_26_read = read i32 @_ssdm_op_Read.ap_auto.float, i32 %x_26"   --->   Operation 30 'read' 'x_26_read' <Predicate = true> <Delay = 0.00>
ST_1 : Operation 31 [1/1] (0.42ns)   --->   "%store_ln0 = store i32 %x_26_read, i32 %x_11"   --->   Operation 31 'store' 'store_ln0' <Predicate = true> <Delay = 0.42>
ST_1 : Operation 32 [1/1] (0.42ns)   --->   "%store_ln0 = store i32 %x_27_read, i32 %x_10"   --->   Operation 32 'store' 'store_ln0' <Predicate = true> <Delay = 0.42>
ST_1 : Operation 33 [1/1] (0.42ns)   --->   "%store_ln0 = store i32 %x_28_read, i32 %x_9"   --->   Operation 33 'store' 'store_ln0' <Predicate = true> <Delay = 0.42>
ST_1 : Operation 34 [1/1] (0.42ns)   --->   "%store_ln0 = store i32 %x_29_read, i32 %x_8"   --->   Operation 34 'store' 'store_ln0' <Predicate = true> <Delay = 0.42>
ST_1 : Operation 35 [1/1] (0.42ns)   --->   "%store_ln0 = store i32 %x_30_read, i32 %x_7"   --->   Operation 35 'store' 'store_ln0' <Predicate = true> <Delay = 0.42>
ST_1 : Operation 36 [1/1] (0.42ns)   --->   "%store_ln0 = store i32 %x_31_read, i32 %x"   --->   Operation 36 'store' 'store_ln0' <Predicate = true> <Delay = 0.42>
ST_1 : Operation 37 [1/1] (0.42ns)   --->   "%store_ln0 = store i3 0, i3 %i"   --->   Operation 37 'store' 'store_ln0' <Predicate = true> <Delay = 0.42>
ST_1 : Operation 38 [1/1] (0.00ns)   --->   "%br_ln0 = br void %for.body45.i"   --->   Operation 38 'br' 'br_ln0' <Predicate = true> <Delay = 0.00>
ST_1 : Operation 39 [1/1] (0.00ns)   --->   "%i_14 = load i3 %i" [ekf_core.cpp:102->ekf_core.cpp:169]   --->   Operation 39 'load' 'i_14' <Predicate = true> <Delay = 0.00>
ST_1 : Operation 40 [1/1] (0.67ns)   --->   "%icmp_ln102 = icmp_eq  i3 %i_14, i3 6" [ekf_core.cpp:102->ekf_core.cpp:169]   --->   Operation 40 'icmp' 'icmp_ln102' <Predicate = true> <Delay = 0.67> <CoreInst = "Cmp">   --->   Core 9 'Cmp' <Latency = 0> <II = 1> <Delay = 0.67> <FuncUnit> <Opcode : 'icmp'> <InPorts = 2> <OutPorts = 1>
ST_1 : Operation 41 [1/1] (0.00ns)   --->   "%br_ln102 = br i1 %icmp_ln102, void %for.body45.i.split, void %for.body63.i.preheader.exitStub" [ekf_core.cpp:102->ekf_core.cpp:169]   --->   Operation 41 'br' 'br_ln102' <Predicate = true> <Delay = 0.00>
ST_1 : Operation 42 [1/1] (0.62ns)   --->   "%tmp_s = mux i32 @_ssdm_op_Mux.ap_auto.6f32.i3, i32 %K_reload_read, i32 %K_1_reload_read, i32 %K_2_reload_read, i32 %K_3_reload_read, i32 %K_4_reload_read, i32 %K_5_reload_read, i3 %i_14" [ekf_core.cpp:102->ekf_core.cpp:169]   --->   Operation 42 'mux' 'tmp_s' <Predicate = (!icmp_ln102)> <Delay = 0.62> <CoreInst = "Multiplexer">   --->   Core 76 'Multiplexer' <Latency = 0> <II = 1> <Delay = 0.62> <FuncUnit> <Opcode : 'mux'> <InPorts = 2> <OutPorts = 1>
ST_1 : Operation 43 [1/1] (0.73ns)   --->   "%switch_ln102 = switch i3 %i_14, void %arrayidx50.i77.case.5, i3 0, void %for.body45.i.split.arrayidx50.i77.exit_crit_edge19, i3 1, void %arrayidx50.i77.case.1, i3 2, void %arrayidx50.i77.case.2, i3 3, void %arrayidx50.i77.case.3, i3 4, void %for.body45.i.split.arrayidx50.i77.exit_crit_edge" [ekf_core.cpp:102->ekf_core.cpp:169]   --->   Operation 43 'switch' 'switch_ln102' <Predicate = (!icmp_ln102)> <Delay = 0.73>

State 2 <SV = 1> <Delay = 7.01>
ST_2 : [1/1] (0.96ns)   --->   Input mux for Operation 44 '%mul48_i = fmul i32 %tmp_s, i32 %local_load_3_read'
ST_2 : Operation 44 [3/3] (6.04ns)   --->   "%mul48_i = fmul i32 %tmp_s, i32 %local_load_3_read" [ekf_core.cpp:102->ekf_core.cpp:169]   --->   Operation 44 'fmul' 'mul48_i' <Predicate = (!icmp_ln102)> <Delay = 6.04> <CoreInst = "FMul_maxdsp">   --->   Core 30 'FMul_maxdsp' <Latency = 2> <II = 1> <Delay = 7.01> <FuncUnit> <Opcode : 'fmul'> <InPorts = 2> <OutPorts = 1>

State 3 <SV = 2> <Delay = 7.01>
ST_3 : Operation 45 [2/3] (7.01ns)   --->   "%mul48_i = fmul i32 %tmp_s, i32 %local_load_3_read" [ekf_core.cpp:102->ekf_core.cpp:169]   --->   Operation 45 'fmul' 'mul48_i' <Predicate = (!icmp_ln102)> <Delay = 7.01> <CoreInst = "FMul_maxdsp">   --->   Core 30 'FMul_maxdsp' <Latency = 2> <II = 1> <Delay = 7.01> <FuncUnit> <Opcode : 'fmul'> <InPorts = 2> <OutPorts = 1>

State 4 <SV = 3> <Delay = 7.01>
ST_4 : Operation 46 [1/1] (0.00ns)   --->   "%specpipeline_ln0 = specpipeline void @_ssdm_op_SpecPipeline, i32 4294967295, i32 0, i32 1, i32 0, void @p_str"   --->   Operation 46 'specpipeline' 'specpipeline_ln0' <Predicate = true> <Delay = 0.00>
ST_4 : Operation 47 [1/1] (0.67ns)   --->   "%add_ln102 = add i3 %i_14, i3 1" [ekf_core.cpp:102->ekf_core.cpp:169]   --->   Operation 47 'add' 'add_ln102' <Predicate = true> <Delay = 0.67> <CoreInst = "Adder">   --->   Core 1 'Adder' <Latency = 0> <II = 1> <Delay = 0.67> <FuncUnit> <Opcode : 'add' 'sub'> <InPorts = 2> <OutPorts = 1>
ST_4 : Operation 48 [1/3] (7.01ns)   --->   "%mul48_i = fmul i32 %tmp_s, i32 %local_load_3_read" [ekf_core.cpp:102->ekf_core.cpp:169]   --->   Operation 48 'fmul' 'mul48_i' <Predicate = (!icmp_ln102)> <Delay = 7.01> <CoreInst = "FMul_maxdsp">   --->   Core 30 'FMul_maxdsp' <Latency = 2> <II = 1> <Delay = 7.01> <FuncUnit> <Opcode : 'fmul'> <InPorts = 2> <OutPorts = 1>
ST_4 : Operation 49 [1/1] (0.42ns)   --->   "%store_ln102 = store i3 %add_ln102, i3 %i" [ekf_core.cpp:102->ekf_core.cpp:169]   --->   Operation 49 'store' 'store_ln102' <Predicate = (!icmp_ln102)> <Delay = 0.42>
ST_4 : Operation 50 [1/1] (0.00ns)   --->   "%br_ln102 = br void %for.body45.i" [ekf_core.cpp:102->ekf_core.cpp:169]   --->   Operation 50 'br' 'br_ln102' <Predicate = (!icmp_ln102)> <Delay = 0.00>
ST_4 : Operation 76 [1/1] (0.00ns)   --->   "%x_load = load i32 %x"   --->   Operation 76 'load' 'x_load' <Predicate = (icmp_ln102)> <Delay = 0.00>
ST_4 : Operation 77 [1/1] (0.00ns)   --->   "%x_7_load = load i32 %x_7"   --->   Operation 77 'load' 'x_7_load' <Predicate = (icmp_ln102)> <Delay = 0.00>
ST_4 : Operation 78 [1/1] (0.00ns)   --->   "%x_8_load = load i32 %x_8"   --->   Operation 78 'load' 'x_8_load' <Predicate = (icmp_ln102)> <Delay = 0.00>
ST_4 : Operation 79 [1/1] (0.00ns)   --->   "%x_9_load = load i32 %x_9"   --->   Operation 79 'load' 'x_9_load' <Predicate = (icmp_ln102)> <Delay = 0.00>
ST_4 : Operation 80 [1/1] (0.00ns)   --->   "%x_10_load = load i32 %x_10"   --->   Operation 80 'load' 'x_10_load' <Predicate = (icmp_ln102)> <Delay = 0.00>
ST_4 : Operation 81 [1/1] (0.00ns)   --->   "%x_11_load = load i32 %x_11"   --->   Operation 81 'load' 'x_11_load' <Predicate = (icmp_ln102)> <Delay = 0.00>
ST_4 : Operation 82 [1/1] (0.00ns)   --->   "%write_ln0 = write void @_ssdm_op_Write.ap_auto.floatP0A, i32 %x_37_out, i32 %x_11_load"   --->   Operation 82 'write' 'write_ln0' <Predicate = (icmp_ln102)> <Delay = 0.00>
ST_4 : Operation 83 [1/1] (0.00ns)   --->   "%write_ln0 = write void @_ssdm_op_Write.ap_auto.floatP0A, i32 %x_36_out, i32 %x_10_load"   --->   Operation 83 'write' 'write_ln0' <Predicate = (icmp_ln102)> <Delay = 0.00>
ST_4 : Operation 84 [1/1] (0.00ns)   --->   "%write_ln0 = write void @_ssdm_op_Write.ap_auto.floatP0A, i32 %x_35_out, i32 %x_9_load"   --->   Operation 84 'write' 'write_ln0' <Predicate = (icmp_ln102)> <Delay = 0.00>
ST_4 : Operation 85 [1/1] (0.00ns)   --->   "%write_ln0 = write void @_ssdm_op_Write.ap_auto.floatP0A, i32 %x_34_out, i32 %x_8_load"   --->   Operation 85 'write' 'write_ln0' <Predicate = (icmp_ln102)> <Delay = 0.00>
ST_4 : Operation 86 [1/1] (0.00ns)   --->   "%write_ln0 = write void @_ssdm_op_Write.ap_auto.floatP0A, i32 %x_33_out, i32 %x_7_load"   --->   Operation 86 'write' 'write_ln0' <Predicate = (icmp_ln102)> <Delay = 0.00>
ST_4 : Operation 87 [1/1] (0.00ns)   --->   "%write_ln0 = write void @_ssdm_op_Write.ap_auto.floatP0A, i32 %x_32_out, i32 %x_load"   --->   Operation 87 'write' 'write_ln0' <Predicate = (icmp_ln102)> <Delay = 0.00>
ST_4 : Operation 88 [1/1] (0.00ns)   --->   "%ret_ln0 = ret"   --->   Operation 88 'ret' 'ret_ln0' <Predicate = (icmp_ln102)> <Delay = 0.00>

State 5 <SV = 4> <Delay = 7.06>
ST_5 : Operation 51 [1/1] (0.00ns)   --->   "%x_load_1 = load i32 %x" [ekf_core.cpp:102->ekf_core.cpp:169]   --->   Operation 51 'load' 'x_load_1' <Predicate = true> <Delay = 0.00>
ST_5 : Operation 52 [1/1] (0.00ns)   --->   "%x_7_load_1 = load i32 %x_7" [ekf_core.cpp:102->ekf_core.cpp:169]   --->   Operation 52 'load' 'x_7_load_1' <Predicate = true> <Delay = 0.00>
ST_5 : Operation 53 [1/1] (0.00ns)   --->   "%x_8_load_1 = load i32 %x_8" [ekf_core.cpp:102->ekf_core.cpp:169]   --->   Operation 53 'load' 'x_8_load_1' <Predicate = true> <Delay = 0.00>
ST_5 : Operation 54 [1/1] (0.00ns)   --->   "%x_9_load_1 = load i32 %x_9" [ekf_core.cpp:102->ekf_core.cpp:169]   --->   Operation 54 'load' 'x_9_load_1' <Predicate = true> <Delay = 0.00>
ST_5 : Operation 55 [1/1] (0.00ns)   --->   "%x_10_load_1 = load i32 %x_10" [ekf_core.cpp:102->ekf_core.cpp:169]   --->   Operation 55 'load' 'x_10_load_1' <Predicate = true> <Delay = 0.00>
ST_5 : Operation 56 [1/1] (0.00ns)   --->   "%x_11_load_1 = load i32 %x_11" [ekf_core.cpp:102->ekf_core.cpp:169]   --->   Operation 56 'load' 'x_11_load_1' <Predicate = true> <Delay = 0.00>
ST_5 : Operation 57 [1/1] (0.62ns)   --->   "%tmp_59 = mux i32 @_ssdm_op_Mux.ap_auto.6f32.i3, i32 %x_load_1, i32 %x_7_load_1, i32 %x_8_load_1, i32 %x_9_load_1, i32 %x_10_load_1, i32 %x_11_load_1, i3 %i_14" [ekf_core.cpp:102->ekf_core.cpp:169]   --->   Operation 57 'mux' 'tmp_59' <Predicate = true> <Delay = 0.62> <CoreInst = "Multiplexer">   --->   Core 76 'Multiplexer' <Latency = 0> <II = 1> <Delay = 0.62> <FuncUnit> <Opcode : 'mux'> <InPorts = 2> <OutPorts = 1>
ST_5 : [1/1] (1.04ns)   --->   Input mux for Operation 58 '%x_12 = fadd i32 %tmp_59, i32 %mul48_i'
ST_5 : Operation 58 [4/4] (5.38ns)   --->   "%x_12 = fadd i32 %tmp_59, i32 %mul48_i" [ekf_core.cpp:102->ekf_core.cpp:169]   --->   Operation 58 'fadd' 'x_12' <Predicate = true> <Delay = 5.38> <CoreInst = "FAddSub_fulldsp">   --->   Core 18 'FAddSub_fulldsp' <Latency = 3> <II = 1> <Delay = 6.43> <FuncUnit> <Opcode : 'fadd' 'fsub'> <InPorts = 2> <OutPorts = 1>

State 6 <SV = 5> <Delay = 6.43>
ST_6 : Operation 59 [3/4] (6.43ns)   --->   "%x_12 = fadd i32 %tmp_59, i32 %mul48_i" [ekf_core.cpp:102->ekf_core.cpp:169]   --->   Operation 59 'fadd' 'x_12' <Predicate = true> <Delay = 6.43> <CoreInst = "FAddSub_fulldsp">   --->   Core 18 'FAddSub_fulldsp' <Latency = 3> <II = 1> <Delay = 6.43> <FuncUnit> <Opcode : 'fadd' 'fsub'> <InPorts = 2> <OutPorts = 1>

State 7 <SV = 6> <Delay = 6.43>
ST_7 : Operation 60 [2/4] (6.43ns)   --->   "%x_12 = fadd i32 %tmp_59, i32 %mul48_i" [ekf_core.cpp:102->ekf_core.cpp:169]   --->   Operation 60 'fadd' 'x_12' <Predicate = true> <Delay = 6.43> <CoreInst = "FAddSub_fulldsp">   --->   Core 18 'FAddSub_fulldsp' <Latency = 3> <II = 1> <Delay = 6.43> <FuncUnit> <Opcode : 'fadd' 'fsub'> <InPorts = 2> <OutPorts = 1>

State 8 <SV = 7> <Delay = 6.86>
ST_8 : Operation 61 [1/1] (0.00ns)   --->   "%speclooptripcount_ln154 = speclooptripcount void @_ssdm_op_SpecLoopTripCount, i64 6, i64 6, i64 6" [ekf_core.cpp:154]   --->   Operation 61 'speclooptripcount' 'speclooptripcount_ln154' <Predicate = true> <Delay = 0.00>
ST_8 : Operation 62 [1/1] (0.00ns)   --->   "%specloopname_ln102 = specloopname void @_ssdm_op_SpecLoopName, void @empty_19" [ekf_core.cpp:102->ekf_core.cpp:169]   --->   Operation 62 'specloopname' 'specloopname_ln102' <Predicate = true> <Delay = 0.00>
ST_8 : Operation 63 [1/4] (6.43ns)   --->   "%x_12 = fadd i32 %tmp_59, i32 %mul48_i" [ekf_core.cpp:102->ekf_core.cpp:169]   --->   Operation 63 'fadd' 'x_12' <Predicate = true> <Delay = 6.43> <CoreInst = "FAddSub_fulldsp">   --->   Core 18 'FAddSub_fulldsp' <Latency = 3> <II = 1> <Delay = 6.43> <FuncUnit> <Opcode : 'fadd' 'fsub'> <InPorts = 2> <OutPorts = 1>
ST_8 : Operation 64 [1/1] (0.42ns)   --->   "%store_ln102 = store i32 %x_12, i32 %x_10" [ekf_core.cpp:102->ekf_core.cpp:169]   --->   Operation 64 'store' 'store_ln102' <Predicate = (i_14 == 4)> <Delay = 0.42>
ST_8 : Operation 65 [1/1] (0.00ns)   --->   "%br_ln102 = br void %arrayidx50.i77.exit" [ekf_core.cpp:102->ekf_core.cpp:169]   --->   Operation 65 'br' 'br_ln102' <Predicate = (i_14 == 4)> <Delay = 0.00>
ST_8 : Operation 66 [1/1] (0.42ns)   --->   "%store_ln102 = store i32 %x_12, i32 %x_9" [ekf_core.cpp:102->ekf_core.cpp:169]   --->   Operation 66 'store' 'store_ln102' <Predicate = (i_14 == 3)> <Delay = 0.42>
ST_8 : Operation 67 [1/1] (0.00ns)   --->   "%br_ln102 = br void %arrayidx50.i77.exit" [ekf_core.cpp:102->ekf_core.cpp:169]   --->   Operation 67 'br' 'br_ln102' <Predicate = (i_14 == 3)> <Delay = 0.00>
ST_8 : Operation 68 [1/1] (0.42ns)   --->   "%store_ln102 = store i32 %x_12, i32 %x_8" [ekf_core.cpp:102->ekf_core.cpp:169]   --->   Operation 68 'store' 'store_ln102' <Predicate = (i_14 == 2)> <Delay = 0.42>
ST_8 : Operation 69 [1/1] (0.00ns)   --->   "%br_ln102 = br void %arrayidx50.i77.exit" [ekf_core.cpp:102->ekf_core.cpp:169]   --->   Operation 69 'br' 'br_ln102' <Predicate = (i_14 == 2)> <Delay = 0.00>
ST_8 : Operation 70 [1/1] (0.42ns)   --->   "%store_ln102 = store i32 %x_12, i32 %x_7" [ekf_core.cpp:102->ekf_core.cpp:169]   --->   Operation 70 'store' 'store_ln102' <Predicate = (i_14 == 1)> <Delay = 0.42>
ST_8 : Operation 71 [1/1] (0.00ns)   --->   "%br_ln102 = br void %arrayidx50.i77.exit" [ekf_core.cpp:102->ekf_core.cpp:169]   --->   Operation 71 'br' 'br_ln102' <Predicate = (i_14 == 1)> <Delay = 0.00>
ST_8 : Operation 72 [1/1] (0.42ns)   --->   "%store_ln102 = store i32 %x_12, i32 %x" [ekf_core.cpp:102->ekf_core.cpp:169]   --->   Operation 72 'store' 'store_ln102' <Predicate = (i_14 == 0)> <Delay = 0.42>
ST_8 : Operation 73 [1/1] (0.00ns)   --->   "%br_ln102 = br void %arrayidx50.i77.exit" [ekf_core.cpp:102->ekf_core.cpp:169]   --->   Operation 73 'br' 'br_ln102' <Predicate = (i_14 == 0)> <Delay = 0.00>
ST_8 : Operation 74 [1/1] (0.42ns)   --->   "%store_ln102 = store i32 %x_12, i32 %x_11" [ekf_core.cpp:102->ekf_core.cpp:169]   --->   Operation 74 'store' 'store_ln102' <Predicate = (i_14 == 7) | (i_14 == 6) | (i_14 == 5)> <Delay = 0.42>
ST_8 : Operation 75 [1/1] (0.00ns)   --->   "%br_ln102 = br void %arrayidx50.i77.exit" [ekf_core.cpp:102->ekf_core.cpp:169]   --->   Operation 75 'br' 'br_ln102' <Predicate = (i_14 == 7) | (i_14 == 6) | (i_14 == 5)> <Delay = 0.00>


============================================================
+ Verbose Summary: Binding
============================================================
STG Binding: 
---------------- STG Properties BEGIN ----------------
- Is combinational: 0
- Is one-state seq: 0
- Is datapath-only: 0
- Is pipelined: 0
- Is top level: 0
Port [ Return ] is wired: 1; IO mode=ap_ctrl_hs:ce=0
Port [ x_26]:  wired=1; compound=0; hidden=0; nouse=0; global=0; static=0; extern=0; dir=0; type=0; pingpong=0; private_global=0; IO mode=ap_none:ce=0
Port [ x_27]:  wired=1; compound=0; hidden=0; nouse=0; global=0; static=0; extern=0; dir=0; type=0; pingpong=0; private_global=0; IO mode=ap_none:ce=0
Port [ x_28]:  wired=1; compound=0; hidden=0; nouse=0; global=0; static=0; extern=0; dir=0; type=0; pingpong=0; private_global=0; IO mode=ap_none:ce=0
Port [ x_29]:  wired=1; compound=0; hidden=0; nouse=0; global=0; static=0; extern=0; dir=0; type=0; pingpong=0; private_global=0; IO mode=ap_none:ce=0
Port [ x_30]:  wired=1; compound=0; hidden=0; nouse=0; global=0; static=0; extern=0; dir=0; type=0; pingpong=0; private_global=0; IO mode=ap_none:ce=0
Port [ x_31]:  wired=1; compound=0; hidden=0; nouse=0; global=0; static=0; extern=0; dir=0; type=0; pingpong=0; private_global=0; IO mode=ap_none:ce=0
Port [ K_reload]:  wired=1; compound=0; hidden=0; nouse=0; global=0; static=0; extern=0; dir=0; type=0; pingpong=0; private_global=0; IO mode=ap_none:ce=0
Port [ K_1_reload]:  wired=1; compound=0; hidden=0; nouse=0; global=0; static=0; extern=0; dir=0; type=0; pingpong=0; private_global=0; IO mode=ap_none:ce=0
Port [ K_2_reload]:  wired=1; compound=0; hidden=0; nouse=0; global=0; static=0; extern=0; dir=0; type=0; pingpong=0; private_global=0; IO mode=ap_none:ce=0
Port [ K_3_reload]:  wired=1; compound=0; hidden=0; nouse=0; global=0; static=0; extern=0; dir=0; type=0; pingpong=0; private_global=0; IO mode=ap_none:ce=0
Port [ K_4_reload]:  wired=1; compound=0; hidden=0; nouse=0; global=0; static=0; extern=0; dir=0; type=0; pingpong=0; private_global=0; IO mode=ap_none:ce=0
Port [ K_5_reload]:  wired=1; compound=0; hidden=0; nouse=0; global=0; static=0; extern=0; dir=0; type=0; pingpong=0; private_global=0; IO mode=ap_none:ce=0
Port [ local_load_3]:  wired=1; compound=0; hidden=0; nouse=0; global=0; static=0; extern=0; dir=0; type=0; pingpong=0; private_global=0; IO mode=ap_none:ce=0
Port [ x_37_out]:  wired=1; compound=0; hidden=0; nouse=0; global=0; static=0; extern=0; dir=1; type=0; pingpong=0; private_global=0; IO mode=ap_vld:ce=0
Port [ x_36_out]:  wired=1; compound=0; hidden=0; nouse=0; global=0; static=0; extern=0; dir=1; type=0; pingpong=0; private_global=0; IO mode=ap_vld:ce=0
Port [ x_35_out]:  wired=1; compound=0; hidden=0; nouse=0; global=0; static=0; extern=0; dir=1; type=0; pingpong=0; private_global=0; IO mode=ap_vld:ce=0
Port [ x_34_out]:  wired=1; compound=0; hidden=0; nouse=0; global=0; static=0; extern=0; dir=1; type=0; pingpong=0; private_global=0; IO mode=ap_vld:ce=0
Port [ x_33_out]:  wired=1; compound=0; hidden=0; nouse=0; global=0; static=0; extern=0; dir=1; type=0; pingpong=0; private_global=0; IO mode=ap_vld:ce=0
Port [ x_32_out]:  wired=1; compound=0; hidden=0; nouse=0; global=0; static=0; extern=0; dir=1; type=0; pingpong=0; private_global=0; IO mode=ap_vld:ce=0
---------------- STG Properties END ------------------

---------------- Datapath Model BEGIN ----------------

<LifeTime>
<method=bitvector/>
i                       (alloca           ) [ 011110000]
x                       (alloca           ) [ 011111111]
x_7                     (alloca           ) [ 011111111]
x_8                     (alloca           ) [ 011111111]
x_9                     (alloca           ) [ 011111111]
x_10                    (alloca           ) [ 011111111]
x_11                    (alloca           ) [ 011111111]
local_load_3_read       (read             ) [ 001110000]
K_5_reload_read         (read             ) [ 000000000]
K_4_reload_read         (read             ) [ 000000000]
K_3_reload_read         (read             ) [ 000000000]
K_2_reload_read         (read             ) [ 000000000]
K_1_reload_read         (read             ) [ 000000000]
K_reload_read           (read             ) [ 000000000]
x_31_read               (read             ) [ 000000000]
x_30_read               (read             ) [ 000000000]
x_29_read               (read             ) [ 000000000]
x_28_read               (read             ) [ 000000000]
x_27_read               (read             ) [ 000000000]
x_26_read               (read             ) [ 000000000]
store_ln0               (store            ) [ 000000000]
store_ln0               (store            ) [ 000000000]
store_ln0               (store            ) [ 000000000]
store_ln0               (store            ) [ 000000000]
store_ln0               (store            ) [ 000000000]
store_ln0               (store            ) [ 000000000]
store_ln0               (store            ) [ 000000000]
br_ln0                  (br               ) [ 000000000]
i_14                    (load             ) [ 011111111]
icmp_ln102              (icmp             ) [ 011110000]
br_ln102                (br               ) [ 000000000]
tmp_s                   (mux              ) [ 001110000]
switch_ln102            (switch           ) [ 000000000]
specpipeline_ln0        (specpipeline     ) [ 000000000]
add_ln102               (add              ) [ 000000000]
mul48_i                 (fmul             ) [ 011111111]
store_ln102             (store            ) [ 000000000]
br_ln102                (br               ) [ 000000000]
x_load_1                (load             ) [ 000000000]
x_7_load_1              (load             ) [ 000000000]
x_8_load_1              (load             ) [ 000000000]
x_9_load_1              (load             ) [ 000000000]
x_10_load_1             (load             ) [ 000000000]
x_11_load_1             (load             ) [ 000000000]
tmp_59                  (mux              ) [ 001110111]
speclooptripcount_ln154 (speclooptripcount) [ 000000000]
specloopname_ln102      (specloopname     ) [ 000000000]
x_12                    (fadd             ) [ 000000000]
store_ln102             (store            ) [ 000000000]
br_ln102                (br               ) [ 000000000]
store_ln102             (store            ) [ 000000000]
br_ln102                (br               ) [ 000000000]
store_ln102             (store            ) [ 000000000]
br_ln102                (br               ) [ 000000000]
store_ln102             (store            ) [ 000000000]
br_ln102                (br               ) [ 000000000]
store_ln102             (store            ) [ 000000000]
br_ln102                (br               ) [ 000000000]
store_ln102             (store            ) [ 000000000]
br_ln102                (br               ) [ 000000000]
x_load                  (load             ) [ 000000000]
x_7_load                (load             ) [ 000000000]
x_8_load                (load             ) [ 000000000]
x_9_load                (load             ) [ 000000000]
x_10_load               (load             ) [ 000000000]
x_11_load               (load             ) [ 000000000]
write_ln0               (write            ) [ 000000000]
write_ln0               (write            ) [ 000000000]
write_ln0               (write            ) [ 000000000]
write_ln0               (write            ) [ 000000000]
write_ln0               (write            ) [ 000000000]
write_ln0               (write            ) [ 000000000]
ret_ln0                 (ret              ) [ 000000000]
</LifeTime>

<model>

<comp_list>
<comp id="0" class="1000" name="x_26">
<pin_list>
<pin id="1" dir="1" index="0" bw="1" slack="0"/>
</pin_list>
<bind>
<StgValue><ssdm name="x_26"/></StgValue>
</bind>
</comp>

<comp id="2" class="1000" name="x_27">
<pin_list>
<pin id="3" dir="1" index="0" bw="1" slack="0"/>
</pin_list>
<bind>
<StgValue><ssdm name="x_27"/></StgValue>
</bind>
</comp>

<comp id="4" class="1000" name="x_28">
<pin_list>
<pin id="5" dir="1" index="0" bw="1" slack="0"/>
</pin_list>
<bind>
<StgValue><ssdm name="x_28"/></StgValue>
</bind>
</comp>

<comp id="6" class="1000" name="x_29">
<pin_list>
<pin id="7" dir="1" index="0" bw="1" slack="0"/>
</pin_list>
<bind>
<StgValue><ssdm name="x_29"/></StgValue>
</bind>
</comp>

<comp id="8" class="1000" name="x_30">
<pin_list>
<pin id="9" dir="1" index="0" bw="1" slack="0"/>
</pin_list>
<bind>
<StgValue><ssdm name="x_30"/></StgValue>
</bind>
</comp>

<comp id="10" class="1000" name="x_31">
<pin_list>
<pin id="11" dir="1" index="0" bw="1" slack="0"/>
</pin_list>
<bind>
<StgValue><ssdm name="x_31"/></StgValue>
</bind>
</comp>

<comp id="12" class="1000" name="K_reload">
<pin_list>
<pin id="13" dir="1" index="0" bw="1" slack="0"/>
</pin_list>
<bind>
<StgValue><ssdm name="K_reload"/></StgValue>
</bind>
</comp>

<comp id="14" class="1000" name="K_1_reload">
<pin_list>
<pin id="15" dir="1" index="0" bw="1" slack="0"/>
</pin_list>
<bind>
<StgValue><ssdm name="K_1_reload"/></StgValue>
</bind>
</comp>

<comp id="16" class="1000" name="K_2_reload">
<pin_list>
<pin id="17" dir="1" index="0" bw="1" slack="0"/>
</pin_list>
<bind>
<StgValue><ssdm name="K_2_reload"/></StgValue>
</bind>
</comp>

<comp id="18" class="1000" name="K_3_reload">
<pin_list>
<pin id="19" dir="1" index="0" bw="1" slack="0"/>
</pin_list>
<bind>
<StgValue><ssdm name="K_3_reload"/></StgValue>
</bind>
</comp>

<comp id="20" class="1000" name="K_4_reload">
<pin_list>
<pin id="21" dir="1" index="0" bw="1" slack="0"/>
</pin_list>
<bind>
<StgValue><ssdm name="K_4_reload"/></StgValue>
</bind>
</comp>

<comp id="22" class="1000" name="K_5_reload">
<pin_list>
<pin id="23" dir="1" index="0" bw="1" slack="0"/>
</pin_list>
<bind>
<StgValue><ssdm name="K_5_reload"/></StgValue>
</bind>
</comp>

<comp id="24" class="1000" name="local_load_3">
<pin_list>
<pin id="25" dir="1" index="0" bw="1" slack="0"/>
</pin_list>
<bind>
<StgValue><ssdm name="local_load_3"/></StgValue>
</bind>
</comp>

<comp id="26" class="1000" name="x_37_out">
<pin_list>
<pin id="27" dir="1" index="0" bw="1" slack="0"/>
</pin_list>
<bind>
<StgValue><ssdm name="x_37_out"/></StgValue>
</bind>
</comp>

<comp id="28" class="1000" name="x_36_out">
<pin_list>
<pin id="29" dir="1" index="0" bw="1" slack="0"/>
</pin_list>
<bind>
<StgValue><ssdm name="x_36_out"/></StgValue>
</bind>
</comp>

<comp id="30" class="1000" name="x_35_out">
<pin_list>
<pin id="31" dir="1" index="0" bw="1" slack="0"/>
</pin_list>
<bind>
<StgValue><ssdm name="x_35_out"/></StgValue>
</bind>
</comp>

<comp id="32" class="1000" name="x_34_out">
<pin_list>
<pin id="33" dir="1" index="0" bw="1" slack="0"/>
</pin_list>
<bind>
<StgValue><ssdm name="x_34_out"/></StgValue>
</bind>
</comp>

<comp id="34" class="1000" name="x_33_out">
<pin_list>
<pin id="35" dir="1" index="0" bw="1" slack="0"/>
</pin_list>
<bind>
<StgValue><ssdm name="x_33_out"/></StgValue>
</bind>
</comp>

<comp id="36" class="1000" name="x_32_out">
<pin_list>
<pin id="37" dir="1" index="0" bw="1" slack="0"/>
</pin_list>
<bind>
<StgValue><ssdm name="x_32_out"/></StgValue>
</bind>
</comp>

<comp id="38" class="1001" name="const_38">
<pin_list>
<pin id="39" dir="1" index="0" bw="1" slack="0"/>
</pin_list>
<bind>
<StgValue><ssdm name=""/></StgValue>
</bind>
</comp>

<comp id="40" class="1001" name="const_40">
<pin_list>
<pin id="41" dir="1" index="0" bw="1" slack="0"/>
</pin_list>
<bind>
<StgValue><ssdm name="_ssdm_op_Read.ap_auto.float"/></StgValue>
</bind>
</comp>

<comp id="42" class="1001" name="const_42">
<pin_list>
<pin id="43" dir="1" index="0" bw="1" slack="0"/>
</pin_list>
<bind>
<StgValue><ssdm name=""/></StgValue>
</bind>
</comp>

<comp id="44" class="1001" name="const_44">
<pin_list>
<pin id="45" dir="1" index="0" bw="1" slack="0"/>
</pin_list>
<bind>
<StgValue><ssdm name=""/></StgValue>
</bind>
</comp>

<comp id="46" class="1001" name="const_46">
<pin_list>
<pin id="47" dir="1" index="0" bw="1" slack="0"/>
</pin_list>
<bind>
<StgValue><ssdm name="_ssdm_op_Mux.ap_auto.6f32.i3"/></StgValue>
</bind>
</comp>

<comp id="48" class="1001" name="const_48">
<pin_list>
<pin id="49" dir="1" index="0" bw="1" slack="0"/>
</pin_list>
<bind>
<StgValue><ssdm name=""/></StgValue>
</bind>
</comp>

<comp id="50" class="1001" name="const_50">
<pin_list>
<pin id="51" dir="1" index="0" bw="1" slack="2147483647"/>
</pin_list>
<bind>
<StgValue><ssdm name=""/></StgValue>
</bind>
</comp>

<comp id="52" class="1001" name="const_52">
<pin_list>
<pin id="53" dir="1" index="0" bw="1" slack="2147483647"/>
</pin_list>
<bind>
<StgValue><ssdm name=""/></StgValue>
</bind>
</comp>

<comp id="54" class="1001" name="const_54">
<pin_list>
<pin id="55" dir="1" index="0" bw="1" slack="2147483647"/>
</pin_list>
<bind>
<StgValue><ssdm name=""/></StgValue>
</bind>
</comp>

<comp id="56" class="1001" name="const_56">
<pin_list>
<pin id="57" dir="1" index="0" bw="1" slack="2147483647"/>
</pin_list>
<bind>
<StgValue><ssdm name="_ssdm_op_SpecPipeline"/></StgValue>
</bind>
</comp>

<comp id="58" class="1001" name="const_58">
<pin_list>
<pin id="59" dir="1" index="0" bw="1" slack="2147483647"/>
</pin_list>
<bind>
<StgValue><ssdm name=""/></StgValue>
</bind>
</comp>

<comp id="60" class="1001" name="const_60">
<pin_list>
<pin id="61" dir="1" index="0" bw="1" slack="2147483647"/>
</pin_list>
<bind>
<StgValue><ssdm name=""/></StgValue>
</bind>
</comp>

<comp id="62" class="1001" name="const_62">
<pin_list>
<pin id="63" dir="1" index="0" bw="1" slack="2147483647"/>
</pin_list>
<bind>
<StgValue><ssdm name="p_str"/></StgValue>
</bind>
</comp>

<comp id="64" class="1001" name="const_64">
<pin_list>
<pin id="65" dir="1" index="0" bw="1" slack="2147483647"/>
</pin_list>
<bind>
<StgValue><ssdm name="_ssdm_op_SpecLoopTripCount"/></StgValue>
</bind>
</comp>

<comp id="66" class="1001" name="const_66">
<pin_list>
<pin id="67" dir="1" index="0" bw="1" slack="2147483647"/>
</pin_list>
<bind>
<StgValue><ssdm name=""/></StgValue>
</bind>
</comp>

<comp id="68" class="1001" name="const_68">
<pin_list>
<pin id="69" dir="1" index="0" bw="1" slack="2147483647"/>
</pin_list>
<bind>
<StgValue><ssdm name="_ssdm_op_SpecLoopName"/></StgValue>
</bind>
</comp>

<comp id="70" class="1001" name="const_70">
<pin_list>
<pin id="71" dir="1" index="0" bw="1" slack="2147483647"/>
</pin_list>
<bind>
<StgValue><ssdm name="empty_19"/></StgValue>
</bind>
</comp>

<comp id="72" class="1001" name="const_72">
<pin_list>
<pin id="73" dir="1" index="0" bw="1" slack="0"/>
</pin_list>
<bind>
<StgValue><ssdm name="_ssdm_op_Write.ap_auto.floatP0A"/></StgValue>
</bind>
</comp>

<comp id="74" class="1004" name="i_fu_74">
<pin_list>
<pin id="75" dir="0" index="0" bw="1" slack="0"/>
<pin id="76" dir="1" index="1" bw="3" slack="0"/>
</pin_list>
<bind>
<opcode="alloca(26) " fcode="alloca"/>
<opset="i/1 "/>
</bind>
</comp>

<comp id="78" class="1004" name="x_fu_78">
<pin_list>
<pin id="79" dir="0" index="0" bw="1" slack="0"/>
<pin id="80" dir="1" index="1" bw="32" slack="0"/>
</pin_list>
<bind>
<opcode="alloca(26) " fcode="alloca"/>
<opset="x/1 "/>
</bind>
</comp>

<comp id="82" class="1004" name="x_7_fu_82">
<pin_list>
<pin id="83" dir="0" index="0" bw="1" slack="0"/>
<pin id="84" dir="1" index="1" bw="32" slack="0"/>
</pin_list>
<bind>
<opcode="alloca(26) " fcode="alloca"/>
<opset="x_7/1 "/>
</bind>
</comp>

<comp id="86" class="1004" name="x_8_fu_86">
<pin_list>
<pin id="87" dir="0" index="0" bw="1" slack="0"/>
<pin id="88" dir="1" index="1" bw="32" slack="0"/>
</pin_list>
<bind>
<opcode="alloca(26) " fcode="alloca"/>
<opset="x_8/1 "/>
</bind>
</comp>

<comp id="90" class="1004" name="x_9_fu_90">
<pin_list>
<pin id="91" dir="0" index="0" bw="1" slack="0"/>
<pin id="92" dir="1" index="1" bw="32" slack="0"/>
</pin_list>
<bind>
<opcode="alloca(26) " fcode="alloca"/>
<opset="x_9/1 "/>
</bind>
</comp>

<comp id="94" class="1004" name="x_10_fu_94">
<pin_list>
<pin id="95" dir="0" index="0" bw="1" slack="0"/>
<pin id="96" dir="1" index="1" bw="32" slack="0"/>
</pin_list>
<bind>
<opcode="alloca(26) " fcode="alloca"/>
<opset="x_10/1 "/>
</bind>
</comp>

<comp id="98" class="1004" name="x_11_fu_98">
<pin_list>
<pin id="99" dir="0" index="0" bw="1" slack="0"/>
<pin id="100" dir="1" index="1" bw="32" slack="0"/>
</pin_list>
<bind>
<opcode="alloca(26) " fcode="alloca"/>
<opset="x_11/1 "/>
</bind>
</comp>

<comp id="102" class="1004" name="local_load_3_read_read_fu_102">
<pin_list>
<pin id="103" dir="0" index="0" bw="32" slack="0"/>
<pin id="104" dir="0" index="1" bw="32" slack="0"/>
<pin id="105" dir="1" index="2" bw="32" slack="1"/>
</pin_list>
<bind>
<opcode="read(1150) " fcode="read"/>
<opset="local_load_3_read/1 "/>
</bind>
</comp>

<comp id="108" class="1004" name="K_5_reload_read_read_fu_108">
<pin_list>
<pin id="109" dir="0" index="0" bw="32" slack="0"/>
<pin id="110" dir="0" index="1" bw="32" slack="0"/>
<pin id="111" dir="1" index="2" bw="32" slack="0"/>
</pin_list>
<bind>
<opcode="read(1150) " fcode="read"/>
<opset="K_5_reload_read/1 "/>
</bind>
</comp>

<comp id="114" class="1004" name="K_4_reload_read_read_fu_114">
<pin_list>
<pin id="115" dir="0" index="0" bw="32" slack="0"/>
<pin id="116" dir="0" index="1" bw="32" slack="0"/>
<pin id="117" dir="1" index="2" bw="32" slack="0"/>
</pin_list>
<bind>
<opcode="read(1150) " fcode="read"/>
<opset="K_4_reload_read/1 "/>
</bind>
</comp>

<comp id="120" class="1004" name="K_3_reload_read_read_fu_120">
<pin_list>
<pin id="121" dir="0" index="0" bw="32" slack="0"/>
<pin id="122" dir="0" index="1" bw="32" slack="0"/>
<pin id="123" dir="1" index="2" bw="32" slack="0"/>
</pin_list>
<bind>
<opcode="read(1150) " fcode="read"/>
<opset="K_3_reload_read/1 "/>
</bind>
</comp>

<comp id="126" class="1004" name="K_2_reload_read_read_fu_126">
<pin_list>
<pin id="127" dir="0" index="0" bw="32" slack="0"/>
<pin id="128" dir="0" index="1" bw="32" slack="0"/>
<pin id="129" dir="1" index="2" bw="32" slack="0"/>
</pin_list>
<bind>
<opcode="read(1150) " fcode="read"/>
<opset="K_2_reload_read/1 "/>
</bind>
</comp>

<comp id="132" class="1004" name="K_1_reload_read_read_fu_132">
<pin_list>
<pin id="133" dir="0" index="0" bw="32" slack="0"/>
<pin id="134" dir="0" index="1" bw="32" slack="0"/>
<pin id="135" dir="1" index="2" bw="32" slack="0"/>
</pin_list>
<bind>
<opcode="read(1150) " fcode="read"/>
<opset="K_1_reload_read/1 "/>
</bind>
</comp>

<comp id="138" class="1004" name="K_reload_read_read_fu_138">
<pin_list>
<pin id="139" dir="0" index="0" bw="32" slack="0"/>
<pin id="140" dir="0" index="1" bw="32" slack="0"/>
<pin id="141" dir="1" index="2" bw="32" slack="0"/>
</pin_list>
<bind>
<opcode="read(1150) " fcode="read"/>
<opset="K_reload_read/1 "/>
</bind>
</comp>

<comp id="144" class="1004" name="x_31_read_read_fu_144">
<pin_list>
<pin id="145" dir="0" index="0" bw="32" slack="0"/>
<pin id="146" dir="0" index="1" bw="32" slack="0"/>
<pin id="147" dir="1" index="2" bw="32" slack="0"/>
</pin_list>
<bind>
<opcode="read(1150) " fcode="read"/>
<opset="x_31_read/1 "/>
</bind>
</comp>

<comp id="150" class="1004" name="x_30_read_read_fu_150">
<pin_list>
<pin id="151" dir="0" index="0" bw="32" slack="0"/>
<pin id="152" dir="0" index="1" bw="32" slack="0"/>
<pin id="153" dir="1" index="2" bw="32" slack="0"/>
</pin_list>
<bind>
<opcode="read(1150) " fcode="read"/>
<opset="x_30_read/1 "/>
</bind>
</comp>

<comp id="156" class="1004" name="x_29_read_read_fu_156">
<pin_list>
<pin id="157" dir="0" index="0" bw="32" slack="0"/>
<pin id="158" dir="0" index="1" bw="32" slack="0"/>
<pin id="159" dir="1" index="2" bw="32" slack="0"/>
</pin_list>
<bind>
<opcode="read(1150) " fcode="read"/>
<opset="x_29_read/1 "/>
</bind>
</comp>

<comp id="162" class="1004" name="x_28_read_read_fu_162">
<pin_list>
<pin id="163" dir="0" index="0" bw="32" slack="0"/>
<pin id="164" dir="0" index="1" bw="32" slack="0"/>
<pin id="165" dir="1" index="2" bw="32" slack="0"/>
</pin_list>
<bind>
<opcode="read(1150) " fcode="read"/>
<opset="x_28_read/1 "/>
</bind>
</comp>

<comp id="168" class="1004" name="x_27_read_read_fu_168">
<pin_list>
<pin id="169" dir="0" index="0" bw="32" slack="0"/>
<pin id="170" dir="0" index="1" bw="32" slack="0"/>
<pin id="171" dir="1" index="2" bw="32" slack="0"/>
</pin_list>
<bind>
<opcode="read(1150) " fcode="read"/>
<opset="x_27_read/1 "/>
</bind>
</comp>

<comp id="174" class="1004" name="x_26_read_read_fu_174">
<pin_list>
<pin id="175" dir="0" index="0" bw="32" slack="0"/>
<pin id="176" dir="0" index="1" bw="32" slack="0"/>
<pin id="177" dir="1" index="2" bw="32" slack="0"/>
</pin_list>
<bind>
<opcode="read(1150) " fcode="read"/>
<opset="x_26_read/1 "/>
</bind>
</comp>

<comp id="180" class="1004" name="write_ln0_write_fu_180">
<pin_list>
<pin id="181" dir="0" index="0" bw="0" slack="0"/>
<pin id="182" dir="0" index="1" bw="32" slack="0"/>
<pin id="183" dir="0" index="2" bw="32" slack="0"/>
<pin id="184" dir="1" index="3" bw="0" slack="2147483647"/>
</pin_list>
<bind>
<opcode="write(1151) " fcode="write"/>
<opset="write_ln0/4 "/>
</bind>
</comp>

<comp id="187" class="1004" name="write_ln0_write_fu_187">
<pin_list>
<pin id="188" dir="0" index="0" bw="0" slack="0"/>
<pin id="189" dir="0" index="1" bw="32" slack="0"/>
<pin id="190" dir="0" index="2" bw="32" slack="0"/>
<pin id="191" dir="1" index="3" bw="0" slack="2147483647"/>
</pin_list>
<bind>
<opcode="write(1151) " fcode="write"/>
<opset="write_ln0/4 "/>
</bind>
</comp>

<comp id="194" class="1004" name="write_ln0_write_fu_194">
<pin_list>
<pin id="195" dir="0" index="0" bw="0" slack="0"/>
<pin id="196" dir="0" index="1" bw="32" slack="0"/>
<pin id="197" dir="0" index="2" bw="32" slack="0"/>
<pin id="198" dir="1" index="3" bw="0" slack="2147483647"/>
</pin_list>
<bind>
<opcode="write(1151) " fcode="write"/>
<opset="write_ln0/4 "/>
</bind>
</comp>

<comp id="201" class="1004" name="write_ln0_write_fu_201">
<pin_list>
<pin id="202" dir="0" index="0" bw="0" slack="0"/>
<pin id="203" dir="0" index="1" bw="32" slack="0"/>
<pin id="204" dir="0" index="2" bw="32" slack="0"/>
<pin id="205" dir="1" index="3" bw="0" slack="2147483647"/>
</pin_list>
<bind>
<opcode="write(1151) " fcode="write"/>
<opset="write_ln0/4 "/>
</bind>
</comp>

<comp id="208" class="1004" name="write_ln0_write_fu_208">
<pin_list>
<pin id="209" dir="0" index="0" bw="0" slack="0"/>
<pin id="210" dir="0" index="1" bw="32" slack="0"/>
<pin id="211" dir="0" index="2" bw="32" slack="0"/>
<pin id="212" dir="1" index="3" bw="0" slack="2147483647"/>
</pin_list>
<bind>
<opcode="write(1151) " fcode="write"/>
<opset="write_ln0/4 "/>
</bind>
</comp>

<comp id="215" class="1004" name="write_ln0_write_fu_215">
<pin_list>
<pin id="216" dir="0" index="0" bw="0" slack="0"/>
<pin id="217" dir="0" index="1" bw="32" slack="0"/>
<pin id="218" dir="0" index="2" bw="32" slack="0"/>
<pin id="219" dir="1" index="3" bw="0" slack="2147483647"/>
</pin_list>
<bind>
<opcode="write(1151) " fcode="write"/>
<opset="write_ln0/4 "/>
</bind>
</comp>

<comp id="222" class="1004" name="grp_fu_222">
<pin_list>
<pin id="223" dir="0" index="0" bw="32" slack="0"/>
<pin id="224" dir="0" index="1" bw="32" slack="1"/>
<pin id="225" dir="1" index="2" bw="32" slack="0"/>
</pin_list>
<bind>
<opcode="fadd(9) " fcode="fadd"/>
<opset="x_12/5 "/>
</bind>
</comp>

<comp id="226" class="1004" name="grp_fu_226">
<pin_list>
<pin id="227" dir="0" index="0" bw="32" slack="1"/>
<pin id="228" dir="0" index="1" bw="32" slack="1"/>
<pin id="229" dir="1" index="2" bw="32" slack="1"/>
</pin_list>
<bind>
<opcode="fmul(13) " fcode="fmul"/>
<opset="mul48_i/2 "/>
</bind>
</comp>

<comp id="230" class="1004" name="store_ln0_store_fu_230">
<pin_list>
<pin id="231" dir="0" index="0" bw="32" slack="0"/>
<pin id="232" dir="0" index="1" bw="32" slack="0"/>
<pin id="233" dir="1" index="2" bw="0" slack="2147483647"/>
</pin_list>
<bind>
<opcode="store(28) " fcode="store"/>
<opset="store_ln0/1 "/>
</bind>
</comp>

<comp id="235" class="1004" name="store_ln0_store_fu_235">
<pin_list>
<pin id="236" dir="0" index="0" bw="32" slack="0"/>
<pin id="237" dir="0" index="1" bw="32" slack="0"/>
<pin id="238" dir="1" index="2" bw="0" slack="2147483647"/>
</pin_list>
<bind>
<opcode="store(28) " fcode="store"/>
<opset="store_ln0/1 "/>
</bind>
</comp>

<comp id="240" class="1004" name="store_ln0_store_fu_240">
<pin_list>
<pin id="241" dir="0" index="0" bw="32" slack="0"/>
<pin id="242" dir="0" index="1" bw="32" slack="0"/>
<pin id="243" dir="1" index="2" bw="0" slack="2147483647"/>
</pin_list>
<bind>
<opcode="store(28) " fcode="store"/>
<opset="store_ln0/1 "/>
</bind>
</comp>

<comp id="245" class="1004" name="store_ln0_store_fu_245">
<pin_list>
<pin id="246" dir="0" index="0" bw="32" slack="0"/>
<pin id="247" dir="0" index="1" bw="32" slack="0"/>
<pin id="248" dir="1" index="2" bw="0" slack="2147483647"/>
</pin_list>
<bind>
<opcode="store(28) " fcode="store"/>
<opset="store_ln0/1 "/>
</bind>
</comp>

<comp id="250" class="1004" name="store_ln0_store_fu_250">
<pin_list>
<pin id="251" dir="0" index="0" bw="32" slack="0"/>
<pin id="252" dir="0" index="1" bw="32" slack="0"/>
<pin id="253" dir="1" index="2" bw="0" slack="2147483647"/>
</pin_list>
<bind>
<opcode="store(28) " fcode="store"/>
<opset="store_ln0/1 "/>
</bind>
</comp>

<comp id="255" class="1004" name="store_ln0_store_fu_255">
<pin_list>
<pin id="256" dir="0" index="0" bw="32" slack="0"/>
<pin id="257" dir="0" index="1" bw="32" slack="0"/>
<pin id="258" dir="1" index="2" bw="0" slack="2147483647"/>
</pin_list>
<bind>
<opcode="store(28) " fcode="store"/>
<opset="store_ln0/1 "/>
</bind>
</comp>

<comp id="260" class="1004" name="store_ln0_store_fu_260">
<pin_list>
<pin id="261" dir="0" index="0" bw="1" slack="0"/>
<pin id="262" dir="0" index="1" bw="3" slack="0"/>
<pin id="263" dir="1" index="2" bw="0" slack="2147483647"/>
</pin_list>
<bind>
<opcode="store(28) " fcode="store"/>
<opset="store_ln0/1 "/>
</bind>
</comp>

<comp id="265" class="1004" name="i_14_load_fu_265">
<pin_list>
<pin id="266" dir="0" index="0" bw="3" slack="0"/>
<pin id="267" dir="1" index="1" bw="3" slack="0"/>
</pin_list>
<bind>
<opcode="load(27) " fcode="load"/>
<opset="i_14/1 "/>
</bind>
</comp>

<comp id="268" class="1004" name="icmp_ln102_fu_268">
<pin_list>
<pin id="269" dir="0" index="0" bw="3" slack="0"/>
<pin id="270" dir="0" index="1" bw="2" slack="0"/>
<pin id="271" dir="1" index="2" bw="1" slack="1"/>
</pin_list>
<bind>
<opcode="icmp(45) " fcode="icmp"/>
<opset="icmp_ln102/1 "/>
</bind>
</comp>

<comp id="274" class="1004" name="tmp_s_fu_274">
<pin_list>
<pin id="275" dir="0" index="0" bw="32" slack="0"/>
<pin id="276" dir="0" index="1" bw="32" slack="0"/>
<pin id="277" dir="0" index="2" bw="32" slack="0"/>
<pin id="278" dir="0" index="3" bw="32" slack="0"/>
<pin id="279" dir="0" index="4" bw="32" slack="0"/>
<pin id="280" dir="0" index="5" bw="32" slack="0"/>
<pin id="281" dir="0" index="6" bw="32" slack="0"/>
<pin id="282" dir="0" index="7" bw="3" slack="0"/>
<pin id="283" dir="1" index="8" bw="32" slack="1"/>
</pin_list>
<bind>
<opcode="mux(1196) " fcode="mux"/>
<opset="tmp_s/1 "/>
</bind>
</comp>

<comp id="292" class="1004" name="add_ln102_fu_292">
<pin_list>
<pin id="293" dir="0" index="0" bw="3" slack="3"/>
<pin id="294" dir="0" index="1" bw="1" slack="0"/>
<pin id="295" dir="1" index="2" bw="3" slack="0"/>
</pin_list>
<bind>
<opcode="add(8) " fcode="add"/>
<opset="add_ln102/4 "/>
</bind>
</comp>

<comp id="297" class="1004" name="store_ln102_store_fu_297">
<pin_list>
<pin id="298" dir="0" index="0" bw="3" slack="0"/>
<pin id="299" dir="0" index="1" bw="3" slack="3"/>
<pin id="300" dir="1" index="2" bw="0" slack="2147483647"/>
</pin_list>
<bind>
<opcode="store(28) " fcode="store"/>
<opset="store_ln102/4 "/>
</bind>
</comp>

<comp id="302" class="1004" name="x_load_1_load_fu_302">
<pin_list>
<pin id="303" dir="0" index="0" bw="32" slack="4"/>
<pin id="304" dir="1" index="1" bw="32" slack="0"/>
</pin_list>
<bind>
<opcode="load(27) " fcode="load"/>
<opset="x_load_1/5 "/>
</bind>
</comp>

<comp id="305" class="1004" name="x_7_load_1_load_fu_305">
<pin_list>
<pin id="306" dir="0" index="0" bw="32" slack="4"/>
<pin id="307" dir="1" index="1" bw="32" slack="0"/>
</pin_list>
<bind>
<opcode="load(27) " fcode="load"/>
<opset="x_7_load_1/5 "/>
</bind>
</comp>

<comp id="308" class="1004" name="x_8_load_1_load_fu_308">
<pin_list>
<pin id="309" dir="0" index="0" bw="32" slack="4"/>
<pin id="310" dir="1" index="1" bw="32" slack="0"/>
</pin_list>
<bind>
<opcode="load(27) " fcode="load"/>
<opset="x_8_load_1/5 "/>
</bind>
</comp>

<comp id="311" class="1004" name="x_9_load_1_load_fu_311">
<pin_list>
<pin id="312" dir="0" index="0" bw="32" slack="4"/>
<pin id="313" dir="1" index="1" bw="32" slack="0"/>
</pin_list>
<bind>
<opcode="load(27) " fcode="load"/>
<opset="x_9_load_1/5 "/>
</bind>
</comp>

<comp id="314" class="1004" name="x_10_load_1_load_fu_314">
<pin_list>
<pin id="315" dir="0" index="0" bw="32" slack="4"/>
<pin id="316" dir="1" index="1" bw="32" slack="0"/>
</pin_list>
<bind>
<opcode="load(27) " fcode="load"/>
<opset="x_10_load_1/5 "/>
</bind>
</comp>

<comp id="317" class="1004" name="x_11_load_1_load_fu_317">
<pin_list>
<pin id="318" dir="0" index="0" bw="32" slack="4"/>
<pin id="319" dir="1" index="1" bw="32" slack="0"/>
</pin_list>
<bind>
<opcode="load(27) " fcode="load"/>
<opset="x_11_load_1/5 "/>
</bind>
</comp>

<comp id="320" class="1004" name="tmp_59_fu_320">
<pin_list>
<pin id="321" dir="0" index="0" bw="32" slack="0"/>
<pin id="322" dir="0" index="1" bw="32" slack="0"/>
<pin id="323" dir="0" index="2" bw="32" slack="0"/>
<pin id="324" dir="0" index="3" bw="32" slack="0"/>
<pin id="325" dir="0" index="4" bw="32" slack="0"/>
<pin id="326" dir="0" index="5" bw="32" slack="0"/>
<pin id="327" dir="0" index="6" bw="32" slack="0"/>
<pin id="328" dir="0" index="7" bw="3" slack="4"/>
<pin id="329" dir="1" index="8" bw="32" slack="0"/>
</pin_list>
<bind>
<opcode="mux(1196) " fcode="mux"/>
<opset="tmp_59/5 "/>
</bind>
</comp>

<comp id="338" class="1004" name="store_ln102_store_fu_338">
<pin_list>
<pin id="339" dir="0" index="0" bw="32" slack="0"/>
<pin id="340" dir="0" index="1" bw="32" slack="7"/>
<pin id="341" dir="1" index="2" bw="0" slack="2147483647"/>
</pin_list>
<bind>
<opcode="store(28) " fcode="store"/>
<opset="store_ln102/8 "/>
</bind>
</comp>

<comp id="343" class="1004" name="store_ln102_store_fu_343">
<pin_list>
<pin id="344" dir="0" index="0" bw="32" slack="0"/>
<pin id="345" dir="0" index="1" bw="32" slack="7"/>
<pin id="346" dir="1" index="2" bw="0" slack="2147483647"/>
</pin_list>
<bind>
<opcode="store(28) " fcode="store"/>
<opset="store_ln102/8 "/>
</bind>
</comp>

<comp id="348" class="1004" name="store_ln102_store_fu_348">
<pin_list>
<pin id="349" dir="0" index="0" bw="32" slack="0"/>
<pin id="350" dir="0" index="1" bw="32" slack="7"/>
<pin id="351" dir="1" index="2" bw="0" slack="2147483647"/>
</pin_list>
<bind>
<opcode="store(28) " fcode="store"/>
<opset="store_ln102/8 "/>
</bind>
</comp>

<comp id="353" class="1004" name="store_ln102_store_fu_353">
<pin_list>
<pin id="354" dir="0" index="0" bw="32" slack="0"/>
<pin id="355" dir="0" index="1" bw="32" slack="7"/>
<pin id="356" dir="1" index="2" bw="0" slack="2147483647"/>
</pin_list>
<bind>
<opcode="store(28) " fcode="store"/>
<opset="store_ln102/8 "/>
</bind>
</comp>

<comp id="358" class="1004" name="store_ln102_store_fu_358">
<pin_list>
<pin id="359" dir="0" index="0" bw="32" slack="0"/>
<pin id="360" dir="0" index="1" bw="32" slack="7"/>
<pin id="361" dir="1" index="2" bw="0" slack="2147483647"/>
</pin_list>
<bind>
<opcode="store(28) " fcode="store"/>
<opset="store_ln102/8 "/>
</bind>
</comp>

<comp id="363" class="1004" name="store_ln102_store_fu_363">
<pin_list>
<pin id="364" dir="0" index="0" bw="32" slack="0"/>
<pin id="365" dir="0" index="1" bw="32" slack="7"/>
<pin id="366" dir="1" index="2" bw="0" slack="2147483647"/>
</pin_list>
<bind>
<opcode="store(28) " fcode="store"/>
<opset="store_ln102/8 "/>
</bind>
</comp>

<comp id="368" class="1004" name="x_load_load_fu_368">
<pin_list>
<pin id="369" dir="0" index="0" bw="32" slack="3"/>
<pin id="370" dir="1" index="1" bw="32" slack="0"/>
</pin_list>
<bind>
<opcode="load(27) " fcode="load"/>
<opset="x_load/4 "/>
</bind>
</comp>

<comp id="372" class="1004" name="x_7_load_load_fu_372">
<pin_list>
<pin id="373" dir="0" index="0" bw="32" slack="3"/>
<pin id="374" dir="1" index="1" bw="32" slack="0"/>
</pin_list>
<bind>
<opcode="load(27) " fcode="load"/>
<opset="x_7_load/4 "/>
</bind>
</comp>

<comp id="376" class="1004" name="x_8_load_load_fu_376">
<pin_list>
<pin id="377" dir="0" index="0" bw="32" slack="3"/>
<pin id="378" dir="1" index="1" bw="32" slack="0"/>
</pin_list>
<bind>
<opcode="load(27) " fcode="load"/>
<opset="x_8_load/4 "/>
</bind>
</comp>

<comp id="380" class="1004" name="x_9_load_load_fu_380">
<pin_list>
<pin id="381" dir="0" index="0" bw="32" slack="3"/>
<pin id="382" dir="1" index="1" bw="32" slack="0"/>
</pin_list>
<bind>
<opcode="load(27) " fcode="load"/>
<opset="x_9_load/4 "/>
</bind>
</comp>

<comp id="384" class="1004" name="x_10_load_load_fu_384">
<pin_list>
<pin id="385" dir="0" index="0" bw="32" slack="3"/>
<pin id="386" dir="1" index="1" bw="32" slack="0"/>
</pin_list>
<bind>
<opcode="load(27) " fcode="load"/>
<opset="x_10_load/4 "/>
</bind>
</comp>

<comp id="388" class="1004" name="x_11_load_load_fu_388">
<pin_list>
<pin id="389" dir="0" index="0" bw="32" slack="3"/>
<pin id="390" dir="1" index="1" bw="32" slack="0"/>
</pin_list>
<bind>
<opcode="load(27) " fcode="load"/>
<opset="x_11_load/4 "/>
</bind>
</comp>

<comp id="392" class="1005" name="i_reg_392">
<pin_list>
<pin id="393" dir="0" index="0" bw="3" slack="0"/>
<pin id="394" dir="1" index="1" bw="3" slack="0"/>
</pin_list>
<bind>
<opset="i "/>
</bind>
</comp>

<comp id="399" class="1005" name="x_reg_399">
<pin_list>
<pin id="400" dir="0" index="0" bw="32" slack="0"/>
<pin id="401" dir="1" index="1" bw="32" slack="0"/>
</pin_list>
<bind>
<opset="x "/>
</bind>
</comp>

<comp id="407" class="1005" name="x_7_reg_407">
<pin_list>
<pin id="408" dir="0" index="0" bw="32" slack="0"/>
<pin id="409" dir="1" index="1" bw="32" slack="0"/>
</pin_list>
<bind>
<opset="x_7 "/>
</bind>
</comp>

<comp id="415" class="1005" name="x_8_reg_415">
<pin_list>
<pin id="416" dir="0" index="0" bw="32" slack="0"/>
<pin id="417" dir="1" index="1" bw="32" slack="0"/>
</pin_list>
<bind>
<opset="x_8 "/>
</bind>
</comp>

<comp id="423" class="1005" name="x_9_reg_423">
<pin_list>
<pin id="424" dir="0" index="0" bw="32" slack="0"/>
<pin id="425" dir="1" index="1" bw="32" slack="0"/>
</pin_list>
<bind>
<opset="x_9 "/>
</bind>
</comp>

<comp id="431" class="1005" name="x_10_reg_431">
<pin_list>
<pin id="432" dir="0" index="0" bw="32" slack="0"/>
<pin id="433" dir="1" index="1" bw="32" slack="0"/>
</pin_list>
<bind>
<opset="x_10 "/>
</bind>
</comp>

<comp id="439" class="1005" name="x_11_reg_439">
<pin_list>
<pin id="440" dir="0" index="0" bw="32" slack="0"/>
<pin id="441" dir="1" index="1" bw="32" slack="0"/>
</pin_list>
<bind>
<opset="x_11 "/>
</bind>
</comp>

<comp id="447" class="1005" name="local_load_3_read_reg_447">
<pin_list>
<pin id="448" dir="0" index="0" bw="32" slack="1"/>
<pin id="449" dir="1" index="1" bw="32" slack="1"/>
</pin_list>
<bind>
<opset="local_load_3_read "/>
</bind>
</comp>

<comp id="452" class="1005" name="i_14_reg_452">
<pin_list>
<pin id="453" dir="0" index="0" bw="3" slack="3"/>
<pin id="454" dir="1" index="1" bw="3" slack="3"/>
</pin_list>
<bind>
<opset="i_14 "/>
</bind>
</comp>

<comp id="458" class="1005" name="icmp_ln102_reg_458">
<pin_list>
<pin id="459" dir="0" index="0" bw="1" slack="1"/>
<pin id="460" dir="1" index="1" bw="1" slack="2147483647"/>
</pin_list>
<bind>
<opset="icmp_ln102 "/>
</bind>
</comp>

<comp id="462" class="1005" name="tmp_s_reg_462">
<pin_list>
<pin id="463" dir="0" index="0" bw="32" slack="1"/>
<pin id="464" dir="1" index="1" bw="32" slack="1"/>
</pin_list>
<bind>
<opset="tmp_s "/>
</bind>
</comp>

<comp id="467" class="1005" name="mul48_i_reg_467">
<pin_list>
<pin id="468" dir="0" index="0" bw="32" slack="1"/>
<pin id="469" dir="1" index="1" bw="32" slack="1"/>
</pin_list>
<bind>
<opset="mul48_i "/>
</bind>
</comp>

<comp id="472" class="1005" name="tmp_59_reg_472">
<pin_list>
<pin id="473" dir="0" index="0" bw="32" slack="1"/>
<pin id="474" dir="1" index="1" bw="32" slack="1"/>
</pin_list>
<bind>
<opset="tmp_59 "/>
</bind>
</comp>

</comp_list>

<net_list>
<net id="77"><net_src comp="38" pin="0"/><net_sink comp="74" pin=0"/></net>

<net id="81"><net_src comp="38" pin="0"/><net_sink comp="78" pin=0"/></net>

<net id="85"><net_src comp="38" pin="0"/><net_sink comp="82" pin=0"/></net>

<net id="89"><net_src comp="38" pin="0"/><net_sink comp="86" pin=0"/></net>

<net id="93"><net_src comp="38" pin="0"/><net_sink comp="90" pin=0"/></net>

<net id="97"><net_src comp="38" pin="0"/><net_sink comp="94" pin=0"/></net>

<net id="101"><net_src comp="38" pin="0"/><net_sink comp="98" pin=0"/></net>

<net id="106"><net_src comp="40" pin="0"/><net_sink comp="102" pin=0"/></net>

<net id="107"><net_src comp="24" pin="0"/><net_sink comp="102" pin=1"/></net>

<net id="112"><net_src comp="40" pin="0"/><net_sink comp="108" pin=0"/></net>

<net id="113"><net_src comp="22" pin="0"/><net_sink comp="108" pin=1"/></net>

<net id="118"><net_src comp="40" pin="0"/><net_sink comp="114" pin=0"/></net>

<net id="119"><net_src comp="20" pin="0"/><net_sink comp="114" pin=1"/></net>

<net id="124"><net_src comp="40" pin="0"/><net_sink comp="120" pin=0"/></net>

<net id="125"><net_src comp="18" pin="0"/><net_sink comp="120" pin=1"/></net>

<net id="130"><net_src comp="40" pin="0"/><net_sink comp="126" pin=0"/></net>

<net id="131"><net_src comp="16" pin="0"/><net_sink comp="126" pin=1"/></net>

<net id="136"><net_src comp="40" pin="0"/><net_sink comp="132" pin=0"/></net>

<net id="137"><net_src comp="14" pin="0"/><net_sink comp="132" pin=1"/></net>

<net id="142"><net_src comp="40" pin="0"/><net_sink comp="138" pin=0"/></net>

<net id="143"><net_src comp="12" pin="0"/><net_sink comp="138" pin=1"/></net>

<net id="148"><net_src comp="40" pin="0"/><net_sink comp="144" pin=0"/></net>

<net id="149"><net_src comp="10" pin="0"/><net_sink comp="144" pin=1"/></net>

<net id="154"><net_src comp="40" pin="0"/><net_sink comp="150" pin=0"/></net>

<net id="155"><net_src comp="8" pin="0"/><net_sink comp="150" pin=1"/></net>

<net id="160"><net_src comp="40" pin="0"/><net_sink comp="156" pin=0"/></net>

<net id="161"><net_src comp="6" pin="0"/><net_sink comp="156" pin=1"/></net>

<net id="166"><net_src comp="40" pin="0"/><net_sink comp="162" pin=0"/></net>

<net id="167"><net_src comp="4" pin="0"/><net_sink comp="162" pin=1"/></net>

<net id="172"><net_src comp="40" pin="0"/><net_sink comp="168" pin=0"/></net>

<net id="173"><net_src comp="2" pin="0"/><net_sink comp="168" pin=1"/></net>

<net id="178"><net_src comp="40" pin="0"/><net_sink comp="174" pin=0"/></net>

<net id="179"><net_src comp="0" pin="0"/><net_sink comp="174" pin=1"/></net>

<net id="185"><net_src comp="72" pin="0"/><net_sink comp="180" pin=0"/></net>

<net id="186"><net_src comp="26" pin="0"/><net_sink comp="180" pin=1"/></net>

<net id="192"><net_src comp="72" pin="0"/><net_sink comp="187" pin=0"/></net>

<net id="193"><net_src comp="28" pin="0"/><net_sink comp="187" pin=1"/></net>

<net id="199"><net_src comp="72" pin="0"/><net_sink comp="194" pin=0"/></net>

<net id="200"><net_src comp="30" pin="0"/><net_sink comp="194" pin=1"/></net>

<net id="206"><net_src comp="72" pin="0"/><net_sink comp="201" pin=0"/></net>

<net id="207"><net_src comp="32" pin="0"/><net_sink comp="201" pin=1"/></net>

<net id="213"><net_src comp="72" pin="0"/><net_sink comp="208" pin=0"/></net>

<net id="214"><net_src comp="34" pin="0"/><net_sink comp="208" pin=1"/></net>

<net id="220"><net_src comp="72" pin="0"/><net_sink comp="215" pin=0"/></net>

<net id="221"><net_src comp="36" pin="0"/><net_sink comp="215" pin=1"/></net>

<net id="234"><net_src comp="174" pin="2"/><net_sink comp="230" pin=0"/></net>

<net id="239"><net_src comp="168" pin="2"/><net_sink comp="235" pin=0"/></net>

<net id="244"><net_src comp="162" pin="2"/><net_sink comp="240" pin=0"/></net>

<net id="249"><net_src comp="156" pin="2"/><net_sink comp="245" pin=0"/></net>

<net id="254"><net_src comp="150" pin="2"/><net_sink comp="250" pin=0"/></net>

<net id="259"><net_src comp="144" pin="2"/><net_sink comp="255" pin=0"/></net>

<net id="264"><net_src comp="42" pin="0"/><net_sink comp="260" pin=0"/></net>

<net id="272"><net_src comp="265" pin="1"/><net_sink comp="268" pin=0"/></net>

<net id="273"><net_src comp="44" pin="0"/><net_sink comp="268" pin=1"/></net>

<net id="284"><net_src comp="46" pin="0"/><net_sink comp="274" pin=0"/></net>

<net id="285"><net_src comp="138" pin="2"/><net_sink comp="274" pin=1"/></net>

<net id="286"><net_src comp="132" pin="2"/><net_sink comp="274" pin=2"/></net>

<net id="287"><net_src comp="126" pin="2"/><net_sink comp="274" pin=3"/></net>

<net id="288"><net_src comp="120" pin="2"/><net_sink comp="274" pin=4"/></net>

<net id="289"><net_src comp="114" pin="2"/><net_sink comp="274" pin=5"/></net>

<net id="290"><net_src comp="108" pin="2"/><net_sink comp="274" pin=6"/></net>

<net id="291"><net_src comp="265" pin="1"/><net_sink comp="274" pin=7"/></net>

<net id="296"><net_src comp="48" pin="0"/><net_sink comp="292" pin=1"/></net>

<net id="301"><net_src comp="292" pin="2"/><net_sink comp="297" pin=0"/></net>

<net id="330"><net_src comp="46" pin="0"/><net_sink comp="320" pin=0"/></net>

<net id="331"><net_src comp="302" pin="1"/><net_sink comp="320" pin=1"/></net>

<net id="332"><net_src comp="305" pin="1"/><net_sink comp="320" pin=2"/></net>

<net id="333"><net_src comp="308" pin="1"/><net_sink comp="320" pin=3"/></net>

<net id="334"><net_src comp="311" pin="1"/><net_sink comp="320" pin=4"/></net>

<net id="335"><net_src comp="314" pin="1"/><net_sink comp="320" pin=5"/></net>

<net id="336"><net_src comp="317" pin="1"/><net_sink comp="320" pin=6"/></net>

<net id="337"><net_src comp="320" pin="8"/><net_sink comp="222" pin=0"/></net>

<net id="342"><net_src comp="222" pin="2"/><net_sink comp="338" pin=0"/></net>

<net id="347"><net_src comp="222" pin="2"/><net_sink comp="343" pin=0"/></net>

<net id="352"><net_src comp="222" pin="2"/><net_sink comp="348" pin=0"/></net>

<net id="357"><net_src comp="222" pin="2"/><net_sink comp="353" pin=0"/></net>

<net id="362"><net_src comp="222" pin="2"/><net_sink comp="358" pin=0"/></net>

<net id="367"><net_src comp="222" pin="2"/><net_sink comp="363" pin=0"/></net>

<net id="371"><net_src comp="368" pin="1"/><net_sink comp="215" pin=2"/></net>

<net id="375"><net_src comp="372" pin="1"/><net_sink comp="208" pin=2"/></net>

<net id="379"><net_src comp="376" pin="1"/><net_sink comp="201" pin=2"/></net>

<net id="383"><net_src comp="380" pin="1"/><net_sink comp="194" pin=2"/></net>

<net id="387"><net_src comp="384" pin="1"/><net_sink comp="187" pin=2"/></net>

<net id="391"><net_src comp="388" pin="1"/><net_sink comp="180" pin=2"/></net>

<net id="395"><net_src comp="74" pin="1"/><net_sink comp="392" pin=0"/></net>

<net id="396"><net_src comp="392" pin="1"/><net_sink comp="260" pin=1"/></net>

<net id="397"><net_src comp="392" pin="1"/><net_sink comp="265" pin=0"/></net>

<net id="398"><net_src comp="392" pin="1"/><net_sink comp="297" pin=1"/></net>

<net id="402"><net_src comp="78" pin="1"/><net_sink comp="399" pin=0"/></net>

<net id="403"><net_src comp="399" pin="1"/><net_sink comp="255" pin=1"/></net>

<net id="404"><net_src comp="399" pin="1"/><net_sink comp="302" pin=0"/></net>

<net id="405"><net_src comp="399" pin="1"/><net_sink comp="358" pin=1"/></net>

<net id="406"><net_src comp="399" pin="1"/><net_sink comp="368" pin=0"/></net>

<net id="410"><net_src comp="82" pin="1"/><net_sink comp="407" pin=0"/></net>

<net id="411"><net_src comp="407" pin="1"/><net_sink comp="250" pin=1"/></net>

<net id="412"><net_src comp="407" pin="1"/><net_sink comp="305" pin=0"/></net>

<net id="413"><net_src comp="407" pin="1"/><net_sink comp="353" pin=1"/></net>

<net id="414"><net_src comp="407" pin="1"/><net_sink comp="372" pin=0"/></net>

<net id="418"><net_src comp="86" pin="1"/><net_sink comp="415" pin=0"/></net>

<net id="419"><net_src comp="415" pin="1"/><net_sink comp="245" pin=1"/></net>

<net id="420"><net_src comp="415" pin="1"/><net_sink comp="308" pin=0"/></net>

<net id="421"><net_src comp="415" pin="1"/><net_sink comp="348" pin=1"/></net>

<net id="422"><net_src comp="415" pin="1"/><net_sink comp="376" pin=0"/></net>

<net id="426"><net_src comp="90" pin="1"/><net_sink comp="423" pin=0"/></net>

<net id="427"><net_src comp="423" pin="1"/><net_sink comp="240" pin=1"/></net>

<net id="428"><net_src comp="423" pin="1"/><net_sink comp="311" pin=0"/></net>

<net id="429"><net_src comp="423" pin="1"/><net_sink comp="343" pin=1"/></net>

<net id="430"><net_src comp="423" pin="1"/><net_sink comp="380" pin=0"/></net>

<net id="434"><net_src comp="94" pin="1"/><net_sink comp="431" pin=0"/></net>

<net id="435"><net_src comp="431" pin="1"/><net_sink comp="235" pin=1"/></net>

<net id="436"><net_src comp="431" pin="1"/><net_sink comp="314" pin=0"/></net>

<net id="437"><net_src comp="431" pin="1"/><net_sink comp="338" pin=1"/></net>

<net id="438"><net_src comp="431" pin="1"/><net_sink comp="384" pin=0"/></net>

<net id="442"><net_src comp="98" pin="1"/><net_sink comp="439" pin=0"/></net>

<net id="443"><net_src comp="439" pin="1"/><net_sink comp="230" pin=1"/></net>

<net id="444"><net_src comp="439" pin="1"/><net_sink comp="317" pin=0"/></net>

<net id="445"><net_src comp="439" pin="1"/><net_sink comp="363" pin=1"/></net>

<net id="446"><net_src comp="439" pin="1"/><net_sink comp="388" pin=0"/></net>

<net id="450"><net_src comp="102" pin="2"/><net_sink comp="447" pin=0"/></net>

<net id="451"><net_src comp="447" pin="1"/><net_sink comp="226" pin=1"/></net>

<net id="455"><net_src comp="265" pin="1"/><net_sink comp="452" pin=0"/></net>

<net id="456"><net_src comp="452" pin="1"/><net_sink comp="292" pin=0"/></net>

<net id="457"><net_src comp="452" pin="1"/><net_sink comp="320" pin=7"/></net>

<net id="461"><net_src comp="268" pin="2"/><net_sink comp="458" pin=0"/></net>

<net id="465"><net_src comp="274" pin="8"/><net_sink comp="462" pin=0"/></net>

<net id="466"><net_src comp="462" pin="1"/><net_sink comp="226" pin=0"/></net>

<net id="470"><net_src comp="226" pin="2"/><net_sink comp="467" pin=0"/></net>

<net id="471"><net_src comp="467" pin="1"/><net_sink comp="222" pin=1"/></net>

<net id="475"><net_src comp="320" pin="8"/><net_sink comp="472" pin=0"/></net>

<net id="476"><net_src comp="472" pin="1"/><net_sink comp="222" pin=0"/></net>

</net_list>

</model> 
---------------- Datapath Model END ------------------

* FSMD analyzer results:
  - Output states:
	Port: x_37_out | {4 }
	Port: x_36_out | {4 }
	Port: x_35_out | {4 }
	Port: x_34_out | {4 }
	Port: x_33_out | {4 }
	Port: x_32_out | {4 }
 - Input state : 
	Port: ekf_batch_Pipeline_VITIS_LOOP_102_5 : x_26 | {1 }
	Port: ekf_batch_Pipeline_VITIS_LOOP_102_5 : x_27 | {1 }
	Port: ekf_batch_Pipeline_VITIS_LOOP_102_5 : x_28 | {1 }
	Port: ekf_batch_Pipeline_VITIS_LOOP_102_5 : x_29 | {1 }
	Port: ekf_batch_Pipeline_VITIS_LOOP_102_5 : x_30 | {1 }
	Port: ekf_batch_Pipeline_VITIS_LOOP_102_5 : x_31 | {1 }
	Port: ekf_batch_Pipeline_VITIS_LOOP_102_5 : K_reload | {1 }
	Port: ekf_batch_Pipeline_VITIS_LOOP_102_5 : K_1_reload | {1 }
	Port: ekf_batch_Pipeline_VITIS_LOOP_102_5 : K_2_reload | {1 }
	Port: ekf_batch_Pipeline_VITIS_LOOP_102_5 : K_3_reload | {1 }
	Port: ekf_batch_Pipeline_VITIS_LOOP_102_5 : K_4_reload | {1 }
	Port: ekf_batch_Pipeline_VITIS_LOOP_102_5 : K_5_reload | {1 }
	Port: ekf_batch_Pipeline_VITIS_LOOP_102_5 : local_load_3 | {1 }
  - Chain level:
	State 1
		store_ln0 : 1
		i_14 : 1
		icmp_ln102 : 2
		br_ln102 : 3
		tmp_s : 2
		switch_ln102 : 2
	State 2
	State 3
	State 4
		store_ln102 : 1
		write_ln0 : 1
		write_ln0 : 1
		write_ln0 : 1
		write_ln0 : 1
		write_ln0 : 1
		write_ln0 : 1
	State 5
		tmp_59 : 1
		x_12 : 2
	State 6
	State 7
	State 8
		store_ln102 : 1
		store_ln102 : 1
		store_ln102 : 1
		store_ln102 : 1
		store_ln102 : 1
		store_ln102 : 1


============================================================
+ Verbose Summary: Datapath Resource usage 
============================================================

* Functional unit list:
|----------|-------------------------------|---------|---------|---------|
| Operation|        Functional Unit        |   DSP   |    FF   |   LUT   |
|----------|-------------------------------|---------|---------|---------|
|   fadd   |           grp_fu_222          |    2    |   227   |   214   |
|----------|-------------------------------|---------|---------|---------|
|   fmul   |           grp_fu_226          |    3    |   128   |   135   |
|----------|-------------------------------|---------|---------|---------|
|    mux   |          tmp_s_fu_274         |    0    |    0    |    31   |
|          |         tmp_59_fu_320         |    0    |    0    |    31   |
|----------|-------------------------------|---------|---------|---------|
|   icmp   |       icmp_ln102_fu_268       |    0    |    0    |    10   |
|----------|-------------------------------|---------|---------|---------|
|    add   |        add_ln102_fu_292       |    0    |    0    |    10   |
|----------|-------------------------------|---------|---------|---------|
|          | local_load_3_read_read_fu_102 |    0    |    0    |    0    |
|          |  K_5_reload_read_read_fu_108  |    0    |    0    |    0    |
|          |  K_4_reload_read_read_fu_114  |    0    |    0    |    0    |
|          |  K_3_reload_read_read_fu_120  |    0    |    0    |    0    |
|          |  K_2_reload_read_read_fu_126  |    0    |    0    |    0    |
|          |  K_1_reload_read_read_fu_132  |    0    |    0    |    0    |
|   read   |   K_reload_read_read_fu_138   |    0    |    0    |    0    |
|          |     x_31_read_read_fu_144     |    0    |    0    |    0    |
|          |     x_30_read_read_fu_150     |    0    |    0    |    0    |
|          |     x_29_read_read_fu_156     |    0    |    0    |    0    |
|          |     x_28_read_read_fu_162     |    0    |    0    |    0    |
|          |     x_27_read_read_fu_168     |    0    |    0    |    0    |
|          |     x_26_read_read_fu_174     |    0    |    0    |    0    |
|----------|-------------------------------|---------|---------|---------|
|          |     write_ln0_write_fu_180    |    0    |    0    |    0    |
|          |     write_ln0_write_fu_187    |    0    |    0    |    0    |
|   write  |     write_ln0_write_fu_194    |    0    |    0    |    0    |
|          |     write_ln0_write_fu_201    |    0    |    0    |    0    |
|          |     write_ln0_write_fu_208    |    0    |    0    |    0    |
|          |     write_ln0_write_fu_215    |    0    |    0    |    0    |
|----------|-------------------------------|---------|---------|---------|
|   Total  |                               |    5    |   355   |   431   |
|----------|-------------------------------|---------|---------|---------|

Memories:
N/A

* Register list:
+-------------------------+--------+
|                         |   FF   |
+-------------------------+--------+
|       i_14_reg_452      |    3   |
|        i_reg_392        |    3   |
|    icmp_ln102_reg_458   |    1   |
|local_load_3_read_reg_447|   32   |
|     mul48_i_reg_467     |   32   |
|      tmp_59_reg_472     |   32   |
|      tmp_s_reg_462      |   32   |
|       x_10_reg_431      |   32   |
|       x_11_reg_439      |   32   |
|       x_7_reg_407       |   32   |
|       x_8_reg_415       |   32   |
|       x_9_reg_423       |   32   |
|        x_reg_399        |   32   |
+-------------------------+--------+
|          Total          |   327  |
+-------------------------+--------+

* Multiplexer (MUX) list: 
|------------|------|------|------|--------||---------||---------|
|    Comp    |  Pin | Size |  BW  | S x BW ||  Delay  ||   LUT   |
|------------|------|------|------|--------||---------||---------|
| grp_fu_222 |  p0  |   2  |  32  |   64   ||    9    |
|------------|------|------|------|--------||---------||---------|
|    Total   |      |      |      |   64   ||  0.427  ||    9    |
|------------|------|------|------|--------||---------||---------|



* Summary:
+-----------+--------+--------+--------+--------+
|           |   DSP  |  Delay |   FF   |   LUT  |
+-----------+--------+--------+--------+--------+
|  Function |    5   |    -   |   355  |   431  |
|   Memory  |    -   |    -   |    -   |    -   |
|Multiplexer|    -   |    0   |    -   |    9   |
|  Register |    -   |    -   |   327  |    -   |
+-----------+--------+--------+--------+--------+
|   Total   |    5   |    0   |   682  |   440  |
+-----------+--------+--------+--------+--------+
