

================================================================
== Vitis HLS Report for 'ekf_batch_Pipeline_VITIS_LOOP_176_12'
================================================================
* Date:           Thu Sep  3 12:11:30 2026

* Version:        2023.1 (Build 3854077 on May  4 2023)
* Project:        EKF
* Solution:       solution1 (Vivado IP Flow Target)
* Product family: zynquplus
* Target device:  xczu9eg-ffvb1156-2-e


================================================================
== Performance Estimates
================================================================
+ Timing: 
    * Summary: 
    +--------+----------+----------+------------+
    |  Clock |  Target  | Estimated| Uncertainty|
    +--------+----------+----------+------------+
    |ap_clk  |  10.00 ns|  7.300 ns|     2.70 ns|
    +--------+----------+----------+------------+

+ Latency: 
    * Summary: 
    +---------+---------+----------+----------+-----+-----+---------+
    |  Latency (cycles) |  Latency (absolute) |  Interval | Pipeline|
    |   min   |   max   |    min   |    max   | min | max |   Type  |
    +---------+---------+----------+----------+-----+-----+---------+
    |      101|      101|  1.010 us|  1.010 us|  101|  101|       no|
    +---------+---------+----------+----------+-----+-----+---------+

    + Detail: 
        * Instance: 
        N/A

        * Loop: 
        +---------------------+---------+---------+----------+-----------+-----------+------+----------+
        |                     |  Latency (cycles) | Iteration|  Initiation Interval  | Trip |          |
        |      Loop Name      |   min   |   max   |  Latency |  achieved |   target  | Count| Pipelined|
        +---------------------+---------+---------+----------+-----------+-----------+------+----------+
        |- VITIS_LOOP_176_12  |       99|       99|         3|          1|          1|    98|       yes|
        +---------------------+---------+---------+----------+-----------+-----------+------+----------+

============================================================
+ Verbose Summary: Synthesis Manager
============================================================
InlineROM: 1
ExposeGlobal: 0
============================================================
+ Verbose Summary: CDFG Model
============================================================
IsTopModel: 0
ResetActiveHigh: 1
IsCombinational: 0
IsDatapathOnly: 0
HasWiredReturn: 1
HasMFsm: 2
HasVarLatency: 1
IsPipeline: 0
IsRtlPipelined: 0
IsInstanceOverlapped: 0
IsDontTouch: 0
HasImplIP: 0
IsGatedGlobalClock: 0

+ Individual pipeline summary: 
  * Pipeline-0: initiation interval (II) = 1, depth = 3


============================================================
+ Verbose Summary: Schedule
============================================================
* Number of FSM states : 3
* Pipeline : 1
  Pipeline-0 : II = 1, D = 3, States = { 1 2 3 }
* Dataflow Pipeline: 0

* FSM state transitions: 
1 --> 2 
2 --> 3 
3 --> 

* FSM state operations: 

State 1 <SV = 0> <Delay = 1.20>
ST_1 : Operation 6 [1/1] (0.00ns)   --->   "%i = alloca i32 1"   --->   Operation 6 'alloca' 'i' <Predicate = true> <Delay = 0.00>
ST_1 : Operation 7 [1/1] (0.00ns)   --->   "%sext_ln148_read = read i62 @_ssdm_op_Read.ap_auto.i62, i62 %sext_ln148"   --->   Operation 7 'read' 'sext_ln148_read' <Predicate = true> <Delay = 0.00>
ST_1 : Operation 8 [1/1] (0.00ns)   --->   "%sext_ln148_cast = sext i62 %sext_ln148_read"   --->   Operation 8 'sext' 'sext_ln148_cast' <Predicate = true> <Delay = 0.00>
ST_1 : Operation 9 [1/1] (0.00ns)   --->   "%specinterface_ln0 = specinterface void @_ssdm_op_SpecInterface, i32 %gmem0, void @empty_20, i32 0, i32 0, void @empty_30, i32 0, i32 9800, void @empty_31, void @empty_33, void @empty_30, i32 16, i32 16, i32 16, i32 16, void @empty_30, void @empty_30, i32 4294967295, i32 0"   --->   Operation 9 'specinterface' 'specinterface_ln0' <Predicate = true> <Delay = 0.00>
ST_1 : Operation 10 [1/1] (0.42ns)   --->   "%store_ln0 = store i7 0, i7 %i"   --->   Operation 10 'store' 'store_ln0' <Predicate = true> <Delay = 0.42>
ST_1 : Operation 11 [1/1] (0.00ns)   --->   "%br_ln0 = br void %for.inc136"   --->   Operation 11 'br' 'br_ln0' <Predicate = true> <Delay = 0.00>
ST_1 : Operation 12 [1/1] (0.00ns)   --->   "%i_7 = load i7 %i" [ekf_core.cpp:176]   --->   Operation 12 'load' 'i_7' <Predicate = true> <Delay = 0.00>
ST_1 : Operation 13 [1/1] (0.77ns)   --->   "%icmp_ln176 = icmp_eq  i7 %i_7, i7 98" [ekf_core.cpp:176]   --->   Operation 13 'icmp' 'icmp_ln176' <Predicate = true> <Delay = 0.77> <CoreInst = "Cmp">   --->   Core 9 'Cmp' <Latency = 0> <II = 1> <Delay = 0.77> <FuncUnit> <Opcode : 'icmp'> <InPorts = 2> <OutPorts = 1>
ST_1 : Operation 14 [1/1] (0.77ns)   --->   "%add_ln176 = add i7 %i_7, i7 1" [ekf_core.cpp:176]   --->   Operation 14 'add' 'add_ln176' <Predicate = true> <Delay = 0.77> <CoreInst = "Adder">   --->   Core 1 'Adder' <Latency = 0> <II = 1> <Delay = 0.77> <FuncUnit> <Opcode : 'add' 'sub'> <InPorts = 2> <OutPorts = 1>
ST_1 : Operation 15 [1/1] (0.00ns)   --->   "%br_ln176 = br i1 %icmp_ln176, void %for.inc136.split, void %cleanup.exitStub" [ekf_core.cpp:176]   --->   Operation 15 'br' 'br_ln176' <Predicate = true> <Delay = 0.00>
ST_1 : Operation 16 [1/1] (0.00ns)   --->   "%trunc_ln176 = trunc i7 %i_7" [ekf_core.cpp:176]   --->   Operation 16 'trunc' 'trunc_ln176' <Predicate = (!icmp_ln176)> <Delay = 0.00>
ST_1 : Operation 17 [1/1] (0.00ns)   --->   "%lshr_ln4 = partselect i4 @_ssdm_op_PartSelect.i4.i7.i32.i32, i7 %i_7, i32 3, i32 6" [ekf_core.cpp:176]   --->   Operation 17 'partselect' 'lshr_ln4' <Predicate = (!icmp_ln176)> <Delay = 0.00>
ST_1 : Operation 18 [1/1] (0.00ns)   --->   "%zext_ln176 = zext i4 %lshr_ln4" [ekf_core.cpp:176]   --->   Operation 18 'zext' 'zext_ln176' <Predicate = (!icmp_ln176)> <Delay = 0.00>
ST_1 : Operation 19 [1/1] (0.00ns)   --->   "%local_addr = getelementptr i32 %local, i64 0, i64 %zext_ln176" [ekf_core.cpp:178]   --->   Operation 19 'getelementptr' 'local_addr' <Predicate = (!icmp_ln176)> <Delay = 0.00>
ST_1 : Operation 20 [1/1] (0.00ns)   --->   "%local_1_addr = getelementptr i32 %local_1, i64 0, i64 %zext_ln176" [ekf_core.cpp:178]   --->   Operation 20 'getelementptr' 'local_1_addr' <Predicate = (!icmp_ln176)> <Delay = 0.00>
ST_1 : Operation 21 [1/1] (0.00ns)   --->   "%local_2_addr = getelementptr i32 %local_2, i64 0, i64 %zext_ln176" [ekf_core.cpp:178]   --->   Operation 21 'getelementptr' 'local_2_addr' <Predicate = (!icmp_ln176)> <Delay = 0.00>
ST_1 : Operation 22 [1/1] (0.00ns)   --->   "%local_3_addr = getelementptr i32 %local_3, i64 0, i64 %zext_ln176" [ekf_core.cpp:178]   --->   Operation 22 'getelementptr' 'local_3_addr' <Predicate = (!icmp_ln176)> <Delay = 0.00>
ST_1 : Operation 23 [1/1] (0.00ns)   --->   "%local_4_addr = getelementptr i32 %local_4, i64 0, i64 %zext_ln176" [ekf_core.cpp:178]   --->   Operation 23 'getelementptr' 'local_4_addr' <Predicate = (!icmp_ln176)> <Delay = 0.00>
ST_1 : Operation 24 [1/1] (0.00ns)   --->   "%local_5_addr = getelementptr i32 %local_5, i64 0, i64 %zext_ln176" [ekf_core.cpp:178]   --->   Operation 24 'getelementptr' 'local_5_addr' <Predicate = (!icmp_ln176)> <Delay = 0.00>
ST_1 : Operation 25 [1/1] (0.00ns)   --->   "%local_6_addr = getelementptr i32 %local_6, i64 0, i64 %zext_ln176" [ekf_core.cpp:178]   --->   Operation 25 'getelementptr' 'local_6_addr' <Predicate = (!icmp_ln176)> <Delay = 0.00>
ST_1 : Operation 26 [1/1] (0.00ns)   --->   "%local_7_addr = getelementptr i32 %local_7, i64 0, i64 %zext_ln176" [ekf_core.cpp:178]   --->   Operation 26 'getelementptr' 'local_7_addr' <Predicate = (!icmp_ln176)> <Delay = 0.00>
ST_1 : Operation 27 [2/2] (0.67ns)   --->   "%local_load = load i4 %local_addr" [ekf_core.cpp:178]   --->   Operation 27 'load' 'local_load' <Predicate = (!icmp_ln176)> <Delay = 0.67> <CoreInst = "RAM">   --->   Core 83 'RAM' <Latency = 1> <II = 1> <Delay = 0.67> <Storage> <Opcode : 'load' 'store'> <Ports = 2> <Width = 32> <Depth = 13> <RAM>
ST_1 : Operation 28 [2/2] (0.67ns)   --->   "%local_1_load = load i4 %local_1_addr" [ekf_core.cpp:178]   --->   Operation 28 'load' 'local_1_load' <Predicate = (!icmp_ln176)> <Delay = 0.67> <CoreInst = "RAM">   --->   Core 83 'RAM' <Latency = 1> <II = 1> <Delay = 0.67> <Storage> <Opcode : 'load' 'store'> <Ports = 2> <Width = 32> <Depth = 13> <RAM>
ST_1 : Operation 29 [2/2] (0.67ns)   --->   "%local_2_load = load i4 %local_2_addr" [ekf_core.cpp:178]   --->   Operation 29 'load' 'local_2_load' <Predicate = (!icmp_ln176)> <Delay = 0.67> <CoreInst = "RAM">   --->   Core 83 'RAM' <Latency = 1> <II = 1> <Delay = 0.67> <Storage> <Opcode : 'load' 'store'> <Ports = 2> <Width = 32> <Depth = 13> <RAM>
ST_1 : Operation 30 [2/2] (0.67ns)   --->   "%local_3_load = load i4 %local_3_addr" [ekf_core.cpp:178]   --->   Operation 30 'load' 'local_3_load' <Predicate = (!icmp_ln176)> <Delay = 0.67> <CoreInst = "RAM">   --->   Core 83 'RAM' <Latency = 1> <II = 1> <Delay = 0.67> <Storage> <Opcode : 'load' 'store'> <Ports = 2> <Width = 32> <Depth = 13> <RAM>
ST_1 : Operation 31 [2/2] (0.67ns)   --->   "%local_4_load = load i4 %local_4_addr" [ekf_core.cpp:178]   --->   Operation 31 'load' 'local_4_load' <Predicate = (!icmp_ln176)> <Delay = 0.67> <CoreInst = "RAM">   --->   Core 83 'RAM' <Latency = 1> <II = 1> <Delay = 0.67> <Storage> <Opcode : 'load' 'store'> <Ports = 2> <Width = 32> <Depth = 13> <RAM>
ST_1 : Operation 32 [2/2] (0.67ns)   --->   "%local_5_load = load i4 %local_5_addr" [ekf_core.cpp:178]   --->   Operation 32 'load' 'local_5_load' <Predicate = (!icmp_ln176)> <Delay = 0.67> <CoreInst = "RAM">   --->   Core 83 'RAM' <Latency = 1> <II = 1> <Delay = 0.67> <Storage> <Opcode : 'load' 'store'> <Ports = 2> <Width = 32> <Depth = 13> <RAM>
ST_1 : Operation 33 [2/2] (0.67ns)   --->   "%local_6_load = load i4 %local_6_addr" [ekf_core.cpp:178]   --->   Operation 33 'load' 'local_6_load' <Predicate = (!icmp_ln176)> <Delay = 0.67> <CoreInst = "RAM">   --->   Core 83 'RAM' <Latency = 1> <II = 1> <Delay = 0.67> <Storage> <Opcode : 'load' 'store'> <Ports = 2> <Width = 32> <Depth = 13> <RAM>
ST_1 : Operation 34 [2/2] (0.67ns)   --->   "%local_7_load = load i4 %local_7_addr" [ekf_core.cpp:178]   --->   Operation 34 'load' 'local_7_load' <Predicate = (!icmp_ln176)> <Delay = 0.67> <CoreInst = "RAM">   --->   Core 83 'RAM' <Latency = 1> <II = 1> <Delay = 0.67> <Storage> <Opcode : 'load' 'store'> <Ports = 2> <Width = 32> <Depth = 13> <RAM>
ST_1 : Operation 35 [1/1] (0.42ns)   --->   "%store_ln176 = store i7 %add_ln176, i7 %i" [ekf_core.cpp:176]   --->   Operation 35 'store' 'store_ln176' <Predicate = (!icmp_ln176)> <Delay = 0.42>

State 2 <SV = 1> <Delay = 1.39>
ST_2 : Operation 36 [1/1] (0.00ns)   --->   "%specbitsmap_ln0 = specbitsmap void @_ssdm_op_SpecBitsMap, i32 %gmem0"   --->   Operation 36 'specbitsmap' 'specbitsmap_ln0' <Predicate = true> <Delay = 0.00>
ST_2 : Operation 37 [1/1] (0.00ns)   --->   "%gmem0_addr = getelementptr i32 %gmem0, i64 %sext_ln148_cast" [ekf_core.cpp:148]   --->   Operation 37 'getelementptr' 'gmem0_addr' <Predicate = true> <Delay = 0.00>
ST_2 : Operation 38 [1/2] (0.67ns)   --->   "%local_load = load i4 %local_addr" [ekf_core.cpp:178]   --->   Operation 38 'load' 'local_load' <Predicate = (!icmp_ln176)> <Delay = 0.67> <CoreInst = "RAM">   --->   Core 83 'RAM' <Latency = 1> <II = 1> <Delay = 0.67> <Storage> <Opcode : 'load' 'store'> <Ports = 2> <Width = 32> <Depth = 13> <RAM>
ST_2 : Operation 39 [1/2] (0.67ns)   --->   "%local_1_load = load i4 %local_1_addr" [ekf_core.cpp:178]   --->   Operation 39 'load' 'local_1_load' <Predicate = (!icmp_ln176)> <Delay = 0.67> <CoreInst = "RAM">   --->   Core 83 'RAM' <Latency = 1> <II = 1> <Delay = 0.67> <Storage> <Opcode : 'load' 'store'> <Ports = 2> <Width = 32> <Depth = 13> <RAM>
ST_2 : Operation 40 [1/2] (0.67ns)   --->   "%local_2_load = load i4 %local_2_addr" [ekf_core.cpp:178]   --->   Operation 40 'load' 'local_2_load' <Predicate = (!icmp_ln176)> <Delay = 0.67> <CoreInst = "RAM">   --->   Core 83 'RAM' <Latency = 1> <II = 1> <Delay = 0.67> <Storage> <Opcode : 'load' 'store'> <Ports = 2> <Width = 32> <Depth = 13> <RAM>
ST_2 : Operation 41 [1/2] (0.67ns)   --->   "%local_3_load = load i4 %local_3_addr" [ekf_core.cpp:178]   --->   Operation 41 'load' 'local_3_load' <Predicate = (!icmp_ln176)> <Delay = 0.67> <CoreInst = "RAM">   --->   Core 83 'RAM' <Latency = 1> <II = 1> <Delay = 0.67> <Storage> <Opcode : 'load' 'store'> <Ports = 2> <Width = 32> <Depth = 13> <RAM>
ST_2 : Operation 42 [1/2] (0.67ns)   --->   "%local_4_load = load i4 %local_4_addr" [ekf_core.cpp:178]   --->   Operation 42 'load' 'local_4_load' <Predicate = (!icmp_ln176)> <Delay = 0.67> <CoreInst = "RAM">   --->   Core 83 'RAM' <Latency = 1> <II = 1> <Delay = 0.67> <Storage> <Opcode : 'load' 'store'> <Ports = 2> <Width = 32> <Depth = 13> <RAM>
ST_2 : Operation 43 [1/2] (0.67ns)   --->   "%local_5_load = load i4 %local_5_addr" [ekf_core.cpp:178]   --->   Operation 43 'load' 'local_5_load' <Predicate = (!icmp_ln176)> <Delay = 0.67> <CoreInst = "RAM">   --->   Core 83 'RAM' <Latency = 1> <II = 1> <Delay = 0.67> <Storage> <Opcode : 'load' 'store'> <Ports = 2> <Width = 32> <Depth = 13> <RAM>
ST_2 : Operation 44 [1/2] (0.67ns)   --->   "%local_6_load = load i4 %local_6_addr" [ekf_core.cpp:178]   --->   Operation 44 'load' 'local_6_load' <Predicate = (!icmp_ln176)> <Delay = 0.67> <CoreInst = "RAM">   --->   Core 83 'RAM' <Latency = 1> <II = 1> <Delay = 0.67> <Storage> <Opcode : 'load' 'store'> <Ports = 2> <Width = 32> <Depth = 13> <RAM>
ST_2 : Operation 45 [1/2] (0.67ns)   --->   "%local_7_load = load i4 %local_7_addr" [ekf_core.cpp:178]   --->   Operation 45 'load' 'local_7_load' <Predicate = (!icmp_ln176)> <Delay = 0.67> <CoreInst = "RAM">   --->   Core 83 'RAM' <Latency = 1> <II = 1> <Delay = 0.67> <Storage> <Opcode : 'load' 'store'> <Ports = 2> <Width = 32> <Depth = 13> <RAM>
ST_2 : Operation 46 [1/1] (0.72ns)   --->   "%tmp_s = mux i32 @_ssdm_op_Mux.ap_auto.8float.i3, i32 %local_load, i32 %local_1_load, i32 %local_2_load, i32 %local_3_load, i32 %local_4_load, i32 %local_5_load, i32 %local_6_load, i32 %local_7_load, i3 %trunc_ln176" [ekf_core.cpp:178]   --->   Operation 46 'mux' 'tmp_s' <Predicate = (!icmp_ln176)> <Delay = 0.72> <CoreInst = "Multiplexer">   --->   Core 76 'Multiplexer' <Latency = 0> <II = 1> <Delay = 0.72> <FuncUnit> <Opcode : 'mux'> <InPorts = 2> <OutPorts = 1>
ST_2 : Operation 53 [1/1] (0.00ns)   --->   "%ret_ln0 = ret"   --->   Operation 53 'ret' 'ret_ln0' <Predicate = (icmp_ln176)> <Delay = 0.00>

State 3 <SV = 2> <Delay = 7.30>
ST_3 : Operation 47 [1/1] (0.00ns)   --->   "%specpipeline_ln177 = specpipeline void @_ssdm_op_SpecPipeline, i32 1, i32 0, i32 0, i32 0, void @empty_30" [ekf_core.cpp:177]   --->   Operation 47 'specpipeline' 'specpipeline_ln177' <Predicate = true> <Delay = 0.00>
ST_3 : Operation 48 [1/1] (0.00ns)   --->   "%speclooptripcount_ln176 = speclooptripcount void @_ssdm_op_SpecLoopTripCount, i64 98, i64 98, i64 98" [ekf_core.cpp:176]   --->   Operation 48 'speclooptripcount' 'speclooptripcount_ln176' <Predicate = true> <Delay = 0.00>
ST_3 : Operation 49 [1/1] (0.00ns)   --->   "%specloopname_ln176 = specloopname void @_ssdm_op_SpecLoopName, void @empty_28" [ekf_core.cpp:176]   --->   Operation 49 'specloopname' 'specloopname_ln176' <Predicate = true> <Delay = 0.00>
ST_3 : Operation 50 [1/1] (0.00ns)   --->   "%bitcast_ln178 = bitcast i32 %tmp_s" [ekf_core.cpp:178]   --->   Operation 50 'bitcast' 'bitcast_ln178' <Predicate = true> <Delay = 0.00>
ST_3 : Operation 51 [1/1] (7.30ns)   --->   "%write_ln178 = write void @_ssdm_op_Write.m_axi.p1i32, i32 %gmem0_addr, i32 %bitcast_ln178, i4 15" [ekf_core.cpp:178]   --->   Operation 51 'write' 'write_ln178' <Predicate = true> <Delay = 7.30> <CoreInst = "m_axi">   --->   Core 121 'm_axi' <Latency = 0> <II = 1> <Delay = 1.00> <Adapter> <Opcode : 'read' 'write' 'readreq' 'writereq' 'writeresp'>
ST_3 : Operation 52 [1/1] (0.00ns)   --->   "%br_ln176 = br void %for.inc136" [ekf_core.cpp:176]   --->   Operation 52 'br' 'br_ln176' <Predicate = true> <Delay = 0.00>


============================================================
+ Verbose Summary: Timing violations
============================================================
Target clock period: 10.000ns, clock uncertainty: 2.700ns.

 <State 1>: 1.200ns
The critical path consists of the following:
	'alloca' operation ('i') [11]  (0.000 ns)
	'load' operation ('i', ekf_core.cpp:176) on local variable 'i' [18]  (0.000 ns)
	'add' operation ('add_ln176', ekf_core.cpp:176) [22]  (0.773 ns)
	'store' operation ('store_ln176', ekf_core.cpp:176) of variable 'add_ln176', ekf_core.cpp:176 on local variable 'i' [50]  (0.427 ns)

 <State 2>: 1.398ns
The critical path consists of the following:
	'load' operation ('local_load', ekf_core.cpp:178) on array 'local' [39]  (0.677 ns)
	'mux' operation ('tmp_s', ekf_core.cpp:178) [47]  (0.721 ns)

 <State 3>: 7.300ns
The critical path consists of the following:
	bus write operation ('write_ln178', ekf_core.cpp:178) on port 'gmem0' (ekf_core.cpp:178) [49]  (7.300 ns)


============================================================
+ Verbose Summary: Binding
============================================================
N/A
* FSMD analyzer results:
  - Output states:
 - Input state : 
  - Chain level:
	State 1
	State 2
	State 3


============================================================
+ Verbose Summary: Datapath Resource usage 
============================================================
N/A
