

================================================================
== Vitis HLS Report for 'ekf_batch_Pipeline_VITIS_LOOP_41_1_VITIS_LOOP_42_2'
================================================================
* Date:           Thu Sep  3 12:11:16 2026

* Version:        2023.1 (Build 3854077 on May  4 2023)
* Project:        EKF
* Solution:       solution1 (Vivado IP Flow Target)
* Product family: zynquplus
* Target device:  xczu9eg-ffvb1156-2-e


================================================================
== Performance Estimates
================================================================
+ Timing: 
    * Summary: 
    +--------+----------+----------+------------+
    |  Clock |  Target  | Estimated| Uncertainty|
    +--------+----------+----------+------------+
    |ap_clk  |  10.00 ns|  2.002 ns|     2.70 ns|
    +--------+----------+----------+------------+

+ Latency: 
    * Summary: 
    +---------+---------+----------+----------+-----+-----+---------+
    |  Latency (cycles) |  Latency (absolute) |  Interval | Pipeline|
    |   min   |   max   |    min   |    max   | min | max |   Type  |
    +---------+---------+----------+----------+-----+-----+---------+
    |       38|       38|  0.380 us|  0.380 us|   38|   38|       no|
    +---------+---------+----------+----------+-----+-----+---------+

    + Detail: 
        * Instance: 
        N/A

        * Loop: 
        +-----------------------------------+---------+---------+----------+-----------+-----------+------+----------+
        |                                   |  Latency (cycles) | Iteration|  Initiation Interval  | Trip |          |
        |             Loop Name             |   min   |   max   |  Latency |  achieved |   target  | Count| Pipelined|
        +-----------------------------------+---------+---------+----------+-----------+-----------+------+----------+
        |- VITIS_LOOP_41_1_VITIS_LOOP_42_2  |       36|       36|         1|          1|          1|    36|       yes|
        +-----------------------------------+---------+---------+----------+-----------+-----------+------+----------+

============================================================
+ Verbose Summary: Synthesis Manager
============================================================
InlineROM: 1
ExposeGlobal: 0
============================================================
+ Verbose Summary: CDFG Model
============================================================
IsTopModel: 0
ResetActiveHigh: 1
IsCombinational: 0
IsDatapathOnly: 0
HasWiredReturn: 1
HasMFsm: 2
HasVarLatency: 1
IsPipeline: 0
IsRtlPipelined: 0
IsInstanceOverlapped: 0
IsDontTouch: 0
HasImplIP: 0
IsGatedGlobalClock: 0

+ Individual pipeline summary: 
  * Pipeline-0: initiation interval (II) = 1, depth = 1


============================================================
+ Verbose Summary: Schedule
============================================================
* Number of FSM states : 1
* Pipeline : 1
  Pipeline-0 : II = 1, D = 1, States = { 1 }
* Dataflow Pipeline: 0

* FSM state transitions: 
1 --> 

* FSM state operations: 

State 1 <SV = 0> <Delay = 2.00>
ST_1 : Operation 4 [1/1] (0.00ns)   --->   "%j = alloca i32 1"   --->   Operation 4 'alloca' 'j' <Predicate = true> <Delay = 0.00>
ST_1 : Operation 5 [1/1] (0.00ns)   --->   "%i_3 = alloca i32 1"   --->   Operation 5 'alloca' 'i_3' <Predicate = true> <Delay = 0.00>
ST_1 : Operation 6 [1/1] (0.00ns)   --->   "%indvar_flatten6 = alloca i32 1"   --->   Operation 6 'alloca' 'indvar_flatten6' <Predicate = true> <Delay = 0.00>
ST_1 : Operation 7 [1/1] (0.00ns)   --->   "%F = alloca i32 1"   --->   Operation 7 'alloca' 'F' <Predicate = true> <Delay = 0.00>
ST_1 : Operation 8 [1/1] (0.00ns)   --->   "%F_1 = alloca i32 1"   --->   Operation 8 'alloca' 'F_1' <Predicate = true> <Delay = 0.00>
ST_1 : Operation 9 [1/1] (0.00ns)   --->   "%F_2 = alloca i32 1"   --->   Operation 9 'alloca' 'F_2' <Predicate = true> <Delay = 0.00>
ST_1 : Operation 10 [1/1] (0.00ns)   --->   "%F_3 = alloca i32 1"   --->   Operation 10 'alloca' 'F_3' <Predicate = true> <Delay = 0.00>
ST_1 : Operation 11 [1/1] (0.00ns)   --->   "%F_4 = alloca i32 1"   --->   Operation 11 'alloca' 'F_4' <Predicate = true> <Delay = 0.00>
ST_1 : Operation 12 [1/1] (0.00ns)   --->   "%F_5 = alloca i32 1"   --->   Operation 12 'alloca' 'F_5' <Predicate = true> <Delay = 0.00>
ST_1 : Operation 13 [1/1] (0.00ns)   --->   "%F_6 = alloca i32 1"   --->   Operation 13 'alloca' 'F_6' <Predicate = true> <Delay = 0.00>
ST_1 : Operation 14 [1/1] (0.00ns)   --->   "%F_7 = alloca i32 1"   --->   Operation 14 'alloca' 'F_7' <Predicate = true> <Delay = 0.00>
ST_1 : Operation 15 [1/1] (0.00ns)   --->   "%F_8 = alloca i32 1"   --->   Operation 15 'alloca' 'F_8' <Predicate = true> <Delay = 0.00>
ST_1 : Operation 16 [1/1] (0.00ns)   --->   "%F_9 = alloca i32 1"   --->   Operation 16 'alloca' 'F_9' <Predicate = true> <Delay = 0.00>
ST_1 : Operation 17 [1/1] (0.00ns)   --->   "%F_10 = alloca i32 1"   --->   Operation 17 'alloca' 'F_10' <Predicate = true> <Delay = 0.00>
ST_1 : Operation 18 [1/1] (0.00ns)   --->   "%F_11 = alloca i32 1"   --->   Operation 18 'alloca' 'F_11' <Predicate = true> <Delay = 0.00>
ST_1 : Operation 19 [1/1] (0.00ns)   --->   "%F_12 = alloca i32 1"   --->   Operation 19 'alloca' 'F_12' <Predicate = true> <Delay = 0.00>
ST_1 : Operation 20 [1/1] (0.00ns)   --->   "%F_13 = alloca i32 1"   --->   Operation 20 'alloca' 'F_13' <Predicate = true> <Delay = 0.00>
ST_1 : Operation 21 [1/1] (0.00ns)   --->   "%F_14 = alloca i32 1"   --->   Operation 21 'alloca' 'F_14' <Predicate = true> <Delay = 0.00>
ST_1 : Operation 22 [1/1] (0.00ns)   --->   "%F_15 = alloca i32 1"   --->   Operation 22 'alloca' 'F_15' <Predicate = true> <Delay = 0.00>
ST_1 : Operation 23 [1/1] (0.00ns)   --->   "%F_16 = alloca i32 1"   --->   Operation 23 'alloca' 'F_16' <Predicate = true> <Delay = 0.00>
ST_1 : Operation 24 [1/1] (0.00ns)   --->   "%F_17 = alloca i32 1"   --->   Operation 24 'alloca' 'F_17' <Predicate = true> <Delay = 0.00>
ST_1 : Operation 25 [1/1] (0.00ns)   --->   "%F_18 = alloca i32 1"   --->   Operation 25 'alloca' 'F_18' <Predicate = true> <Delay = 0.00>
ST_1 : Operation 26 [1/1] (0.00ns)   --->   "%F_19 = alloca i32 1"   --->   Operation 26 'alloca' 'F_19' <Predicate = true> <Delay = 0.00>
ST_1 : Operation 27 [1/1] (0.00ns)   --->   "%F_20 = alloca i32 1"   --->   Operation 27 'alloca' 'F_20' <Predicate = true> <Delay = 0.00>
ST_1 : Operation 28 [1/1] (0.00ns)   --->   "%F_21 = alloca i32 1"   --->   Operation 28 'alloca' 'F_21' <Predicate = true> <Delay = 0.00>
ST_1 : Operation 29 [1/1] (0.00ns)   --->   "%F_22 = alloca i32 1"   --->   Operation 29 'alloca' 'F_22' <Predicate = true> <Delay = 0.00>
ST_1 : Operation 30 [1/1] (0.00ns)   --->   "%F_23 = alloca i32 1"   --->   Operation 30 'alloca' 'F_23' <Predicate = true> <Delay = 0.00>
ST_1 : Operation 31 [1/1] (0.00ns)   --->   "%F_24 = alloca i32 1"   --->   Operation 31 'alloca' 'F_24' <Predicate = true> <Delay = 0.00>
ST_1 : Operation 32 [1/1] (0.00ns)   --->   "%F_25 = alloca i32 1"   --->   Operation 32 'alloca' 'F_25' <Predicate = true> <Delay = 0.00>
ST_1 : Operation 33 [1/1] (0.00ns)   --->   "%F_26 = alloca i32 1"   --->   Operation 33 'alloca' 'F_26' <Predicate = true> <Delay = 0.00>
ST_1 : Operation 34 [1/1] (0.00ns)   --->   "%F_27 = alloca i32 1"   --->   Operation 34 'alloca' 'F_27' <Predicate = true> <Delay = 0.00>
ST_1 : Operation 35 [1/1] (0.00ns)   --->   "%F_28 = alloca i32 1"   --->   Operation 35 'alloca' 'F_28' <Predicate = true> <Delay = 0.00>
ST_1 : Operation 36 [1/1] (0.00ns)   --->   "%F_29 = alloca i32 1"   --->   Operation 36 'alloca' 'F_29' <Predicate = true> <Delay = 0.00>
ST_1 : Operation 37 [1/1] (0.00ns)   --->   "%F_30 = alloca i32 1"   --->   Operation 37 'alloca' 'F_30' <Predicate = true> <Delay = 0.00>
ST_1 : Operation 38 [1/1] (0.00ns)   --->   "%F_31 = alloca i32 1"   --->   Operation 38 'alloca' 'F_31' <Predicate = true> <Delay = 0.00>
ST_1 : Operation 39 [1/1] (0.00ns)   --->   "%F_32 = alloca i32 1"   --->   Operation 39 'alloca' 'F_32' <Predicate = true> <Delay = 0.00>
ST_1 : Operation 40 [1/1] (0.42ns)   --->   "%store_ln0 = store i6 0, i6 %indvar_flatten6"   --->   Operation 40 'store' 'store_ln0' <Predicate = true> <Delay = 0.42>
ST_1 : Operation 41 [1/1] (0.42ns)   --->   "%store_ln0 = store i3 0, i3 %i_3"   --->   Operation 41 'store' 'store_ln0' <Predicate = true> <Delay = 0.42>
ST_1 : Operation 42 [1/1] (0.42ns)   --->   "%store_ln0 = store i3 0, i3 %j"   --->   Operation 42 'store' 'store_ln0' <Predicate = true> <Delay = 0.42>
ST_1 : Operation 43 [1/1] (0.00ns)   --->   "%br_ln0 = br void %for.body4.i.i"   --->   Operation 43 'br' 'br_ln0' <Predicate = true> <Delay = 0.00>
ST_1 : Operation 44 [1/1] (0.00ns)   --->   "%indvar_flatten6_load = load i6 %indvar_flatten6" [ekf_core.cpp:41->ekf_core.cpp:54->ekf_core.cpp:162]   --->   Operation 44 'load' 'indvar_flatten6_load' <Predicate = true> <Delay = 0.00>
ST_1 : Operation 45 [1/1] (0.00ns)   --->   "%specpipeline_ln0 = specpipeline void @_ssdm_op_SpecPipeline, i32 4294967295, i32 0, i32 1, i32 0, void @p_str"   --->   Operation 45 'specpipeline' 'specpipeline_ln0' <Predicate = true> <Delay = 0.00>
ST_1 : Operation 46 [1/1] (0.78ns)   --->   "%icmp_ln41 = icmp_eq  i6 %indvar_flatten6_load, i6 36" [ekf_core.cpp:41->ekf_core.cpp:54->ekf_core.cpp:162]   --->   Operation 46 'icmp' 'icmp_ln41' <Predicate = true> <Delay = 0.78> <CoreInst = "Cmp">   --->   Core 9 'Cmp' <Latency = 0> <II = 1> <Delay = 0.78> <FuncUnit> <Opcode : 'icmp'> <InPorts = 2> <OutPorts = 1>
ST_1 : Operation 47 [1/1] (0.78ns)   --->   "%add_ln41 = add i6 %indvar_flatten6_load, i6 1" [ekf_core.cpp:41->ekf_core.cpp:54->ekf_core.cpp:162]   --->   Operation 47 'add' 'add_ln41' <Predicate = true> <Delay = 0.78> <CoreInst = "Adder">   --->   Core 1 'Adder' <Latency = 0> <II = 1> <Delay = 0.78> <FuncUnit> <Opcode : 'add' 'sub'> <InPorts = 2> <OutPorts = 1>
ST_1 : Operation 48 [1/1] (0.00ns)   --->   "%br_ln41 = br i1 %icmp_ln41, void %for.cond.cleanup3.i.i, void %for.body25.i.i.preheader.exitStub" [ekf_core.cpp:41->ekf_core.cpp:54->ekf_core.cpp:162]   --->   Operation 48 'br' 'br_ln41' <Predicate = true> <Delay = 0.00>
ST_1 : Operation 49 [1/1] (0.00ns)   --->   "%j_load = load i3 %j" [ekf_core.cpp:42->ekf_core.cpp:54->ekf_core.cpp:162]   --->   Operation 49 'load' 'j_load' <Predicate = (!icmp_ln41)> <Delay = 0.00>
ST_1 : Operation 50 [1/1] (0.00ns)   --->   "%i_3_load = load i3 %i_3" [ekf_core.cpp:41->ekf_core.cpp:54->ekf_core.cpp:162]   --->   Operation 50 'load' 'i_3_load' <Predicate = (!icmp_ln41)> <Delay = 0.00>
ST_1 : Operation 51 [1/1] (0.00ns)   --->   "%specloopname_ln0 = specloopname void @_ssdm_op_SpecLoopName, void @VITIS_LOOP_41_1_VITIS_LOOP_42_2_str"   --->   Operation 51 'specloopname' 'specloopname_ln0' <Predicate = (!icmp_ln41)> <Delay = 0.00>
ST_1 : Operation 52 [1/1] (0.00ns)   --->   "%speclooptripcount_ln0 = speclooptripcount void @_ssdm_op_SpecLoopTripCount, i64 36, i64 36, i64 36"   --->   Operation 52 'speclooptripcount' 'speclooptripcount_ln0' <Predicate = (!icmp_ln41)> <Delay = 0.00>
ST_1 : Operation 53 [1/1] (0.67ns)   --->   "%icmp_ln42 = icmp_eq  i3 %j_load, i3 6" [ekf_core.cpp:42->ekf_core.cpp:54->ekf_core.cpp:162]   --->   Operation 53 'icmp' 'icmp_ln42' <Predicate = (!icmp_ln41)> <Delay = 0.67> <CoreInst = "Cmp">   --->   Core 9 'Cmp' <Latency = 0> <II = 1> <Delay = 0.67> <FuncUnit> <Opcode : 'icmp'> <InPorts = 2> <OutPorts = 1>
ST_1 : Operation 54 [1/1] (0.20ns)   --->   "%select_ln51 = select i1 %icmp_ln42, i3 0, i3 %j_load" [ekf_core.cpp:51->ekf_core.cpp:162]   --->   Operation 54 'select' 'select_ln51' <Predicate = (!icmp_ln41)> <Delay = 0.20> <CoreInst = "Sel">   --->   Core 73 'Sel' <Latency = 0> <II = 1> <Delay = 0.20> <FuncUnit> <Opcode : 'select'> <InPorts = 3> <OutPorts = 1>
ST_1 : Operation 55 [1/1] (0.00ns)   --->   "%specpipeline_ln0 = specpipeline void @_ssdm_op_SpecPipeline, i32 4294967295, i32 0, i32 1, i32 0, void @p_str"   --->   Operation 55 'specpipeline' 'specpipeline_ln0' <Predicate = (!icmp_ln41)> <Delay = 0.00>
ST_1 : Operation 56 [1/1] (0.67ns)   --->   "%add_ln41_1 = add i3 %i_3_load, i3 1" [ekf_core.cpp:41->ekf_core.cpp:54->ekf_core.cpp:162]   --->   Operation 56 'add' 'add_ln41_1' <Predicate = (!icmp_ln41)> <Delay = 0.67> <CoreInst = "Adder">   --->   Core 1 'Adder' <Latency = 0> <II = 1> <Delay = 0.67> <FuncUnit> <Opcode : 'add' 'sub'> <InPorts = 2> <OutPorts = 1>
ST_1 : Operation 57 [1/1] (0.20ns)   --->   "%select_ln41 = select i1 %icmp_ln42, i3 %add_ln41_1, i3 %i_3_load" [ekf_core.cpp:41->ekf_core.cpp:54->ekf_core.cpp:162]   --->   Operation 57 'select' 'select_ln41' <Predicate = (!icmp_ln41)> <Delay = 0.20> <CoreInst = "Sel">   --->   Core 73 'Sel' <Latency = 0> <II = 1> <Delay = 0.20> <FuncUnit> <Opcode : 'select'> <InPorts = 3> <OutPorts = 1>
ST_1 : Operation 58 [1/1] (0.00ns)   --->   "%specloopname_ln42 = specloopname void @_ssdm_op_SpecLoopName, void @empty_6" [ekf_core.cpp:42->ekf_core.cpp:54->ekf_core.cpp:162]   --->   Operation 58 'specloopname' 'specloopname_ln42' <Predicate = (!icmp_ln41)> <Delay = 0.00>
ST_1 : Operation 59 [1/1] (0.67ns)   --->   "%icmp_ln42_1 = icmp_eq  i3 %select_ln41, i3 %select_ln51" [ekf_core.cpp:42->ekf_core.cpp:54->ekf_core.cpp:162]   --->   Operation 59 'icmp' 'icmp_ln42_1' <Predicate = (!icmp_ln41)> <Delay = 0.67> <CoreInst = "Cmp">   --->   Core 9 'Cmp' <Latency = 0> <II = 1> <Delay = 0.67> <FuncUnit> <Opcode : 'icmp'> <InPorts = 2> <OutPorts = 1>
ST_1 : Operation 60 [1/1] (0.44ns)   --->   "%F_33 = select i1 %icmp_ln42_1, i32 1, i32 0" [ekf_core.cpp:42->ekf_core.cpp:54->ekf_core.cpp:162]   --->   Operation 60 'select' 'F_33' <Predicate = (!icmp_ln41)> <Delay = 0.44> <CoreInst = "Sel">   --->   Core 73 'Sel' <Latency = 0> <II = 1> <Delay = 0.44> <FuncUnit> <Opcode : 'select'> <InPorts = 3> <OutPorts = 1>
ST_1 : Operation 61 [1/1] (0.73ns)   --->   "%switch_ln42 = switch i3 %select_ln41, void %arrayidx78.i.i100.case.5, i3 0, void %arrayidx78.i.i100.case.0, i3 1, void %arrayidx78.i.i100.case.1, i3 2, void %arrayidx78.i.i100.case.2, i3 3, void %arrayidx78.i.i100.case.3, i3 4, void %arrayidx78.i.i100.case.4" [ekf_core.cpp:42->ekf_core.cpp:54->ekf_core.cpp:162]   --->   Operation 61 'switch' 'switch_ln42' <Predicate = (!icmp_ln41)> <Delay = 0.73>
ST_1 : Operation 62 [1/1] (0.73ns)   --->   "%switch_ln42 = switch i3 %select_ln51, void %arrayidx119.i.i101.case.5513, i3 0, void %arrayidx78.i.i100.case.4.arrayidx119.i.i101.exit_crit_edge2, i3 1, void %arrayidx119.i.i101.case.1509, i3 2, void %arrayidx119.i.i101.case.2510, i3 3, void %arrayidx119.i.i101.case.3511, i3 4, void %arrayidx78.i.i100.case.4.arrayidx119.i.i101.exit_crit_edge" [ekf_core.cpp:42->ekf_core.cpp:54->ekf_core.cpp:162]   --->   Operation 62 'switch' 'switch_ln42' <Predicate = (!icmp_ln41 & select_ln41 == 4)> <Delay = 0.73>
ST_1 : Operation 63 [1/1] (0.00ns)   --->   "%store_ln42 = store i32 %F_33, i32 %F_25" [ekf_core.cpp:42->ekf_core.cpp:54->ekf_core.cpp:162]   --->   Operation 63 'store' 'store_ln42' <Predicate = (!icmp_ln41 & select_ln41 == 4 & select_ln51 == 4)> <Delay = 0.00>
ST_1 : Operation 64 [1/1] (0.00ns)   --->   "%br_ln42 = br void %arrayidx119.i.i101.exit" [ekf_core.cpp:42->ekf_core.cpp:54->ekf_core.cpp:162]   --->   Operation 64 'br' 'br_ln42' <Predicate = (!icmp_ln41 & select_ln41 == 4 & select_ln51 == 4)> <Delay = 0.00>
ST_1 : Operation 65 [1/1] (0.00ns)   --->   "%store_ln42 = store i32 %F_33, i32 %F_24" [ekf_core.cpp:42->ekf_core.cpp:54->ekf_core.cpp:162]   --->   Operation 65 'store' 'store_ln42' <Predicate = (!icmp_ln41 & select_ln41 == 4 & select_ln51 == 3)> <Delay = 0.00>
ST_1 : Operation 66 [1/1] (0.00ns)   --->   "%br_ln42 = br void %arrayidx119.i.i101.exit" [ekf_core.cpp:42->ekf_core.cpp:54->ekf_core.cpp:162]   --->   Operation 66 'br' 'br_ln42' <Predicate = (!icmp_ln41 & select_ln41 == 4 & select_ln51 == 3)> <Delay = 0.00>
ST_1 : Operation 67 [1/1] (0.00ns)   --->   "%store_ln42 = store i32 %F_33, i32 %F_23" [ekf_core.cpp:42->ekf_core.cpp:54->ekf_core.cpp:162]   --->   Operation 67 'store' 'store_ln42' <Predicate = (!icmp_ln41 & select_ln41 == 4 & select_ln51 == 2)> <Delay = 0.00>
ST_1 : Operation 68 [1/1] (0.00ns)   --->   "%br_ln42 = br void %arrayidx119.i.i101.exit" [ekf_core.cpp:42->ekf_core.cpp:54->ekf_core.cpp:162]   --->   Operation 68 'br' 'br_ln42' <Predicate = (!icmp_ln41 & select_ln41 == 4 & select_ln51 == 2)> <Delay = 0.00>
ST_1 : Operation 69 [1/1] (0.00ns)   --->   "%store_ln42 = store i32 %F_33, i32 %F_22" [ekf_core.cpp:42->ekf_core.cpp:54->ekf_core.cpp:162]   --->   Operation 69 'store' 'store_ln42' <Predicate = (!icmp_ln41 & select_ln41 == 4 & select_ln51 == 1)> <Delay = 0.00>
ST_1 : Operation 70 [1/1] (0.00ns)   --->   "%br_ln42 = br void %arrayidx119.i.i101.exit" [ekf_core.cpp:42->ekf_core.cpp:54->ekf_core.cpp:162]   --->   Operation 70 'br' 'br_ln42' <Predicate = (!icmp_ln41 & select_ln41 == 4 & select_ln51 == 1)> <Delay = 0.00>
ST_1 : Operation 71 [1/1] (0.00ns)   --->   "%store_ln42 = store i32 %F_33, i32 %F_21" [ekf_core.cpp:42->ekf_core.cpp:54->ekf_core.cpp:162]   --->   Operation 71 'store' 'store_ln42' <Predicate = (!icmp_ln41 & select_ln41 == 4 & select_ln51 == 0)> <Delay = 0.00>
ST_1 : Operation 72 [1/1] (0.00ns)   --->   "%br_ln42 = br void %arrayidx119.i.i101.exit" [ekf_core.cpp:42->ekf_core.cpp:54->ekf_core.cpp:162]   --->   Operation 72 'br' 'br_ln42' <Predicate = (!icmp_ln41 & select_ln41 == 4 & select_ln51 == 0)> <Delay = 0.00>
ST_1 : Operation 73 [1/1] (0.00ns)   --->   "%store_ln42 = store i32 %F_33, i32 %F_26" [ekf_core.cpp:42->ekf_core.cpp:54->ekf_core.cpp:162]   --->   Operation 73 'store' 'store_ln42' <Predicate = (!icmp_ln41 & select_ln41 == 4 & select_ln51 != 0 & select_ln51 != 1 & select_ln51 != 2 & select_ln51 != 3 & select_ln51 != 4)> <Delay = 0.00>
ST_1 : Operation 74 [1/1] (0.00ns)   --->   "%br_ln42 = br void %arrayidx119.i.i101.exit" [ekf_core.cpp:42->ekf_core.cpp:54->ekf_core.cpp:162]   --->   Operation 74 'br' 'br_ln42' <Predicate = (!icmp_ln41 & select_ln41 == 4 & select_ln51 != 0 & select_ln51 != 1 & select_ln51 != 2 & select_ln51 != 3 & select_ln51 != 4)> <Delay = 0.00>
ST_1 : Operation 75 [1/1] (0.73ns)   --->   "%switch_ln42 = switch i3 %select_ln51, void %arrayidx119.i.i101.case.5505, i3 0, void %arrayidx78.i.i100.case.3.arrayidx119.i.i101.exit_crit_edge, i3 1, void %arrayidx78.i.i100.case.3.arrayidx119.i.i101.exit_crit_edge3, i3 2, void %arrayidx78.i.i100.case.2454, i3 3, void %arrayidx119.i.i101.case.3503, i3 4, void %arrayidx78.i.i100.case.3.arrayidx119.i.i101.case.3.thread_crit_edge" [ekf_core.cpp:42->ekf_core.cpp:54->ekf_core.cpp:162]   --->   Operation 75 'switch' 'switch_ln42' <Predicate = (!icmp_ln41 & select_ln41 == 3)> <Delay = 0.73>
ST_1 : Operation 76 [1/1] (0.00ns)   --->   "%store_ln42 = store i32 %F_33, i32 %F_19" [ekf_core.cpp:42->ekf_core.cpp:54->ekf_core.cpp:162]   --->   Operation 76 'store' 'store_ln42' <Predicate = (!icmp_ln41 & select_ln41 == 3 & select_ln51 == 4)> <Delay = 0.00>
ST_1 : Operation 77 [1/1] (0.00ns)   --->   "%br_ln42 = br void %arrayidx119.i.i101.exit" [ekf_core.cpp:42->ekf_core.cpp:54->ekf_core.cpp:162]   --->   Operation 77 'br' 'br_ln42' <Predicate = (!icmp_ln41 & select_ln41 == 3 & select_ln51 == 4)> <Delay = 0.00>
ST_1 : Operation 78 [1/1] (0.00ns)   --->   "%store_ln42 = store i32 %F_33, i32 %F_18" [ekf_core.cpp:42->ekf_core.cpp:54->ekf_core.cpp:162]   --->   Operation 78 'store' 'store_ln42' <Predicate = (!icmp_ln41 & select_ln41 == 3 & select_ln51 == 3)> <Delay = 0.00>
ST_1 : Operation 79 [1/1] (0.00ns)   --->   "%br_ln42 = br void %arrayidx119.i.i101.exit" [ekf_core.cpp:42->ekf_core.cpp:54->ekf_core.cpp:162]   --->   Operation 79 'br' 'br_ln42' <Predicate = (!icmp_ln41 & select_ln41 == 3 & select_ln51 == 3)> <Delay = 0.00>
ST_1 : Operation 80 [1/1] (0.00ns)   --->   "%store_ln42 = store i32 %F_33, i32 %F_17" [ekf_core.cpp:42->ekf_core.cpp:54->ekf_core.cpp:162]   --->   Operation 80 'store' 'store_ln42' <Predicate = (!icmp_ln41 & select_ln41 == 3 & select_ln51 == 2)> <Delay = 0.00>
ST_1 : Operation 81 [1/1] (0.00ns)   --->   "%br_ln42 = br void %arrayidx119.i.i101.exit" [ekf_core.cpp:42->ekf_core.cpp:54->ekf_core.cpp:162]   --->   Operation 81 'br' 'br_ln42' <Predicate = (!icmp_ln41 & select_ln41 == 3 & select_ln51 == 2)> <Delay = 0.00>
ST_1 : Operation 82 [1/1] (0.00ns)   --->   "%store_ln42 = store i32 %F_33, i32 %F_16" [ekf_core.cpp:42->ekf_core.cpp:54->ekf_core.cpp:162]   --->   Operation 82 'store' 'store_ln42' <Predicate = (!icmp_ln41 & select_ln41 == 3 & select_ln51 == 1)> <Delay = 0.00>
ST_1 : Operation 83 [1/1] (0.00ns)   --->   "%br_ln42 = br void %arrayidx119.i.i101.exit" [ekf_core.cpp:42->ekf_core.cpp:54->ekf_core.cpp:162]   --->   Operation 83 'br' 'br_ln42' <Predicate = (!icmp_ln41 & select_ln41 == 3 & select_ln51 == 1)> <Delay = 0.00>
ST_1 : Operation 84 [1/1] (0.00ns)   --->   "%store_ln42 = store i32 %F_33, i32 %F_15" [ekf_core.cpp:42->ekf_core.cpp:54->ekf_core.cpp:162]   --->   Operation 84 'store' 'store_ln42' <Predicate = (!icmp_ln41 & select_ln41 == 3 & select_ln51 == 0)> <Delay = 0.00>
ST_1 : Operation 85 [1/1] (0.00ns)   --->   "%br_ln42 = br void %arrayidx119.i.i101.exit" [ekf_core.cpp:42->ekf_core.cpp:54->ekf_core.cpp:162]   --->   Operation 85 'br' 'br_ln42' <Predicate = (!icmp_ln41 & select_ln41 == 3 & select_ln51 == 0)> <Delay = 0.00>
ST_1 : Operation 86 [1/1] (0.00ns)   --->   "%store_ln42 = store i32 %F_33, i32 %F_20" [ekf_core.cpp:42->ekf_core.cpp:54->ekf_core.cpp:162]   --->   Operation 86 'store' 'store_ln42' <Predicate = (!icmp_ln41 & select_ln41 == 3 & select_ln51 != 0 & select_ln51 != 1 & select_ln51 != 2 & select_ln51 != 3 & select_ln51 != 4)> <Delay = 0.00>
ST_1 : Operation 87 [1/1] (0.00ns)   --->   "%br_ln42 = br void %arrayidx119.i.i101.exit" [ekf_core.cpp:42->ekf_core.cpp:54->ekf_core.cpp:162]   --->   Operation 87 'br' 'br_ln42' <Predicate = (!icmp_ln41 & select_ln41 == 3 & select_ln51 != 0 & select_ln51 != 1 & select_ln51 != 2 & select_ln51 != 3 & select_ln51 != 4)> <Delay = 0.00>
ST_1 : Operation 88 [1/1] (0.73ns)   --->   "%switch_ln42 = switch i3 %select_ln51, void %arrayidx119.i.i101.exit, i3 0, void %arrayidx78.i.i100.case.2.arrayidx119.i.i101.exit_crit_edge4, i3 1, void %arrayidx78.i.i100.case.1445, i3 2, void %arrayidx78.i.i100.case.2.arrayidx119.i.i101.exit_crit_edge, i3 3, void %arrayidx78.i.i100.case.3447, i3 4, void %arrayidx78.i.i100.case.2.arrayidx119.i.i101.case.2.thread_crit_edge" [ekf_core.cpp:42->ekf_core.cpp:54->ekf_core.cpp:162]   --->   Operation 88 'switch' 'switch_ln42' <Predicate = (!icmp_ln41 & select_ln41 == 2)> <Delay = 0.73>
ST_1 : Operation 89 [1/1] (0.00ns)   --->   "%store_ln42 = store i32 %F_33, i32 %F_14" [ekf_core.cpp:42->ekf_core.cpp:54->ekf_core.cpp:162]   --->   Operation 89 'store' 'store_ln42' <Predicate = (!icmp_ln41 & select_ln41 == 2 & select_ln51 == 4)> <Delay = 0.00>
ST_1 : Operation 90 [1/1] (0.00ns)   --->   "%br_ln42 = br void %arrayidx119.i.i101.exit" [ekf_core.cpp:42->ekf_core.cpp:54->ekf_core.cpp:162]   --->   Operation 90 'br' 'br_ln42' <Predicate = (!icmp_ln41 & select_ln41 == 2 & select_ln51 == 4)> <Delay = 0.00>
ST_1 : Operation 91 [1/1] (0.00ns)   --->   "%store_ln42 = store i32 %F_33, i32 %F_13" [ekf_core.cpp:42->ekf_core.cpp:54->ekf_core.cpp:162]   --->   Operation 91 'store' 'store_ln42' <Predicate = (!icmp_ln41 & select_ln41 == 2 & select_ln51 == 3)> <Delay = 0.00>
ST_1 : Operation 92 [1/1] (0.00ns)   --->   "%br_ln42 = br void %arrayidx119.i.i101.exit" [ekf_core.cpp:42->ekf_core.cpp:54->ekf_core.cpp:162]   --->   Operation 92 'br' 'br_ln42' <Predicate = (!icmp_ln41 & select_ln41 == 2 & select_ln51 == 3)> <Delay = 0.00>
ST_1 : Operation 93 [1/1] (0.00ns)   --->   "%store_ln42 = store i32 %F_33, i32 %F_12" [ekf_core.cpp:42->ekf_core.cpp:54->ekf_core.cpp:162]   --->   Operation 93 'store' 'store_ln42' <Predicate = (!icmp_ln41 & select_ln41 == 2 & select_ln51 == 2)> <Delay = 0.00>
ST_1 : Operation 94 [1/1] (0.00ns)   --->   "%br_ln42 = br void %arrayidx119.i.i101.exit" [ekf_core.cpp:42->ekf_core.cpp:54->ekf_core.cpp:162]   --->   Operation 94 'br' 'br_ln42' <Predicate = (!icmp_ln41 & select_ln41 == 2 & select_ln51 == 2)> <Delay = 0.00>
ST_1 : Operation 95 [1/1] (0.00ns)   --->   "%store_ln42 = store i32 %F_33, i32 %F_11" [ekf_core.cpp:42->ekf_core.cpp:54->ekf_core.cpp:162]   --->   Operation 95 'store' 'store_ln42' <Predicate = (!icmp_ln41 & select_ln41 == 2 & select_ln51 == 1)> <Delay = 0.00>
ST_1 : Operation 96 [1/1] (0.00ns)   --->   "%br_ln42 = br void %arrayidx119.i.i101.exit" [ekf_core.cpp:42->ekf_core.cpp:54->ekf_core.cpp:162]   --->   Operation 96 'br' 'br_ln42' <Predicate = (!icmp_ln41 & select_ln41 == 2 & select_ln51 == 1)> <Delay = 0.00>
ST_1 : Operation 97 [1/1] (0.00ns)   --->   "%store_ln42 = store i32 %F_33, i32 %F_10" [ekf_core.cpp:42->ekf_core.cpp:54->ekf_core.cpp:162]   --->   Operation 97 'store' 'store_ln42' <Predicate = (!icmp_ln41 & select_ln41 == 2 & select_ln51 == 0)> <Delay = 0.00>
ST_1 : Operation 98 [1/1] (0.00ns)   --->   "%br_ln42 = br void %arrayidx119.i.i101.exit" [ekf_core.cpp:42->ekf_core.cpp:54->ekf_core.cpp:162]   --->   Operation 98 'br' 'br_ln42' <Predicate = (!icmp_ln41 & select_ln41 == 2 & select_ln51 == 0)> <Delay = 0.00>
ST_1 : Operation 99 [1/1] (0.73ns)   --->   "%switch_ln42 = switch i3 %select_ln51, void %arrayidx119.i.i101.case.5489, i3 0, void %arrayidx78.i.i100.case.1.arrayidx119.i.i101.exit_crit_edge5, i3 1, void %arrayidx119.i.i101.case.1485, i3 2, void %arrayidx119.i.i101.case.2486, i3 3, void %arrayidx119.i.i101.case.3487, i3 4, void %arrayidx119.i.i101.exit" [ekf_core.cpp:42->ekf_core.cpp:54->ekf_core.cpp:162]   --->   Operation 99 'switch' 'switch_ln42' <Predicate = (!icmp_ln41 & select_ln41 == 1)> <Delay = 0.73>
ST_1 : Operation 100 [1/1] (0.00ns)   --->   "%store_ln42 = store i32 %F_33, i32 %F_8" [ekf_core.cpp:42->ekf_core.cpp:54->ekf_core.cpp:162]   --->   Operation 100 'store' 'store_ln42' <Predicate = (!icmp_ln41 & select_ln41 == 1 & select_ln51 == 3)> <Delay = 0.00>
ST_1 : Operation 101 [1/1] (0.00ns)   --->   "%br_ln42 = br void %arrayidx119.i.i101.exit" [ekf_core.cpp:42->ekf_core.cpp:54->ekf_core.cpp:162]   --->   Operation 101 'br' 'br_ln42' <Predicate = (!icmp_ln41 & select_ln41 == 1 & select_ln51 == 3)> <Delay = 0.00>
ST_1 : Operation 102 [1/1] (0.00ns)   --->   "%store_ln42 = store i32 %F_33, i32 %F_7" [ekf_core.cpp:42->ekf_core.cpp:54->ekf_core.cpp:162]   --->   Operation 102 'store' 'store_ln42' <Predicate = (!icmp_ln41 & select_ln41 == 1 & select_ln51 == 2)> <Delay = 0.00>
ST_1 : Operation 103 [1/1] (0.00ns)   --->   "%br_ln42 = br void %arrayidx119.i.i101.exit" [ekf_core.cpp:42->ekf_core.cpp:54->ekf_core.cpp:162]   --->   Operation 103 'br' 'br_ln42' <Predicate = (!icmp_ln41 & select_ln41 == 1 & select_ln51 == 2)> <Delay = 0.00>
ST_1 : Operation 104 [1/1] (0.00ns)   --->   "%store_ln42 = store i32 %F_33, i32 %F_6" [ekf_core.cpp:42->ekf_core.cpp:54->ekf_core.cpp:162]   --->   Operation 104 'store' 'store_ln42' <Predicate = (!icmp_ln41 & select_ln41 == 1 & select_ln51 == 1)> <Delay = 0.00>
ST_1 : Operation 105 [1/1] (0.00ns)   --->   "%br_ln42 = br void %arrayidx119.i.i101.exit" [ekf_core.cpp:42->ekf_core.cpp:54->ekf_core.cpp:162]   --->   Operation 105 'br' 'br_ln42' <Predicate = (!icmp_ln41 & select_ln41 == 1 & select_ln51 == 1)> <Delay = 0.00>
ST_1 : Operation 106 [1/1] (0.00ns)   --->   "%store_ln42 = store i32 %F_33, i32 %F_5" [ekf_core.cpp:42->ekf_core.cpp:54->ekf_core.cpp:162]   --->   Operation 106 'store' 'store_ln42' <Predicate = (!icmp_ln41 & select_ln41 == 1 & select_ln51 == 0)> <Delay = 0.00>
ST_1 : Operation 107 [1/1] (0.00ns)   --->   "%br_ln42 = br void %arrayidx119.i.i101.exit" [ekf_core.cpp:42->ekf_core.cpp:54->ekf_core.cpp:162]   --->   Operation 107 'br' 'br_ln42' <Predicate = (!icmp_ln41 & select_ln41 == 1 & select_ln51 == 0)> <Delay = 0.00>
ST_1 : Operation 108 [1/1] (0.00ns)   --->   "%store_ln42 = store i32 %F_33, i32 %F_9" [ekf_core.cpp:42->ekf_core.cpp:54->ekf_core.cpp:162]   --->   Operation 108 'store' 'store_ln42' <Predicate = (!icmp_ln41 & select_ln41 == 1 & select_ln51 != 0 & select_ln51 != 1 & select_ln51 != 2 & select_ln51 != 3 & select_ln51 != 4)> <Delay = 0.00>
ST_1 : Operation 109 [1/1] (0.00ns)   --->   "%br_ln42 = br void %arrayidx119.i.i101.exit" [ekf_core.cpp:42->ekf_core.cpp:54->ekf_core.cpp:162]   --->   Operation 109 'br' 'br_ln42' <Predicate = (!icmp_ln41 & select_ln41 == 1 & select_ln51 != 0 & select_ln51 != 1 & select_ln51 != 2 & select_ln51 != 3 & select_ln51 != 4)> <Delay = 0.00>
ST_1 : Operation 110 [1/1] (0.73ns)   --->   "%switch_ln42 = switch i3 %select_ln51, void %arrayidx119.i.i101.case.5481, i3 0, void %arrayidx78.i.i100.case.0.arrayidx119.i.i101.exit_crit_edge, i3 1, void %arrayidx78.i.i100.case.0.arrayidx119.i.i101.exit_crit_edge6, i3 2, void %arrayidx78.i.i100.case.2430, i3 3, void %arrayidx119.i.i101.exit, i3 4, void %arrayidx78.i.i100.case.0.arrayidx119.i.i101.case.0.thread_crit_edge" [ekf_core.cpp:42->ekf_core.cpp:54->ekf_core.cpp:162]   --->   Operation 110 'switch' 'switch_ln42' <Predicate = (!icmp_ln41 & select_ln41 == 0)> <Delay = 0.73>
ST_1 : Operation 111 [1/1] (0.00ns)   --->   "%store_ln42 = store i32 %F_33, i32 %F_3" [ekf_core.cpp:42->ekf_core.cpp:54->ekf_core.cpp:162]   --->   Operation 111 'store' 'store_ln42' <Predicate = (!icmp_ln41 & select_ln41 == 0 & select_ln51 == 4)> <Delay = 0.00>
ST_1 : Operation 112 [1/1] (0.00ns)   --->   "%br_ln42 = br void %arrayidx119.i.i101.exit" [ekf_core.cpp:42->ekf_core.cpp:54->ekf_core.cpp:162]   --->   Operation 112 'br' 'br_ln42' <Predicate = (!icmp_ln41 & select_ln41 == 0 & select_ln51 == 4)> <Delay = 0.00>
ST_1 : Operation 113 [1/1] (0.00ns)   --->   "%store_ln42 = store i32 %F_33, i32 %F_2" [ekf_core.cpp:42->ekf_core.cpp:54->ekf_core.cpp:162]   --->   Operation 113 'store' 'store_ln42' <Predicate = (!icmp_ln41 & select_ln41 == 0 & select_ln51 == 2)> <Delay = 0.00>
ST_1 : Operation 114 [1/1] (0.00ns)   --->   "%br_ln42 = br void %arrayidx119.i.i101.exit" [ekf_core.cpp:42->ekf_core.cpp:54->ekf_core.cpp:162]   --->   Operation 114 'br' 'br_ln42' <Predicate = (!icmp_ln41 & select_ln41 == 0 & select_ln51 == 2)> <Delay = 0.00>
ST_1 : Operation 115 [1/1] (0.00ns)   --->   "%store_ln42 = store i32 %F_33, i32 %F_1" [ekf_core.cpp:42->ekf_core.cpp:54->ekf_core.cpp:162]   --->   Operation 115 'store' 'store_ln42' <Predicate = (!icmp_ln41 & select_ln41 == 0 & select_ln51 == 1)> <Delay = 0.00>
ST_1 : Operation 116 [1/1] (0.00ns)   --->   "%br_ln42 = br void %arrayidx119.i.i101.exit" [ekf_core.cpp:42->ekf_core.cpp:54->ekf_core.cpp:162]   --->   Operation 116 'br' 'br_ln42' <Predicate = (!icmp_ln41 & select_ln41 == 0 & select_ln51 == 1)> <Delay = 0.00>
ST_1 : Operation 117 [1/1] (0.00ns)   --->   "%store_ln42 = store i32 %F_33, i32 %F" [ekf_core.cpp:42->ekf_core.cpp:54->ekf_core.cpp:162]   --->   Operation 117 'store' 'store_ln42' <Predicate = (!icmp_ln41 & select_ln41 == 0 & select_ln51 == 0)> <Delay = 0.00>
ST_1 : Operation 118 [1/1] (0.00ns)   --->   "%br_ln42 = br void %arrayidx119.i.i101.exit" [ekf_core.cpp:42->ekf_core.cpp:54->ekf_core.cpp:162]   --->   Operation 118 'br' 'br_ln42' <Predicate = (!icmp_ln41 & select_ln41 == 0 & select_ln51 == 0)> <Delay = 0.00>
ST_1 : Operation 119 [1/1] (0.00ns)   --->   "%store_ln42 = store i32 %F_33, i32 %F_4" [ekf_core.cpp:42->ekf_core.cpp:54->ekf_core.cpp:162]   --->   Operation 119 'store' 'store_ln42' <Predicate = (!icmp_ln41 & select_ln41 == 0 & select_ln51 != 0 & select_ln51 != 1 & select_ln51 != 2 & select_ln51 != 3 & select_ln51 != 4)> <Delay = 0.00>
ST_1 : Operation 120 [1/1] (0.00ns)   --->   "%br_ln42 = br void %arrayidx119.i.i101.exit" [ekf_core.cpp:42->ekf_core.cpp:54->ekf_core.cpp:162]   --->   Operation 120 'br' 'br_ln42' <Predicate = (!icmp_ln41 & select_ln41 == 0 & select_ln51 != 0 & select_ln51 != 1 & select_ln51 != 2 & select_ln51 != 3 & select_ln51 != 4)> <Delay = 0.00>
ST_1 : Operation 121 [1/1] (0.73ns)   --->   "%switch_ln42 = switch i3 %select_ln51, void %arrayidx119.i.i101.case.5521, i3 0, void %arrayidx78.i.i100.case.5.arrayidx119.i.i101.exit_crit_edge1, i3 1, void %arrayidx78.i.i100.case.1469, i3 2, void %arrayidx78.i.i100.case.5.arrayidx119.i.i101.exit_crit_edge, i3 3, void %arrayidx78.i.i100.case.3471, i3 4, void %arrayidx78.i.i100.case.5.arrayidx119.i.i101.case.5.thread_crit_edge" [ekf_core.cpp:42->ekf_core.cpp:54->ekf_core.cpp:162]   --->   Operation 121 'switch' 'switch_ln42' <Predicate = (!icmp_ln41 & select_ln41 != 0 & select_ln41 != 1 & select_ln41 != 2 & select_ln41 != 3 & select_ln41 != 4)> <Delay = 0.73>
ST_1 : Operation 122 [1/1] (0.00ns)   --->   "%store_ln42 = store i32 %F_33, i32 %F_31" [ekf_core.cpp:42->ekf_core.cpp:54->ekf_core.cpp:162]   --->   Operation 122 'store' 'store_ln42' <Predicate = (!icmp_ln41 & select_ln41 != 0 & select_ln41 != 1 & select_ln41 != 2 & select_ln41 != 3 & select_ln41 != 4 & select_ln51 == 4)> <Delay = 0.00>
ST_1 : Operation 123 [1/1] (0.00ns)   --->   "%br_ln42 = br void %arrayidx119.i.i101.exit" [ekf_core.cpp:42->ekf_core.cpp:54->ekf_core.cpp:162]   --->   Operation 123 'br' 'br_ln42' <Predicate = (!icmp_ln41 & select_ln41 != 0 & select_ln41 != 1 & select_ln41 != 2 & select_ln41 != 3 & select_ln41 != 4 & select_ln51 == 4)> <Delay = 0.00>
ST_1 : Operation 124 [1/1] (0.00ns)   --->   "%store_ln42 = store i32 %F_33, i32 %F_30" [ekf_core.cpp:42->ekf_core.cpp:54->ekf_core.cpp:162]   --->   Operation 124 'store' 'store_ln42' <Predicate = (!icmp_ln41 & select_ln41 != 0 & select_ln41 != 1 & select_ln41 != 2 & select_ln41 != 3 & select_ln41 != 4 & select_ln51 == 3)> <Delay = 0.00>
ST_1 : Operation 125 [1/1] (0.00ns)   --->   "%br_ln42 = br void %arrayidx119.i.i101.exit" [ekf_core.cpp:42->ekf_core.cpp:54->ekf_core.cpp:162]   --->   Operation 125 'br' 'br_ln42' <Predicate = (!icmp_ln41 & select_ln41 != 0 & select_ln41 != 1 & select_ln41 != 2 & select_ln41 != 3 & select_ln41 != 4 & select_ln51 == 3)> <Delay = 0.00>
ST_1 : Operation 126 [1/1] (0.00ns)   --->   "%store_ln42 = store i32 %F_33, i32 %F_29" [ekf_core.cpp:42->ekf_core.cpp:54->ekf_core.cpp:162]   --->   Operation 126 'store' 'store_ln42' <Predicate = (!icmp_ln41 & select_ln41 != 0 & select_ln41 != 1 & select_ln41 != 2 & select_ln41 != 3 & select_ln41 != 4 & select_ln51 == 2)> <Delay = 0.00>
ST_1 : Operation 127 [1/1] (0.00ns)   --->   "%br_ln42 = br void %arrayidx119.i.i101.exit" [ekf_core.cpp:42->ekf_core.cpp:54->ekf_core.cpp:162]   --->   Operation 127 'br' 'br_ln42' <Predicate = (!icmp_ln41 & select_ln41 != 0 & select_ln41 != 1 & select_ln41 != 2 & select_ln41 != 3 & select_ln41 != 4 & select_ln51 == 2)> <Delay = 0.00>
ST_1 : Operation 128 [1/1] (0.00ns)   --->   "%store_ln42 = store i32 %F_33, i32 %F_28" [ekf_core.cpp:42->ekf_core.cpp:54->ekf_core.cpp:162]   --->   Operation 128 'store' 'store_ln42' <Predicate = (!icmp_ln41 & select_ln41 != 0 & select_ln41 != 1 & select_ln41 != 2 & select_ln41 != 3 & select_ln41 != 4 & select_ln51 == 1)> <Delay = 0.00>
ST_1 : Operation 129 [1/1] (0.00ns)   --->   "%br_ln42 = br void %arrayidx119.i.i101.exit" [ekf_core.cpp:42->ekf_core.cpp:54->ekf_core.cpp:162]   --->   Operation 129 'br' 'br_ln42' <Predicate = (!icmp_ln41 & select_ln41 != 0 & select_ln41 != 1 & select_ln41 != 2 & select_ln41 != 3 & select_ln41 != 4 & select_ln51 == 1)> <Delay = 0.00>
ST_1 : Operation 130 [1/1] (0.00ns)   --->   "%store_ln42 = store i32 %F_33, i32 %F_27" [ekf_core.cpp:42->ekf_core.cpp:54->ekf_core.cpp:162]   --->   Operation 130 'store' 'store_ln42' <Predicate = (!icmp_ln41 & select_ln41 != 0 & select_ln41 != 1 & select_ln41 != 2 & select_ln41 != 3 & select_ln41 != 4 & select_ln51 == 0)> <Delay = 0.00>
ST_1 : Operation 131 [1/1] (0.00ns)   --->   "%br_ln42 = br void %arrayidx119.i.i101.exit" [ekf_core.cpp:42->ekf_core.cpp:54->ekf_core.cpp:162]   --->   Operation 131 'br' 'br_ln42' <Predicate = (!icmp_ln41 & select_ln41 != 0 & select_ln41 != 1 & select_ln41 != 2 & select_ln41 != 3 & select_ln41 != 4 & select_ln51 == 0)> <Delay = 0.00>
ST_1 : Operation 132 [1/1] (0.00ns)   --->   "%store_ln42 = store i32 %F_33, i32 %F_32" [ekf_core.cpp:42->ekf_core.cpp:54->ekf_core.cpp:162]   --->   Operation 132 'store' 'store_ln42' <Predicate = (!icmp_ln41 & select_ln41 != 0 & select_ln41 != 1 & select_ln41 != 2 & select_ln41 != 3 & select_ln41 != 4 & select_ln51 != 0 & select_ln51 != 1 & select_ln51 != 2 & select_ln51 != 3 & select_ln51 != 4)> <Delay = 0.00>
ST_1 : Operation 133 [1/1] (0.00ns)   --->   "%br_ln42 = br void %arrayidx119.i.i101.exit" [ekf_core.cpp:42->ekf_core.cpp:54->ekf_core.cpp:162]   --->   Operation 133 'br' 'br_ln42' <Predicate = (!icmp_ln41 & select_ln41 != 0 & select_ln41 != 1 & select_ln41 != 2 & select_ln41 != 3 & select_ln41 != 4 & select_ln51 != 0 & select_ln51 != 1 & select_ln51 != 2 & select_ln51 != 3 & select_ln51 != 4)> <Delay = 0.00>
ST_1 : Operation 134 [1/1] (0.67ns)   --->   "%add_ln42 = add i3 %select_ln51, i3 1" [ekf_core.cpp:42->ekf_core.cpp:54->ekf_core.cpp:162]   --->   Operation 134 'add' 'add_ln42' <Predicate = (!icmp_ln41)> <Delay = 0.67> <CoreInst = "Adder">   --->   Core 1 'Adder' <Latency = 0> <II = 1> <Delay = 0.67> <FuncUnit> <Opcode : 'add' 'sub'> <InPorts = 2> <OutPorts = 1>
ST_1 : Operation 135 [1/1] (0.42ns)   --->   "%store_ln42 = store i6 %add_ln41, i6 %indvar_flatten6" [ekf_core.cpp:42->ekf_core.cpp:54->ekf_core.cpp:162]   --->   Operation 135 'store' 'store_ln42' <Predicate = (!icmp_ln41)> <Delay = 0.42>
ST_1 : Operation 136 [1/1] (0.42ns)   --->   "%store_ln42 = store i3 %select_ln41, i3 %i_3" [ekf_core.cpp:42->ekf_core.cpp:54->ekf_core.cpp:162]   --->   Operation 136 'store' 'store_ln42' <Predicate = (!icmp_ln41)> <Delay = 0.42>
ST_1 : Operation 137 [1/1] (0.42ns)   --->   "%store_ln42 = store i3 %add_ln42, i3 %j" [ekf_core.cpp:42->ekf_core.cpp:54->ekf_core.cpp:162]   --->   Operation 137 'store' 'store_ln42' <Predicate = (!icmp_ln41)> <Delay = 0.42>
ST_1 : Operation 138 [1/1] (0.00ns)   --->   "%br_ln42 = br void %for.body4.i.i" [ekf_core.cpp:42->ekf_core.cpp:54->ekf_core.cpp:162]   --->   Operation 138 'br' 'br_ln42' <Predicate = (!icmp_ln41)> <Delay = 0.00>
ST_1 : Operation 139 [1/1] (0.00ns)   --->   "%F_load = load i32 %F"   --->   Operation 139 'load' 'F_load' <Predicate = (icmp_ln41)> <Delay = 0.00>
ST_1 : Operation 140 [1/1] (0.00ns)   --->   "%F_1_load = load i32 %F_1"   --->   Operation 140 'load' 'F_1_load' <Predicate = (icmp_ln41)> <Delay = 0.00>
ST_1 : Operation 141 [1/1] (0.00ns)   --->   "%F_2_load = load i32 %F_2"   --->   Operation 141 'load' 'F_2_load' <Predicate = (icmp_ln41)> <Delay = 0.00>
ST_1 : Operation 142 [1/1] (0.00ns)   --->   "%F_3_load = load i32 %F_3"   --->   Operation 142 'load' 'F_3_load' <Predicate = (icmp_ln41)> <Delay = 0.00>
ST_1 : Operation 143 [1/1] (0.00ns)   --->   "%F_4_load = load i32 %F_4"   --->   Operation 143 'load' 'F_4_load' <Predicate = (icmp_ln41)> <Delay = 0.00>
ST_1 : Operation 144 [1/1] (0.00ns)   --->   "%F_5_load = load i32 %F_5"   --->   Operation 144 'load' 'F_5_load' <Predicate = (icmp_ln41)> <Delay = 0.00>
ST_1 : Operation 145 [1/1] (0.00ns)   --->   "%F_6_load = load i32 %F_6"   --->   Operation 145 'load' 'F_6_load' <Predicate = (icmp_ln41)> <Delay = 0.00>
ST_1 : Operation 146 [1/1] (0.00ns)   --->   "%F_7_load = load i32 %F_7"   --->   Operation 146 'load' 'F_7_load' <Predicate = (icmp_ln41)> <Delay = 0.00>
ST_1 : Operation 147 [1/1] (0.00ns)   --->   "%F_8_load = load i32 %F_8"   --->   Operation 147 'load' 'F_8_load' <Predicate = (icmp_ln41)> <Delay = 0.00>
ST_1 : Operation 148 [1/1] (0.00ns)   --->   "%F_9_load = load i32 %F_9"   --->   Operation 148 'load' 'F_9_load' <Predicate = (icmp_ln41)> <Delay = 0.00>
ST_1 : Operation 149 [1/1] (0.00ns)   --->   "%F_10_load = load i32 %F_10"   --->   Operation 149 'load' 'F_10_load' <Predicate = (icmp_ln41)> <Delay = 0.00>
ST_1 : Operation 150 [1/1] (0.00ns)   --->   "%F_11_load = load i32 %F_11"   --->   Operation 150 'load' 'F_11_load' <Predicate = (icmp_ln41)> <Delay = 0.00>
ST_1 : Operation 151 [1/1] (0.00ns)   --->   "%F_12_load = load i32 %F_12"   --->   Operation 151 'load' 'F_12_load' <Predicate = (icmp_ln41)> <Delay = 0.00>
ST_1 : Operation 152 [1/1] (0.00ns)   --->   "%F_13_load = load i32 %F_13"   --->   Operation 152 'load' 'F_13_load' <Predicate = (icmp_ln41)> <Delay = 0.00>
ST_1 : Operation 153 [1/1] (0.00ns)   --->   "%F_14_load = load i32 %F_14"   --->   Operation 153 'load' 'F_14_load' <Predicate = (icmp_ln41)> <Delay = 0.00>
ST_1 : Operation 154 [1/1] (0.00ns)   --->   "%F_15_load = load i32 %F_15"   --->   Operation 154 'load' 'F_15_load' <Predicate = (icmp_ln41)> <Delay = 0.00>
ST_1 : Operation 155 [1/1] (0.00ns)   --->   "%F_16_load = load i32 %F_16"   --->   Operation 155 'load' 'F_16_load' <Predicate = (icmp_ln41)> <Delay = 0.00>
ST_1 : Operation 156 [1/1] (0.00ns)   --->   "%F_17_load = load i32 %F_17"   --->   Operation 156 'load' 'F_17_load' <Predicate = (icmp_ln41)> <Delay = 0.00>
ST_1 : Operation 157 [1/1] (0.00ns)   --->   "%F_18_load = load i32 %F_18"   --->   Operation 157 'load' 'F_18_load' <Predicate = (icmp_ln41)> <Delay = 0.00>
ST_1 : Operation 158 [1/1] (0.00ns)   --->   "%F_19_load = load i32 %F_19"   --->   Operation 158 'load' 'F_19_load' <Predicate = (icmp_ln41)> <Delay = 0.00>
ST_1 : Operation 159 [1/1] (0.00ns)   --->   "%F_20_load = load i32 %F_20"   --->   Operation 159 'load' 'F_20_load' <Predicate = (icmp_ln41)> <Delay = 0.00>
ST_1 : Operation 160 [1/1] (0.00ns)   --->   "%F_21_load = load i32 %F_21"   --->   Operation 160 'load' 'F_21_load' <Predicate = (icmp_ln41)> <Delay = 0.00>
ST_1 : Operation 161 [1/1] (0.00ns)   --->   "%F_22_load = load i32 %F_22"   --->   Operation 161 'load' 'F_22_load' <Predicate = (icmp_ln41)> <Delay = 0.00>
ST_1 : Operation 162 [1/1] (0.00ns)   --->   "%F_23_load = load i32 %F_23"   --->   Operation 162 'load' 'F_23_load' <Predicate = (icmp_ln41)> <Delay = 0.00>
ST_1 : Operation 163 [1/1] (0.00ns)   --->   "%F_24_load = load i32 %F_24"   --->   Operation 163 'load' 'F_24_load' <Predicate = (icmp_ln41)> <Delay = 0.00>
ST_1 : Operation 164 [1/1] (0.00ns)   --->   "%F_25_load = load i32 %F_25"   --->   Operation 164 'load' 'F_25_load' <Predicate = (icmp_ln41)> <Delay = 0.00>
ST_1 : Operation 165 [1/1] (0.00ns)   --->   "%F_26_load = load i32 %F_26"   --->   Operation 165 'load' 'F_26_load' <Predicate = (icmp_ln41)> <Delay = 0.00>
ST_1 : Operation 166 [1/1] (0.00ns)   --->   "%F_27_load = load i32 %F_27"   --->   Operation 166 'load' 'F_27_load' <Predicate = (icmp_ln41)> <Delay = 0.00>
ST_1 : Operation 167 [1/1] (0.00ns)   --->   "%F_28_load = load i32 %F_28"   --->   Operation 167 'load' 'F_28_load' <Predicate = (icmp_ln41)> <Delay = 0.00>
ST_1 : Operation 168 [1/1] (0.00ns)   --->   "%F_29_load = load i32 %F_29"   --->   Operation 168 'load' 'F_29_load' <Predicate = (icmp_ln41)> <Delay = 0.00>
ST_1 : Operation 169 [1/1] (0.00ns)   --->   "%F_30_load = load i32 %F_30"   --->   Operation 169 'load' 'F_30_load' <Predicate = (icmp_ln41)> <Delay = 0.00>
ST_1 : Operation 170 [1/1] (0.00ns)   --->   "%F_31_load = load i32 %F_31"   --->   Operation 170 'load' 'F_31_load' <Predicate = (icmp_ln41)> <Delay = 0.00>
ST_1 : Operation 171 [1/1] (0.00ns)   --->   "%F_32_load = load i32 %F_32"   --->   Operation 171 'load' 'F_32_load' <Predicate = (icmp_ln41)> <Delay = 0.00>
ST_1 : Operation 172 [1/1] (0.00ns)   --->   "%write_ln0 = write void @_ssdm_op_Write.ap_auto.floatP0A, i32 %F_32_out, i32 %F_32_load"   --->   Operation 172 'write' 'write_ln0' <Predicate = (icmp_ln41)> <Delay = 0.00>
ST_1 : Operation 173 [1/1] (0.00ns)   --->   "%write_ln0 = write void @_ssdm_op_Write.ap_auto.floatP0A, i32 %F_31_out, i32 %F_31_load"   --->   Operation 173 'write' 'write_ln0' <Predicate = (icmp_ln41)> <Delay = 0.00>
ST_1 : Operation 174 [1/1] (0.00ns)   --->   "%write_ln0 = write void @_ssdm_op_Write.ap_auto.floatP0A, i32 %F_30_out, i32 %F_30_load"   --->   Operation 174 'write' 'write_ln0' <Predicate = (icmp_ln41)> <Delay = 0.00>
ST_1 : Operation 175 [1/1] (0.00ns)   --->   "%write_ln0 = write void @_ssdm_op_Write.ap_auto.floatP0A, i32 %F_29_out, i32 %F_29_load"   --->   Operation 175 'write' 'write_ln0' <Predicate = (icmp_ln41)> <Delay = 0.00>
ST_1 : Operation 176 [1/1] (0.00ns)   --->   "%write_ln0 = write void @_ssdm_op_Write.ap_auto.floatP0A, i32 %F_28_out, i32 %F_28_load"   --->   Operation 176 'write' 'write_ln0' <Predicate = (icmp_ln41)> <Delay = 0.00>
ST_1 : Operation 177 [1/1] (0.00ns)   --->   "%write_ln0 = write void @_ssdm_op_Write.ap_auto.floatP0A, i32 %F_27_out, i32 %F_27_load"   --->   Operation 177 'write' 'write_ln0' <Predicate = (icmp_ln41)> <Delay = 0.00>
ST_1 : Operation 178 [1/1] (0.00ns)   --->   "%write_ln0 = write void @_ssdm_op_Write.ap_auto.floatP0A, i32 %F_26_out, i32 %F_26_load"   --->   Operation 178 'write' 'write_ln0' <Predicate = (icmp_ln41)> <Delay = 0.00>
ST_1 : Operation 179 [1/1] (0.00ns)   --->   "%write_ln0 = write void @_ssdm_op_Write.ap_auto.floatP0A, i32 %F_25_out, i32 %F_25_load"   --->   Operation 179 'write' 'write_ln0' <Predicate = (icmp_ln41)> <Delay = 0.00>
ST_1 : Operation 180 [1/1] (0.00ns)   --->   "%write_ln0 = write void @_ssdm_op_Write.ap_auto.floatP0A, i32 %F_24_out, i32 %F_24_load"   --->   Operation 180 'write' 'write_ln0' <Predicate = (icmp_ln41)> <Delay = 0.00>
ST_1 : Operation 181 [1/1] (0.00ns)   --->   "%write_ln0 = write void @_ssdm_op_Write.ap_auto.floatP0A, i32 %F_23_out, i32 %F_23_load"   --->   Operation 181 'write' 'write_ln0' <Predicate = (icmp_ln41)> <Delay = 0.00>
ST_1 : Operation 182 [1/1] (0.00ns)   --->   "%write_ln0 = write void @_ssdm_op_Write.ap_auto.floatP0A, i32 %F_22_out, i32 %F_22_load"   --->   Operation 182 'write' 'write_ln0' <Predicate = (icmp_ln41)> <Delay = 0.00>
ST_1 : Operation 183 [1/1] (0.00ns)   --->   "%write_ln0 = write void @_ssdm_op_Write.ap_auto.floatP0A, i32 %F_21_out, i32 %F_21_load"   --->   Operation 183 'write' 'write_ln0' <Predicate = (icmp_ln41)> <Delay = 0.00>
ST_1 : Operation 184 [1/1] (0.00ns)   --->   "%write_ln0 = write void @_ssdm_op_Write.ap_auto.floatP0A, i32 %F_20_out, i32 %F_20_load"   --->   Operation 184 'write' 'write_ln0' <Predicate = (icmp_ln41)> <Delay = 0.00>
ST_1 : Operation 185 [1/1] (0.00ns)   --->   "%write_ln0 = write void @_ssdm_op_Write.ap_auto.floatP0A, i32 %F_19_out, i32 %F_19_load"   --->   Operation 185 'write' 'write_ln0' <Predicate = (icmp_ln41)> <Delay = 0.00>
ST_1 : Operation 186 [1/1] (0.00ns)   --->   "%write_ln0 = write void @_ssdm_op_Write.ap_auto.floatP0A, i32 %F_18_out, i32 %F_18_load"   --->   Operation 186 'write' 'write_ln0' <Predicate = (icmp_ln41)> <Delay = 0.00>
ST_1 : Operation 187 [1/1] (0.00ns)   --->   "%write_ln0 = write void @_ssdm_op_Write.ap_auto.floatP0A, i32 %F_17_out, i32 %F_17_load"   --->   Operation 187 'write' 'write_ln0' <Predicate = (icmp_ln41)> <Delay = 0.00>
ST_1 : Operation 188 [1/1] (0.00ns)   --->   "%write_ln0 = write void @_ssdm_op_Write.ap_auto.floatP0A, i32 %F_16_out, i32 %F_16_load"   --->   Operation 188 'write' 'write_ln0' <Predicate = (icmp_ln41)> <Delay = 0.00>
ST_1 : Operation 189 [1/1] (0.00ns)   --->   "%write_ln0 = write void @_ssdm_op_Write.ap_auto.floatP0A, i32 %F_15_out, i32 %F_15_load"   --->   Operation 189 'write' 'write_ln0' <Predicate = (icmp_ln41)> <Delay = 0.00>
ST_1 : Operation 190 [1/1] (0.00ns)   --->   "%write_ln0 = write void @_ssdm_op_Write.ap_auto.floatP0A, i32 %F_14_out, i32 %F_14_load"   --->   Operation 190 'write' 'write_ln0' <Predicate = (icmp_ln41)> <Delay = 0.00>
ST_1 : Operation 191 [1/1] (0.00ns)   --->   "%write_ln0 = write void @_ssdm_op_Write.ap_auto.floatP0A, i32 %F_13_out, i32 %F_13_load"   --->   Operation 191 'write' 'write_ln0' <Predicate = (icmp_ln41)> <Delay = 0.00>
ST_1 : Operation 192 [1/1] (0.00ns)   --->   "%write_ln0 = write void @_ssdm_op_Write.ap_auto.floatP0A, i32 %F_12_out, i32 %F_12_load"   --->   Operation 192 'write' 'write_ln0' <Predicate = (icmp_ln41)> <Delay = 0.00>
ST_1 : Operation 193 [1/1] (0.00ns)   --->   "%write_ln0 = write void @_ssdm_op_Write.ap_auto.floatP0A, i32 %F_11_out, i32 %F_11_load"   --->   Operation 193 'write' 'write_ln0' <Predicate = (icmp_ln41)> <Delay = 0.00>
ST_1 : Operation 194 [1/1] (0.00ns)   --->   "%write_ln0 = write void @_ssdm_op_Write.ap_auto.floatP0A, i32 %F_10_out, i32 %F_10_load"   --->   Operation 194 'write' 'write_ln0' <Predicate = (icmp_ln41)> <Delay = 0.00>
ST_1 : Operation 195 [1/1] (0.00ns)   --->   "%write_ln0 = write void @_ssdm_op_Write.ap_auto.floatP0A, i32 %F_9_out, i32 %F_9_load"   --->   Operation 195 'write' 'write_ln0' <Predicate = (icmp_ln41)> <Delay = 0.00>
ST_1 : Operation 196 [1/1] (0.00ns)   --->   "%write_ln0 = write void @_ssdm_op_Write.ap_auto.floatP0A, i32 %F_8_out, i32 %F_8_load"   --->   Operation 196 'write' 'write_ln0' <Predicate = (icmp_ln41)> <Delay = 0.00>
ST_1 : Operation 197 [1/1] (0.00ns)   --->   "%write_ln0 = write void @_ssdm_op_Write.ap_auto.floatP0A, i32 %F_7_out, i32 %F_7_load"   --->   Operation 197 'write' 'write_ln0' <Predicate = (icmp_ln41)> <Delay = 0.00>
ST_1 : Operation 198 [1/1] (0.00ns)   --->   "%write_ln0 = write void @_ssdm_op_Write.ap_auto.floatP0A, i32 %F_6_out, i32 %F_6_load"   --->   Operation 198 'write' 'write_ln0' <Predicate = (icmp_ln41)> <Delay = 0.00>
ST_1 : Operation 199 [1/1] (0.00ns)   --->   "%write_ln0 = write void @_ssdm_op_Write.ap_auto.floatP0A, i32 %F_5_out, i32 %F_5_load"   --->   Operation 199 'write' 'write_ln0' <Predicate = (icmp_ln41)> <Delay = 0.00>
ST_1 : Operation 200 [1/1] (0.00ns)   --->   "%write_ln0 = write void @_ssdm_op_Write.ap_auto.floatP0A, i32 %F_4_out, i32 %F_4_load"   --->   Operation 200 'write' 'write_ln0' <Predicate = (icmp_ln41)> <Delay = 0.00>
ST_1 : Operation 201 [1/1] (0.00ns)   --->   "%write_ln0 = write void @_ssdm_op_Write.ap_auto.floatP0A, i32 %F_3_out, i32 %F_3_load"   --->   Operation 201 'write' 'write_ln0' <Predicate = (icmp_ln41)> <Delay = 0.00>
ST_1 : Operation 202 [1/1] (0.00ns)   --->   "%write_ln0 = write void @_ssdm_op_Write.ap_auto.floatP0A, i32 %F_2_out, i32 %F_2_load"   --->   Operation 202 'write' 'write_ln0' <Predicate = (icmp_ln41)> <Delay = 0.00>
ST_1 : Operation 203 [1/1] (0.00ns)   --->   "%write_ln0 = write void @_ssdm_op_Write.ap_auto.floatP0A, i32 %F_1_out, i32 %F_1_load"   --->   Operation 203 'write' 'write_ln0' <Predicate = (icmp_ln41)> <Delay = 0.00>
ST_1 : Operation 204 [1/1] (0.00ns)   --->   "%write_ln0 = write void @_ssdm_op_Write.ap_auto.floatP0A, i32 %F_out, i32 %F_load"   --->   Operation 204 'write' 'write_ln0' <Predicate = (icmp_ln41)> <Delay = 0.00>
ST_1 : Operation 205 [1/1] (0.00ns)   --->   "%ret_ln0 = ret"   --->   Operation 205 'ret' 'ret_ln0' <Predicate = (icmp_ln41)> <Delay = 0.00>


============================================================
+ Verbose Summary: Timing violations
============================================================
Target clock period: 10.000ns, clock uncertainty: 2.700ns.

 <State 1>: 2.002ns
The critical path consists of the following:
	'alloca' operation ('j') [34]  (0.000 ns)
	'load' operation ('j_load', ekf_core.cpp:42->ekf_core.cpp:54->ekf_core.cpp:162) on local variable 'j' [81]  (0.000 ns)
	'icmp' operation ('icmp_ln42', ekf_core.cpp:42->ekf_core.cpp:54->ekf_core.cpp:162) [85]  (0.673 ns)
	'select' operation ('select_ln41', ekf_core.cpp:41->ekf_core.cpp:54->ekf_core.cpp:162) [89]  (0.208 ns)
	'icmp' operation ('icmp_ln42_1', ekf_core.cpp:42->ekf_core.cpp:54->ekf_core.cpp:162) [91]  (0.673 ns)
	'select' operation ('F', ekf_core.cpp:42->ekf_core.cpp:54->ekf_core.cpp:162) [92]  (0.449 ns)
	'store' operation ('store_ln42', ekf_core.cpp:42->ekf_core.cpp:54->ekf_core.cpp:162) of variable 'F', ekf_core.cpp:42->ekf_core.cpp:54->ekf_core.cpp:162 on local variable 'F' [97]  (0.000 ns)


============================================================
+ Verbose Summary: Binding
============================================================
N/A
* FSMD analyzer results:
  - Output states:
 - Input state : 
  - Chain level:
	State 1


============================================================
+ Verbose Summary: Datapath Resource usage 
============================================================
N/A
