

================================================================
== Vitis HLS Report for 'ekf_batch_Pipeline_VITIS_LOOP_168_8'
================================================================
* Date:           Thu Sep  3 12:11:20 2026

* Version:        2023.1 (Build 3854077 on May  4 2023)
* Project:        EKF
* Solution:       solution1 (Vivado IP Flow Target)
* Product family: zynquplus
* Target device:  xczu9eg-ffvb1156-2-e


================================================================
== Performance Estimates
================================================================
+ Timing: 
    * Summary: 
    +--------+----------+----------+------------+
    |  Clock |  Target  | Estimated| Uncertainty|
    +--------+----------+----------+------------+
    |ap_clk  |  10.00 ns|  2.239 ns|     2.70 ns|
    +--------+----------+----------+------------+

+ Latency: 
    * Summary: 
    +---------+---------+-----------+-----------+-----+-----+---------+
    |  Latency (cycles) |   Latency (absolute)  |  Interval | Pipeline|
    |   min   |   max   |    min    |    max    | min | max |   Type  |
    +---------+---------+-----------+-----------+-----+-----+---------+
    |        8|        8|  80.000 ns|  80.000 ns|    8|    8|       no|
    +---------+---------+-----------+-----------+-----+-----+---------+

    + Detail: 
        * Instance: 
        N/A

        * Loop: 
        +--------------------+---------+---------+----------+-----------+-----------+------+----------+
        |                    |  Latency (cycles) | Iteration|  Initiation Interval  | Trip |          |
        |      Loop Name     |   min   |   max   |  Latency |  achieved |   target  | Count| Pipelined|
        +--------------------+---------+---------+----------+-----------+-----------+------+----------+
        |- VITIS_LOOP_168_8  |        6|        6|         2|          1|          1|     6|       yes|
        +--------------------+---------+---------+----------+-----------+-----------+------+----------+

============================================================
+ Verbose Summary: Synthesis Manager
============================================================
InlineROM: 1
ExposeGlobal: 0
============================================================
+ Verbose Summary: CDFG Model
============================================================
IsTopModel: 0
ResetActiveHigh: 1
IsCombinational: 0
IsDatapathOnly: 0
HasWiredReturn: 1
HasMFsm: 2
HasVarLatency: 1
IsPipeline: 0
IsRtlPipelined: 0
IsInstanceOverlapped: 0
IsDontTouch: 0
HasImplIP: 0
IsGatedGlobalClock: 0

+ Individual pipeline summary: 
  * Pipeline-0: initiation interval (II) = 1, depth = 2


============================================================
+ Verbose Summary: Schedule
============================================================
* Number of FSM states : 2
* Pipeline : 1
  Pipeline-0 : II = 1, D = 2, States = { 1 2 }
* Dataflow Pipeline: 0

* FSM state transitions: 
1 --> 2 
2 --> 

* FSM state operations: 

State 1 <SV = 0> <Delay = 2.23>
ST_1 : Operation 5 [1/1] (0.00ns)   --->   "%i = alloca i32 1"   --->   Operation 5 'alloca' 'i' <Predicate = true> <Delay = 0.00>
ST_1 : Operation 6 [1/1] (0.00ns)   --->   "%H = alloca i32 1"   --->   Operation 6 'alloca' 'H' <Predicate = true> <Delay = 0.00>
ST_1 : Operation 7 [1/1] (0.00ns)   --->   "%H_1 = alloca i32 1"   --->   Operation 7 'alloca' 'H_1' <Predicate = true> <Delay = 0.00>
ST_1 : Operation 8 [1/1] (0.00ns)   --->   "%H_2 = alloca i32 1"   --->   Operation 8 'alloca' 'H_2' <Predicate = true> <Delay = 0.00>
ST_1 : Operation 9 [1/1] (0.00ns)   --->   "%H_3 = alloca i32 1"   --->   Operation 9 'alloca' 'H_3' <Predicate = true> <Delay = 0.00>
ST_1 : Operation 10 [1/1] (0.00ns)   --->   "%H_4 = alloca i32 1"   --->   Operation 10 'alloca' 'H_4' <Predicate = true> <Delay = 0.00>
ST_1 : Operation 11 [1/1] (0.00ns)   --->   "%H_5 = alloca i32 1"   --->   Operation 11 'alloca' 'H_5' <Predicate = true> <Delay = 0.00>
ST_1 : Operation 12 [1/1] (0.00ns)   --->   "%zext_ln168_read = read i6 @_ssdm_op_Read.ap_auto.i6, i6 %zext_ln168"   --->   Operation 12 'read' 'zext_ln168_read' <Predicate = true> <Delay = 0.00>
ST_1 : Operation 13 [1/1] (0.00ns)   --->   "%zext_ln168_cast = zext i6 %zext_ln168_read"   --->   Operation 13 'zext' 'zext_ln168_cast' <Predicate = true> <Delay = 0.00>
ST_1 : Operation 14 [1/1] (0.42ns)   --->   "%store_ln0 = store i3 0, i3 %i"   --->   Operation 14 'store' 'store_ln0' <Predicate = true> <Delay = 0.42>
ST_1 : Operation 15 [1/1] (0.00ns)   --->   "%br_ln0 = br void %for.inc72"   --->   Operation 15 'br' 'br_ln0' <Predicate = true> <Delay = 0.00>
ST_1 : Operation 16 [1/1] (0.00ns)   --->   "%i_10 = load i3 %i" [ekf_core.cpp:168]   --->   Operation 16 'load' 'i_10' <Predicate = true> <Delay = 0.00>
ST_1 : Operation 17 [1/1] (0.00ns)   --->   "%specpipeline_ln0 = specpipeline void @_ssdm_op_SpecPipeline, i32 4294967295, i32 0, i32 1, i32 0, void @p_str"   --->   Operation 17 'specpipeline' 'specpipeline_ln0' <Predicate = true> <Delay = 0.00>
ST_1 : Operation 18 [1/1] (0.67ns)   --->   "%icmp_ln168 = icmp_eq  i3 %i_10, i3 6" [ekf_core.cpp:168]   --->   Operation 18 'icmp' 'icmp_ln168' <Predicate = true> <Delay = 0.67> <CoreInst = "Cmp">   --->   Core 9 'Cmp' <Latency = 0> <II = 1> <Delay = 0.67> <FuncUnit> <Opcode : 'icmp'> <InPorts = 2> <OutPorts = 1>
ST_1 : Operation 19 [1/1] (0.67ns)   --->   "%add_ln168_1 = add i3 %i_10, i3 1" [ekf_core.cpp:168]   --->   Operation 19 'add' 'add_ln168_1' <Predicate = true> <Delay = 0.67> <CoreInst = "Adder">   --->   Core 1 'Adder' <Latency = 0> <II = 1> <Delay = 0.67> <FuncUnit> <Opcode : 'add' 'sub'> <InPorts = 2> <OutPorts = 1>
ST_1 : Operation 20 [1/1] (0.00ns)   --->   "%br_ln168 = br i1 %icmp_ln168, void %for.inc72.split, void %for.end74.exitStub" [ekf_core.cpp:168]   --->   Operation 20 'br' 'br_ln168' <Predicate = true> <Delay = 0.00>
ST_1 : Operation 21 [1/1] (0.00ns)   --->   "%trunc_ln168_cast = zext i3 %i_10" [ekf_core.cpp:168]   --->   Operation 21 'zext' 'trunc_ln168_cast' <Predicate = (!icmp_ln168)> <Delay = 0.00>
ST_1 : Operation 22 [1/1] (0.78ns)   --->   "%add_ln168_2 = add i6 %trunc_ln168_cast, i6 42" [ekf_core.cpp:168]   --->   Operation 22 'add' 'add_ln168_2' <Predicate = (!icmp_ln168)> <Delay = 0.78> <CoreInst = "Adder">   --->   Core 1 'Adder' <Latency = 0> <II = 1> <Delay = 0.78> <FuncUnit> <Opcode : 'add' 'sub'> <InPorts = 2> <OutPorts = 1>
ST_1 : Operation 23 [1/1] (0.00ns)   --->   "%zext_ln168_1 = zext i6 %add_ln168_2" [ekf_core.cpp:168]   --->   Operation 23 'zext' 'zext_ln168_1' <Predicate = (!icmp_ln168)> <Delay = 0.00>
ST_1 : Operation 24 [1/1] (0.78ns)   --->   "%add_ln168 = add i7 %zext_ln168_1, i7 %zext_ln168_cast" [ekf_core.cpp:168]   --->   Operation 24 'add' 'add_ln168' <Predicate = (!icmp_ln168)> <Delay = 0.78> <CoreInst = "Adder">   --->   Core 1 'Adder' <Latency = 0> <II = 1> <Delay = 0.78> <FuncUnit> <Opcode : 'add' 'sub'> <InPorts = 2> <OutPorts = 1>
ST_1 : Operation 25 [1/1] (0.00ns)   --->   "%lshr_ln2 = partselect i4 @_ssdm_op_PartSelect.i4.i7.i32.i32, i7 %add_ln168, i32 3, i32 6" [ekf_core.cpp:168]   --->   Operation 25 'partselect' 'lshr_ln2' <Predicate = (!icmp_ln168)> <Delay = 0.00>
ST_1 : Operation 26 [1/1] (0.00ns)   --->   "%zext_ln168_2 = zext i4 %lshr_ln2" [ekf_core.cpp:168]   --->   Operation 26 'zext' 'zext_ln168_2' <Predicate = (!icmp_ln168)> <Delay = 0.00>
ST_1 : Operation 27 [1/1] (0.00ns)   --->   "%local_2_addr = getelementptr i32 %local_2, i64 0, i64 %zext_ln168_2" [ekf_core.cpp:168]   --->   Operation 27 'getelementptr' 'local_2_addr' <Predicate = (!icmp_ln168)> <Delay = 0.00>
ST_1 : Operation 28 [1/1] (0.00ns)   --->   "%local_3_addr = getelementptr i32 %local_3, i64 0, i64 %zext_ln168_2" [ekf_core.cpp:168]   --->   Operation 28 'getelementptr' 'local_3_addr' <Predicate = (!icmp_ln168)> <Delay = 0.00>
ST_1 : Operation 29 [1/1] (0.00ns)   --->   "%local_4_addr = getelementptr i32 %local_4, i64 0, i64 %zext_ln168_2" [ekf_core.cpp:168]   --->   Operation 29 'getelementptr' 'local_4_addr' <Predicate = (!icmp_ln168)> <Delay = 0.00>
ST_1 : Operation 30 [1/1] (0.00ns)   --->   "%local_5_addr = getelementptr i32 %local_5, i64 0, i64 %zext_ln168_2" [ekf_core.cpp:168]   --->   Operation 30 'getelementptr' 'local_5_addr' <Predicate = (!icmp_ln168)> <Delay = 0.00>
ST_1 : Operation 31 [1/1] (0.00ns)   --->   "%local_6_addr = getelementptr i32 %local_6, i64 0, i64 %zext_ln168_2" [ekf_core.cpp:168]   --->   Operation 31 'getelementptr' 'local_6_addr' <Predicate = (!icmp_ln168)> <Delay = 0.00>
ST_1 : Operation 32 [1/1] (0.00ns)   --->   "%local_7_addr = getelementptr i32 %local_7, i64 0, i64 %zext_ln168_2" [ekf_core.cpp:168]   --->   Operation 32 'getelementptr' 'local_7_addr' <Predicate = (!icmp_ln168)> <Delay = 0.00>
ST_1 : Operation 33 [2/2] (0.67ns)   --->   "%local_2_load = load i4 %local_2_addr" [ekf_core.cpp:168]   --->   Operation 33 'load' 'local_2_load' <Predicate = (!icmp_ln168)> <Delay = 0.67> <CoreInst = "RAM">   --->   Core 83 'RAM' <Latency = 1> <II = 1> <Delay = 0.67> <Storage> <Opcode : 'load' 'store'> <Ports = 2> <Width = 32> <Depth = 13> <RAM>
ST_1 : Operation 34 [2/2] (0.67ns)   --->   "%local_3_load = load i4 %local_3_addr" [ekf_core.cpp:168]   --->   Operation 34 'load' 'local_3_load' <Predicate = (!icmp_ln168)> <Delay = 0.67> <CoreInst = "RAM">   --->   Core 83 'RAM' <Latency = 1> <II = 1> <Delay = 0.67> <Storage> <Opcode : 'load' 'store'> <Ports = 2> <Width = 32> <Depth = 13> <RAM>
ST_1 : Operation 35 [2/2] (0.67ns)   --->   "%local_4_load = load i4 %local_4_addr" [ekf_core.cpp:168]   --->   Operation 35 'load' 'local_4_load' <Predicate = (!icmp_ln168)> <Delay = 0.67> <CoreInst = "RAM">   --->   Core 83 'RAM' <Latency = 1> <II = 1> <Delay = 0.67> <Storage> <Opcode : 'load' 'store'> <Ports = 2> <Width = 32> <Depth = 13> <RAM>
ST_1 : Operation 36 [2/2] (0.67ns)   --->   "%local_5_load = load i4 %local_5_addr" [ekf_core.cpp:168]   --->   Operation 36 'load' 'local_5_load' <Predicate = (!icmp_ln168)> <Delay = 0.67> <CoreInst = "RAM">   --->   Core 83 'RAM' <Latency = 1> <II = 1> <Delay = 0.67> <Storage> <Opcode : 'load' 'store'> <Ports = 2> <Width = 32> <Depth = 13> <RAM>
ST_1 : Operation 37 [2/2] (0.67ns)   --->   "%local_6_load = load i4 %local_6_addr" [ekf_core.cpp:168]   --->   Operation 37 'load' 'local_6_load' <Predicate = (!icmp_ln168)> <Delay = 0.67> <CoreInst = "RAM">   --->   Core 83 'RAM' <Latency = 1> <II = 1> <Delay = 0.67> <Storage> <Opcode : 'load' 'store'> <Ports = 2> <Width = 32> <Depth = 13> <RAM>
ST_1 : Operation 38 [2/2] (0.67ns)   --->   "%local_7_load = load i4 %local_7_addr" [ekf_core.cpp:168]   --->   Operation 38 'load' 'local_7_load' <Predicate = (!icmp_ln168)> <Delay = 0.67> <CoreInst = "RAM">   --->   Core 83 'RAM' <Latency = 1> <II = 1> <Delay = 0.67> <Storage> <Opcode : 'load' 'store'> <Ports = 2> <Width = 32> <Depth = 13> <RAM>
ST_1 : Operation 39 [1/1] (0.73ns)   --->   "%switch_ln168 = switch i3 %i_10, void %arrayidx71.case.5, i3 0, void %for.inc72.split.arrayidx71.exit_crit_edge3, i3 1, void %arrayidx71.case.1, i3 2, void %arrayidx71.case.2, i3 3, void %arrayidx71.case.3, i3 4, void %for.inc72.split.arrayidx71.exit_crit_edge" [ekf_core.cpp:168]   --->   Operation 39 'switch' 'switch_ln168' <Predicate = (!icmp_ln168)> <Delay = 0.73>
ST_1 : Operation 40 [1/1] (0.42ns)   --->   "%store_ln168 = store i3 %add_ln168_1, i3 %i" [ekf_core.cpp:168]   --->   Operation 40 'store' 'store_ln168' <Predicate = (!icmp_ln168)> <Delay = 0.42>
ST_1 : Operation 41 [1/1] (0.00ns)   --->   "%br_ln168 = br void %for.inc72" [ekf_core.cpp:168]   --->   Operation 41 'br' 'br_ln168' <Predicate = (!icmp_ln168)> <Delay = 0.00>
ST_1 : Operation 63 [1/1] (0.00ns)   --->   "%H_load = load i32 %H"   --->   Operation 63 'load' 'H_load' <Predicate = (icmp_ln168)> <Delay = 0.00>
ST_1 : Operation 64 [1/1] (0.00ns)   --->   "%H_1_load = load i32 %H_1"   --->   Operation 64 'load' 'H_1_load' <Predicate = (icmp_ln168)> <Delay = 0.00>
ST_1 : Operation 65 [1/1] (0.00ns)   --->   "%H_2_load = load i32 %H_2"   --->   Operation 65 'load' 'H_2_load' <Predicate = (icmp_ln168)> <Delay = 0.00>
ST_1 : Operation 66 [1/1] (0.00ns)   --->   "%H_3_load = load i32 %H_3"   --->   Operation 66 'load' 'H_3_load' <Predicate = (icmp_ln168)> <Delay = 0.00>
ST_1 : Operation 67 [1/1] (0.00ns)   --->   "%H_4_load = load i32 %H_4"   --->   Operation 67 'load' 'H_4_load' <Predicate = (icmp_ln168)> <Delay = 0.00>
ST_1 : Operation 68 [1/1] (0.00ns)   --->   "%H_5_load = load i32 %H_5"   --->   Operation 68 'load' 'H_5_load' <Predicate = (icmp_ln168)> <Delay = 0.00>
ST_1 : Operation 69 [1/1] (0.00ns)   --->   "%write_ln0 = write void @_ssdm_op_Write.ap_auto.floatP0A, i32 %H_5_out, i32 %H_5_load"   --->   Operation 69 'write' 'write_ln0' <Predicate = (icmp_ln168)> <Delay = 0.00>
ST_1 : Operation 70 [1/1] (0.00ns)   --->   "%write_ln0 = write void @_ssdm_op_Write.ap_auto.floatP0A, i32 %H_4_out, i32 %H_4_load"   --->   Operation 70 'write' 'write_ln0' <Predicate = (icmp_ln168)> <Delay = 0.00>
ST_1 : Operation 71 [1/1] (0.00ns)   --->   "%write_ln0 = write void @_ssdm_op_Write.ap_auto.floatP0A, i32 %H_3_out, i32 %H_3_load"   --->   Operation 71 'write' 'write_ln0' <Predicate = (icmp_ln168)> <Delay = 0.00>
ST_1 : Operation 72 [1/1] (0.00ns)   --->   "%write_ln0 = write void @_ssdm_op_Write.ap_auto.floatP0A, i32 %H_2_out, i32 %H_2_load"   --->   Operation 72 'write' 'write_ln0' <Predicate = (icmp_ln168)> <Delay = 0.00>
ST_1 : Operation 73 [1/1] (0.00ns)   --->   "%write_ln0 = write void @_ssdm_op_Write.ap_auto.floatP0A, i32 %H_1_out, i32 %H_1_load"   --->   Operation 73 'write' 'write_ln0' <Predicate = (icmp_ln168)> <Delay = 0.00>
ST_1 : Operation 74 [1/1] (0.00ns)   --->   "%write_ln0 = write void @_ssdm_op_Write.ap_auto.floatP0A, i32 %H_out, i32 %H_load"   --->   Operation 74 'write' 'write_ln0' <Predicate = (icmp_ln168)> <Delay = 0.00>
ST_1 : Operation 75 [1/1] (0.00ns)   --->   "%ret_ln0 = ret"   --->   Operation 75 'ret' 'ret_ln0' <Predicate = (icmp_ln168)> <Delay = 0.00>

State 2 <SV = 1> <Delay = 1.30>
ST_2 : Operation 42 [1/1] (0.00ns)   --->   "%speclooptripcount_ln166 = speclooptripcount void @_ssdm_op_SpecLoopTripCount, i64 6, i64 6, i64 6" [ekf_core.cpp:166]   --->   Operation 42 'speclooptripcount' 'speclooptripcount_ln166' <Predicate = true> <Delay = 0.00>
ST_2 : Operation 43 [1/1] (0.00ns)   --->   "%specloopname_ln168 = specloopname void @_ssdm_op_SpecLoopName, void @empty_32" [ekf_core.cpp:168]   --->   Operation 43 'specloopname' 'specloopname_ln168' <Predicate = true> <Delay = 0.00>
ST_2 : Operation 44 [1/2] (0.67ns)   --->   "%local_2_load = load i4 %local_2_addr" [ekf_core.cpp:168]   --->   Operation 44 'load' 'local_2_load' <Predicate = true> <Delay = 0.67> <CoreInst = "RAM">   --->   Core 83 'RAM' <Latency = 1> <II = 1> <Delay = 0.67> <Storage> <Opcode : 'load' 'store'> <Ports = 2> <Width = 32> <Depth = 13> <RAM>
ST_2 : Operation 45 [1/2] (0.67ns)   --->   "%local_3_load = load i4 %local_3_addr" [ekf_core.cpp:168]   --->   Operation 45 'load' 'local_3_load' <Predicate = true> <Delay = 0.67> <CoreInst = "RAM">   --->   Core 83 'RAM' <Latency = 1> <II = 1> <Delay = 0.67> <Storage> <Opcode : 'load' 'store'> <Ports = 2> <Width = 32> <Depth = 13> <RAM>
ST_2 : Operation 46 [1/2] (0.67ns)   --->   "%local_4_load = load i4 %local_4_addr" [ekf_core.cpp:168]   --->   Operation 46 'load' 'local_4_load' <Predicate = true> <Delay = 0.67> <CoreInst = "RAM">   --->   Core 83 'RAM' <Latency = 1> <II = 1> <Delay = 0.67> <Storage> <Opcode : 'load' 'store'> <Ports = 2> <Width = 32> <Depth = 13> <RAM>
ST_2 : Operation 47 [1/2] (0.67ns)   --->   "%local_5_load = load i4 %local_5_addr" [ekf_core.cpp:168]   --->   Operation 47 'load' 'local_5_load' <Predicate = true> <Delay = 0.67> <CoreInst = "RAM">   --->   Core 83 'RAM' <Latency = 1> <II = 1> <Delay = 0.67> <Storage> <Opcode : 'load' 'store'> <Ports = 2> <Width = 32> <Depth = 13> <RAM>
ST_2 : Operation 48 [1/2] (0.67ns)   --->   "%local_6_load = load i4 %local_6_addr" [ekf_core.cpp:168]   --->   Operation 48 'load' 'local_6_load' <Predicate = true> <Delay = 0.67> <CoreInst = "RAM">   --->   Core 83 'RAM' <Latency = 1> <II = 1> <Delay = 0.67> <Storage> <Opcode : 'load' 'store'> <Ports = 2> <Width = 32> <Depth = 13> <RAM>
ST_2 : Operation 49 [1/2] (0.67ns)   --->   "%local_7_load = load i4 %local_7_addr" [ekf_core.cpp:168]   --->   Operation 49 'load' 'local_7_load' <Predicate = true> <Delay = 0.67> <CoreInst = "RAM">   --->   Core 83 'RAM' <Latency = 1> <II = 1> <Delay = 0.67> <Storage> <Opcode : 'load' 'store'> <Ports = 2> <Width = 32> <Depth = 13> <RAM>
ST_2 : Operation 50 [1/1] (0.62ns)   --->   "%H_6 = mux i32 @_ssdm_op_Mux.ap_auto.6float.i3, i32 %local_2_load, i32 %local_3_load, i32 %local_4_load, i32 %local_5_load, i32 %local_6_load, i32 %local_7_load, i3 %i_10" [ekf_core.cpp:168]   --->   Operation 50 'mux' 'H_6' <Predicate = true> <Delay = 0.62> <CoreInst = "Multiplexer">   --->   Core 76 'Multiplexer' <Latency = 0> <II = 1> <Delay = 0.62> <FuncUnit> <Opcode : 'mux'> <InPorts = 2> <OutPorts = 1>
ST_2 : Operation 51 [1/1] (0.00ns)   --->   "%store_ln168 = store i32 %H_6, i32 %H_1" [ekf_core.cpp:168]   --->   Operation 51 'store' 'store_ln168' <Predicate = (i_10 == 4)> <Delay = 0.00>
ST_2 : Operation 52 [1/1] (0.00ns)   --->   "%br_ln168 = br void %arrayidx71.exit" [ekf_core.cpp:168]   --->   Operation 52 'br' 'br_ln168' <Predicate = (i_10 == 4)> <Delay = 0.00>
ST_2 : Operation 53 [1/1] (0.00ns)   --->   "%store_ln168 = store i32 %H_6, i32 %H_2" [ekf_core.cpp:168]   --->   Operation 53 'store' 'store_ln168' <Predicate = (i_10 == 3)> <Delay = 0.00>
ST_2 : Operation 54 [1/1] (0.00ns)   --->   "%br_ln168 = br void %arrayidx71.exit" [ekf_core.cpp:168]   --->   Operation 54 'br' 'br_ln168' <Predicate = (i_10 == 3)> <Delay = 0.00>
ST_2 : Operation 55 [1/1] (0.00ns)   --->   "%store_ln168 = store i32 %H_6, i32 %H_3" [ekf_core.cpp:168]   --->   Operation 55 'store' 'store_ln168' <Predicate = (i_10 == 2)> <Delay = 0.00>
ST_2 : Operation 56 [1/1] (0.00ns)   --->   "%br_ln168 = br void %arrayidx71.exit" [ekf_core.cpp:168]   --->   Operation 56 'br' 'br_ln168' <Predicate = (i_10 == 2)> <Delay = 0.00>
ST_2 : Operation 57 [1/1] (0.00ns)   --->   "%store_ln168 = store i32 %H_6, i32 %H_4" [ekf_core.cpp:168]   --->   Operation 57 'store' 'store_ln168' <Predicate = (i_10 == 1)> <Delay = 0.00>
ST_2 : Operation 58 [1/1] (0.00ns)   --->   "%br_ln168 = br void %arrayidx71.exit" [ekf_core.cpp:168]   --->   Operation 58 'br' 'br_ln168' <Predicate = (i_10 == 1)> <Delay = 0.00>
ST_2 : Operation 59 [1/1] (0.00ns)   --->   "%store_ln168 = store i32 %H_6, i32 %H_5" [ekf_core.cpp:168]   --->   Operation 59 'store' 'store_ln168' <Predicate = (i_10 == 0)> <Delay = 0.00>
ST_2 : Operation 60 [1/1] (0.00ns)   --->   "%br_ln168 = br void %arrayidx71.exit" [ekf_core.cpp:168]   --->   Operation 60 'br' 'br_ln168' <Predicate = (i_10 == 0)> <Delay = 0.00>
ST_2 : Operation 61 [1/1] (0.00ns)   --->   "%store_ln168 = store i32 %H_6, i32 %H" [ekf_core.cpp:168]   --->   Operation 61 'store' 'store_ln168' <Predicate = (i_10 == 7) | (i_10 == 6) | (i_10 == 5)> <Delay = 0.00>
ST_2 : Operation 62 [1/1] (0.00ns)   --->   "%br_ln168 = br void %arrayidx71.exit" [ekf_core.cpp:168]   --->   Operation 62 'br' 'br_ln168' <Predicate = (i_10 == 7) | (i_10 == 6) | (i_10 == 5)> <Delay = 0.00>


============================================================
+ Verbose Summary: Binding
============================================================
STG Binding: 
---------------- STG Properties BEGIN ----------------
- Is combinational: 0
- Is one-state seq: 0
- Is datapath-only: 0
- Is pipelined: 0
- Is top level: 0
Port [ Return ] is wired: 1; IO mode=ap_ctrl_hs:ce=0
Port [ zext_ln168]:  wired=1; compound=0; hidden=0; nouse=0; global=0; static=0; extern=0; dir=0; type=0; pingpong=0; private_global=0; IO mode=ap_none:ce=0
Port [ local_2]:  wired=1; compound=1; hidden=0; nouse=0; global=0; static=0; extern=0; dir=0; type=1; pingpong=0; private_global=0; MemPort=[13]; IO mode=ap_memory:ce=0
Port [ local_3]:  wired=1; compound=1; hidden=0; nouse=0; global=0; static=0; extern=0; dir=0; type=1; pingpong=0; private_global=0; MemPort=[13]; IO mode=ap_memory:ce=0
Port [ local_4]:  wired=1; compound=1; hidden=0; nouse=0; global=0; static=0; extern=0; dir=0; type=1; pingpong=0; private_global=0; MemPort=[13]; IO mode=ap_memory:ce=0
Port [ local_5]:  wired=1; compound=1; hidden=0; nouse=0; global=0; static=0; extern=0; dir=0; type=1; pingpong=0; private_global=0; MemPort=[13]; IO mode=ap_memory:ce=0
Port [ local_6]:  wired=1; compound=1; hidden=0; nouse=0; global=0; static=0; extern=0; dir=0; type=1; pingpong=0; private_global=0; MemPort=[13]; IO mode=ap_memory:ce=0
Port [ local_7]:  wired=1; compound=1; hidden=0; nouse=0; global=0; static=0; extern=0; dir=0; type=1; pingpong=0; private_global=0; MemPort=[13]; IO mode=ap_memory:ce=0
Port [ H_5_out]:  wired=1; compound=0; hidden=0; nouse=0; global=0; static=0; extern=0; dir=1; type=0; pingpong=0; private_global=0; IO mode=ap_vld:ce=0
Port [ H_4_out]:  wired=1; compound=0; hidden=0; nouse=0; global=0; static=0; extern=0; dir=1; type=0; pingpong=0; private_global=0; IO mode=ap_vld:ce=0
Port [ H_3_out]:  wired=1; compound=0; hidden=0; nouse=0; global=0; static=0; extern=0; dir=1; type=0; pingpong=0; private_global=0; IO mode=ap_vld:ce=0
Port [ H_2_out]:  wired=1; compound=0; hidden=0; nouse=0; global=0; static=0; extern=0; dir=1; type=0; pingpong=0; private_global=0; IO mode=ap_vld:ce=0
Port [ H_1_out]:  wired=1; compound=0; hidden=0; nouse=0; global=0; static=0; extern=0; dir=1; type=0; pingpong=0; private_global=0; IO mode=ap_vld:ce=0
Port [ H_out]:  wired=1; compound=0; hidden=0; nouse=0; global=0; static=0; extern=0; dir=1; type=0; pingpong=0; private_global=0; IO mode=ap_vld:ce=0
---------------- STG Properties END ------------------

---------------- Datapath Model BEGIN ----------------

<LifeTime>
<method=bitvector/>
i                       (alloca           ) [ 010]
H                       (alloca           ) [ 011]
H_1                     (alloca           ) [ 011]
H_2                     (alloca           ) [ 011]
H_3                     (alloca           ) [ 011]
H_4                     (alloca           ) [ 011]
H_5                     (alloca           ) [ 011]
zext_ln168_read         (read             ) [ 000]
zext_ln168_cast         (zext             ) [ 000]
store_ln0               (store            ) [ 000]
br_ln0                  (br               ) [ 000]
i_10                    (load             ) [ 011]
specpipeline_ln0        (specpipeline     ) [ 000]
icmp_ln168              (icmp             ) [ 010]
add_ln168_1             (add              ) [ 000]
br_ln168                (br               ) [ 000]
trunc_ln168_cast        (zext             ) [ 000]
add_ln168_2             (add              ) [ 000]
zext_ln168_1            (zext             ) [ 000]
add_ln168               (add              ) [ 000]
lshr_ln2                (partselect       ) [ 000]
zext_ln168_2            (zext             ) [ 000]
local_2_addr            (getelementptr    ) [ 011]
local_3_addr            (getelementptr    ) [ 011]
local_4_addr            (getelementptr    ) [ 011]
local_5_addr            (getelementptr    ) [ 011]
local_6_addr            (getelementptr    ) [ 011]
local_7_addr            (getelementptr    ) [ 011]
switch_ln168            (switch           ) [ 000]
store_ln168             (store            ) [ 000]
br_ln168                (br               ) [ 000]
speclooptripcount_ln166 (speclooptripcount) [ 000]
specloopname_ln168      (specloopname     ) [ 000]
local_2_load            (load             ) [ 000]
local_3_load            (load             ) [ 000]
local_4_load            (load             ) [ 000]
local_5_load            (load             ) [ 000]
local_6_load            (load             ) [ 000]
local_7_load            (load             ) [ 000]
H_6                     (mux              ) [ 000]
store_ln168             (store            ) [ 000]
br_ln168                (br               ) [ 000]
store_ln168             (store            ) [ 000]
br_ln168                (br               ) [ 000]
store_ln168             (store            ) [ 000]
br_ln168                (br               ) [ 000]
store_ln168             (store            ) [ 000]
br_ln168                (br               ) [ 000]
store_ln168             (store            ) [ 000]
br_ln168                (br               ) [ 000]
store_ln168             (store            ) [ 000]
br_ln168                (br               ) [ 000]
H_load                  (load             ) [ 000]
H_1_load                (load             ) [ 000]
H_2_load                (load             ) [ 000]
H_3_load                (load             ) [ 000]
H_4_load                (load             ) [ 000]
H_5_load                (load             ) [ 000]
write_ln0               (write            ) [ 000]
write_ln0               (write            ) [ 000]
write_ln0               (write            ) [ 000]
write_ln0               (write            ) [ 000]
write_ln0               (write            ) [ 000]
write_ln0               (write            ) [ 000]
ret_ln0                 (ret              ) [ 000]
</LifeTime>

<model>

<comp_list>
<comp id="0" class="1000" name="zext_ln168">
<pin_list>
<pin id="1" dir="1" index="0" bw="1" slack="0"/>
</pin_list>
<bind>
<StgValue><ssdm name="zext_ln168"/></StgValue>
</bind>
</comp>

<comp id="2" class="1000" name="local_2">
<pin_list>
<pin id="3" dir="1" index="0" bw="1" slack="0"/>
</pin_list>
<bind>
<StgValue><ssdm name="local_2"/><MemPortTyVec>1 3 </MemPortTyVec>
</StgValue>
</bind>
</comp>

<comp id="4" class="1000" name="local_3">
<pin_list>
<pin id="5" dir="1" index="0" bw="1" slack="0"/>
</pin_list>
<bind>
<StgValue><ssdm name="local_3"/><MemPortTyVec>1 3 </MemPortTyVec>
</StgValue>
</bind>
</comp>

<comp id="6" class="1000" name="local_4">
<pin_list>
<pin id="7" dir="1" index="0" bw="1" slack="0"/>
</pin_list>
<bind>
<StgValue><ssdm name="local_4"/><MemPortTyVec>1 3 </MemPortTyVec>
</StgValue>
</bind>
</comp>

<comp id="8" class="1000" name="local_5">
<pin_list>
<pin id="9" dir="1" index="0" bw="1" slack="0"/>
</pin_list>
<bind>
<StgValue><ssdm name="local_5"/><MemPortTyVec>1 3 </MemPortTyVec>
</StgValue>
</bind>
</comp>

<comp id="10" class="1000" name="local_6">
<pin_list>
<pin id="11" dir="1" index="0" bw="1" slack="0"/>
</pin_list>
<bind>
<StgValue><ssdm name="local_6"/><MemPortTyVec>1 3 </MemPortTyVec>
</StgValue>
</bind>
</comp>

<comp id="12" class="1000" name="local_7">
<pin_list>
<pin id="13" dir="1" index="0" bw="1" slack="0"/>
</pin_list>
<bind>
<StgValue><ssdm name="local_7"/><MemPortTyVec>1 3 </MemPortTyVec>
</StgValue>
</bind>
</comp>

<comp id="14" class="1000" name="H_5_out">
<pin_list>
<pin id="15" dir="1" index="0" bw="1" slack="0"/>
</pin_list>
<bind>
<StgValue><ssdm name="H_5_out"/></StgValue>
</bind>
</comp>

<comp id="16" class="1000" name="H_4_out">
<pin_list>
<pin id="17" dir="1" index="0" bw="1" slack="0"/>
</pin_list>
<bind>
<StgValue><ssdm name="H_4_out"/></StgValue>
</bind>
</comp>

<comp id="18" class="1000" name="H_3_out">
<pin_list>
<pin id="19" dir="1" index="0" bw="1" slack="0"/>
</pin_list>
<bind>
<StgValue><ssdm name="H_3_out"/></StgValue>
</bind>
</comp>

<comp id="20" class="1000" name="H_2_out">
<pin_list>
<pin id="21" dir="1" index="0" bw="1" slack="0"/>
</pin_list>
<bind>
<StgValue><ssdm name="H_2_out"/></StgValue>
</bind>
</comp>

<comp id="22" class="1000" name="H_1_out">
<pin_list>
<pin id="23" dir="1" index="0" bw="1" slack="0"/>
</pin_list>
<bind>
<StgValue><ssdm name="H_1_out"/></StgValue>
</bind>
</comp>

<comp id="24" class="1000" name="H_out">
<pin_list>
<pin id="25" dir="1" index="0" bw="1" slack="0"/>
</pin_list>
<bind>
<StgValue><ssdm name="H_out"/></StgValue>
</bind>
</comp>

<comp id="26" class="1001" name="const_26">
<pin_list>
<pin id="27" dir="1" index="0" bw="1" slack="0"/>
</pin_list>
<bind>
<StgValue><ssdm name=""/></StgValue>
</bind>
</comp>

<comp id="28" class="1001" name="const_28">
<pin_list>
<pin id="29" dir="1" index="0" bw="1" slack="0"/>
</pin_list>
<bind>
<StgValue><ssdm name="_ssdm_op_Read.ap_auto.i6"/></StgValue>
</bind>
</comp>

<comp id="30" class="1001" name="const_30">
<pin_list>
<pin id="31" dir="1" index="0" bw="1" slack="0"/>
</pin_list>
<bind>
<StgValue><ssdm name=""/></StgValue>
</bind>
</comp>

<comp id="32" class="1001" name="const_32">
<pin_list>
<pin id="33" dir="1" index="0" bw="1" slack="2147483647"/>
</pin_list>
<bind>
<StgValue><ssdm name="_ssdm_op_SpecPipeline"/></StgValue>
</bind>
</comp>

<comp id="34" class="1001" name="const_34">
<pin_list>
<pin id="35" dir="1" index="0" bw="1" slack="2147483647"/>
</pin_list>
<bind>
<StgValue><ssdm name=""/></StgValue>
</bind>
</comp>

<comp id="36" class="1001" name="const_36">
<pin_list>
<pin id="37" dir="1" index="0" bw="1" slack="2147483647"/>
</pin_list>
<bind>
<StgValue><ssdm name=""/></StgValue>
</bind>
</comp>

<comp id="38" class="1001" name="const_38">
<pin_list>
<pin id="39" dir="1" index="0" bw="1" slack="2147483647"/>
</pin_list>
<bind>
<StgValue><ssdm name="p_str"/></StgValue>
</bind>
</comp>

<comp id="40" class="1001" name="const_40">
<pin_list>
<pin id="41" dir="1" index="0" bw="1" slack="0"/>
</pin_list>
<bind>
<StgValue><ssdm name=""/></StgValue>
</bind>
</comp>

<comp id="42" class="1001" name="const_42">
<pin_list>
<pin id="43" dir="1" index="0" bw="1" slack="0"/>
</pin_list>
<bind>
<StgValue><ssdm name=""/></StgValue>
</bind>
</comp>

<comp id="44" class="1001" name="const_44">
<pin_list>
<pin id="45" dir="1" index="0" bw="1" slack="0"/>
</pin_list>
<bind>
<StgValue><ssdm name=""/></StgValue>
</bind>
</comp>

<comp id="46" class="1001" name="const_46">
<pin_list>
<pin id="47" dir="1" index="0" bw="1" slack="0"/>
</pin_list>
<bind>
<StgValue><ssdm name="_ssdm_op_PartSelect.i4.i7.i32.i32"/></StgValue>
</bind>
</comp>

<comp id="48" class="1001" name="const_48">
<pin_list>
<pin id="49" dir="1" index="0" bw="1" slack="0"/>
</pin_list>
<bind>
<StgValue><ssdm name=""/></StgValue>
</bind>
</comp>

<comp id="50" class="1001" name="const_50">
<pin_list>
<pin id="51" dir="1" index="0" bw="1" slack="0"/>
</pin_list>
<bind>
<StgValue><ssdm name=""/></StgValue>
</bind>
</comp>

<comp id="52" class="1001" name="const_52">
<pin_list>
<pin id="53" dir="1" index="0" bw="1" slack="0"/>
</pin_list>
<bind>
<StgValue><ssdm name=""/></StgValue>
</bind>
</comp>

<comp id="54" class="1001" name="const_54">
<pin_list>
<pin id="55" dir="1" index="0" bw="1" slack="2147483647"/>
</pin_list>
<bind>
<StgValue><ssdm name=""/></StgValue>
</bind>
</comp>

<comp id="56" class="1001" name="const_56">
<pin_list>
<pin id="57" dir="1" index="0" bw="1" slack="2147483647"/>
</pin_list>
<bind>
<StgValue><ssdm name=""/></StgValue>
</bind>
</comp>

<comp id="58" class="1001" name="const_58">
<pin_list>
<pin id="59" dir="1" index="0" bw="1" slack="2147483647"/>
</pin_list>
<bind>
<StgValue><ssdm name=""/></StgValue>
</bind>
</comp>

<comp id="60" class="1001" name="const_60">
<pin_list>
<pin id="61" dir="1" index="0" bw="1" slack="2147483647"/>
</pin_list>
<bind>
<StgValue><ssdm name="_ssdm_op_SpecLoopTripCount"/></StgValue>
</bind>
</comp>

<comp id="62" class="1001" name="const_62">
<pin_list>
<pin id="63" dir="1" index="0" bw="1" slack="2147483647"/>
</pin_list>
<bind>
<StgValue><ssdm name=""/></StgValue>
</bind>
</comp>

<comp id="64" class="1001" name="const_64">
<pin_list>
<pin id="65" dir="1" index="0" bw="1" slack="2147483647"/>
</pin_list>
<bind>
<StgValue><ssdm name="_ssdm_op_SpecLoopName"/></StgValue>
</bind>
</comp>

<comp id="66" class="1001" name="const_66">
<pin_list>
<pin id="67" dir="1" index="0" bw="1" slack="2147483647"/>
</pin_list>
<bind>
<StgValue><ssdm name="empty_32"/></StgValue>
</bind>
</comp>

<comp id="68" class="1001" name="const_68">
<pin_list>
<pin id="69" dir="1" index="0" bw="1" slack="0"/>
</pin_list>
<bind>
<StgValue><ssdm name="_ssdm_op_Mux.ap_auto.6float.i3"/></StgValue>
</bind>
</comp>

<comp id="70" class="1001" name="const_70">
<pin_list>
<pin id="71" dir="1" index="0" bw="1" slack="0"/>
</pin_list>
<bind>
<StgValue><ssdm name="_ssdm_op_Write.ap_auto.floatP0A"/></StgValue>
</bind>
</comp>

<comp id="72" class="1004" name="i_fu_72">
<pin_list>
<pin id="73" dir="0" index="0" bw="1" slack="0"/>
<pin id="74" dir="1" index="1" bw="3" slack="0"/>
</pin_list>
<bind>
<opcode="alloca(26) " fcode="alloca"/>
<opset="i/1 "/>
</bind>
</comp>

<comp id="76" class="1004" name="H_fu_76">
<pin_list>
<pin id="77" dir="0" index="0" bw="1" slack="0"/>
<pin id="78" dir="1" index="1" bw="32" slack="0"/>
</pin_list>
<bind>
<opcode="alloca(26) " fcode="alloca"/>
<opset="H/1 "/>
</bind>
</comp>

<comp id="80" class="1004" name="H_1_fu_80">
<pin_list>
<pin id="81" dir="0" index="0" bw="1" slack="0"/>
<pin id="82" dir="1" index="1" bw="32" slack="0"/>
</pin_list>
<bind>
<opcode="alloca(26) " fcode="alloca"/>
<opset="H_1/1 "/>
</bind>
</comp>

<comp id="84" class="1004" name="H_2_fu_84">
<pin_list>
<pin id="85" dir="0" index="0" bw="1" slack="0"/>
<pin id="86" dir="1" index="1" bw="32" slack="0"/>
</pin_list>
<bind>
<opcode="alloca(26) " fcode="alloca"/>
<opset="H_2/1 "/>
</bind>
</comp>

<comp id="88" class="1004" name="H_3_fu_88">
<pin_list>
<pin id="89" dir="0" index="0" bw="1" slack="0"/>
<pin id="90" dir="1" index="1" bw="32" slack="0"/>
</pin_list>
<bind>
<opcode="alloca(26) " fcode="alloca"/>
<opset="H_3/1 "/>
</bind>
</comp>

<comp id="92" class="1004" name="H_4_fu_92">
<pin_list>
<pin id="93" dir="0" index="0" bw="1" slack="0"/>
<pin id="94" dir="1" index="1" bw="32" slack="0"/>
</pin_list>
<bind>
<opcode="alloca(26) " fcode="alloca"/>
<opset="H_4/1 "/>
</bind>
</comp>

<comp id="96" class="1004" name="H_5_fu_96">
<pin_list>
<pin id="97" dir="0" index="0" bw="1" slack="0"/>
<pin id="98" dir="1" index="1" bw="32" slack="0"/>
</pin_list>
<bind>
<opcode="alloca(26) " fcode="alloca"/>
<opset="H_5/1 "/>
</bind>
</comp>

<comp id="100" class="1004" name="zext_ln168_read_read_fu_100">
<pin_list>
<pin id="101" dir="0" index="0" bw="6" slack="0"/>
<pin id="102" dir="0" index="1" bw="6" slack="0"/>
<pin id="103" dir="1" index="2" bw="6" slack="0"/>
</pin_list>
<bind>
<opcode="read(1150) " fcode="read"/>
<opset="zext_ln168_read/1 "/>
</bind>
</comp>

<comp id="106" class="1004" name="write_ln0_write_fu_106">
<pin_list>
<pin id="107" dir="0" index="0" bw="0" slack="0"/>
<pin id="108" dir="0" index="1" bw="32" slack="0"/>
<pin id="109" dir="0" index="2" bw="32" slack="0"/>
<pin id="110" dir="1" index="3" bw="0" slack="2147483647"/>
</pin_list>
<bind>
<opcode="write(1151) " fcode="write"/>
<opset="write_ln0/1 "/>
</bind>
</comp>

<comp id="113" class="1004" name="write_ln0_write_fu_113">
<pin_list>
<pin id="114" dir="0" index="0" bw="0" slack="0"/>
<pin id="115" dir="0" index="1" bw="32" slack="0"/>
<pin id="116" dir="0" index="2" bw="32" slack="0"/>
<pin id="117" dir="1" index="3" bw="0" slack="2147483647"/>
</pin_list>
<bind>
<opcode="write(1151) " fcode="write"/>
<opset="write_ln0/1 "/>
</bind>
</comp>

<comp id="120" class="1004" name="write_ln0_write_fu_120">
<pin_list>
<pin id="121" dir="0" index="0" bw="0" slack="0"/>
<pin id="122" dir="0" index="1" bw="32" slack="0"/>
<pin id="123" dir="0" index="2" bw="32" slack="0"/>
<pin id="124" dir="1" index="3" bw="0" slack="2147483647"/>
</pin_list>
<bind>
<opcode="write(1151) " fcode="write"/>
<opset="write_ln0/1 "/>
</bind>
</comp>

<comp id="127" class="1004" name="write_ln0_write_fu_127">
<pin_list>
<pin id="128" dir="0" index="0" bw="0" slack="0"/>
<pin id="129" dir="0" index="1" bw="32" slack="0"/>
<pin id="130" dir="0" index="2" bw="32" slack="0"/>
<pin id="131" dir="1" index="3" bw="0" slack="2147483647"/>
</pin_list>
<bind>
<opcode="write(1151) " fcode="write"/>
<opset="write_ln0/1 "/>
</bind>
</comp>

<comp id="134" class="1004" name="write_ln0_write_fu_134">
<pin_list>
<pin id="135" dir="0" index="0" bw="0" slack="0"/>
<pin id="136" dir="0" index="1" bw="32" slack="0"/>
<pin id="137" dir="0" index="2" bw="32" slack="0"/>
<pin id="138" dir="1" index="3" bw="0" slack="2147483647"/>
</pin_list>
<bind>
<opcode="write(1151) " fcode="write"/>
<opset="write_ln0/1 "/>
</bind>
</comp>

<comp id="141" class="1004" name="write_ln0_write_fu_141">
<pin_list>
<pin id="142" dir="0" index="0" bw="0" slack="0"/>
<pin id="143" dir="0" index="1" bw="32" slack="0"/>
<pin id="144" dir="0" index="2" bw="32" slack="0"/>
<pin id="145" dir="1" index="3" bw="0" slack="2147483647"/>
</pin_list>
<bind>
<opcode="write(1151) " fcode="write"/>
<opset="write_ln0/1 "/>
</bind>
</comp>

<comp id="148" class="1004" name="local_2_addr_gep_fu_148">
<pin_list>
<pin id="149" dir="0" index="0" bw="32" slack="0"/>
<pin id="150" dir="0" index="1" bw="1" slack="0"/>
<pin id="151" dir="0" index="2" bw="4" slack="0"/>
<pin id="152" dir="1" index="3" bw="4" slack="0"/>
</pin_list>
<bind>
<opcode="getelementptr(29) " fcode="getelementptr"/>
<opset="local_2_addr/1 "/>
</bind>
</comp>

<comp id="155" class="1004" name="local_3_addr_gep_fu_155">
<pin_list>
<pin id="156" dir="0" index="0" bw="32" slack="0"/>
<pin id="157" dir="0" index="1" bw="1" slack="0"/>
<pin id="158" dir="0" index="2" bw="4" slack="0"/>
<pin id="159" dir="1" index="3" bw="4" slack="0"/>
</pin_list>
<bind>
<opcode="getelementptr(29) " fcode="getelementptr"/>
<opset="local_3_addr/1 "/>
</bind>
</comp>

<comp id="162" class="1004" name="local_4_addr_gep_fu_162">
<pin_list>
<pin id="163" dir="0" index="0" bw="32" slack="0"/>
<pin id="164" dir="0" index="1" bw="1" slack="0"/>
<pin id="165" dir="0" index="2" bw="4" slack="0"/>
<pin id="166" dir="1" index="3" bw="4" slack="0"/>
</pin_list>
<bind>
<opcode="getelementptr(29) " fcode="getelementptr"/>
<opset="local_4_addr/1 "/>
</bind>
</comp>

<comp id="169" class="1004" name="local_5_addr_gep_fu_169">
<pin_list>
<pin id="170" dir="0" index="0" bw="32" slack="0"/>
<pin id="171" dir="0" index="1" bw="1" slack="0"/>
<pin id="172" dir="0" index="2" bw="4" slack="0"/>
<pin id="173" dir="1" index="3" bw="4" slack="0"/>
</pin_list>
<bind>
<opcode="getelementptr(29) " fcode="getelementptr"/>
<opset="local_5_addr/1 "/>
</bind>
</comp>

<comp id="176" class="1004" name="local_6_addr_gep_fu_176">
<pin_list>
<pin id="177" dir="0" index="0" bw="32" slack="0"/>
<pin id="178" dir="0" index="1" bw="1" slack="0"/>
<pin id="179" dir="0" index="2" bw="4" slack="0"/>
<pin id="180" dir="1" index="3" bw="4" slack="0"/>
</pin_list>
<bind>
<opcode="getelementptr(29) " fcode="getelementptr"/>
<opset="local_6_addr/1 "/>
</bind>
</comp>

<comp id="183" class="1004" name="local_7_addr_gep_fu_183">
<pin_list>
<pin id="184" dir="0" index="0" bw="32" slack="0"/>
<pin id="185" dir="0" index="1" bw="1" slack="0"/>
<pin id="186" dir="0" index="2" bw="4" slack="0"/>
<pin id="187" dir="1" index="3" bw="4" slack="0"/>
</pin_list>
<bind>
<opcode="getelementptr(29) " fcode="getelementptr"/>
<opset="local_7_addr/1 "/>
</bind>
</comp>

<comp id="190" class="1004" name="grp_access_fu_190">
<pin_list>
<pin id="191" dir="0" index="0" bw="4" slack="0"/>
<pin id="192" dir="0" index="1" bw="32" slack="2147483647"/>
<pin id="193" dir="0" index="2" bw="0" slack="2147483647"/>
<pin id="194" dir="1" index="3" bw="32" slack="0"/>
</pin_list>
<bind>
<opcode="load(27) " fcode="load"/>
<opset="local_2_load/1 "/>
</bind>
</comp>

<comp id="196" class="1004" name="grp_access_fu_196">
<pin_list>
<pin id="197" dir="0" index="0" bw="4" slack="0"/>
<pin id="198" dir="0" index="1" bw="32" slack="2147483647"/>
<pin id="199" dir="0" index="2" bw="0" slack="2147483647"/>
<pin id="200" dir="1" index="3" bw="32" slack="0"/>
</pin_list>
<bind>
<opcode="load(27) " fcode="load"/>
<opset="local_3_load/1 "/>
</bind>
</comp>

<comp id="202" class="1004" name="grp_access_fu_202">
<pin_list>
<pin id="203" dir="0" index="0" bw="4" slack="0"/>
<pin id="204" dir="0" index="1" bw="32" slack="2147483647"/>
<pin id="205" dir="0" index="2" bw="0" slack="2147483647"/>
<pin id="206" dir="1" index="3" bw="32" slack="0"/>
</pin_list>
<bind>
<opcode="load(27) " fcode="load"/>
<opset="local_4_load/1 "/>
</bind>
</comp>

<comp id="208" class="1004" name="grp_access_fu_208">
<pin_list>
<pin id="209" dir="0" index="0" bw="4" slack="0"/>
<pin id="210" dir="0" index="1" bw="32" slack="2147483647"/>
<pin id="211" dir="0" index="2" bw="0" slack="2147483647"/>
<pin id="212" dir="1" index="3" bw="32" slack="0"/>
</pin_list>
<bind>
<opcode="load(27) " fcode="load"/>
<opset="local_5_load/1 "/>
</bind>
</comp>

<comp id="214" class="1004" name="grp_access_fu_214">
<pin_list>
<pin id="215" dir="0" index="0" bw="4" slack="0"/>
<pin id="216" dir="0" index="1" bw="32" slack="2147483647"/>
<pin id="217" dir="0" index="2" bw="0" slack="2147483647"/>
<pin id="218" dir="1" index="3" bw="32" slack="0"/>
</pin_list>
<bind>
<opcode="load(27) " fcode="load"/>
<opset="local_6_load/1 "/>
</bind>
</comp>

<comp id="220" class="1004" name="grp_access_fu_220">
<pin_list>
<pin id="221" dir="0" index="0" bw="4" slack="0"/>
<pin id="222" dir="0" index="1" bw="32" slack="2147483647"/>
<pin id="223" dir="0" index="2" bw="0" slack="2147483647"/>
<pin id="224" dir="1" index="3" bw="32" slack="0"/>
</pin_list>
<bind>
<opcode="load(27) " fcode="load"/>
<opset="local_7_load/1 "/>
</bind>
</comp>

<comp id="226" class="1004" name="zext_ln168_cast_fu_226">
<pin_list>
<pin id="227" dir="0" index="0" bw="6" slack="0"/>
<pin id="228" dir="1" index="1" bw="7" slack="0"/>
</pin_list>
<bind>
<opcode="zext(34) " fcode="zext"/>
<opset="zext_ln168_cast/1 "/>
</bind>
</comp>

<comp id="230" class="1004" name="store_ln0_store_fu_230">
<pin_list>
<pin id="231" dir="0" index="0" bw="1" slack="0"/>
<pin id="232" dir="0" index="1" bw="3" slack="0"/>
<pin id="233" dir="1" index="2" bw="0" slack="2147483647"/>
</pin_list>
<bind>
<opcode="store(28) " fcode="store"/>
<opset="store_ln0/1 "/>
</bind>
</comp>

<comp id="235" class="1004" name="i_10_load_fu_235">
<pin_list>
<pin id="236" dir="0" index="0" bw="3" slack="0"/>
<pin id="237" dir="1" index="1" bw="3" slack="0"/>
</pin_list>
<bind>
<opcode="load(27) " fcode="load"/>
<opset="i_10/1 "/>
</bind>
</comp>

<comp id="238" class="1004" name="icmp_ln168_fu_238">
<pin_list>
<pin id="239" dir="0" index="0" bw="3" slack="0"/>
<pin id="240" dir="0" index="1" bw="2" slack="0"/>
<pin id="241" dir="1" index="2" bw="1" slack="2147483647"/>
</pin_list>
<bind>
<opcode="icmp(45) " fcode="icmp"/>
<opset="icmp_ln168/1 "/>
</bind>
</comp>

<comp id="244" class="1004" name="add_ln168_1_fu_244">
<pin_list>
<pin id="245" dir="0" index="0" bw="3" slack="0"/>
<pin id="246" dir="0" index="1" bw="1" slack="0"/>
<pin id="247" dir="1" index="2" bw="3" slack="0"/>
</pin_list>
<bind>
<opcode="add(8) " fcode="add"/>
<opset="add_ln168_1/1 "/>
</bind>
</comp>

<comp id="250" class="1004" name="trunc_ln168_cast_fu_250">
<pin_list>
<pin id="251" dir="0" index="0" bw="3" slack="0"/>
<pin id="252" dir="1" index="1" bw="6" slack="0"/>
</pin_list>
<bind>
<opcode="zext(34) " fcode="zext"/>
<opset="trunc_ln168_cast/1 "/>
</bind>
</comp>

<comp id="254" class="1004" name="add_ln168_2_fu_254">
<pin_list>
<pin id="255" dir="0" index="0" bw="3" slack="0"/>
<pin id="256" dir="0" index="1" bw="6" slack="0"/>
<pin id="257" dir="1" index="2" bw="6" slack="0"/>
</pin_list>
<bind>
<opcode="add(8) " fcode="add"/>
<opset="add_ln168_2/1 "/>
</bind>
</comp>

<comp id="260" class="1004" name="zext_ln168_1_fu_260">
<pin_list>
<pin id="261" dir="0" index="0" bw="6" slack="0"/>
<pin id="262" dir="1" index="1" bw="7" slack="0"/>
</pin_list>
<bind>
<opcode="zext(34) " fcode="zext"/>
<opset="zext_ln168_1/1 "/>
</bind>
</comp>

<comp id="264" class="1004" name="add_ln168_fu_264">
<pin_list>
<pin id="265" dir="0" index="0" bw="6" slack="0"/>
<pin id="266" dir="0" index="1" bw="6" slack="0"/>
<pin id="267" dir="1" index="2" bw="7" slack="0"/>
</pin_list>
<bind>
<opcode="add(8) " fcode="add"/>
<opset="add_ln168/1 "/>
</bind>
</comp>

<comp id="270" class="1004" name="lshr_ln2_fu_270">
<pin_list>
<pin id="271" dir="0" index="0" bw="4" slack="0"/>
<pin id="272" dir="0" index="1" bw="7" slack="0"/>
<pin id="273" dir="0" index="2" bw="3" slack="0"/>
<pin id="274" dir="0" index="3" bw="4" slack="0"/>
<pin id="275" dir="1" index="4" bw="4" slack="0"/>
</pin_list>
<bind>
<opcode="partselect(1002) " fcode="partselect"/>
<opset="lshr_ln2/1 "/>
</bind>
</comp>

<comp id="280" class="1004" name="zext_ln168_2_fu_280">
<pin_list>
<pin id="281" dir="0" index="0" bw="4" slack="0"/>
<pin id="282" dir="1" index="1" bw="64" slack="0"/>
</pin_list>
<bind>
<opcode="zext(34) " fcode="zext"/>
<opset="zext_ln168_2/1 "/>
</bind>
</comp>

<comp id="290" class="1004" name="store_ln168_store_fu_290">
<pin_list>
<pin id="291" dir="0" index="0" bw="3" slack="0"/>
<pin id="292" dir="0" index="1" bw="3" slack="0"/>
<pin id="293" dir="1" index="2" bw="0" slack="2147483647"/>
</pin_list>
<bind>
<opcode="store(28) " fcode="store"/>
<opset="store_ln168/1 "/>
</bind>
</comp>

<comp id="295" class="1004" name="H_6_fu_295">
<pin_list>
<pin id="296" dir="0" index="0" bw="32" slack="0"/>
<pin id="297" dir="0" index="1" bw="32" slack="0"/>
<pin id="298" dir="0" index="2" bw="32" slack="0"/>
<pin id="299" dir="0" index="3" bw="32" slack="0"/>
<pin id="300" dir="0" index="4" bw="32" slack="0"/>
<pin id="301" dir="0" index="5" bw="32" slack="0"/>
<pin id="302" dir="0" index="6" bw="32" slack="0"/>
<pin id="303" dir="0" index="7" bw="3" slack="1"/>
<pin id="304" dir="1" index="8" bw="32" slack="0"/>
</pin_list>
<bind>
<opcode="mux(1196) " fcode="mux"/>
<opset="H_6/2 "/>
</bind>
</comp>

<comp id="312" class="1004" name="store_ln168_store_fu_312">
<pin_list>
<pin id="313" dir="0" index="0" bw="32" slack="0"/>
<pin id="314" dir="0" index="1" bw="32" slack="1"/>
<pin id="315" dir="1" index="2" bw="0" slack="2147483647"/>
</pin_list>
<bind>
<opcode="store(28) " fcode="store"/>
<opset="store_ln168/2 "/>
</bind>
</comp>

<comp id="317" class="1004" name="store_ln168_store_fu_317">
<pin_list>
<pin id="318" dir="0" index="0" bw="32" slack="0"/>
<pin id="319" dir="0" index="1" bw="32" slack="1"/>
<pin id="320" dir="1" index="2" bw="0" slack="2147483647"/>
</pin_list>
<bind>
<opcode="store(28) " fcode="store"/>
<opset="store_ln168/2 "/>
</bind>
</comp>

<comp id="322" class="1004" name="store_ln168_store_fu_322">
<pin_list>
<pin id="323" dir="0" index="0" bw="32" slack="0"/>
<pin id="324" dir="0" index="1" bw="32" slack="1"/>
<pin id="325" dir="1" index="2" bw="0" slack="2147483647"/>
</pin_list>
<bind>
<opcode="store(28) " fcode="store"/>
<opset="store_ln168/2 "/>
</bind>
</comp>

<comp id="327" class="1004" name="store_ln168_store_fu_327">
<pin_list>
<pin id="328" dir="0" index="0" bw="32" slack="0"/>
<pin id="329" dir="0" index="1" bw="32" slack="1"/>
<pin id="330" dir="1" index="2" bw="0" slack="2147483647"/>
</pin_list>
<bind>
<opcode="store(28) " fcode="store"/>
<opset="store_ln168/2 "/>
</bind>
</comp>

<comp id="332" class="1004" name="store_ln168_store_fu_332">
<pin_list>
<pin id="333" dir="0" index="0" bw="32" slack="0"/>
<pin id="334" dir="0" index="1" bw="32" slack="1"/>
<pin id="335" dir="1" index="2" bw="0" slack="2147483647"/>
</pin_list>
<bind>
<opcode="store(28) " fcode="store"/>
<opset="store_ln168/2 "/>
</bind>
</comp>

<comp id="337" class="1004" name="store_ln168_store_fu_337">
<pin_list>
<pin id="338" dir="0" index="0" bw="32" slack="0"/>
<pin id="339" dir="0" index="1" bw="32" slack="1"/>
<pin id="340" dir="1" index="2" bw="0" slack="2147483647"/>
</pin_list>
<bind>
<opcode="store(28) " fcode="store"/>
<opset="store_ln168/2 "/>
</bind>
</comp>

<comp id="342" class="1004" name="H_load_load_fu_342">
<pin_list>
<pin id="343" dir="0" index="0" bw="32" slack="0"/>
<pin id="344" dir="1" index="1" bw="32" slack="0"/>
</pin_list>
<bind>
<opcode="load(27) " fcode="load"/>
<opset="H_load/1 "/>
</bind>
</comp>

<comp id="346" class="1004" name="H_1_load_load_fu_346">
<pin_list>
<pin id="347" dir="0" index="0" bw="32" slack="0"/>
<pin id="348" dir="1" index="1" bw="32" slack="0"/>
</pin_list>
<bind>
<opcode="load(27) " fcode="load"/>
<opset="H_1_load/1 "/>
</bind>
</comp>

<comp id="350" class="1004" name="H_2_load_load_fu_350">
<pin_list>
<pin id="351" dir="0" index="0" bw="32" slack="0"/>
<pin id="352" dir="1" index="1" bw="32" slack="0"/>
</pin_list>
<bind>
<opcode="load(27) " fcode="load"/>
<opset="H_2_load/1 "/>
</bind>
</comp>

<comp id="354" class="1004" name="H_3_load_load_fu_354">
<pin_list>
<pin id="355" dir="0" index="0" bw="32" slack="0"/>
<pin id="356" dir="1" index="1" bw="32" slack="0"/>
</pin_list>
<bind>
<opcode="load(27) " fcode="load"/>
<opset="H_3_load/1 "/>
</bind>
</comp>

<comp id="358" class="1004" name="H_4_load_load_fu_358">
<pin_list>
<pin id="359" dir="0" index="0" bw="32" slack="0"/>
<pin id="360" dir="1" index="1" bw="32" slack="0"/>
</pin_list>
<bind>
<opcode="load(27) " fcode="load"/>
<opset="H_4_load/1 "/>
</bind>
</comp>

<comp id="362" class="1004" name="H_5_load_load_fu_362">
<pin_list>
<pin id="363" dir="0" index="0" bw="32" slack="0"/>
<pin id="364" dir="1" index="1" bw="32" slack="0"/>
</pin_list>
<bind>
<opcode="load(27) " fcode="load"/>
<opset="H_5_load/1 "/>
</bind>
</comp>

<comp id="366" class="1005" name="i_reg_366">
<pin_list>
<pin id="367" dir="0" index="0" bw="3" slack="0"/>
<pin id="368" dir="1" index="1" bw="3" slack="0"/>
</pin_list>
<bind>
<opset="i "/>
</bind>
</comp>

<comp id="373" class="1005" name="H_reg_373">
<pin_list>
<pin id="374" dir="0" index="0" bw="32" slack="0"/>
<pin id="375" dir="1" index="1" bw="32" slack="0"/>
</pin_list>
<bind>
<opset="H "/>
</bind>
</comp>

<comp id="379" class="1005" name="H_1_reg_379">
<pin_list>
<pin id="380" dir="0" index="0" bw="32" slack="0"/>
<pin id="381" dir="1" index="1" bw="32" slack="0"/>
</pin_list>
<bind>
<opset="H_1 "/>
</bind>
</comp>

<comp id="385" class="1005" name="H_2_reg_385">
<pin_list>
<pin id="386" dir="0" index="0" bw="32" slack="0"/>
<pin id="387" dir="1" index="1" bw="32" slack="0"/>
</pin_list>
<bind>
<opset="H_2 "/>
</bind>
</comp>

<comp id="391" class="1005" name="H_3_reg_391">
<pin_list>
<pin id="392" dir="0" index="0" bw="32" slack="0"/>
<pin id="393" dir="1" index="1" bw="32" slack="0"/>
</pin_list>
<bind>
<opset="H_3 "/>
</bind>
</comp>

<comp id="397" class="1005" name="H_4_reg_397">
<pin_list>
<pin id="398" dir="0" index="0" bw="32" slack="0"/>
<pin id="399" dir="1" index="1" bw="32" slack="0"/>
</pin_list>
<bind>
<opset="H_4 "/>
</bind>
</comp>

<comp id="403" class="1005" name="H_5_reg_403">
<pin_list>
<pin id="404" dir="0" index="0" bw="32" slack="0"/>
<pin id="405" dir="1" index="1" bw="32" slack="0"/>
</pin_list>
<bind>
<opset="H_5 "/>
</bind>
</comp>

<comp id="409" class="1005" name="i_10_reg_409">
<pin_list>
<pin id="410" dir="0" index="0" bw="3" slack="1"/>
<pin id="411" dir="1" index="1" bw="3" slack="1"/>
</pin_list>
<bind>
<opset="i_10 "/>
</bind>
</comp>

<comp id="417" class="1005" name="local_2_addr_reg_417">
<pin_list>
<pin id="418" dir="0" index="0" bw="4" slack="1"/>
<pin id="419" dir="1" index="1" bw="4" slack="1"/>
</pin_list>
<bind>
<opset="local_2_addr "/>
</bind>
</comp>

<comp id="422" class="1005" name="local_3_addr_reg_422">
<pin_list>
<pin id="423" dir="0" index="0" bw="4" slack="1"/>
<pin id="424" dir="1" index="1" bw="4" slack="1"/>
</pin_list>
<bind>
<opset="local_3_addr "/>
</bind>
</comp>

<comp id="427" class="1005" name="local_4_addr_reg_427">
<pin_list>
<pin id="428" dir="0" index="0" bw="4" slack="1"/>
<pin id="429" dir="1" index="1" bw="4" slack="1"/>
</pin_list>
<bind>
<opset="local_4_addr "/>
</bind>
</comp>

<comp id="432" class="1005" name="local_5_addr_reg_432">
<pin_list>
<pin id="433" dir="0" index="0" bw="4" slack="1"/>
<pin id="434" dir="1" index="1" bw="4" slack="1"/>
</pin_list>
<bind>
<opset="local_5_addr "/>
</bind>
</comp>

<comp id="437" class="1005" name="local_6_addr_reg_437">
<pin_list>
<pin id="438" dir="0" index="0" bw="4" slack="1"/>
<pin id="439" dir="1" index="1" bw="4" slack="1"/>
</pin_list>
<bind>
<opset="local_6_addr "/>
</bind>
</comp>

<comp id="442" class="1005" name="local_7_addr_reg_442">
<pin_list>
<pin id="443" dir="0" index="0" bw="4" slack="1"/>
<pin id="444" dir="1" index="1" bw="4" slack="1"/>
</pin_list>
<bind>
<opset="local_7_addr "/>
</bind>
</comp>

</comp_list>

<net_list>
<net id="75"><net_src comp="26" pin="0"/><net_sink comp="72" pin=0"/></net>

<net id="79"><net_src comp="26" pin="0"/><net_sink comp="76" pin=0"/></net>

<net id="83"><net_src comp="26" pin="0"/><net_sink comp="80" pin=0"/></net>

<net id="87"><net_src comp="26" pin="0"/><net_sink comp="84" pin=0"/></net>

<net id="91"><net_src comp="26" pin="0"/><net_sink comp="88" pin=0"/></net>

<net id="95"><net_src comp="26" pin="0"/><net_sink comp="92" pin=0"/></net>

<net id="99"><net_src comp="26" pin="0"/><net_sink comp="96" pin=0"/></net>

<net id="104"><net_src comp="28" pin="0"/><net_sink comp="100" pin=0"/></net>

<net id="105"><net_src comp="0" pin="0"/><net_sink comp="100" pin=1"/></net>

<net id="111"><net_src comp="70" pin="0"/><net_sink comp="106" pin=0"/></net>

<net id="112"><net_src comp="14" pin="0"/><net_sink comp="106" pin=1"/></net>

<net id="118"><net_src comp="70" pin="0"/><net_sink comp="113" pin=0"/></net>

<net id="119"><net_src comp="16" pin="0"/><net_sink comp="113" pin=1"/></net>

<net id="125"><net_src comp="70" pin="0"/><net_sink comp="120" pin=0"/></net>

<net id="126"><net_src comp="18" pin="0"/><net_sink comp="120" pin=1"/></net>

<net id="132"><net_src comp="70" pin="0"/><net_sink comp="127" pin=0"/></net>

<net id="133"><net_src comp="20" pin="0"/><net_sink comp="127" pin=1"/></net>

<net id="139"><net_src comp="70" pin="0"/><net_sink comp="134" pin=0"/></net>

<net id="140"><net_src comp="22" pin="0"/><net_sink comp="134" pin=1"/></net>

<net id="146"><net_src comp="70" pin="0"/><net_sink comp="141" pin=0"/></net>

<net id="147"><net_src comp="24" pin="0"/><net_sink comp="141" pin=1"/></net>

<net id="153"><net_src comp="2" pin="0"/><net_sink comp="148" pin=0"/></net>

<net id="154"><net_src comp="52" pin="0"/><net_sink comp="148" pin=1"/></net>

<net id="160"><net_src comp="4" pin="0"/><net_sink comp="155" pin=0"/></net>

<net id="161"><net_src comp="52" pin="0"/><net_sink comp="155" pin=1"/></net>

<net id="167"><net_src comp="6" pin="0"/><net_sink comp="162" pin=0"/></net>

<net id="168"><net_src comp="52" pin="0"/><net_sink comp="162" pin=1"/></net>

<net id="174"><net_src comp="8" pin="0"/><net_sink comp="169" pin=0"/></net>

<net id="175"><net_src comp="52" pin="0"/><net_sink comp="169" pin=1"/></net>

<net id="181"><net_src comp="10" pin="0"/><net_sink comp="176" pin=0"/></net>

<net id="182"><net_src comp="52" pin="0"/><net_sink comp="176" pin=1"/></net>

<net id="188"><net_src comp="12" pin="0"/><net_sink comp="183" pin=0"/></net>

<net id="189"><net_src comp="52" pin="0"/><net_sink comp="183" pin=1"/></net>

<net id="195"><net_src comp="148" pin="3"/><net_sink comp="190" pin=0"/></net>

<net id="201"><net_src comp="155" pin="3"/><net_sink comp="196" pin=0"/></net>

<net id="207"><net_src comp="162" pin="3"/><net_sink comp="202" pin=0"/></net>

<net id="213"><net_src comp="169" pin="3"/><net_sink comp="208" pin=0"/></net>

<net id="219"><net_src comp="176" pin="3"/><net_sink comp="214" pin=0"/></net>

<net id="225"><net_src comp="183" pin="3"/><net_sink comp="220" pin=0"/></net>

<net id="229"><net_src comp="100" pin="2"/><net_sink comp="226" pin=0"/></net>

<net id="234"><net_src comp="30" pin="0"/><net_sink comp="230" pin=0"/></net>

<net id="242"><net_src comp="235" pin="1"/><net_sink comp="238" pin=0"/></net>

<net id="243"><net_src comp="40" pin="0"/><net_sink comp="238" pin=1"/></net>

<net id="248"><net_src comp="235" pin="1"/><net_sink comp="244" pin=0"/></net>

<net id="249"><net_src comp="42" pin="0"/><net_sink comp="244" pin=1"/></net>

<net id="253"><net_src comp="235" pin="1"/><net_sink comp="250" pin=0"/></net>

<net id="258"><net_src comp="250" pin="1"/><net_sink comp="254" pin=0"/></net>

<net id="259"><net_src comp="44" pin="0"/><net_sink comp="254" pin=1"/></net>

<net id="263"><net_src comp="254" pin="2"/><net_sink comp="260" pin=0"/></net>

<net id="268"><net_src comp="260" pin="1"/><net_sink comp="264" pin=0"/></net>

<net id="269"><net_src comp="226" pin="1"/><net_sink comp="264" pin=1"/></net>

<net id="276"><net_src comp="46" pin="0"/><net_sink comp="270" pin=0"/></net>

<net id="277"><net_src comp="264" pin="2"/><net_sink comp="270" pin=1"/></net>

<net id="278"><net_src comp="48" pin="0"/><net_sink comp="270" pin=2"/></net>

<net id="279"><net_src comp="50" pin="0"/><net_sink comp="270" pin=3"/></net>

<net id="283"><net_src comp="270" pin="4"/><net_sink comp="280" pin=0"/></net>

<net id="284"><net_src comp="280" pin="1"/><net_sink comp="148" pin=2"/></net>

<net id="285"><net_src comp="280" pin="1"/><net_sink comp="155" pin=2"/></net>

<net id="286"><net_src comp="280" pin="1"/><net_sink comp="162" pin=2"/></net>

<net id="287"><net_src comp="280" pin="1"/><net_sink comp="169" pin=2"/></net>

<net id="288"><net_src comp="280" pin="1"/><net_sink comp="176" pin=2"/></net>

<net id="289"><net_src comp="280" pin="1"/><net_sink comp="183" pin=2"/></net>

<net id="294"><net_src comp="244" pin="2"/><net_sink comp="290" pin=0"/></net>

<net id="305"><net_src comp="68" pin="0"/><net_sink comp="295" pin=0"/></net>

<net id="306"><net_src comp="190" pin="3"/><net_sink comp="295" pin=1"/></net>

<net id="307"><net_src comp="196" pin="3"/><net_sink comp="295" pin=2"/></net>

<net id="308"><net_src comp="202" pin="3"/><net_sink comp="295" pin=3"/></net>

<net id="309"><net_src comp="208" pin="3"/><net_sink comp="295" pin=4"/></net>

<net id="310"><net_src comp="214" pin="3"/><net_sink comp="295" pin=5"/></net>

<net id="311"><net_src comp="220" pin="3"/><net_sink comp="295" pin=6"/></net>

<net id="316"><net_src comp="295" pin="8"/><net_sink comp="312" pin=0"/></net>

<net id="321"><net_src comp="295" pin="8"/><net_sink comp="317" pin=0"/></net>

<net id="326"><net_src comp="295" pin="8"/><net_sink comp="322" pin=0"/></net>

<net id="331"><net_src comp="295" pin="8"/><net_sink comp="327" pin=0"/></net>

<net id="336"><net_src comp="295" pin="8"/><net_sink comp="332" pin=0"/></net>

<net id="341"><net_src comp="295" pin="8"/><net_sink comp="337" pin=0"/></net>

<net id="345"><net_src comp="342" pin="1"/><net_sink comp="141" pin=2"/></net>

<net id="349"><net_src comp="346" pin="1"/><net_sink comp="134" pin=2"/></net>

<net id="353"><net_src comp="350" pin="1"/><net_sink comp="127" pin=2"/></net>

<net id="357"><net_src comp="354" pin="1"/><net_sink comp="120" pin=2"/></net>

<net id="361"><net_src comp="358" pin="1"/><net_sink comp="113" pin=2"/></net>

<net id="365"><net_src comp="362" pin="1"/><net_sink comp="106" pin=2"/></net>

<net id="369"><net_src comp="72" pin="1"/><net_sink comp="366" pin=0"/></net>

<net id="370"><net_src comp="366" pin="1"/><net_sink comp="230" pin=1"/></net>

<net id="371"><net_src comp="366" pin="1"/><net_sink comp="235" pin=0"/></net>

<net id="372"><net_src comp="366" pin="1"/><net_sink comp="290" pin=1"/></net>

<net id="376"><net_src comp="76" pin="1"/><net_sink comp="373" pin=0"/></net>

<net id="377"><net_src comp="373" pin="1"/><net_sink comp="337" pin=1"/></net>

<net id="378"><net_src comp="373" pin="1"/><net_sink comp="342" pin=0"/></net>

<net id="382"><net_src comp="80" pin="1"/><net_sink comp="379" pin=0"/></net>

<net id="383"><net_src comp="379" pin="1"/><net_sink comp="312" pin=1"/></net>

<net id="384"><net_src comp="379" pin="1"/><net_sink comp="346" pin=0"/></net>

<net id="388"><net_src comp="84" pin="1"/><net_sink comp="385" pin=0"/></net>

<net id="389"><net_src comp="385" pin="1"/><net_sink comp="317" pin=1"/></net>

<net id="390"><net_src comp="385" pin="1"/><net_sink comp="350" pin=0"/></net>

<net id="394"><net_src comp="88" pin="1"/><net_sink comp="391" pin=0"/></net>

<net id="395"><net_src comp="391" pin="1"/><net_sink comp="322" pin=1"/></net>

<net id="396"><net_src comp="391" pin="1"/><net_sink comp="354" pin=0"/></net>

<net id="400"><net_src comp="92" pin="1"/><net_sink comp="397" pin=0"/></net>

<net id="401"><net_src comp="397" pin="1"/><net_sink comp="327" pin=1"/></net>

<net id="402"><net_src comp="397" pin="1"/><net_sink comp="358" pin=0"/></net>

<net id="406"><net_src comp="96" pin="1"/><net_sink comp="403" pin=0"/></net>

<net id="407"><net_src comp="403" pin="1"/><net_sink comp="332" pin=1"/></net>

<net id="408"><net_src comp="403" pin="1"/><net_sink comp="362" pin=0"/></net>

<net id="412"><net_src comp="235" pin="1"/><net_sink comp="409" pin=0"/></net>

<net id="413"><net_src comp="409" pin="1"/><net_sink comp="295" pin=7"/></net>

<net id="420"><net_src comp="148" pin="3"/><net_sink comp="417" pin=0"/></net>

<net id="421"><net_src comp="417" pin="1"/><net_sink comp="190" pin=0"/></net>

<net id="425"><net_src comp="155" pin="3"/><net_sink comp="422" pin=0"/></net>

<net id="426"><net_src comp="422" pin="1"/><net_sink comp="196" pin=0"/></net>

<net id="430"><net_src comp="162" pin="3"/><net_sink comp="427" pin=0"/></net>

<net id="431"><net_src comp="427" pin="1"/><net_sink comp="202" pin=0"/></net>

<net id="435"><net_src comp="169" pin="3"/><net_sink comp="432" pin=0"/></net>

<net id="436"><net_src comp="432" pin="1"/><net_sink comp="208" pin=0"/></net>

<net id="440"><net_src comp="176" pin="3"/><net_sink comp="437" pin=0"/></net>

<net id="441"><net_src comp="437" pin="1"/><net_sink comp="214" pin=0"/></net>

<net id="445"><net_src comp="183" pin="3"/><net_sink comp="442" pin=0"/></net>

<net id="446"><net_src comp="442" pin="1"/><net_sink comp="220" pin=0"/></net>

</net_list>

</model> 
---------------- Datapath Model END ------------------

* FSMD analyzer results:
  - Output states:
	Port: H_5_out | {1 }
	Port: H_4_out | {1 }
	Port: H_3_out | {1 }
	Port: H_2_out | {1 }
	Port: H_1_out | {1 }
	Port: H_out | {1 }
 - Input state : 
	Port: ekf_batch_Pipeline_VITIS_LOOP_168_8 : zext_ln168 | {1 }
	Port: ekf_batch_Pipeline_VITIS_LOOP_168_8 : local_2 | {1 2 }
	Port: ekf_batch_Pipeline_VITIS_LOOP_168_8 : local_3 | {1 2 }
	Port: ekf_batch_Pipeline_VITIS_LOOP_168_8 : local_4 | {1 2 }
	Port: ekf_batch_Pipeline_VITIS_LOOP_168_8 : local_5 | {1 2 }
	Port: ekf_batch_Pipeline_VITIS_LOOP_168_8 : local_6 | {1 2 }
	Port: ekf_batch_Pipeline_VITIS_LOOP_168_8 : local_7 | {1 2 }
  - Chain level:
	State 1
		store_ln0 : 1
		i_10 : 1
		icmp_ln168 : 2
		add_ln168_1 : 2
		br_ln168 : 3
		trunc_ln168_cast : 2
		add_ln168_2 : 3
		zext_ln168_1 : 4
		add_ln168 : 5
		lshr_ln2 : 6
		zext_ln168_2 : 7
		local_2_addr : 8
		local_3_addr : 8
		local_4_addr : 8
		local_5_addr : 8
		local_6_addr : 8
		local_7_addr : 8
		local_2_load : 9
		local_3_load : 9
		local_4_load : 9
		local_5_load : 9
		local_6_load : 9
		local_7_load : 9
		switch_ln168 : 2
		store_ln168 : 3
		H_load : 1
		H_1_load : 1
		H_2_load : 1
		H_3_load : 1
		H_4_load : 1
		H_5_load : 1
		write_ln0 : 2
		write_ln0 : 2
		write_ln0 : 2
		write_ln0 : 2
		write_ln0 : 2
		write_ln0 : 2
	State 2
		H_6 : 1
		store_ln168 : 2
		store_ln168 : 2
		store_ln168 : 2
		store_ln168 : 2
		store_ln168 : 2
		store_ln168 : 2


============================================================
+ Verbose Summary: Datapath Resource usage 
============================================================

* Functional unit list:
|----------|-----------------------------|---------|---------|
| Operation|       Functional Unit       |    FF   |   LUT   |
|----------|-----------------------------|---------|---------|
|          |      add_ln168_1_fu_244     |    0    |    10   |
|    add   |      add_ln168_2_fu_254     |    0    |    13   |
|          |       add_ln168_fu_264      |    0    |    13   |
|----------|-----------------------------|---------|---------|
|    mux   |          H_6_fu_295         |    0    |    31   |
|----------|-----------------------------|---------|---------|
|   icmp   |      icmp_ln168_fu_238      |    0    |    10   |
|----------|-----------------------------|---------|---------|
|   read   | zext_ln168_read_read_fu_100 |    0    |    0    |
|----------|-----------------------------|---------|---------|
|          |    write_ln0_write_fu_106   |    0    |    0    |
|          |    write_ln0_write_fu_113   |    0    |    0    |
|   write  |    write_ln0_write_fu_120   |    0    |    0    |
|          |    write_ln0_write_fu_127   |    0    |    0    |
|          |    write_ln0_write_fu_134   |    0    |    0    |
|          |    write_ln0_write_fu_141   |    0    |    0    |
|----------|-----------------------------|---------|---------|
|          |    zext_ln168_cast_fu_226   |    0    |    0    |
|   zext   |   trunc_ln168_cast_fu_250   |    0    |    0    |
|          |     zext_ln168_1_fu_260     |    0    |    0    |
|          |     zext_ln168_2_fu_280     |    0    |    0    |
|----------|-----------------------------|---------|---------|
|partselect|       lshr_ln2_fu_270       |    0    |    0    |
|----------|-----------------------------|---------|---------|
|   Total  |                             |    0    |    77   |
|----------|-----------------------------|---------|---------|

Memories:
N/A

* Register list:
+--------------------+--------+
|                    |   FF   |
+--------------------+--------+
|     H_1_reg_379    |   32   |
|     H_2_reg_385    |   32   |
|     H_3_reg_391    |   32   |
|     H_4_reg_397    |   32   |
|     H_5_reg_403    |   32   |
|      H_reg_373     |   32   |
|    i_10_reg_409    |    3   |
|      i_reg_366     |    3   |
|local_2_addr_reg_417|    4   |
|local_3_addr_reg_422|    4   |
|local_4_addr_reg_427|    4   |
|local_5_addr_reg_432|    4   |
|local_6_addr_reg_437|    4   |
|local_7_addr_reg_442|    4   |
+--------------------+--------+
|        Total       |   222  |
+--------------------+--------+

* Multiplexer (MUX) list: 
|-------------------|------|------|------|--------||---------||---------|
|        Comp       |  Pin | Size |  BW  | S x BW ||  Delay  ||   LUT   |
|-------------------|------|------|------|--------||---------||---------|
| grp_access_fu_190 |  p0  |   2  |   4  |    8   ||    9    |
| grp_access_fu_196 |  p0  |   2  |   4  |    8   ||    9    |
| grp_access_fu_202 |  p0  |   2  |   4  |    8   ||    9    |
| grp_access_fu_208 |  p0  |   2  |   4  |    8   ||    9    |
| grp_access_fu_214 |  p0  |   2  |   4  |    8   ||    9    |
| grp_access_fu_220 |  p0  |   2  |   4  |    8   ||    9    |
|-------------------|------|------|------|--------||---------||---------|
|       Total       |      |      |      |   48   ||  2.562  ||    54   |
|-------------------|------|------|------|--------||---------||---------|



* Summary:
+-----------+--------+--------+--------+
|           |  Delay |   FF   |   LUT  |
+-----------+--------+--------+--------+
|  Function |    -   |    0   |   77   |
|   Memory  |    -   |    -   |    -   |
|Multiplexer|    2   |    -   |   54   |
|  Register |    -   |   222  |    -   |
+-----------+--------+--------+--------+
|   Total   |    2   |   222  |   131  |
+-----------+--------+--------+--------+
